2026-01-13T12:37:12.6171599Z Current runner version: '2.330.0'
2026-01-13T12:37:12.6195266Z ##[group]Runner Image Provisioner
2026-01-13T12:37:12.6196105Z Hosted Compute Agent
2026-01-13T12:37:12.6196618Z Version: 20251211.462
2026-01-13T12:37:12.6197315Z Commit: 6cbad8c2bb55d58165063d031ccabf57e2d2db61
2026-01-13T12:37:12.6197974Z Build Date: 2025-12-11T16:28:49Z
2026-01-13T12:37:12.6198606Z Worker ID: {32a9b06e-4281-4480-a800-c0071450cef8}
2026-01-13T12:37:12.6199370Z ##[endgroup]
2026-01-13T12:37:12.6199864Z ##[group]Operating System
2026-01-13T12:37:12.6200407Z Ubuntu
2026-01-13T12:37:12.6200908Z 24.04.3
2026-01-13T12:37:12.6201674Z LTS
2026-01-13T12:37:12.6202114Z ##[endgroup]
2026-01-13T12:37:12.6202698Z ##[group]Runner Image
2026-01-13T12:37:12.6203196Z Image: ubuntu-24.04
2026-01-13T12:37:12.6203705Z Version: 20260105.202.1
2026-01-13T12:37:12.6204760Z Included Software: https://github.com/actions/runner-images/blob/ubuntu24/20260105.202/images/ubuntu/Ubuntu2404-Readme.md
2026-01-13T12:37:12.6206253Z Image Release: https://github.com/actions/runner-images/releases/tag/ubuntu24%2F20260105.202
2026-01-13T12:37:12.6207277Z ##[endgroup]
2026-01-13T12:37:12.6208329Z ##[group]GITHUB_TOKEN Permissions
2026-01-13T12:37:12.6210430Z Contents: read
2026-01-13T12:37:12.6210995Z Metadata: read
2026-01-13T12:37:12.6211787Z Packages: read
2026-01-13T12:37:12.6212353Z ##[endgroup]
2026-01-13T12:37:12.6214374Z Secret source: Actions
2026-01-13T12:37:12.6215062Z Prepare workflow directory
2026-01-13T12:37:12.6534977Z Prepare all required actions
2026-01-13T12:37:12.6572400Z Getting action download info
2026-01-13T12:37:13.1225367Z Download action repository 'actions/checkout@v4' (SHA:34e114876b0b11c390a56381ad16ebd13914f8d5)
2026-01-13T12:37:13.2210548Z Download action repository 'actions/setup-node@v4' (SHA:49933ea5288caeca8642d1e84afbd3f7d6820020)
2026-01-13T12:37:13.4081553Z Complete job name: scrape
2026-01-13T12:37:13.4783509Z ##[group]Run actions/checkout@v4
2026-01-13T12:37:13.4784350Z with:
2026-01-13T12:37:13.4784926Z   token: ***
2026-01-13T12:37:13.4785406Z   repository: 1onotakanori-art/kyowa-menu-optimizer
2026-01-13T12:37:13.4785989Z   ssh-strict: true
2026-01-13T12:37:13.4786377Z   ssh-user: git
2026-01-13T12:37:13.4786775Z   persist-credentials: true
2026-01-13T12:37:13.4787205Z   clean: true
2026-01-13T12:37:13.4787601Z   sparse-checkout-cone-mode: true
2026-01-13T12:37:13.4788081Z   fetch-depth: 1
2026-01-13T12:37:13.4788458Z   fetch-tags: false
2026-01-13T12:37:13.4788958Z   show-progress: true
2026-01-13T12:37:13.4789352Z   lfs: false
2026-01-13T12:37:13.4789711Z   submodules: false
2026-01-13T12:37:13.4790099Z   set-safe-directory: true
2026-01-13T12:37:13.4790772Z ##[endgroup]
2026-01-13T12:37:13.5895601Z Syncing repository: 1onotakanori-art/kyowa-menu-optimizer
2026-01-13T12:37:13.5897394Z ##[group]Getting Git version info
2026-01-13T12:37:13.5898416Z Working directory is '/home/runner/work/kyowa-menu-optimizer/kyowa-menu-optimizer'
2026-01-13T12:37:13.5900270Z [command]/usr/bin/git version
2026-01-13T12:37:13.5983318Z git version 2.52.0
2026-01-13T12:37:13.6009578Z ##[endgroup]
2026-01-13T12:37:13.6029579Z Temporarily overriding HOME='/home/runner/work/_temp/be5f1a36-d629-45b7-a30b-565c4af06b89' before making global git config changes
2026-01-13T12:37:13.6030916Z Adding repository directory to the temporary git global config as a safe directory
2026-01-13T12:37:13.6035078Z [command]/usr/bin/git config --global --add safe.directory /home/runner/work/kyowa-menu-optimizer/kyowa-menu-optimizer
2026-01-13T12:37:13.6074429Z Deleting the contents of '/home/runner/work/kyowa-menu-optimizer/kyowa-menu-optimizer'
2026-01-13T12:37:13.6077905Z ##[group]Initializing the repository
2026-01-13T12:37:13.6081961Z [command]/usr/bin/git init /home/runner/work/kyowa-menu-optimizer/kyowa-menu-optimizer
2026-01-13T12:37:13.6185602Z hint: Using 'master' as the name for the initial branch. This default branch name
2026-01-13T12:37:13.6186960Z hint: will change to "main" in Git 3.0. To configure the initial branch name
2026-01-13T12:37:13.6187962Z hint: to use in all of your new repositories, which will suppress this warning,
2026-01-13T12:37:13.6189122Z hint: call:
2026-01-13T12:37:13.6189731Z hint:
2026-01-13T12:37:13.6190542Z hint: 	git config --global init.defaultBranch <name>
2026-01-13T12:37:13.6191191Z hint:
2026-01-13T12:37:13.6192037Z hint: Names commonly chosen instead of 'master' are 'main', 'trunk' and
2026-01-13T12:37:13.6193058Z hint: 'development'. The just-created branch can be renamed via this command:
2026-01-13T12:37:13.6193853Z hint:
2026-01-13T12:37:13.6194260Z hint: 	git branch -m <name>
2026-01-13T12:37:13.6194905Z hint:
2026-01-13T12:37:13.6195574Z hint: Disable this message with "git config set advice.defaultBranchName false"
2026-01-13T12:37:13.6196788Z Initialized empty Git repository in /home/runner/work/kyowa-menu-optimizer/kyowa-menu-optimizer/.git/
2026-01-13T12:37:13.6200790Z [command]/usr/bin/git remote add origin https://github.com/1onotakanori-art/kyowa-menu-optimizer
2026-01-13T12:37:13.6233162Z ##[endgroup]
2026-01-13T12:37:13.6233898Z ##[group]Disabling automatic garbage collection
2026-01-13T12:37:13.6237184Z [command]/usr/bin/git config --local gc.auto 0
2026-01-13T12:37:13.6264911Z ##[endgroup]
2026-01-13T12:37:13.6265560Z ##[group]Setting up auth
2026-01-13T12:37:13.6272028Z [command]/usr/bin/git config --local --name-only --get-regexp core\.sshCommand
2026-01-13T12:37:13.6300748Z [command]/usr/bin/git submodule foreach --recursive sh -c "git config --local --name-only --get-regexp 'core\.sshCommand' && git config --local --unset-all 'core.sshCommand' || :"
2026-01-13T12:37:13.6641011Z [command]/usr/bin/git config --local --name-only --get-regexp http\.https\:\/\/github\.com\/\.extraheader
2026-01-13T12:37:13.6671038Z [command]/usr/bin/git submodule foreach --recursive sh -c "git config --local --name-only --get-regexp 'http\.https\:\/\/github\.com\/\.extraheader' && git config --local --unset-all 'http.https://github.com/.extraheader' || :"
2026-01-13T12:37:13.6895834Z [command]/usr/bin/git config --local --name-only --get-regexp ^includeIf\.gitdir:
2026-01-13T12:37:13.6932986Z [command]/usr/bin/git submodule foreach --recursive git config --local --show-origin --name-only --get-regexp remote.origin.url
2026-01-13T12:37:13.7179498Z [command]/usr/bin/git config --local http.https://github.com/.extraheader AUTHORIZATION: basic ***
2026-01-13T12:37:13.7219779Z ##[endgroup]
2026-01-13T12:37:13.7220460Z ##[group]Fetching the repository
2026-01-13T12:37:13.7232457Z [command]/usr/bin/git -c protocol.version=2 fetch --no-tags --prune --no-recurse-submodules --depth=1 origin +7c05861d19ce0fb8338ad93b20d377898de6b2e4:refs/remotes/origin/main
2026-01-13T12:37:14.1365365Z From https://github.com/1onotakanori-art/kyowa-menu-optimizer
2026-01-13T12:37:14.1366776Z  * [new ref]         7c05861d19ce0fb8338ad93b20d377898de6b2e4 -> origin/main
2026-01-13T12:37:14.1397276Z ##[endgroup]
2026-01-13T12:37:14.1398538Z ##[group]Determining the checkout info
2026-01-13T12:37:14.1399987Z ##[endgroup]
2026-01-13T12:37:14.1405642Z [command]/usr/bin/git sparse-checkout disable
2026-01-13T12:37:14.1447651Z [command]/usr/bin/git config --local --unset-all extensions.worktreeConfig
2026-01-13T12:37:14.1474718Z ##[group]Checking out the ref
2026-01-13T12:37:14.1479194Z [command]/usr/bin/git checkout --progress --force -B main refs/remotes/origin/main
2026-01-13T12:37:14.1564192Z Switched to a new branch 'main'
2026-01-13T12:37:14.1566873Z branch 'main' set up to track 'origin/main'.
2026-01-13T12:37:14.1573774Z ##[endgroup]
2026-01-13T12:37:14.1609839Z [command]/usr/bin/git log -1 --format=%H
2026-01-13T12:37:14.1632384Z 7c05861d19ce0fb8338ad93b20d377898de6b2e4
2026-01-13T12:37:14.1865603Z ##[group]Run actions/setup-node@v4
2026-01-13T12:37:14.1866126Z with:
2026-01-13T12:37:14.1866476Z   node-version: 18
2026-01-13T12:37:14.1866853Z   always-auth: false
2026-01-13T12:37:14.1867244Z   check-latest: false
2026-01-13T12:37:14.1867764Z   token: ***
2026-01-13T12:37:14.1868131Z ##[endgroup]
2026-01-13T12:37:14.3650883Z Attempting to download 18...
2026-01-13T12:37:15.2735384Z Acquiring 18.20.8 - x64 from https://github.com/actions/node-versions/releases/download/18.20.8-14110393767/node-18.20.8-linux-x64.tar.gz
2026-01-13T12:37:15.7874912Z Extracting ...
2026-01-13T12:37:15.7977694Z [command]/usr/bin/tar xz --strip 1 --warning=no-unknown-keyword --overwrite -C /home/runner/work/_temp/1a2ba851-65ad-4d6b-b3f9-18f0ab71a0f3 -f /home/runner/work/_temp/3190bc26-21e2-42e9-ad4b-11a16ad1acf8
2026-01-13T12:37:16.7528988Z Adding to the cache ...
2026-01-13T12:37:18.3352341Z ##[group]Environment details
2026-01-13T12:37:18.5674297Z node: v18.20.8
2026-01-13T12:37:18.5674961Z npm: 10.8.2
2026-01-13T12:37:18.5675351Z yarn: 1.22.22
2026-01-13T12:37:18.5677944Z ##[endgroup]
2026-01-13T12:37:18.5827033Z ##[group]Run npm install
2026-01-13T12:37:18.5827395Z [36;1mnpm install[0m
2026-01-13T12:37:18.5866141Z shell: /usr/bin/bash -e {0}
2026-01-13T12:37:18.5866436Z ##[endgroup]
2026-01-13T12:37:19.8618069Z 
2026-01-13T12:37:19.8625828Z added 70 packages, and audited 71 packages in 1s
2026-01-13T12:37:19.8626419Z 
2026-01-13T12:37:19.8626899Z 15 packages are looking for funding
2026-01-13T12:37:19.8627437Z   run `npm fund` for details
2026-01-13T12:37:19.8628583Z 
2026-01-13T12:37:19.8628828Z found 0 vulnerabilities
2026-01-13T12:37:19.8777807Z ##[group]Run npx playwright install --with-deps
2026-01-13T12:37:19.8778196Z [36;1mnpx playwright install --with-deps[0m
2026-01-13T12:37:19.8812443Z shell: /usr/bin/bash -e {0}
2026-01-13T12:37:19.8812685Z ##[endgroup]
2026-01-13T12:37:20.8238571Z Installing dependencies...
2026-01-13T12:37:20.8371039Z Switching to root user to install dependencies...
2026-01-13T12:37:20.9232023Z Get:1 file:/etc/apt/apt-mirrors.txt Mirrorlist [144 B]
2026-01-13T12:37:20.9536403Z Hit:2 http://azure.archive.ubuntu.com/ubuntu noble InRelease
2026-01-13T12:37:20.9561005Z Get:3 http://azure.archive.ubuntu.com/ubuntu noble-updates InRelease [126 kB]
2026-01-13T12:37:20.9566205Z Get:6 https://packages.microsoft.com/repos/azure-cli noble InRelease [3564 B]
2026-01-13T12:37:20.9593027Z Get:7 https://packages.microsoft.com/ubuntu/24.04/prod noble InRelease [3600 B]
2026-01-13T12:37:20.9636019Z Get:4 http://azure.archive.ubuntu.com/ubuntu noble-backports InRelease [126 kB]
2026-01-13T12:37:20.9667219Z Get:5 http://azure.archive.ubuntu.com/ubuntu noble-security InRelease [126 kB]
2026-01-13T12:37:21.0904941Z Get:8 https://packages.microsoft.com/repos/azure-cli noble/main amd64 Packages [1948 B]
2026-01-13T12:37:21.1782253Z Get:9 http://azure.archive.ubuntu.com/ubuntu noble-updates/main amd64 Packages [1693 kB]
2026-01-13T12:37:21.1841013Z Get:21 https://packages.microsoft.com/ubuntu/24.04/prod noble/main arm64 Packages [60.8 kB]
2026-01-13T12:37:21.1932328Z Get:10 http://azure.archive.ubuntu.com/ubuntu noble-updates/main Translation-en [313 kB]
2026-01-13T12:37:21.1938658Z Get:22 https://packages.microsoft.com/ubuntu/24.04/prod noble/main armhf Packages [11.4 kB]
2026-01-13T12:37:21.1949561Z Get:11 http://azure.archive.ubuntu.com/ubuntu noble-updates/main amd64 Components [175 kB]
2026-01-13T12:37:21.1967673Z Get:23 https://packages.microsoft.com/ubuntu/24.04/prod noble/main amd64 Packages [79.1 kB]
2026-01-13T12:37:21.1985250Z Get:12 http://azure.archive.ubuntu.com/ubuntu noble-updates/main amd64 c-n-f Metadata [15.9 kB]
2026-01-13T12:37:21.2020654Z Get:13 http://azure.archive.ubuntu.com/ubuntu noble-updates/universe amd64 Packages [1510 kB]
2026-01-13T12:37:21.2140670Z Get:14 http://azure.archive.ubuntu.com/ubuntu noble-updates/universe Translation-en [307 kB]
2026-01-13T12:37:21.2169241Z Get:15 http://azure.archive.ubuntu.com/ubuntu noble-updates/universe amd64 Components [377 kB]
2026-01-13T12:37:21.2204629Z Get:16 http://azure.archive.ubuntu.com/ubuntu noble-updates/universe amd64 c-n-f Metadata [31.4 kB]
2026-01-13T12:37:21.2214328Z Get:17 http://azure.archive.ubuntu.com/ubuntu noble-updates/restricted amd64 Packages [2426 kB]
2026-01-13T12:37:21.2357827Z Get:18 http://azure.archive.ubuntu.com/ubuntu noble-updates/restricted Translation-en [554 kB]
2026-01-13T12:37:21.2891923Z Get:19 http://azure.archive.ubuntu.com/ubuntu noble-updates/restricted amd64 Components [212 B]
2026-01-13T12:37:21.2893771Z Get:20 http://azure.archive.ubuntu.com/ubuntu noble-updates/multiverse amd64 Components [940 B]
2026-01-13T12:37:21.2909994Z Get:24 http://azure.archive.ubuntu.com/ubuntu noble-backports/main amd64 Components [7316 B]
2026-01-13T12:37:21.2919496Z Get:25 http://azure.archive.ubuntu.com/ubuntu noble-backports/universe amd64 Components [10.5 kB]
2026-01-13T12:37:21.2932397Z Get:26 http://azure.archive.ubuntu.com/ubuntu noble-backports/restricted amd64 Components [216 B]
2026-01-13T12:37:21.2954550Z Get:27 http://azure.archive.ubuntu.com/ubuntu noble-backports/multiverse amd64 Components [212 B]
2026-01-13T12:37:21.2965246Z Get:28 http://azure.archive.ubuntu.com/ubuntu noble-security/main amd64 Packages [1404 kB]
2026-01-13T12:37:21.3034091Z Get:29 http://azure.archive.ubuntu.com/ubuntu noble-security/main Translation-en [228 kB]
2026-01-13T12:37:21.3054495Z Get:30 http://azure.archive.ubuntu.com/ubuntu noble-security/main amd64 Components [21.5 kB]
2026-01-13T12:37:21.3064259Z Get:31 http://azure.archive.ubuntu.com/ubuntu noble-security/main amd64 c-n-f Metadata [9724 B]
2026-01-13T12:37:21.3073526Z Get:32 http://azure.archive.ubuntu.com/ubuntu noble-security/universe amd64 Packages [920 kB]
2026-01-13T12:37:21.3169450Z Get:33 http://azure.archive.ubuntu.com/ubuntu noble-security/universe Translation-en [208 kB]
2026-01-13T12:37:21.3203999Z Get:34 http://azure.archive.ubuntu.com/ubuntu noble-security/universe amd64 Components [71.5 kB]
2026-01-13T12:37:21.3220819Z Get:35 http://azure.archive.ubuntu.com/ubuntu noble-security/universe amd64 c-n-f Metadata [19.7 kB]
2026-01-13T12:37:21.3656456Z Get:36 http://azure.archive.ubuntu.com/ubuntu noble-security/restricted amd64 Packages [2302 kB]
2026-01-13T12:37:21.3795223Z Get:37 http://azure.archive.ubuntu.com/ubuntu noble-security/restricted Translation-en [527 kB]
2026-01-13T12:37:21.3829112Z Get:38 http://azure.archive.ubuntu.com/ubuntu noble-security/restricted amd64 Components [212 B]
2026-01-13T12:37:21.3838523Z Get:39 http://azure.archive.ubuntu.com/ubuntu noble-security/multiverse Translation-en [6188 B]
2026-01-13T12:37:21.3848034Z Get:40 http://azure.archive.ubuntu.com/ubuntu noble-security/multiverse amd64 Components [212 B]
2026-01-13T12:37:30.3952816Z Fetched 13.7 MB in 2s (8456 kB/s)
2026-01-13T12:37:31.1467322Z Reading package lists...
2026-01-13T12:37:31.1725563Z Reading package lists...
2026-01-13T12:37:31.3478008Z Building dependency tree...
2026-01-13T12:37:31.3485214Z Reading state information...
2026-01-13T12:37:31.3653094Z libasound2t64 is already the newest version (1.2.11-1ubuntu0.1).
2026-01-13T12:37:31.3653798Z libasound2t64 set to manually installed.
2026-01-13T12:37:31.3654576Z libatk-bridge2.0-0t64 is already the newest version (2.52.0-1build1).
2026-01-13T12:37:31.3655327Z libatk-bridge2.0-0t64 set to manually installed.
2026-01-13T12:37:31.3656029Z libatk1.0-0t64 is already the newest version (2.52.0-1build1).
2026-01-13T12:37:31.3656775Z libatk1.0-0t64 set to manually installed.
2026-01-13T12:37:31.3657447Z libatspi2.0-0t64 is already the newest version (2.52.0-1build1).
2026-01-13T12:37:31.3658106Z libatspi2.0-0t64 set to manually installed.
2026-01-13T12:37:31.3658762Z libcairo2 is already the newest version (1.18.0-3build1).
2026-01-13T12:37:31.3659346Z libcairo2 set to manually installed.
2026-01-13T12:37:31.3660005Z libcups2t64 is already the newest version (2.4.7-1.2ubuntu7.9).
2026-01-13T12:37:31.3660650Z libcups2t64 set to manually installed.
2026-01-13T12:37:31.3661477Z libdbus-1-3 is already the newest version (1.14.10-4ubuntu4.1).
2026-01-13T12:37:31.3662131Z libdbus-1-3 set to manually installed.
2026-01-13T12:37:31.3662800Z libdrm2 is already the newest version (2.4.122-1~ubuntu0.24.04.2).
2026-01-13T12:37:31.3663426Z libdrm2 set to manually installed.
2026-01-13T12:37:31.3664068Z libgbm1 is already the newest version (25.0.7-0ubuntu0.24.04.2).
2026-01-13T12:37:31.3664677Z libgbm1 set to manually installed.
2026-01-13T12:37:31.3665670Z libnspr4 is already the newest version (2:4.35-1.1build1).
2026-01-13T12:37:31.3666272Z libnspr4 set to manually installed.
2026-01-13T12:37:31.3666859Z libnss3 is already the newest version (2:3.98-1build1).
2026-01-13T12:37:31.3667435Z libnss3 set to manually installed.
2026-01-13T12:37:31.3668088Z libpango-1.0-0 is already the newest version (1.52.1+ds-1build1).
2026-01-13T12:37:31.3668744Z libpango-1.0-0 set to manually installed.
2026-01-13T12:37:31.3669468Z libx11-6 is already the newest version (2:1.8.7-1build1).
2026-01-13T12:37:31.3670041Z libx11-6 set to manually installed.
2026-01-13T12:37:31.3670617Z libxcb1 is already the newest version (1.15-1ubuntu2).
2026-01-13T12:37:31.3671185Z libxcb1 set to manually installed.
2026-01-13T12:37:31.3672018Z libxcomposite1 is already the newest version (1:0.4.5-1build3).
2026-01-13T12:37:31.3672683Z libxcomposite1 set to manually installed.
2026-01-13T12:37:31.3673359Z libxdamage1 is already the newest version (1:1.1.6-1build1).
2026-01-13T12:37:31.3673995Z libxdamage1 set to manually installed.
2026-01-13T12:37:31.3674612Z libxext6 is already the newest version (2:1.3.4-1build2).
2026-01-13T12:37:31.3675188Z libxext6 set to manually installed.
2026-01-13T12:37:31.3676037Z libxfixes3 is already the newest version (1:6.0.0-2build1).
2026-01-13T12:37:31.3676669Z libxfixes3 set to manually installed.
2026-01-13T12:37:31.3677301Z libxkbcommon0 is already the newest version (1.6.0-1build1).
2026-01-13T12:37:31.3677937Z libxkbcommon0 set to manually installed.
2026-01-13T12:37:31.3678590Z libxrandr2 is already the newest version (2:1.5.2-2build1).
2026-01-13T12:37:31.3679190Z libxrandr2 set to manually installed.
2026-01-13T12:37:31.3679872Z libcairo-gobject2 is already the newest version (1.18.0-3build1).
2026-01-13T12:37:31.3680565Z libcairo-gobject2 set to manually installed.
2026-01-13T12:37:31.3681415Z libfontconfig1 is already the newest version (2.15.0-1.1ubuntu2).
2026-01-13T12:37:31.3682091Z libfontconfig1 set to manually installed.
2026-01-13T12:37:31.3682785Z libfreetype6 is already the newest version (2.13.2+dfsg-1build3).
2026-01-13T12:37:31.3683448Z libfreetype6 set to manually installed.
2026-01-13T12:37:31.3684224Z libgdk-pixbuf-2.0-0 is already the newest version (2.42.10+dfsg-3ubuntu3.2).
2026-01-13T12:37:31.3684990Z libgdk-pixbuf-2.0-0 set to manually installed.
2026-01-13T12:37:31.3685713Z libgtk-3-0t64 is already the newest version (3.24.41-4ubuntu1.3).
2026-01-13T12:37:31.3686365Z libgtk-3-0t64 set to manually installed.
2026-01-13T12:37:31.3687090Z libpangocairo-1.0-0 is already the newest version (1.52.1+ds-1build1).
2026-01-13T12:37:31.3687830Z libpangocairo-1.0-0 set to manually installed.
2026-01-13T12:37:31.3688521Z libx11-xcb1 is already the newest version (2:1.8.7-1build1).
2026-01-13T12:37:31.3689145Z libx11-xcb1 set to manually installed.
2026-01-13T12:37:31.3689773Z libxcb-shm0 is already the newest version (1.15-1ubuntu2).
2026-01-13T12:37:31.3690375Z libxcb-shm0 set to manually installed.
2026-01-13T12:37:31.3691023Z libxcursor1 is already the newest version (1:1.2.1-1build1).
2026-01-13T12:37:31.3691813Z libxcursor1 set to manually installed.
2026-01-13T12:37:31.3692371Z libxi6 is already the newest version (2:1.8.1-1build1).
2026-01-13T12:37:31.3692883Z libxi6 set to manually installed.
2026-01-13T12:37:31.3693482Z libxrender1 is already the newest version (1:0.9.10-1.1build1).
2026-01-13T12:37:31.3694046Z libxrender1 set to manually installed.
2026-01-13T12:37:31.3694607Z libicu74 is already the newest version (74.2-1ubuntu3.1).
2026-01-13T12:37:31.3695347Z libatomic1 is already the newest version (14.2.0-4ubuntu2~24.04).
2026-01-13T12:37:31.3695999Z libatomic1 set to manually installed.
2026-01-13T12:37:31.3696570Z libenchant-2-2 is already the newest version (2.3.3-2build2).
2026-01-13T12:37:31.3697117Z libenchant-2-2 set to manually installed.
2026-01-13T12:37:31.3697650Z libepoxy0 is already the newest version (1.5.10-1build1).
2026-01-13T12:37:31.3698153Z libepoxy0 set to manually installed.
2026-01-13T12:37:31.3698717Z libgstreamer1.0-0 is already the newest version (1.24.2-1ubuntu0.1).
2026-01-13T12:37:31.3699507Z libgstreamer1.0-0 set to manually installed.
2026-01-13T12:37:31.3700107Z libharfbuzz0b is already the newest version (8.3.0-2build2).
2026-01-13T12:37:31.3700647Z libharfbuzz0b set to manually installed.
2026-01-13T12:37:31.3701368Z libjpeg-turbo8 is already the newest version (2.1.5-2ubuntu2).
2026-01-13T12:37:31.3701928Z libjpeg-turbo8 set to manually installed.
2026-01-13T12:37:31.3702466Z liblcms2-2 is already the newest version (2.14-2build1).
2026-01-13T12:37:31.3702957Z liblcms2-2 set to manually installed.
2026-01-13T12:37:31.3703544Z libwayland-client0 is already the newest version (1.22.0-2.1build1).
2026-01-13T12:37:31.3704173Z libwayland-client0 set to manually installed.
2026-01-13T12:37:31.5047576Z libwayland-egl1 is already the newest version (1.22.0-2.1build1).
2026-01-13T12:37:31.5048341Z libwayland-egl1 set to manually installed.
2026-01-13T12:37:31.5049088Z libwayland-server0 is already the newest version (1.22.0-2.1build1).
2026-01-13T12:37:31.5049986Z libwayland-server0 set to manually installed.
2026-01-13T12:37:31.5050745Z libwebp7 is already the newest version (1.3.2-0.4build3).
2026-01-13T12:37:31.5052076Z libwebp7 set to manually installed.
2026-01-13T12:37:31.5052867Z libwebpdemux2 is already the newest version (1.3.2-0.4build3).
2026-01-13T12:37:31.5053532Z libwebpdemux2 set to manually installed.
2026-01-13T12:37:31.5054223Z libxml2 is already the newest version (2.9.14+dfsg-1.3ubuntu3.6).
2026-01-13T12:37:31.5054951Z libxml2 set to manually installed.
2026-01-13T12:37:31.5055581Z xvfb is already the newest version (2:21.1.12-1ubuntu1.5).
2026-01-13T12:37:31.5056458Z fonts-noto-color-emoji is already the newest version (2.047-0ubuntu0.24.04.1).
2026-01-13T12:37:31.5057315Z fonts-liberation is already the newest version (1:2.1.5-3).
2026-01-13T12:37:31.5057942Z fonts-liberation set to manually installed.
2026-01-13T12:37:31.5058589Z The following additional packages will be installed:
2026-01-13T12:37:31.5059350Z   gir1.2-glib-2.0 glib-networking glib-networking-common
2026-01-13T12:37:31.5060253Z   glib-networking-services gsettings-desktop-schemas libaa1 libabsl20220623t64
2026-01-13T12:37:31.5061398Z   libass9 libasyncns0 libavc1394-0 libavcodec60 libavfilter9 libavformat60
2026-01-13T12:37:31.5062249Z   libavtp0 libavutil58 libblas3 libbluray2 libbs2b0 libcaca0
2026-01-13T12:37:31.5063032Z   libcairo-script-interpreter2 libcdparanoia0 libchromaprint1 libcjson1
2026-01-13T12:37:31.5063822Z   libcodec2-1.2 libdav1d7 libdc1394-25 libdca0 libdecor-0-0
2026-01-13T12:37:31.5064535Z   libdirectfb-1.7-7t64 libdv4t64 libdvdnav4 libdvdread8t64 libegl-mesa0
2026-01-13T12:37:31.5065218Z   libegl1 libfaad2 libflac12t64 libfluidsynth3 libfreeaptx0 libgav1-1
2026-01-13T12:37:31.5065708Z   libglib2.0-bin libglib2.0-data libgme0 libgraphene-1.0-0 libgsm1
2026-01-13T12:37:31.5066205Z   libgssdp-1.6-0 libgstreamer-plugins-good1.0-0 libgtk-4-common libgupnp-1.6-0
2026-01-13T12:37:31.5066706Z   libgupnp-igd-1.6-0 libhwy1t64 libiec61883-0 libimath-3-1-29t64
2026-01-13T12:37:31.5067170Z   libinstpatch-1.0-2 libjack-jackd2-0 libjxl0.7 liblapack3 liblc3-1
2026-01-13T12:37:31.5067821Z   libldacbt-enc2 liblilv-0-0 liblrdf0 libltc11 libmbedcrypto7t64 libmfx1
2026-01-13T12:37:31.5068365Z   libmjpegutils-2.1-0t64 libmodplug1 libmp3lame0 libmpcdec6
2026-01-13T12:37:31.5068815Z   libmpeg2encpp-2.1-0t64 libmpg123-0t64 libmplex2-2.1-0t64 libmysofa1
2026-01-13T12:37:31.5069284Z   libneon27t64 libnice10 libopenal-data libopenal1 libopenexr-3-1-30
2026-01-13T12:37:31.5069729Z   libopenh264-7 libopenmpt0t64 libopenni2-0 liborc-0.4-0t64
2026-01-13T12:37:31.5070164Z   libpipewire-0.3-0t64 libplacebo338 libpocketsphinx3 libpostproc57
2026-01-13T12:37:31.5070821Z   libproxy1v5 libpulse0 libqrencode4 libraptor2-0 librav1e0 libraw1394-11
2026-01-13T12:37:31.5071523Z   librist4 librsvg2-2 librubberband2 libsamplerate0 libsbc1 libsdl2-2.0-0
2026-01-13T12:37:31.5072030Z   libsecret-common libserd-0-0 libshine3 libshout3 libsndfile1 libsndio7.0
2026-01-13T12:37:31.5072710Z   libsord-0-0 libsoundtouch1 libsoup-3.0-0 libsoup-3.0-common libsoxr0
2026-01-13T12:37:31.5073368Z   libspa-0.2-modules libspandsp2t64 libspeex1 libsphinxbase3t64 libsratom-0-0
2026-01-13T12:37:31.5074284Z   libsrt1.5-gnutls libsrtp2-1 libssh-4 libssh-gcrypt-4 libsvtav1enc1d1
2026-01-13T12:37:31.5075241Z   libswresample4 libswscale7 libtag1v5 libtag1v5-vanilla libtheora0
2026-01-13T12:37:31.5076073Z   libtwolame0 libudfread0 libunibreak5 libv4l-0t64 libv4lconvert0t64
2026-01-13T12:37:31.5076561Z   libva-drm2 libva-x11-2 libva2 libvdpau1 libvidstab1.1 libvisual-0.4-0
2026-01-13T12:37:31.5077049Z   libvo-aacenc0 libvo-amrwbenc0 libvorbisenc2 libvpl2 libwavpack1
2026-01-13T12:37:31.5077515Z   libwebrtc-audio-processing1 libwildmidi2 libx265-199 libxcb-xkb1
2026-01-13T12:37:31.5077990Z   libxkbcommon-x11-0 libxvidcore4 libyuv0 libzbar0t64 libzimg2 libzix-0-0
2026-01-13T12:37:31.5078834Z   libzvbi-common libzvbi0t64 libzxing3 ocl-icd-libopencl1 session-migration
2026-01-13T12:37:31.5079654Z   timgm6mb-soundfont xfonts-encodings xfonts-utils
2026-01-13T12:37:31.5080158Z Suggested packages:
2026-01-13T12:37:31.5080516Z   frei0r-plugins gvfs libcuda1 libnvcuvid1 libnvidia-encode1 libbluray-bdj
2026-01-13T12:37:31.5081165Z   libdirectfb-extra libdv-bin oss-compat libdvdcss2 low-memory-monitor
2026-01-13T12:37:31.5081951Z   libvisual-0.4-plugins jackd2 liblrdf0-dev libportaudio2 opus-tools pipewire
2026-01-13T12:37:31.5082789Z   pulseaudio raptor2-utils libraw1394-doc librsvg2-bin serdi sndiod sordi
2026-01-13T12:37:31.5083615Z   speex libwildmidi-config opencl-icd fluid-soundfont-gm
2026-01-13T12:37:31.5084225Z Recommended packages:
2026-01-13T12:37:31.5084819Z   fonts-ipafont-mincho fonts-tlwg-loma gstreamer1.0-x libaacs0
2026-01-13T12:37:31.5085659Z   default-libdecor-0-plugin-1 | libdecor-0-plugin-1 gstreamer1.0-gl
2026-01-13T12:37:31.5086597Z   libgtk-4-bin librsvg2-common libgtk-4-media-gstreamer libpipewire-0.3-common
2026-01-13T12:37:31.5087577Z   pocketsphinx-en-us va-driver-all | va-driver vdpau-driver-all | vdpau-driver
2026-01-13T12:37:31.5088268Z   libmagickcore-6.q16-7-extra
2026-01-13T12:37:31.5820522Z The following NEW packages will be installed:
2026-01-13T12:37:31.5821764Z   fonts-freefont-ttf fonts-ipafont-gothic fonts-tlwg-loma-otf fonts-unifont
2026-01-13T12:37:31.5822665Z   fonts-wqy-zenhei glib-networking glib-networking-common
2026-01-13T12:37:31.5823572Z   glib-networking-services gsettings-desktop-schemas gstreamer1.0-libav
2026-01-13T12:37:31.5824643Z   gstreamer1.0-plugins-bad gstreamer1.0-plugins-base gstreamer1.0-plugins-good
2026-01-13T12:37:31.5825648Z   libaa1 libabsl20220623t64 libass9 libasyncns0 libavc1394-0 libavcodec60
2026-01-13T12:37:31.5826543Z   libavfilter9 libavformat60 libavif16 libavtp0 libavutil58 libblas3
2026-01-13T12:37:31.5827529Z   libbluray2 libbs2b0 libcaca0 libcairo-script-interpreter2 libcdparanoia0
2026-01-13T12:37:31.5828479Z   libchromaprint1 libcjson1 libcodec2-1.2 libdav1d7 libdc1394-25 libdca0
2026-01-13T12:37:31.5829396Z   libdecor-0-0 libdirectfb-1.7-7t64 libdv4t64 libdvdnav4 libdvdread8t64
2026-01-13T12:37:31.5830295Z   libegl-mesa0 libegl1 libevent-2.1-7t64 libfaad2 libflac12t64 libflite1
2026-01-13T12:37:31.5831358Z   libfluidsynth3 libfreeaptx0 libgav1-1 libgles2 libgme0 libgraphene-1.0-0
2026-01-13T12:37:31.5832332Z   libgsm1 libgssdp-1.6-0 libgstreamer-gl1.0-0 libgstreamer-plugins-bad1.0-0
2026-01-13T12:37:31.5833344Z   libgstreamer-plugins-base1.0-0 libgstreamer-plugins-good1.0-0 libgtk-4-1
2026-01-13T12:37:31.5834246Z   libgtk-4-common libgupnp-1.6-0 libgupnp-igd-1.6-0 libharfbuzz-icu0
2026-01-13T12:37:31.5835159Z   libhwy1t64 libhyphen0 libiec61883-0 libimath-3-1-29t64 libinstpatch-1.0-2
2026-01-13T12:37:31.5836083Z   libjack-jackd2-0 libjxl0.7 liblapack3 liblc3-1 libldacbt-enc2 liblilv-0-0
2026-01-13T12:37:31.5836907Z   liblrdf0 libltc11 libmanette-0.2-0 libmbedcrypto7t64 libmfx1
2026-01-13T12:37:31.5837721Z   libmjpegutils-2.1-0t64 libmodplug1 libmp3lame0 libmpcdec6
2026-01-13T12:37:31.5838567Z   libmpeg2encpp-2.1-0t64 libmpg123-0t64 libmplex2-2.1-0t64 libmysofa1
2026-01-13T12:37:31.5839878Z   libneon27t64 libnice10 libopenal-data libopenal1 libopenexr-3-1-30
2026-01-13T12:37:31.5840719Z   libopenh264-7 libopenmpt0t64 libopenni2-0 libopus0 liborc-0.4-0t64
2026-01-13T12:37:31.5841689Z   libpipewire-0.3-0t64 libplacebo338 libpocketsphinx3 libpostproc57
2026-01-13T12:37:31.5842574Z   libproxy1v5 libpulse0 libqrencode4 libraptor2-0 librav1e0 libraw1394-11
2026-01-13T12:37:31.5843468Z   librist4 librsvg2-2 librubberband2 libsamplerate0 libsbc1 libsdl2-2.0-0
2026-01-13T12:37:31.5844427Z   libsecret-1-0 libsecret-common libserd-0-0 libshine3 libshout3 libsndfile1
2026-01-13T12:37:31.5845417Z   libsndio7.0 libsord-0-0 libsoundtouch1 libsoup-3.0-0 libsoup-3.0-common
2026-01-13T12:37:31.5846329Z   libsoxr0 libspa-0.2-modules libspandsp2t64 libspeex1 libsphinxbase3t64
2026-01-13T12:37:31.5847320Z   libsratom-0-0 libsrt1.5-gnutls libsrtp2-1 libssh-gcrypt-4 libsvtav1enc1d1
2026-01-13T12:37:31.5848164Z   libswresample4 libswscale7 libtag1v5 libtag1v5-vanilla libtheora0
2026-01-13T12:37:31.5849023Z   libtwolame0 libudfread0 libunibreak5 libv4l-0t64 libv4lconvert0t64
2026-01-13T12:37:31.5850108Z   libva-drm2 libva-x11-2 libva2 libvdpau1 libvidstab1.1 libvisual-0.4-0
2026-01-13T12:37:31.5851023Z   libvo-aacenc0 libvo-amrwbenc0 libvorbisenc2 libvpl2 libvpx9 libwavpack1
2026-01-13T12:37:31.5852190Z   libwebrtc-audio-processing1 libwildmidi2 libwoff1 libx264-164 libx265-199
2026-01-13T12:37:31.5853119Z   libxcb-xkb1 libxkbcommon-x11-0 libxvidcore4 libyuv0 libzbar0t64 libzimg2
2026-01-13T12:37:31.5853958Z   libzix-0-0 libzvbi-common libzvbi0t64 libzxing3 ocl-icd-libopencl1
2026-01-13T12:37:31.5854805Z   session-migration timgm6mb-soundfont xfonts-cyrillic xfonts-encodings
2026-01-13T12:37:31.5855477Z   xfonts-scalable xfonts-utils
2026-01-13T12:37:31.5855986Z The following packages will be upgraded:
2026-01-13T12:37:31.5856624Z   gir1.2-glib-2.0 libglib2.0-0t64 libglib2.0-bin libglib2.0-data
2026-01-13T12:37:31.5857233Z   libpng16-16t64 libssh-4 libxslt1.1
2026-01-13T12:37:31.6071541Z 7 upgraded, 179 newly installed, 0 to remove and 113 not upgraded.
2026-01-13T12:37:31.6072209Z Need to get 116 MB of archives.
2026-01-13T12:37:31.6072849Z After this operation, 363 MB of additional disk space will be used.
2026-01-13T12:37:31.6073590Z Get:1 file:/etc/apt/apt-mirrors.txt Mirrorlist [144 B]
2026-01-13T12:37:31.6917284Z Get:2 http://azure.archive.ubuntu.com/ubuntu noble/universe amd64 fonts-ipafont-gothic all 00303-21ubuntu1 [3513 kB]
2026-01-13T12:37:31.9470832Z Get:3 http://azure.archive.ubuntu.com/ubuntu noble-updates/main amd64 libglib2.0-data all 2.80.0-6ubuntu3.6 [49.3 kB]
2026-01-13T12:37:32.0228135Z Get:4 http://azure.archive.ubuntu.com/ubuntu noble-updates/main amd64 libglib2.0-bin amd64 2.80.0-6ubuntu3.6 [98.3 kB]
2026-01-13T12:37:32.0961101Z Get:5 http://azure.archive.ubuntu.com/ubuntu noble-updates/main amd64 gir1.2-glib-2.0 amd64 2.80.0-6ubuntu3.6 [183 kB]
2026-01-13T12:37:32.1683024Z Get:6 http://azure.archive.ubuntu.com/ubuntu noble-updates/main amd64 libglib2.0-0t64 amd64 2.80.0-6ubuntu3.6 [1545 kB]
2026-01-13T12:37:32.3265496Z Get:7 http://azure.archive.ubuntu.com/ubuntu noble-updates/main amd64 libpng16-16t64 amd64 1.6.43-5ubuntu0.1 [187 kB]
2026-01-13T12:37:32.4042660Z Get:8 http://azure.archive.ubuntu.com/ubuntu noble/main amd64 fonts-freefont-ttf all 20211204+svn4273-2 [5641 kB]
2026-01-13T12:37:32.9150793Z Get:9 http://azure.archive.ubuntu.com/ubuntu noble/universe amd64 fonts-tlwg-loma-otf all 1:0.7.3-1 [107 kB]
2026-01-13T12:37:32.9848191Z Get:10 http://azure.archive.ubuntu.com/ubuntu noble/universe amd64 fonts-unifont all 1:15.1.01-1build1 [2993 kB]
2026-01-13T12:37:33.1799334Z Get:11 http://azure.archive.ubuntu.com/ubuntu noble/universe amd64 fonts-wqy-zenhei all 0.9.45-8 [7472 kB]
2026-01-13T12:37:33.6854073Z Get:12 http://azure.archive.ubuntu.com/ubuntu noble/main amd64 libproxy1v5 amd64 0.5.4-4build1 [26.5 kB]
2026-01-13T12:37:33.7604138Z Get:13 http://azure.archive.ubuntu.com/ubuntu noble/main amd64 glib-networking-common all 2.80.0-1build1 [6702 B]
2026-01-13T12:37:33.8258292Z Get:14 http://azure.archive.ubuntu.com/ubuntu noble/main amd64 glib-networking-services amd64 2.80.0-1build1 [12.8 kB]
2026-01-13T12:37:33.8942137Z Get:15 http://azure.archive.ubuntu.com/ubuntu noble/main amd64 session-migration amd64 0.3.9build1 [9034 B]
2026-01-13T12:37:33.9603165Z Get:16 http://azure.archive.ubuntu.com/ubuntu noble-updates/main amd64 gsettings-desktop-schemas all 46.1-0ubuntu1 [35.6 kB]
2026-01-13T12:37:34.0273244Z Get:17 http://azure.archive.ubuntu.com/ubuntu noble/main amd64 glib-networking amd64 2.80.0-1build1 [64.1 kB]
2026-01-13T12:37:34.0957097Z Get:18 http://azure.archive.ubuntu.com/ubuntu noble/universe amd64 libva2 amd64 2.20.0-2build1 [66.2 kB]
2026-01-13T12:37:34.1657737Z Get:19 http://azure.archive.ubuntu.com/ubuntu noble/universe amd64 libva-drm2 amd64 2.20.0-2build1 [7124 B]
2026-01-13T12:37:34.2342014Z Get:20 http://azure.archive.ubuntu.com/ubuntu noble/universe amd64 libva-x11-2 amd64 2.20.0-2build1 [12.0 kB]
2026-01-13T12:37:34.2996605Z Get:21 http://azure.archive.ubuntu.com/ubuntu noble/main amd64 libvdpau1 amd64 1.5-2build1 [27.8 kB]
2026-01-13T12:37:34.3683797Z Get:22 http://azure.archive.ubuntu.com/ubuntu noble/universe amd64 libvpl2 amd64 2023.3.0-1build1 [99.8 kB]
2026-01-13T12:37:34.4402122Z Get:23 http://azure.archive.ubuntu.com/ubuntu noble/universe amd64 ocl-icd-libopencl1 amd64 2.3.2-1build1 [38.5 kB]
2026-01-13T12:37:34.5202812Z Get:24 http://azure.archive.ubuntu.com/ubuntu noble/universe amd64 libavutil58 amd64 7:6.1.1-3ubuntu5 [401 kB]
2026-01-13T12:37:34.6023882Z Get:25 http://azure.archive.ubuntu.com/ubuntu noble/universe amd64 libcodec2-1.2 amd64 1.2.0-2build1 [8998 kB]
2026-01-13T12:37:35.3418013Z Get:26 http://azure.archive.ubuntu.com/ubuntu noble/universe amd64 libdav1d7 amd64 1.4.1-1build1 [604 kB]
2026-01-13T12:37:35.4456042Z Get:27 http://azure.archive.ubuntu.com/ubuntu noble/universe amd64 libgsm1 amd64 1.0.22-1build1 [27.8 kB]
2026-01-13T12:37:35.5157068Z Get:28 http://azure.archive.ubuntu.com/ubuntu noble/universe amd64 libhwy1t64 amd64 1.0.7-8.1build1 [584 kB]
2026-01-13T12:37:35.6084768Z Get:29 http://azure.archive.ubuntu.com/ubuntu noble-updates/universe amd64 libjxl0.7 amd64 0.7.0-10.2ubuntu6.1 [1001 kB]
2026-01-13T12:37:35.7842501Z Get:30 http://azure.archive.ubuntu.com/ubuntu noble/main amd64 libmp3lame0 amd64 3.100-6build1 [142 kB]
2026-01-13T12:37:35.8642405Z Get:31 http://azure.archive.ubuntu.com/ubuntu noble/main amd64 libopus0 amd64 1.4-1build1 [208 kB]
2026-01-13T12:37:35.9480948Z Get:32 http://azure.archive.ubuntu.com/ubuntu noble/universe amd64 librav1e0 amd64 0.7.1-2 [1022 kB]
2026-01-13T12:37:36.0966528Z Get:33 http://azure.archive.ubuntu.com/ubuntu noble/main amd64 librsvg2-2 amd64 2.58.0+dfsg-1build1 [2135 kB]
2026-01-13T12:37:36.3199104Z Get:34 http://azure.archive.ubuntu.com/ubuntu noble/universe amd64 libshine3 amd64 3.1.1-2build1 [23.2 kB]
2026-01-13T12:37:36.3907905Z Get:35 http://azure.archive.ubuntu.com/ubuntu noble-updates/main amd64 libspeex1 amd64 1.2.1-2ubuntu2.24.04.1 [59.6 kB]
2026-01-13T12:37:36.4647651Z Get:36 http://azure.archive.ubuntu.com/ubuntu noble/universe amd64 libsvtav1enc1d1 amd64 1.7.0+dfsg-2build1 [2425 kB]
2026-01-13T12:37:36.7221119Z Get:37 http://azure.archive.ubuntu.com/ubuntu noble/universe amd64 libsoxr0 amd64 0.1.3-4build3 [80.0 kB]
2026-01-13T12:37:36.7993974Z Get:38 http://azure.archive.ubuntu.com/ubuntu noble/universe amd64 libswresample4 amd64 7:6.1.1-3ubuntu5 [63.8 kB]
2026-01-13T12:37:36.8741167Z Get:39 http://azure.archive.ubuntu.com/ubuntu noble/main amd64 libtheora0 amd64 1.1.1+dfsg.1-16.1build3 [211 kB]
2026-01-13T12:37:36.9661560Z Get:40 http://azure.archive.ubuntu.com/ubuntu noble/main amd64 libtwolame0 amd64 0.4.0-2build3 [52.3 kB]
2026-01-13T12:37:37.0430743Z Get:41 http://azure.archive.ubuntu.com/ubuntu noble/main amd64 libvorbisenc2 amd64 1.3.7-1build3 [80.8 kB]
2026-01-13T12:37:37.1188138Z Get:42 http://azure.archive.ubuntu.com/ubuntu noble-updates/main amd64 libvpx9 amd64 1.14.0-1ubuntu2.2 [1143 kB]
2026-01-13T12:37:37.2547697Z Get:43 http://azure.archive.ubuntu.com/ubuntu noble/universe amd64 libx264-164 amd64 2:0.164.3108+git31e19f9-1 [604 kB]
2026-01-13T12:37:37.3493315Z Get:44 http://azure.archive.ubuntu.com/ubuntu noble/universe amd64 libx265-199 amd64 3.5-2build1 [1226 kB]
2026-01-13T12:37:37.4662620Z Get:45 http://azure.archive.ubuntu.com/ubuntu noble/universe amd64 libxvidcore4 amd64 2:1.3.7-1build1 [219 kB]
2026-01-13T12:37:37.5341698Z Get:46 http://azure.archive.ubuntu.com/ubuntu noble/universe amd64 libzvbi-common all 0.2.42-2 [42.4 kB]
2026-01-13T12:37:37.6007004Z Get:47 http://azure.archive.ubuntu.com/ubuntu noble/universe amd64 libzvbi0t64 amd64 0.2.42-2 [261 kB]
2026-01-13T12:37:37.6736036Z Get:48 http://azure.archive.ubuntu.com/ubuntu noble/universe amd64 libavcodec60 amd64 7:6.1.1-3ubuntu5 [5851 kB]
2026-01-13T12:37:38.8480955Z Get:49 http://azure.archive.ubuntu.com/ubuntu noble/universe amd64 libunibreak5 amd64 5.1-2build1 [25.0 kB]
2026-01-13T12:37:38.9196058Z Get:50 http://azure.archive.ubuntu.com/ubuntu noble/universe amd64 libass9 amd64 1:0.17.1-2build1 [104 kB]
2026-01-13T12:37:38.9958681Z Get:51 http://azure.archive.ubuntu.com/ubuntu noble/universe amd64 libudfread0 amd64 1.1.2-1build1 [19.0 kB]
2026-01-13T12:37:39.0656243Z Get:52 http://azure.archive.ubuntu.com/ubuntu noble/universe amd64 libbluray2 amd64 1:1.3.4-1build1 [159 kB]
2026-01-13T12:37:39.1405503Z Get:53 http://azure.archive.ubuntu.com/ubuntu noble/universe amd64 libchromaprint1 amd64 1.5.1-5 [30.5 kB]
2026-01-13T12:37:39.2145952Z Get:54 http://azure.archive.ubuntu.com/ubuntu noble/universe amd64 libgme0 amd64 0.6.3-7build1 [134 kB]
2026-01-13T12:37:39.2887766Z Get:55 http://azure.archive.ubuntu.com/ubuntu noble-updates/main amd64 libmpg123-0t64 amd64 1.32.5-1ubuntu1.1 [169 kB]
2026-01-13T12:37:39.3662577Z Get:56 http://azure.archive.ubuntu.com/ubuntu noble/universe amd64 libopenmpt0t64 amd64 0.7.3-1.1build3 [647 kB]
2026-01-13T12:37:39.4521617Z Get:57 http://azure.archive.ubuntu.com/ubuntu noble/universe amd64 libcjson1 amd64 1.7.17-1 [24.8 kB]
2026-01-13T12:37:39.5295851Z Get:58 http://azure.archive.ubuntu.com/ubuntu noble/universe amd64 libmbedcrypto7t64 amd64 2.28.8-1 [209 kB]
2026-01-13T12:37:39.6012627Z Get:59 http://azure.archive.ubuntu.com/ubuntu noble/universe amd64 librist4 amd64 0.2.10+dfsg-2 [74.9 kB]
2026-01-13T12:37:39.6720976Z Get:60 http://azure.archive.ubuntu.com/ubuntu noble/universe amd64 libsrt1.5-gnutls amd64 1.5.3-1build2 [316 kB]
2026-01-13T12:37:39.7507758Z Get:61 http://azure.archive.ubuntu.com/ubuntu noble-updates/main amd64 libssh-gcrypt-4 amd64 0.10.6-2ubuntu0.2 [224 kB]
2026-01-13T12:37:39.8263783Z Get:62 http://azure.archive.ubuntu.com/ubuntu noble/universe amd64 libavformat60 amd64 7:6.1.1-3ubuntu5 [1153 kB]
2026-01-13T12:37:39.9187770Z Get:63 http://azure.archive.ubuntu.com/ubuntu noble/universe amd64 libbs2b0 amd64 3.1.0+dfsg-7build1 [10.6 kB]
2026-01-13T12:37:39.9880022Z Get:64 http://azure.archive.ubuntu.com/ubuntu noble/universe amd64 libflite1 amd64 2.2-6build3 [13.6 MB]
2026-01-13T12:37:40.3717075Z Get:65 http://azure.archive.ubuntu.com/ubuntu noble/universe amd64 libserd-0-0 amd64 0.32.2-1 [43.6 kB]
2026-01-13T12:37:40.4375715Z Get:66 http://azure.archive.ubuntu.com/ubuntu noble/universe amd64 libzix-0-0 amd64 0.4.2-2build1 [23.6 kB]
2026-01-13T12:37:40.5079065Z Get:67 http://azure.archive.ubuntu.com/ubuntu noble/universe amd64 libsord-0-0 amd64 0.16.16-2build1 [15.8 kB]
2026-01-13T12:37:40.5762530Z Get:68 http://azure.archive.ubuntu.com/ubuntu noble/universe amd64 libsratom-0-0 amd64 0.6.16-1build1 [17.3 kB]
2026-01-13T12:37:40.6418259Z Get:69 http://azure.archive.ubuntu.com/ubuntu noble/universe amd64 liblilv-0-0 amd64 0.24.22-1build1 [41.0 kB]
2026-01-13T12:37:40.7084752Z Get:70 http://azure.archive.ubuntu.com/ubuntu noble/universe amd64 libmysofa1 amd64 1.3.2+dfsg-2ubuntu2 [1158 kB]
2026-01-13T12:37:40.8068327Z Get:71 http://azure.archive.ubuntu.com/ubuntu noble/universe amd64 libplacebo338 amd64 6.338.2-2build1 [2654 kB]
2026-01-13T12:37:40.9230252Z Get:72 http://azure.archive.ubuntu.com/ubuntu noble-updates/main amd64 libblas3 amd64 3.12.0-3build1.1 [238 kB]
2026-01-13T12:37:40.9950454Z Get:73 http://azure.archive.ubuntu.com/ubuntu noble-updates/main amd64 liblapack3 amd64 3.12.0-3build1.1 [2646 kB]
2026-01-13T12:37:41.1032612Z Get:74 http://azure.archive.ubuntu.com/ubuntu noble/main amd64 libasyncns0 amd64 0.8-6build4 [11.3 kB]
2026-01-13T12:37:41.1722463Z Get:75 http://azure.archive.ubuntu.com/ubuntu noble/main amd64 libflac12t64 amd64 1.4.3+ds-2.1ubuntu2 [197 kB]
2026-01-13T12:37:41.2510481Z Get:76 http://azure.archive.ubuntu.com/ubuntu noble-updates/main amd64 libsndfile1 amd64 1.2.2-1ubuntu5.24.04.1 [209 kB]
2026-01-13T12:37:41.3295632Z Get:77 http://azure.archive.ubuntu.com/ubuntu noble-updates/main amd64 libpulse0 amd64 1:16.1+dfsg1-2ubuntu10.1 [292 kB]
2026-01-13T12:37:41.4209283Z Get:78 http://azure.archive.ubuntu.com/ubuntu noble/universe amd64 libsphinxbase3t64 amd64 0.8+5prealpha+1-17build2 [126 kB]
2026-01-13T12:37:41.5012442Z Get:79 http://azure.archive.ubuntu.com/ubuntu noble/universe amd64 libpocketsphinx3 amd64 0.8.0+real5prealpha+1-15ubuntu5 [133 kB]
2026-01-13T12:37:41.5720694Z Get:80 http://azure.archive.ubuntu.com/ubuntu noble/universe amd64 libpostproc57 amd64 7:6.1.1-3ubuntu5 [49.9 kB]
2026-01-13T12:37:41.6421390Z Get:81 http://azure.archive.ubuntu.com/ubuntu noble/main amd64 libsamplerate0 amd64 0.2.2-4build1 [1344 kB]
2026-01-13T12:37:41.7451179Z Get:82 http://azure.archive.ubuntu.com/ubuntu noble/universe amd64 librubberband2 amd64 3.3.0+dfsg-2build1 [130 kB]
2026-01-13T12:37:41.8219269Z Get:83 http://azure.archive.ubuntu.com/ubuntu noble/universe amd64 libswscale7 amd64 7:6.1.1-3ubuntu5 [193 kB]
2026-01-13T12:37:41.8940544Z Get:84 http://azure.archive.ubuntu.com/ubuntu noble/universe amd64 libvidstab1.1 amd64 1.1.0-2build1 [38.5 kB]
2026-01-13T12:37:41.9640354Z Get:85 http://azure.archive.ubuntu.com/ubuntu noble/universe amd64 libzimg2 amd64 3.0.5+ds1-1build1 [254 kB]
2026-01-13T12:37:42.0392275Z Get:86 http://azure.archive.ubuntu.com/ubuntu noble/universe amd64 libavfilter9 amd64 7:6.1.1-3ubuntu5 [4235 kB]
2026-01-13T12:37:42.2039418Z Get:87 http://azure.archive.ubuntu.com/ubuntu noble-updates/main amd64 liborc-0.4-0t64 amd64 1:0.4.38-1ubuntu0.1 [207 kB]
2026-01-13T12:37:42.2786468Z Get:88 http://azure.archive.ubuntu.com/ubuntu noble-updates/main amd64 libgstreamer-plugins-base1.0-0 amd64 1.24.2-1ubuntu0.3 [862 kB]
2026-01-13T12:37:42.3578641Z Get:89 http://azure.archive.ubuntu.com/ubuntu noble/universe amd64 gstreamer1.0-libav amd64 1.24.1-1build1 [103 kB]
2026-01-13T12:37:42.4281050Z Get:90 http://azure.archive.ubuntu.com/ubuntu noble/main amd64 libcdparanoia0 amd64 3.10.2+debian-14build3 [48.5 kB]
2026-01-13T12:37:42.4985767Z Get:91 http://azure.archive.ubuntu.com/ubuntu noble/main amd64 libvisual-0.4-0 amd64 0.4.2-2build1 [115 kB]
2026-01-13T12:37:42.5690570Z Get:92 http://azure.archive.ubuntu.com/ubuntu noble-updates/main amd64 gstreamer1.0-plugins-base amd64 1.24.2-1ubuntu0.3 [721 kB]
2026-01-13T12:37:42.6539185Z Get:93 http://azure.archive.ubuntu.com/ubuntu noble/main amd64 libaa1 amd64 1.4p5-51.1 [49.9 kB]
2026-01-13T12:37:42.7236571Z Get:94 http://azure.archive.ubuntu.com/ubuntu noble/main amd64 libraw1394-11 amd64 2.1.2-2build3 [26.2 kB]
2026-01-13T12:37:42.7953376Z Get:95 http://azure.archive.ubuntu.com/ubuntu noble/main amd64 libavc1394-0 amd64 0.5.4-5build3 [15.4 kB]
2026-01-13T12:37:42.8661601Z Get:96 http://azure.archive.ubuntu.com/ubuntu noble-updates/main amd64 libcaca0 amd64 0.99.beta20-4ubuntu0.1 [209 kB]
2026-01-13T12:37:42.9387209Z Get:97 http://azure.archive.ubuntu.com/ubuntu noble/main amd64 libdv4t64 amd64 1.0.0-17.1build1 [63.2 kB]
2026-01-13T12:37:43.0111533Z Get:98 http://azure.archive.ubuntu.com/ubuntu noble-updates/main amd64 libgstreamer-plugins-good1.0-0 amd64 1.24.2-1ubuntu1.2 [33.0 kB]
2026-01-13T12:37:43.0833185Z Get:99 http://azure.archive.ubuntu.com/ubuntu noble/main amd64 libiec61883-0 amd64 1.2.0-6build1 [24.5 kB]
2026-01-13T12:37:43.1535012Z Get:100 http://azure.archive.ubuntu.com/ubuntu noble/main amd64 libshout3 amd64 2.4.6-1build2 [50.3 kB]
2026-01-13T12:37:43.2247170Z Get:101 http://azure.archive.ubuntu.com/ubuntu noble/main amd64 libtag1v5-vanilla amd64 1.13.1-1build1 [326 kB]
2026-01-13T12:37:43.2983908Z Get:102 http://azure.archive.ubuntu.com/ubuntu noble/main amd64 libtag1v5 amd64 1.13.1-1build1 [11.7 kB]
2026-01-13T12:37:43.7128715Z Get:103 http://azure.archive.ubuntu.com/ubuntu noble/main amd64 libv4lconvert0t64 amd64 1.26.1-4build3 [87.6 kB]
2026-01-13T12:37:43.9807350Z Get:104 http://azure.archive.ubuntu.com/ubuntu noble/main amd64 libv4l-0t64 amd64 1.26.1-4build3 [46.9 kB]
2026-01-13T12:37:44.0783070Z Get:105 http://azure.archive.ubuntu.com/ubuntu noble/main amd64 libwavpack1 amd64 5.6.0-1build1 [84.6 kB]
2026-01-13T12:37:44.1934628Z Get:106 http://azure.archive.ubuntu.com/ubuntu noble-updates/main amd64 libsoup-3.0-common all 3.4.4-5ubuntu0.6 [11.4 kB]
2026-01-13T12:37:44.2652068Z Get:107 http://azure.archive.ubuntu.com/ubuntu noble-updates/main amd64 libsoup-3.0-0 amd64 3.4.4-5ubuntu0.6 [291 kB]
2026-01-13T12:37:44.3929078Z Get:108 http://azure.archive.ubuntu.com/ubuntu noble-updates/main amd64 gstreamer1.0-plugins-good amd64 1.24.2-1ubuntu1.2 [2238 kB]
2026-01-13T12:37:44.6341934Z Get:109 http://azure.archive.ubuntu.com/ubuntu noble-updates/main amd64 libabsl20220623t64 amd64 20220623.1-3.1ubuntu3.2 [423 kB]
2026-01-13T12:37:44.7469375Z Get:110 http://azure.archive.ubuntu.com/ubuntu noble/universe amd64 libgav1-1 amd64 0.18.0-1build3 [357 kB]
2026-01-13T12:37:44.8491556Z Get:111 http://azure.archive.ubuntu.com/ubuntu noble/universe amd64 libyuv0 amd64 0.0~git202401110.af6ac82-1 [178 kB]
2026-01-13T12:37:44.9345833Z Get:112 http://azure.archive.ubuntu.com/ubuntu noble/universe amd64 libavif16 amd64 1.0.4-1ubuntu3 [91.2 kB]
2026-01-13T12:37:45.0075544Z Get:113 http://azure.archive.ubuntu.com/ubuntu noble/universe amd64 libavtp0 amd64 0.2.0-1build1 [6414 B]
2026-01-13T12:37:45.0784312Z Get:114 http://azure.archive.ubuntu.com/ubuntu noble/main amd64 libcairo-script-interpreter2 amd64 1.18.0-3build1 [60.3 kB]
2026-01-13T12:37:45.1498542Z Get:115 http://azure.archive.ubuntu.com/ubuntu noble/universe amd64 libdc1394-25 amd64 2.2.6-4build1 [90.1 kB]
2026-01-13T12:37:45.2325446Z Get:116 http://azure.archive.ubuntu.com/ubuntu noble/main amd64 libdecor-0-0 amd64 0.2.2-1build2 [16.5 kB]
2026-01-13T12:37:45.3020700Z Get:117 http://azure.archive.ubuntu.com/ubuntu noble/main amd64 libgles2 amd64 1.7.0-1build1 [17.1 kB]
2026-01-13T12:37:45.3710175Z Get:118 http://azure.archive.ubuntu.com/ubuntu noble/universe amd64 libdirectfb-1.7-7t64 amd64 1.7.7-11.1ubuntu2 [1035 kB]
2026-01-13T12:37:45.4707520Z Get:119 http://azure.archive.ubuntu.com/ubuntu noble/universe amd64 libdvdread8t64 amd64 6.1.3-1.1build1 [54.7 kB]
2026-01-13T12:37:45.5422331Z Get:120 http://azure.archive.ubuntu.com/ubuntu noble/universe amd64 libdvdnav4 amd64 6.1.1-3build1 [39.5 kB]
2026-01-13T12:37:45.6060826Z Get:121 http://azure.archive.ubuntu.com/ubuntu noble-updates/main amd64 libegl-mesa0 amd64 25.0.7-0ubuntu0.24.04.2 [124 kB]
2026-01-13T12:37:45.6742529Z Get:122 http://azure.archive.ubuntu.com/ubuntu noble/main amd64 libevent-2.1-7t64 amd64 2.1.12-stable-9ubuntu2 [145 kB]
2026-01-13T12:37:45.7395118Z Get:123 http://azure.archive.ubuntu.com/ubuntu noble/universe amd64 libfaad2 amd64 2.11.1-1build1 [207 kB]
2026-01-13T12:37:45.8143995Z Get:124 http://azure.archive.ubuntu.com/ubuntu noble/universe amd64 libinstpatch-1.0-2 amd64 1.1.6-1build2 [251 kB]
2026-01-13T12:37:45.8874475Z Get:125 http://azure.archive.ubuntu.com/ubuntu noble/main amd64 libjack-jackd2-0 amd64 1.9.21~dfsg-3ubuntu3 [289 kB]
2026-01-13T12:37:45.9577190Z Get:126 http://azure.archive.ubuntu.com/ubuntu noble/main amd64 libwebrtc-audio-processing1 amd64 0.3.1-0ubuntu6 [290 kB]
2026-01-13T12:37:46.0264811Z Get:127 http://azure.archive.ubuntu.com/ubuntu noble-updates/main amd64 libspa-0.2-modules amd64 1.0.5-1ubuntu3.2 [627 kB]
2026-01-13T12:37:46.1052498Z Get:128 http://azure.archive.ubuntu.com/ubuntu noble-updates/main amd64 libpipewire-0.3-0t64 amd64 1.0.5-1ubuntu3.2 [252 kB]
2026-01-13T12:37:46.1754916Z Get:129 http://azure.archive.ubuntu.com/ubuntu noble-updates/main amd64 libsdl2-2.0-0 amd64 2.30.0+dfsg-1ubuntu3.1 [686 kB]
2026-01-13T12:37:46.2644782Z Get:130 http://azure.archive.ubuntu.com/ubuntu noble/universe amd64 timgm6mb-soundfont all 1.3-5 [5427 kB]
2026-01-13T12:37:46.5038454Z Get:131 http://azure.archive.ubuntu.com/ubuntu noble/universe amd64 libfluidsynth3 amd64 2.3.4-1build3 [249 kB]
2026-01-13T12:37:46.5789363Z Get:132 http://azure.archive.ubuntu.com/ubuntu noble/main amd64 libfreeaptx0 amd64 0.1.1-2build1 [13.5 kB]
2026-01-13T12:37:46.6398546Z Get:133 http://azure.archive.ubuntu.com/ubuntu noble/main amd64 libgraphene-1.0-0 amd64 1.10.8-3build2 [46.2 kB]
2026-01-13T12:37:46.7026953Z Get:134 http://azure.archive.ubuntu.com/ubuntu noble/main amd64 libgssdp-1.6-0 amd64 1.6.3-1build3 [40.4 kB]
2026-01-13T12:37:46.7639152Z Get:135 http://azure.archive.ubuntu.com/ubuntu noble/main amd64 libegl1 amd64 1.7.0-1build1 [28.7 kB]
2026-01-13T12:37:46.8254012Z Get:136 http://azure.archive.ubuntu.com/ubuntu noble-updates/main amd64 libgstreamer-gl1.0-0 amd64 1.24.2-1ubuntu0.3 [214 kB]
2026-01-13T12:37:46.8921465Z Get:137 http://azure.archive.ubuntu.com/ubuntu noble-updates/main amd64 libgtk-4-common all 4.14.5+ds-0ubuntu0.7 [1496 kB]
2026-01-13T12:37:46.9865452Z Get:138 http://azure.archive.ubuntu.com/ubuntu noble-updates/main amd64 libgtk-4-1 amd64 4.14.5+ds-0ubuntu0.7 [3294 kB]
2026-01-13T12:37:47.1133239Z Get:139 http://azure.archive.ubuntu.com/ubuntu noble/main amd64 libgupnp-1.6-0 amd64 1.6.6-1build3 [92.7 kB]
2026-01-13T12:37:47.1750830Z Get:140 http://azure.archive.ubuntu.com/ubuntu noble/universe amd64 libgupnp-igd-1.6-0 amd64 1.6.0-3build3 [16.5 kB]
2026-01-13T12:37:47.2358650Z Get:141 http://azure.archive.ubuntu.com/ubuntu noble/main amd64 libharfbuzz-icu0 amd64 8.3.0-2build2 [13.3 kB]
2026-01-13T12:37:47.2971685Z Get:142 http://azure.archive.ubuntu.com/ubuntu noble/main amd64 libhyphen0 amd64 2.8.8-7build3 [26.5 kB]
2026-01-13T12:37:47.3597962Z Get:143 http://azure.archive.ubuntu.com/ubuntu noble/universe amd64 libimath-3-1-29t64 amd64 3.1.9-3.1ubuntu2 [72.2 kB]
2026-01-13T12:37:47.4241018Z Get:144 http://azure.archive.ubuntu.com/ubuntu noble/main amd64 liblc3-1 amd64 1.0.4-3build1 [69.7 kB]
2026-01-13T12:37:47.4865516Z Get:145 http://azure.archive.ubuntu.com/ubuntu noble/main amd64 libldacbt-enc2 amd64 2.0.2.3+git20200429+ed310a0-4ubuntu2 [27.1 kB]
2026-01-13T12:37:47.5474155Z Get:146 http://azure.archive.ubuntu.com/ubuntu noble-updates/main amd64 libxslt1.1 amd64 1.1.39-0exp1ubuntu0.24.04.3 [168 kB]
2026-01-13T12:37:47.6110418Z Get:147 http://azure.archive.ubuntu.com/ubuntu noble-updates/main amd64 libraptor2-0 amd64 2.0.16-3ubuntu0.1 [165 kB]
2026-01-13T12:37:47.6745033Z Get:148 http://azure.archive.ubuntu.com/ubuntu noble/universe amd64 liblrdf0 amd64 0.6.1-4build1 [18.5 kB]
2026-01-13T12:37:47.7347573Z Get:149 http://azure.archive.ubuntu.com/ubuntu noble/universe amd64 libltc11 amd64 1.3.2-1build1 [13.0 kB]
2026-01-13T12:37:47.7959043Z Get:150 http://azure.archive.ubuntu.com/ubuntu noble/main amd64 libmanette-0.2-0 amd64 0.2.7-1build2 [30.6 kB]
2026-01-13T12:37:47.8566983Z Get:151 http://azure.archive.ubuntu.com/ubuntu noble/universe amd64 libmfx1 amd64 22.5.4-1 [3124 kB]
2026-01-13T12:37:47.9727813Z Get:152 http://azure.archive.ubuntu.com/ubuntu noble/universe amd64 libmjpegutils-2.1-0t64 amd64 1:2.1.0+debian-8.1build1 [25.5 kB]
2026-01-13T12:37:48.0346582Z Get:153 http://azure.archive.ubuntu.com/ubuntu noble/universe amd64 libmodplug1 amd64 1:0.8.9.0-3build1 [166 kB]
2026-01-13T12:37:48.0968618Z Get:154 http://azure.archive.ubuntu.com/ubuntu noble/universe amd64 libmpcdec6 amd64 2:0.1~r495-2build1 [32.7 kB]
2026-01-13T12:37:48.1587806Z Get:155 http://azure.archive.ubuntu.com/ubuntu noble/universe amd64 libmpeg2encpp-2.1-0t64 amd64 1:2.1.0+debian-8.1build1 [75.6 kB]
2026-01-13T12:37:48.2237497Z Get:156 http://azure.archive.ubuntu.com/ubuntu noble/universe amd64 libmplex2-2.1-0t64 amd64 1:2.1.0+debian-8.1build1 [46.1 kB]
2026-01-13T12:37:48.2854057Z Get:157 http://azure.archive.ubuntu.com/ubuntu noble/universe amd64 libneon27t64 amd64 0.33.0-1.1build3 [102 kB]
2026-01-13T12:37:48.3479072Z Get:158 http://azure.archive.ubuntu.com/ubuntu noble/universe amd64 libnice10 amd64 0.1.21-2build3 [157 kB]
2026-01-13T12:37:48.4174312Z Get:159 http://azure.archive.ubuntu.com/ubuntu noble/universe amd64 libopenal-data all 1:1.23.1-4build1 [161 kB]
2026-01-13T12:37:48.4866912Z Get:160 http://azure.archive.ubuntu.com/ubuntu noble/universe amd64 libopenexr-3-1-30 amd64 3.1.5-5.1build3 [1004 kB]
2026-01-13T12:37:48.5851694Z Get:161 http://azure.archive.ubuntu.com/ubuntu noble/universe amd64 libopenh264-7 amd64 2.4.1+dfsg-1 [409 kB]
2026-01-13T12:37:48.6636811Z Get:162 http://azure.archive.ubuntu.com/ubuntu noble/universe amd64 libopenni2-0 amd64 2.2.0.33+dfsg-18 [370 kB]
2026-01-13T12:37:48.7432819Z Get:163 http://azure.archive.ubuntu.com/ubuntu noble/universe amd64 libqrencode4 amd64 4.1.1-1build2 [25.0 kB]
2026-01-13T12:37:48.8094026Z Get:164 http://azure.archive.ubuntu.com/ubuntu noble/main amd64 libsecret-common all 0.21.4-1build3 [4962 B]
2026-01-13T12:37:48.8741807Z Get:165 http://azure.archive.ubuntu.com/ubuntu noble/main amd64 libsecret-1-0 amd64 0.21.4-1build3 [116 kB]
2026-01-13T12:37:48.9475823Z Get:166 http://azure.archive.ubuntu.com/ubuntu noble/universe amd64 libsndio7.0 amd64 1.9.0-0.3build3 [29.6 kB]
2026-01-13T12:37:49.0130399Z Get:167 http://azure.archive.ubuntu.com/ubuntu noble/universe amd64 libsoundtouch1 amd64 2.3.2+ds1-1build1 [60.5 kB]
2026-01-13T12:37:49.0783611Z Get:168 http://azure.archive.ubuntu.com/ubuntu noble/universe amd64 libspandsp2t64 amd64 0.0.6+dfsg-2.1build1 [311 kB]
2026-01-13T12:37:49.1563084Z Get:169 http://azure.archive.ubuntu.com/ubuntu noble/universe amd64 libsrtp2-1 amd64 2.5.0-3build1 [41.9 kB]
2026-01-13T12:37:49.2182602Z Get:170 http://azure.archive.ubuntu.com/ubuntu noble-updates/main amd64 libssh-4 amd64 0.10.6-2ubuntu0.2 [188 kB]
2026-01-13T12:37:49.2818415Z Get:171 http://azure.archive.ubuntu.com/ubuntu noble/universe amd64 libwildmidi2 amd64 0.4.3-1build3 [68.5 kB]
2026-01-13T12:37:49.3431638Z Get:172 http://azure.archive.ubuntu.com/ubuntu noble/main amd64 libwoff1 amd64 1.0.2-2build1 [45.3 kB]
2026-01-13T12:37:49.4061087Z Get:173 http://azure.archive.ubuntu.com/ubuntu noble/main amd64 libxcb-xkb1 amd64 1.15-1ubuntu2 [32.3 kB]
2026-01-13T12:37:49.4669177Z Get:174 http://azure.archive.ubuntu.com/ubuntu noble/main amd64 libxkbcommon-x11-0 amd64 1.6.0-1build1 [14.5 kB]
2026-01-13T12:37:49.5275086Z Get:175 http://azure.archive.ubuntu.com/ubuntu noble/universe amd64 libzbar0t64 amd64 0.23.93-4build3 [123 kB]
2026-01-13T12:37:49.5914187Z Get:176 http://azure.archive.ubuntu.com/ubuntu noble/universe amd64 libzxing3 amd64 2.2.1-3 [583 kB]
2026-01-13T12:37:49.6706103Z Get:177 http://azure.archive.ubuntu.com/ubuntu noble/main amd64 xfonts-encodings all 1:1.0.5-0ubuntu2 [578 kB]
2026-01-13T12:37:49.7439496Z Get:178 http://azure.archive.ubuntu.com/ubuntu noble/main amd64 xfonts-utils amd64 1:7.7+6build3 [94.4 kB]
2026-01-13T12:37:49.8064034Z Get:179 http://azure.archive.ubuntu.com/ubuntu noble/universe amd64 xfonts-cyrillic all 1:1.0.5+nmu1 [384 kB]
2026-01-13T12:37:49.8799662Z Get:180 http://azure.archive.ubuntu.com/ubuntu noble/main amd64 xfonts-scalable all 1:1.0.3-1.3 [304 kB]
2026-01-13T12:37:49.9463548Z Get:181 http://azure.archive.ubuntu.com/ubuntu noble/universe amd64 libgstreamer-plugins-bad1.0-0 amd64 1.24.2-1ubuntu4 [797 kB]
2026-01-13T12:37:50.0391547Z Get:182 http://azure.archive.ubuntu.com/ubuntu noble/universe amd64 libdca0 amd64 0.0.7-2build1 [93.8 kB]
2026-01-13T12:37:50.1104723Z Get:183 http://azure.archive.ubuntu.com/ubuntu noble/universe amd64 libopenal1 amd64 1:1.23.1-4build1 [540 kB]
2026-01-13T12:37:50.1834393Z Get:184 http://azure.archive.ubuntu.com/ubuntu noble/main amd64 libsbc1 amd64 2.0-1build1 [33.9 kB]
2026-01-13T12:37:50.2456026Z Get:185 http://azure.archive.ubuntu.com/ubuntu noble/universe amd64 libvo-aacenc0 amd64 0.1.3-2build1 [67.8 kB]
2026-01-13T12:37:50.3080679Z Get:186 http://azure.archive.ubuntu.com/ubuntu noble/universe amd64 libvo-amrwbenc0 amd64 0.1.3-2build1 [76.7 kB]
2026-01-13T12:37:50.3700192Z Get:187 http://azure.archive.ubuntu.com/ubuntu noble/universe amd64 gstreamer1.0-plugins-bad amd64 1.24.2-1ubuntu4 [3081 kB]
2026-01-13T12:37:50.9350667Z Fetched 116 MB in 19s (6158 kB/s)
2026-01-13T12:37:50.9659756Z Selecting previously unselected package fonts-ipafont-gothic.
2026-01-13T12:37:50.9990476Z (Reading database ... 
2026-01-13T12:37:50.9991035Z (Reading database ... 5%
2026-01-13T12:37:50.9991734Z (Reading database ... 10%
2026-01-13T12:37:50.9992196Z (Reading database ... 15%
2026-01-13T12:37:50.9992644Z (Reading database ... 20%
2026-01-13T12:37:50.9992921Z (Reading database ... 25%
2026-01-13T12:37:50.9993190Z (Reading database ... 30%
2026-01-13T12:37:50.9993451Z (Reading database ... 35%
2026-01-13T12:37:50.9993711Z (Reading database ... 40%
2026-01-13T12:37:50.9993974Z (Reading database ... 45%
2026-01-13T12:37:50.9994227Z (Reading database ... 50%
2026-01-13T12:37:51.0087547Z (Reading database ... 55%
2026-01-13T12:37:51.1495971Z (Reading database ... 60%
2026-01-13T12:37:51.2673158Z (Reading database ... 65%
2026-01-13T12:37:51.3146244Z (Reading database ... 70%
2026-01-13T12:37:51.4267953Z (Reading database ... 75%
2026-01-13T12:37:51.6038903Z (Reading database ... 80%
2026-01-13T12:37:51.8342770Z (Reading database ... 85%
2026-01-13T12:37:52.0038084Z (Reading database ... 90%
2026-01-13T12:37:52.2100906Z (Reading database ... 95%
2026-01-13T12:37:52.2101579Z (Reading database ... 100%
2026-01-13T12:37:52.2102197Z (Reading database ... 217518 files and directories currently installed.)
2026-01-13T12:37:52.2145012Z Preparing to unpack .../000-fonts-ipafont-gothic_00303-21ubuntu1_all.deb ...
2026-01-13T12:37:52.2241170Z Unpacking fonts-ipafont-gothic (00303-21ubuntu1) ...
2026-01-13T12:37:52.4667399Z Preparing to unpack .../001-libglib2.0-data_2.80.0-6ubuntu3.6_all.deb ...
2026-01-13T12:37:52.4706855Z Unpacking libglib2.0-data (2.80.0-6ubuntu3.6) over (2.80.0-6ubuntu3.4) ...
2026-01-13T12:37:52.5082608Z Preparing to unpack .../002-libglib2.0-bin_2.80.0-6ubuntu3.6_amd64.deb ...
2026-01-13T12:37:52.5154615Z Unpacking libglib2.0-bin (2.80.0-6ubuntu3.6) over (2.80.0-6ubuntu3.4) ...
2026-01-13T12:37:52.5742156Z Preparing to unpack .../003-gir1.2-glib-2.0_2.80.0-6ubuntu3.6_amd64.deb ...
2026-01-13T12:37:52.5785961Z Unpacking gir1.2-glib-2.0:amd64 (2.80.0-6ubuntu3.6) over (2.80.0-6ubuntu3.4) ...
2026-01-13T12:37:52.6249993Z Preparing to unpack .../004-libglib2.0-0t64_2.80.0-6ubuntu3.6_amd64.deb ...
2026-01-13T12:37:52.6358333Z Unpacking libglib2.0-0t64:amd64 (2.80.0-6ubuntu3.6) over (2.80.0-6ubuntu3.4) ...
2026-01-13T12:37:52.6969376Z Preparing to unpack .../005-libpng16-16t64_1.6.43-5ubuntu0.1_amd64.deb ...
2026-01-13T12:37:52.7023177Z Unpacking libpng16-16t64:amd64 (1.6.43-5ubuntu0.1) over (1.6.43-5build1) ...
2026-01-13T12:37:52.7286265Z Selecting previously unselected package fonts-freefont-ttf.
2026-01-13T12:37:52.7423084Z Preparing to unpack .../006-fonts-freefont-ttf_20211204+svn4273-2_all.deb ...
2026-01-13T12:37:52.7435348Z Unpacking fonts-freefont-ttf (20211204+svn4273-2) ...
2026-01-13T12:37:52.8312632Z Selecting previously unselected package fonts-tlwg-loma-otf.
2026-01-13T12:37:52.8444641Z Preparing to unpack .../007-fonts-tlwg-loma-otf_1%3a0.7.3-1_all.deb ...
2026-01-13T12:37:52.8457565Z Unpacking fonts-tlwg-loma-otf (1:0.7.3-1) ...
2026-01-13T12:37:52.8695731Z Selecting previously unselected package fonts-unifont.
2026-01-13T12:37:52.8827803Z Preparing to unpack .../008-fonts-unifont_1%3a15.1.01-1build1_all.deb ...
2026-01-13T12:37:52.8844006Z Unpacking fonts-unifont (1:15.1.01-1build1) ...
2026-01-13T12:37:53.0054181Z Selecting previously unselected package fonts-wqy-zenhei.
2026-01-13T12:37:53.0186577Z Preparing to unpack .../009-fonts-wqy-zenhei_0.9.45-8_all.deb ...
2026-01-13T12:37:53.0291985Z Unpacking fonts-wqy-zenhei (0.9.45-8) ...
2026-01-13T12:37:53.4868654Z Selecting previously unselected package libproxy1v5:amd64.
2026-01-13T12:37:53.5002223Z Preparing to unpack .../010-libproxy1v5_0.5.4-4build1_amd64.deb ...
2026-01-13T12:37:53.5017045Z Unpacking libproxy1v5:amd64 (0.5.4-4build1) ...
2026-01-13T12:37:53.5237948Z Selecting previously unselected package glib-networking-common.
2026-01-13T12:37:53.5368306Z Preparing to unpack .../011-glib-networking-common_2.80.0-1build1_all.deb ...
2026-01-13T12:37:53.5379106Z Unpacking glib-networking-common (2.80.0-1build1) ...
2026-01-13T12:37:53.5592911Z Selecting previously unselected package glib-networking-services.
2026-01-13T12:37:53.5722534Z Preparing to unpack .../012-glib-networking-services_2.80.0-1build1_amd64.deb ...
2026-01-13T12:37:53.5735009Z Unpacking glib-networking-services (2.80.0-1build1) ...
2026-01-13T12:37:53.5967491Z Selecting previously unselected package session-migration.
2026-01-13T12:37:53.6096165Z Preparing to unpack .../013-session-migration_0.3.9build1_amd64.deb ...
2026-01-13T12:37:53.6114270Z Unpacking session-migration (0.3.9build1) ...
2026-01-13T12:37:53.6342336Z Selecting previously unselected package gsettings-desktop-schemas.
2026-01-13T12:37:53.6471918Z Preparing to unpack .../014-gsettings-desktop-schemas_46.1-0ubuntu1_all.deb ...
2026-01-13T12:37:53.6483962Z Unpacking gsettings-desktop-schemas (46.1-0ubuntu1) ...
2026-01-13T12:37:53.6754689Z Selecting previously unselected package glib-networking:amd64.
2026-01-13T12:37:53.6885467Z Preparing to unpack .../015-glib-networking_2.80.0-1build1_amd64.deb ...
2026-01-13T12:37:53.6895974Z Unpacking glib-networking:amd64 (2.80.0-1build1) ...
2026-01-13T12:37:53.7145756Z Selecting previously unselected package libva2:amd64.
2026-01-13T12:37:53.7279708Z Preparing to unpack .../016-libva2_2.20.0-2build1_amd64.deb ...
2026-01-13T12:37:53.7291187Z Unpacking libva2:amd64 (2.20.0-2build1) ...
2026-01-13T12:37:53.7542019Z Selecting previously unselected package libva-drm2:amd64.
2026-01-13T12:37:53.7673553Z Preparing to unpack .../017-libva-drm2_2.20.0-2build1_amd64.deb ...
2026-01-13T12:37:53.7693786Z Unpacking libva-drm2:amd64 (2.20.0-2build1) ...
2026-01-13T12:37:53.7925254Z Selecting previously unselected package libva-x11-2:amd64.
2026-01-13T12:37:53.8057002Z Preparing to unpack .../018-libva-x11-2_2.20.0-2build1_amd64.deb ...
2026-01-13T12:37:53.8074101Z Unpacking libva-x11-2:amd64 (2.20.0-2build1) ...
2026-01-13T12:37:53.8312267Z Selecting previously unselected package libvdpau1:amd64.
2026-01-13T12:37:53.8442397Z Preparing to unpack .../019-libvdpau1_1.5-2build1_amd64.deb ...
2026-01-13T12:37:53.8454778Z Unpacking libvdpau1:amd64 (1.5-2build1) ...
2026-01-13T12:37:53.8704408Z Selecting previously unselected package libvpl2.
2026-01-13T12:37:53.8833978Z Preparing to unpack .../020-libvpl2_2023.3.0-1build1_amd64.deb ...
2026-01-13T12:37:53.8844362Z Unpacking libvpl2 (2023.3.0-1build1) ...
2026-01-13T12:37:53.9098983Z Selecting previously unselected package ocl-icd-libopencl1:amd64.
2026-01-13T12:37:53.9228935Z Preparing to unpack .../021-ocl-icd-libopencl1_2.3.2-1build1_amd64.deb ...
2026-01-13T12:37:53.9242931Z Unpacking ocl-icd-libopencl1:amd64 (2.3.2-1build1) ...
2026-01-13T12:37:53.9522382Z Selecting previously unselected package libavutil58:amd64.
2026-01-13T12:37:53.9652092Z Preparing to unpack .../022-libavutil58_7%3a6.1.1-3ubuntu5_amd64.deb ...
2026-01-13T12:37:53.9664806Z Unpacking libavutil58:amd64 (7:6.1.1-3ubuntu5) ...
2026-01-13T12:37:53.9941838Z Selecting previously unselected package libcodec2-1.2:amd64.
2026-01-13T12:37:54.0071706Z Preparing to unpack .../023-libcodec2-1.2_1.2.0-2build1_amd64.deb ...
2026-01-13T12:37:54.0084059Z Unpacking libcodec2-1.2:amd64 (1.2.0-2build1) ...
2026-01-13T12:37:54.0889449Z Selecting previously unselected package libdav1d7:amd64.
2026-01-13T12:37:54.1023819Z Preparing to unpack .../024-libdav1d7_1.4.1-1build1_amd64.deb ...
2026-01-13T12:37:54.1035017Z Unpacking libdav1d7:amd64 (1.4.1-1build1) ...
2026-01-13T12:37:54.1333139Z Selecting previously unselected package libgsm1:amd64.
2026-01-13T12:37:54.1464561Z Preparing to unpack .../025-libgsm1_1.0.22-1build1_amd64.deb ...
2026-01-13T12:37:54.1473407Z Unpacking libgsm1:amd64 (1.0.22-1build1) ...
2026-01-13T12:37:54.1721177Z Selecting previously unselected package libhwy1t64:amd64.
2026-01-13T12:37:54.1851179Z Preparing to unpack .../026-libhwy1t64_1.0.7-8.1build1_amd64.deb ...
2026-01-13T12:37:54.1863661Z Unpacking libhwy1t64:amd64 (1.0.7-8.1build1) ...
2026-01-13T12:37:54.2208096Z Selecting previously unselected package libjxl0.7:amd64.
2026-01-13T12:37:54.2339197Z Preparing to unpack .../027-libjxl0.7_0.7.0-10.2ubuntu6.1_amd64.deb ...
2026-01-13T12:37:54.2355441Z Unpacking libjxl0.7:amd64 (0.7.0-10.2ubuntu6.1) ...
2026-01-13T12:37:54.2700642Z Selecting previously unselected package libmp3lame0:amd64.
2026-01-13T12:37:54.2834245Z Preparing to unpack .../028-libmp3lame0_3.100-6build1_amd64.deb ...
2026-01-13T12:37:54.2845503Z Unpacking libmp3lame0:amd64 (3.100-6build1) ...
2026-01-13T12:37:54.3100864Z Selecting previously unselected package libopus0:amd64.
2026-01-13T12:37:54.3232364Z Preparing to unpack .../029-libopus0_1.4-1build1_amd64.deb ...
2026-01-13T12:37:54.3245041Z Unpacking libopus0:amd64 (1.4-1build1) ...
2026-01-13T12:37:54.3495754Z Selecting previously unselected package librav1e0:amd64.
2026-01-13T12:37:54.3626638Z Preparing to unpack .../030-librav1e0_0.7.1-2_amd64.deb ...
2026-01-13T12:37:54.3640191Z Unpacking librav1e0:amd64 (0.7.1-2) ...
2026-01-13T12:37:54.3999555Z Selecting previously unselected package librsvg2-2:amd64.
2026-01-13T12:37:54.4130476Z Preparing to unpack .../031-librsvg2-2_2.58.0+dfsg-1build1_amd64.deb ...
2026-01-13T12:37:54.4141366Z Unpacking librsvg2-2:amd64 (2.58.0+dfsg-1build1) ...
2026-01-13T12:37:54.4638225Z Selecting previously unselected package libshine3:amd64.
2026-01-13T12:37:54.4772771Z Preparing to unpack .../032-libshine3_3.1.1-2build1_amd64.deb ...
2026-01-13T12:37:54.4782663Z Unpacking libshine3:amd64 (3.1.1-2build1) ...
2026-01-13T12:37:54.5027672Z Selecting previously unselected package libspeex1:amd64.
2026-01-13T12:37:54.5159957Z Preparing to unpack .../033-libspeex1_1.2.1-2ubuntu2.24.04.1_amd64.deb ...
2026-01-13T12:37:54.5178726Z Unpacking libspeex1:amd64 (1.2.1-2ubuntu2.24.04.1) ...
2026-01-13T12:37:54.5462621Z Selecting previously unselected package libsvtav1enc1d1:amd64.
2026-01-13T12:37:54.5597021Z Preparing to unpack .../034-libsvtav1enc1d1_1.7.0+dfsg-2build1_amd64.deb ...
2026-01-13T12:37:54.5743015Z Unpacking libsvtav1enc1d1:amd64 (1.7.0+dfsg-2build1) ...
2026-01-13T12:37:54.6281612Z Selecting previously unselected package libsoxr0:amd64.
2026-01-13T12:37:54.6416600Z Preparing to unpack .../035-libsoxr0_0.1.3-4build3_amd64.deb ...
2026-01-13T12:37:54.6430802Z Unpacking libsoxr0:amd64 (0.1.3-4build3) ...
2026-01-13T12:37:54.6675187Z Selecting previously unselected package libswresample4:amd64.
2026-01-13T12:37:54.6807778Z Preparing to unpack .../036-libswresample4_7%3a6.1.1-3ubuntu5_amd64.deb ...
2026-01-13T12:37:54.6819792Z Unpacking libswresample4:amd64 (7:6.1.1-3ubuntu5) ...
2026-01-13T12:37:54.7057743Z Selecting previously unselected package libtheora0:amd64.
2026-01-13T12:37:54.7190072Z Preparing to unpack .../037-libtheora0_1.1.1+dfsg.1-16.1build3_amd64.deb ...
2026-01-13T12:37:54.7203180Z Unpacking libtheora0:amd64 (1.1.1+dfsg.1-16.1build3) ...
2026-01-13T12:37:54.7491449Z Selecting previously unselected package libtwolame0:amd64.
2026-01-13T12:37:54.7624675Z Preparing to unpack .../038-libtwolame0_0.4.0-2build3_amd64.deb ...
2026-01-13T12:37:54.7640076Z Unpacking libtwolame0:amd64 (0.4.0-2build3) ...
2026-01-13T12:37:54.7873904Z Selecting previously unselected package libvorbisenc2:amd64.
2026-01-13T12:37:54.8005991Z Preparing to unpack .../039-libvorbisenc2_1.3.7-1build3_amd64.deb ...
2026-01-13T12:37:54.8017509Z Unpacking libvorbisenc2:amd64 (1.3.7-1build3) ...
2026-01-13T12:37:54.8288809Z Selecting previously unselected package libvpx9:amd64.
2026-01-13T12:37:54.8419583Z Preparing to unpack .../040-libvpx9_1.14.0-1ubuntu2.2_amd64.deb ...
2026-01-13T12:37:54.8439732Z Unpacking libvpx9:amd64 (1.14.0-1ubuntu2.2) ...
2026-01-13T12:37:54.8819218Z Selecting previously unselected package libx264-164:amd64.
2026-01-13T12:37:54.8952808Z Preparing to unpack .../041-libx264-164_2%3a0.164.3108+git31e19f9-1_amd64.deb ...
2026-01-13T12:37:54.8967699Z Unpacking libx264-164:amd64 (2:0.164.3108+git31e19f9-1) ...
2026-01-13T12:37:54.9269169Z Selecting previously unselected package libx265-199:amd64.
2026-01-13T12:37:54.9401901Z Preparing to unpack .../042-libx265-199_3.5-2build1_amd64.deb ...
2026-01-13T12:37:54.9413373Z Unpacking libx265-199:amd64 (3.5-2build1) ...
2026-01-13T12:37:55.0176050Z Selecting previously unselected package libxvidcore4:amd64.
2026-01-13T12:37:55.0309909Z Preparing to unpack .../043-libxvidcore4_2%3a1.3.7-1build1_amd64.deb ...
2026-01-13T12:37:55.0322433Z Unpacking libxvidcore4:amd64 (2:1.3.7-1build1) ...
2026-01-13T12:37:55.0576484Z Selecting previously unselected package libzvbi-common.
2026-01-13T12:37:55.0714605Z Preparing to unpack .../044-libzvbi-common_0.2.42-2_all.deb ...
2026-01-13T12:37:55.0723681Z Unpacking libzvbi-common (0.2.42-2) ...
2026-01-13T12:37:55.1070203Z Selecting previously unselected package libzvbi0t64:amd64.
2026-01-13T12:37:55.1203894Z Preparing to unpack .../045-libzvbi0t64_0.2.42-2_amd64.deb ...
2026-01-13T12:37:55.1215064Z Unpacking libzvbi0t64:amd64 (0.2.42-2) ...
2026-01-13T12:37:55.1481042Z Selecting previously unselected package libavcodec60:amd64.
2026-01-13T12:37:55.1613866Z Preparing to unpack .../046-libavcodec60_7%3a6.1.1-3ubuntu5_amd64.deb ...
2026-01-13T12:37:55.1622268Z Unpacking libavcodec60:amd64 (7:6.1.1-3ubuntu5) ...
2026-01-13T12:37:55.2536098Z Selecting previously unselected package libunibreak5:amd64.
2026-01-13T12:37:55.2669122Z Preparing to unpack .../047-libunibreak5_5.1-2build1_amd64.deb ...
2026-01-13T12:37:55.2678893Z Unpacking libunibreak5:amd64 (5.1-2build1) ...
2026-01-13T12:37:55.2914777Z Selecting previously unselected package libass9:amd64.
2026-01-13T12:37:55.3047297Z Preparing to unpack .../048-libass9_1%3a0.17.1-2build1_amd64.deb ...
2026-01-13T12:37:55.3058085Z Unpacking libass9:amd64 (1:0.17.1-2build1) ...
2026-01-13T12:37:55.3298669Z Selecting previously unselected package libudfread0:amd64.
2026-01-13T12:37:55.3429246Z Preparing to unpack .../049-libudfread0_1.1.2-1build1_amd64.deb ...
2026-01-13T12:37:55.3442383Z Unpacking libudfread0:amd64 (1.1.2-1build1) ...
2026-01-13T12:37:55.3659697Z Selecting previously unselected package libbluray2:amd64.
2026-01-13T12:37:55.3810148Z Preparing to unpack .../050-libbluray2_1%3a1.3.4-1build1_amd64.deb ...
2026-01-13T12:37:55.3819249Z Unpacking libbluray2:amd64 (1:1.3.4-1build1) ...
2026-01-13T12:37:55.4110889Z Selecting previously unselected package libchromaprint1:amd64.
2026-01-13T12:37:55.4240589Z Preparing to unpack .../051-libchromaprint1_1.5.1-5_amd64.deb ...
2026-01-13T12:37:55.4371920Z Unpacking libchromaprint1:amd64 (1.5.1-5) ...
2026-01-13T12:37:55.4597016Z Selecting previously unselected package libgme0:amd64.
2026-01-13T12:37:55.4726306Z Preparing to unpack .../052-libgme0_0.6.3-7build1_amd64.deb ...
2026-01-13T12:37:55.4737916Z Unpacking libgme0:amd64 (0.6.3-7build1) ...
2026-01-13T12:37:55.5005285Z Selecting previously unselected package libmpg123-0t64:amd64.
2026-01-13T12:37:55.5135426Z Preparing to unpack .../053-libmpg123-0t64_1.32.5-1ubuntu1.1_amd64.deb ...
2026-01-13T12:37:55.5151119Z Unpacking libmpg123-0t64:amd64 (1.32.5-1ubuntu1.1) ...
2026-01-13T12:37:55.5466550Z Selecting previously unselected package libopenmpt0t64:amd64.
2026-01-13T12:37:55.5597230Z Preparing to unpack .../054-libopenmpt0t64_0.7.3-1.1build3_amd64.deb ...
2026-01-13T12:37:55.5612682Z Unpacking libopenmpt0t64:amd64 (0.7.3-1.1build3) ...
2026-01-13T12:37:55.5946433Z Selecting previously unselected package libcjson1:amd64.
2026-01-13T12:37:55.6088734Z Preparing to unpack .../055-libcjson1_1.7.17-1_amd64.deb ...
2026-01-13T12:37:55.6097811Z Unpacking libcjson1:amd64 (1.7.17-1) ...
2026-01-13T12:37:55.6358547Z Selecting previously unselected package libmbedcrypto7t64:amd64.
2026-01-13T12:37:55.6490168Z Preparing to unpack .../056-libmbedcrypto7t64_2.28.8-1_amd64.deb ...
2026-01-13T12:37:55.6498978Z Unpacking libmbedcrypto7t64:amd64 (2.28.8-1) ...
2026-01-13T12:37:55.6747118Z Selecting previously unselected package librist4:amd64.
2026-01-13T12:37:55.6878090Z Preparing to unpack .../057-librist4_0.2.10+dfsg-2_amd64.deb ...
2026-01-13T12:37:55.6890976Z Unpacking librist4:amd64 (0.2.10+dfsg-2) ...
2026-01-13T12:37:55.7115082Z Selecting previously unselected package libsrt1.5-gnutls:amd64.
2026-01-13T12:37:55.7245222Z Preparing to unpack .../058-libsrt1.5-gnutls_1.5.3-1build2_amd64.deb ...
2026-01-13T12:37:55.7256756Z Unpacking libsrt1.5-gnutls:amd64 (1.5.3-1build2) ...
2026-01-13T12:37:55.7521605Z Selecting previously unselected package libssh-gcrypt-4:amd64.
2026-01-13T12:37:55.7653349Z Preparing to unpack .../059-libssh-gcrypt-4_0.10.6-2ubuntu0.2_amd64.deb ...
2026-01-13T12:37:55.7667731Z Unpacking libssh-gcrypt-4:amd64 (0.10.6-2ubuntu0.2) ...
2026-01-13T12:37:55.7923517Z Selecting previously unselected package libavformat60:amd64.
2026-01-13T12:37:55.8055912Z Preparing to unpack .../060-libavformat60_7%3a6.1.1-3ubuntu5_amd64.deb ...
2026-01-13T12:37:55.8067121Z Unpacking libavformat60:amd64 (7:6.1.1-3ubuntu5) ...
2026-01-13T12:37:55.8405264Z Selecting previously unselected package libbs2b0:amd64.
2026-01-13T12:37:55.8539344Z Preparing to unpack .../061-libbs2b0_3.1.0+dfsg-7build1_amd64.deb ...
2026-01-13T12:37:55.8547834Z Unpacking libbs2b0:amd64 (3.1.0+dfsg-7build1) ...
2026-01-13T12:37:55.8782040Z Selecting previously unselected package libflite1:amd64.
2026-01-13T12:37:55.8914158Z Preparing to unpack .../062-libflite1_2.2-6build3_amd64.deb ...
2026-01-13T12:37:55.8928303Z Unpacking libflite1:amd64 (2.2-6build3) ...
2026-01-13T12:37:56.0069710Z Selecting previously unselected package libserd-0-0:amd64.
2026-01-13T12:37:56.0202220Z Preparing to unpack .../063-libserd-0-0_0.32.2-1_amd64.deb ...
2026-01-13T12:37:56.0214964Z Unpacking libserd-0-0:amd64 (0.32.2-1) ...
2026-01-13T12:37:56.0429554Z Selecting previously unselected package libzix-0-0:amd64.
2026-01-13T12:37:56.0560071Z Preparing to unpack .../064-libzix-0-0_0.4.2-2build1_amd64.deb ...
2026-01-13T12:37:56.0568565Z Unpacking libzix-0-0:amd64 (0.4.2-2build1) ...
2026-01-13T12:37:56.0785816Z Selecting previously unselected package libsord-0-0:amd64.
2026-01-13T12:37:56.0919396Z Preparing to unpack .../065-libsord-0-0_0.16.16-2build1_amd64.deb ...
2026-01-13T12:37:56.0933348Z Unpacking libsord-0-0:amd64 (0.16.16-2build1) ...
2026-01-13T12:37:56.1149545Z Selecting previously unselected package libsratom-0-0:amd64.
2026-01-13T12:37:56.1281774Z Preparing to unpack .../066-libsratom-0-0_0.6.16-1build1_amd64.deb ...
2026-01-13T12:37:56.1291123Z Unpacking libsratom-0-0:amd64 (0.6.16-1build1) ...
2026-01-13T12:37:56.1544211Z Selecting previously unselected package liblilv-0-0:amd64.
2026-01-13T12:37:56.1675291Z Preparing to unpack .../067-liblilv-0-0_0.24.22-1build1_amd64.deb ...
2026-01-13T12:37:56.1685068Z Unpacking liblilv-0-0:amd64 (0.24.22-1build1) ...
2026-01-13T12:37:56.1894297Z Selecting previously unselected package libmysofa1:amd64.
2026-01-13T12:37:56.2024394Z Preparing to unpack .../068-libmysofa1_1.3.2+dfsg-2ubuntu2_amd64.deb ...
2026-01-13T12:37:56.2034424Z Unpacking libmysofa1:amd64 (1.3.2+dfsg-2ubuntu2) ...
2026-01-13T12:37:56.2298438Z Selecting previously unselected package libplacebo338:amd64.
2026-01-13T12:37:56.2429938Z Preparing to unpack .../069-libplacebo338_6.338.2-2build1_amd64.deb ...
2026-01-13T12:37:56.2438584Z Unpacking libplacebo338:amd64 (6.338.2-2build1) ...
2026-01-13T12:37:56.3006503Z Selecting previously unselected package libblas3:amd64.
2026-01-13T12:37:56.3140701Z Preparing to unpack .../070-libblas3_3.12.0-3build1.1_amd64.deb ...
2026-01-13T12:37:56.3170836Z Unpacking libblas3:amd64 (3.12.0-3build1.1) ...
2026-01-13T12:37:56.3444025Z Selecting previously unselected package liblapack3:amd64.
2026-01-13T12:37:56.3558993Z Preparing to unpack .../071-liblapack3_3.12.0-3build1.1_amd64.deb ...
2026-01-13T12:37:56.3590253Z Unpacking liblapack3:amd64 (3.12.0-3build1.1) ...
2026-01-13T12:37:56.4137918Z Selecting previously unselected package libasyncns0:amd64.
2026-01-13T12:37:56.4272806Z Preparing to unpack .../072-libasyncns0_0.8-6build4_amd64.deb ...
2026-01-13T12:37:56.4282332Z Unpacking libasyncns0:amd64 (0.8-6build4) ...
2026-01-13T12:37:56.4504406Z Selecting previously unselected package libflac12t64:amd64.
2026-01-13T12:37:56.4638093Z Preparing to unpack .../073-libflac12t64_1.4.3+ds-2.1ubuntu2_amd64.deb ...
2026-01-13T12:37:56.4646509Z Unpacking libflac12t64:amd64 (1.4.3+ds-2.1ubuntu2) ...
2026-01-13T12:37:56.4879450Z Selecting previously unselected package libsndfile1:amd64.
2026-01-13T12:37:56.5012699Z Preparing to unpack .../074-libsndfile1_1.2.2-1ubuntu5.24.04.1_amd64.deb ...
2026-01-13T12:37:56.5022025Z Unpacking libsndfile1:amd64 (1.2.2-1ubuntu5.24.04.1) ...
2026-01-13T12:37:56.5331099Z Selecting previously unselected package libpulse0:amd64.
2026-01-13T12:37:56.5467130Z Preparing to unpack .../075-libpulse0_1%3a16.1+dfsg1-2ubuntu10.1_amd64.deb ...
2026-01-13T12:37:56.5536239Z Unpacking libpulse0:amd64 (1:16.1+dfsg1-2ubuntu10.1) ...
2026-01-13T12:37:56.5812058Z Selecting previously unselected package libsphinxbase3t64:amd64.
2026-01-13T12:37:56.5946222Z Preparing to unpack .../076-libsphinxbase3t64_0.8+5prealpha+1-17build2_amd64.deb ...
2026-01-13T12:37:56.5956302Z Unpacking libsphinxbase3t64:amd64 (0.8+5prealpha+1-17build2) ...
2026-01-13T12:37:56.6187409Z Selecting previously unselected package libpocketsphinx3:amd64.
2026-01-13T12:37:56.6320482Z Preparing to unpack .../077-libpocketsphinx3_0.8.0+real5prealpha+1-15ubuntu5_amd64.deb ...
2026-01-13T12:37:56.6329181Z Unpacking libpocketsphinx3:amd64 (0.8.0+real5prealpha+1-15ubuntu5) ...
2026-01-13T12:37:56.6725329Z Selecting previously unselected package libpostproc57:amd64.
2026-01-13T12:37:56.6857972Z Preparing to unpack .../078-libpostproc57_7%3a6.1.1-3ubuntu5_amd64.deb ...
2026-01-13T12:37:56.6866888Z Unpacking libpostproc57:amd64 (7:6.1.1-3ubuntu5) ...
2026-01-13T12:37:56.7091758Z Selecting previously unselected package libsamplerate0:amd64.
2026-01-13T12:37:56.7223952Z Preparing to unpack .../079-libsamplerate0_0.2.2-4build1_amd64.deb ...
2026-01-13T12:37:56.7233556Z Unpacking libsamplerate0:amd64 (0.2.2-4build1) ...
2026-01-13T12:37:56.7550603Z Selecting previously unselected package librubberband2:amd64.
2026-01-13T12:37:56.7683838Z Preparing to unpack .../080-librubberband2_3.3.0+dfsg-2build1_amd64.deb ...
2026-01-13T12:37:56.7695905Z Unpacking librubberband2:amd64 (3.3.0+dfsg-2build1) ...
2026-01-13T12:37:56.7921433Z Selecting previously unselected package libswscale7:amd64.
2026-01-13T12:37:56.8053371Z Preparing to unpack .../081-libswscale7_7%3a6.1.1-3ubuntu5_amd64.deb ...
2026-01-13T12:37:56.8065275Z Unpacking libswscale7:amd64 (7:6.1.1-3ubuntu5) ...
2026-01-13T12:37:56.8315059Z Selecting previously unselected package libvidstab1.1:amd64.
2026-01-13T12:37:56.8446760Z Preparing to unpack .../082-libvidstab1.1_1.1.0-2build1_amd64.deb ...
2026-01-13T12:37:56.8456096Z Unpacking libvidstab1.1:amd64 (1.1.0-2build1) ...
2026-01-13T12:37:56.8698946Z Selecting previously unselected package libzimg2:amd64.
2026-01-13T12:37:56.8831480Z Preparing to unpack .../083-libzimg2_3.0.5+ds1-1build1_amd64.deb ...
2026-01-13T12:37:56.8839600Z Unpacking libzimg2:amd64 (3.0.5+ds1-1build1) ...
2026-01-13T12:37:56.9084740Z Selecting previously unselected package libavfilter9:amd64.
2026-01-13T12:37:56.9216078Z Preparing to unpack .../084-libavfilter9_7%3a6.1.1-3ubuntu5_amd64.deb ...
2026-01-13T12:37:56.9224495Z Unpacking libavfilter9:amd64 (7:6.1.1-3ubuntu5) ...
2026-01-13T12:37:57.0004404Z Selecting previously unselected package liborc-0.4-0t64:amd64.
2026-01-13T12:37:57.0139429Z Preparing to unpack .../085-liborc-0.4-0t64_1%3a0.4.38-1ubuntu0.1_amd64.deb ...
2026-01-13T12:37:57.0153602Z Unpacking liborc-0.4-0t64:amd64 (1:0.4.38-1ubuntu0.1) ...
2026-01-13T12:37:57.0411662Z Selecting previously unselected package libgstreamer-plugins-base1.0-0:amd64.
2026-01-13T12:37:57.0545759Z Preparing to unpack .../086-libgstreamer-plugins-base1.0-0_1.24.2-1ubuntu0.3_amd64.deb ...
2026-01-13T12:37:57.0554818Z Unpacking libgstreamer-plugins-base1.0-0:amd64 (1.24.2-1ubuntu0.3) ...
2026-01-13T12:37:57.0892622Z Selecting previously unselected package gstreamer1.0-libav:amd64.
2026-01-13T12:37:57.1027488Z Preparing to unpack .../087-gstreamer1.0-libav_1.24.1-1build1_amd64.deb ...
2026-01-13T12:37:57.1038210Z Unpacking gstreamer1.0-libav:amd64 (1.24.1-1build1) ...
2026-01-13T12:37:57.1280682Z Selecting previously unselected package libcdparanoia0:amd64.
2026-01-13T12:37:57.1413233Z Preparing to unpack .../088-libcdparanoia0_3.10.2+debian-14build3_amd64.deb ...
2026-01-13T12:37:57.1421899Z Unpacking libcdparanoia0:amd64 (3.10.2+debian-14build3) ...
2026-01-13T12:37:57.1654237Z Selecting previously unselected package libvisual-0.4-0:amd64.
2026-01-13T12:37:57.1786094Z Preparing to unpack .../089-libvisual-0.4-0_0.4.2-2build1_amd64.deb ...
2026-01-13T12:37:57.1796582Z Unpacking libvisual-0.4-0:amd64 (0.4.2-2build1) ...
2026-01-13T12:37:57.2050580Z Selecting previously unselected package gstreamer1.0-plugins-base:amd64.
2026-01-13T12:37:57.2182512Z Preparing to unpack .../090-gstreamer1.0-plugins-base_1.24.2-1ubuntu0.3_amd64.deb ...
2026-01-13T12:37:57.2193446Z Unpacking gstreamer1.0-plugins-base:amd64 (1.24.2-1ubuntu0.3) ...
2026-01-13T12:37:57.2530011Z Selecting previously unselected package libaa1:amd64.
2026-01-13T12:37:57.2664340Z Preparing to unpack .../091-libaa1_1.4p5-51.1_amd64.deb ...
2026-01-13T12:37:57.2674462Z Unpacking libaa1:amd64 (1.4p5-51.1) ...
2026-01-13T12:37:57.2891435Z Selecting previously unselected package libraw1394-11:amd64.
2026-01-13T12:37:57.3025331Z Preparing to unpack .../092-libraw1394-11_2.1.2-2build3_amd64.deb ...
2026-01-13T12:37:57.3034434Z Unpacking libraw1394-11:amd64 (2.1.2-2build3) ...
2026-01-13T12:37:57.3249061Z Selecting previously unselected package libavc1394-0:amd64.
2026-01-13T12:37:57.3379192Z Preparing to unpack .../093-libavc1394-0_0.5.4-5build3_amd64.deb ...
2026-01-13T12:37:57.3388402Z Unpacking libavc1394-0:amd64 (0.5.4-5build3) ...
2026-01-13T12:37:57.3601444Z Selecting previously unselected package libcaca0:amd64.
2026-01-13T12:37:57.3731186Z Preparing to unpack .../094-libcaca0_0.99.beta20-4ubuntu0.1_amd64.deb ...
2026-01-13T12:37:57.3739150Z Unpacking libcaca0:amd64 (0.99.beta20-4ubuntu0.1) ...
2026-01-13T12:37:57.3997610Z Selecting previously unselected package libdv4t64:amd64.
2026-01-13T12:37:57.4130409Z Preparing to unpack .../095-libdv4t64_1.0.0-17.1build1_amd64.deb ...
2026-01-13T12:37:57.4144729Z Unpacking libdv4t64:amd64 (1.0.0-17.1build1) ...
2026-01-13T12:37:57.4368096Z Selecting previously unselected package libgstreamer-plugins-good1.0-0:amd64.
2026-01-13T12:37:57.4496785Z Preparing to unpack .../096-libgstreamer-plugins-good1.0-0_1.24.2-1ubuntu1.2_amd64.deb ...
2026-01-13T12:37:57.4505985Z Unpacking libgstreamer-plugins-good1.0-0:amd64 (1.24.2-1ubuntu1.2) ...
2026-01-13T12:37:57.4725077Z Selecting previously unselected package libiec61883-0:amd64.
2026-01-13T12:37:57.4853241Z Preparing to unpack .../097-libiec61883-0_1.2.0-6build1_amd64.deb ...
2026-01-13T12:37:57.4863480Z Unpacking libiec61883-0:amd64 (1.2.0-6build1) ...
2026-01-13T12:37:57.5084273Z Selecting previously unselected package libshout3:amd64.
2026-01-13T12:37:57.5213458Z Preparing to unpack .../098-libshout3_2.4.6-1build2_amd64.deb ...
2026-01-13T12:37:57.5222204Z Unpacking libshout3:amd64 (2.4.6-1build2) ...
2026-01-13T12:37:57.5445048Z Selecting previously unselected package libtag1v5-vanilla:amd64.
2026-01-13T12:37:57.5573802Z Preparing to unpack .../099-libtag1v5-vanilla_1.13.1-1build1_amd64.deb ...
2026-01-13T12:37:57.5582133Z Unpacking libtag1v5-vanilla:amd64 (1.13.1-1build1) ...
2026-01-13T12:37:57.5825149Z Selecting previously unselected package libtag1v5:amd64.
2026-01-13T12:37:57.5954619Z Preparing to unpack .../100-libtag1v5_1.13.1-1build1_amd64.deb ...
2026-01-13T12:37:57.5963699Z Unpacking libtag1v5:amd64 (1.13.1-1build1) ...
2026-01-13T12:37:57.6172059Z Selecting previously unselected package libv4lconvert0t64:amd64.
2026-01-13T12:37:57.6306115Z Preparing to unpack .../101-libv4lconvert0t64_1.26.1-4build3_amd64.deb ...
2026-01-13T12:37:57.6314627Z Unpacking libv4lconvert0t64:amd64 (1.26.1-4build3) ...
2026-01-13T12:37:57.6577730Z Selecting previously unselected package libv4l-0t64:amd64.
2026-01-13T12:37:57.6708924Z Preparing to unpack .../102-libv4l-0t64_1.26.1-4build3_amd64.deb ...
2026-01-13T12:37:57.6717881Z Unpacking libv4l-0t64:amd64 (1.26.1-4build3) ...
2026-01-13T12:37:57.6972788Z Selecting previously unselected package libwavpack1:amd64.
2026-01-13T12:37:57.7104139Z Preparing to unpack .../103-libwavpack1_5.6.0-1build1_amd64.deb ...
2026-01-13T12:37:57.7115176Z Unpacking libwavpack1:amd64 (5.6.0-1build1) ...
2026-01-13T12:37:57.7347529Z Selecting previously unselected package libsoup-3.0-common.
2026-01-13T12:37:57.7481164Z Preparing to unpack .../104-libsoup-3.0-common_3.4.4-5ubuntu0.6_all.deb ...
2026-01-13T12:37:57.7491731Z Unpacking libsoup-3.0-common (3.4.4-5ubuntu0.6) ...
2026-01-13T12:37:57.7720699Z Selecting previously unselected package libsoup-3.0-0:amd64.
2026-01-13T12:37:57.7853058Z Preparing to unpack .../105-libsoup-3.0-0_3.4.4-5ubuntu0.6_amd64.deb ...
2026-01-13T12:37:57.7863331Z Unpacking libsoup-3.0-0:amd64 (3.4.4-5ubuntu0.6) ...
2026-01-13T12:37:57.8105252Z Selecting previously unselected package gstreamer1.0-plugins-good:amd64.
2026-01-13T12:37:57.8235433Z Preparing to unpack .../106-gstreamer1.0-plugins-good_1.24.2-1ubuntu1.2_amd64.deb ...
2026-01-13T12:37:57.8247988Z Unpacking gstreamer1.0-plugins-good:amd64 (1.24.2-1ubuntu1.2) ...
2026-01-13T12:37:57.8877716Z Selecting previously unselected package libabsl20220623t64:amd64.
2026-01-13T12:37:57.9011644Z Preparing to unpack .../107-libabsl20220623t64_20220623.1-3.1ubuntu3.2_amd64.deb ...
2026-01-13T12:37:57.9032081Z Unpacking libabsl20220623t64:amd64 (20220623.1-3.1ubuntu3.2) ...
2026-01-13T12:37:57.9537915Z Selecting previously unselected package libgav1-1:amd64.
2026-01-13T12:37:57.9672561Z Preparing to unpack .../108-libgav1-1_0.18.0-1build3_amd64.deb ...
2026-01-13T12:37:57.9683993Z Unpacking libgav1-1:amd64 (0.18.0-1build3) ...
2026-01-13T12:37:57.9945733Z Selecting previously unselected package libyuv0:amd64.
2026-01-13T12:37:58.0079998Z Preparing to unpack .../109-libyuv0_0.0~git202401110.af6ac82-1_amd64.deb ...
2026-01-13T12:37:58.0090235Z Unpacking libyuv0:amd64 (0.0~git202401110.af6ac82-1) ...
2026-01-13T12:37:58.0334532Z Selecting previously unselected package libavif16:amd64.
2026-01-13T12:37:58.0467812Z Preparing to unpack .../110-libavif16_1.0.4-1ubuntu3_amd64.deb ...
2026-01-13T12:37:58.0476632Z Unpacking libavif16:amd64 (1.0.4-1ubuntu3) ...
2026-01-13T12:37:58.0710617Z Selecting previously unselected package libavtp0:amd64.
2026-01-13T12:37:58.0843570Z Preparing to unpack .../111-libavtp0_0.2.0-1build1_amd64.deb ...
2026-01-13T12:37:58.0875729Z Unpacking libavtp0:amd64 (0.2.0-1build1) ...
2026-01-13T12:37:58.1086029Z Selecting previously unselected package libcairo-script-interpreter2:amd64.
2026-01-13T12:37:58.1219967Z Preparing to unpack .../112-libcairo-script-interpreter2_1.18.0-3build1_amd64.deb ...
2026-01-13T12:37:58.1228556Z Unpacking libcairo-script-interpreter2:amd64 (1.18.0-3build1) ...
2026-01-13T12:37:58.1454472Z Selecting previously unselected package libdc1394-25:amd64.
2026-01-13T12:37:58.1586422Z Preparing to unpack .../113-libdc1394-25_2.2.6-4build1_amd64.deb ...
2026-01-13T12:37:58.1595491Z Unpacking libdc1394-25:amd64 (2.2.6-4build1) ...
2026-01-13T12:37:58.1819193Z Selecting previously unselected package libdecor-0-0:amd64.
2026-01-13T12:37:58.1950567Z Preparing to unpack .../114-libdecor-0-0_0.2.2-1build2_amd64.deb ...
2026-01-13T12:37:58.1959153Z Unpacking libdecor-0-0:amd64 (0.2.2-1build2) ...
2026-01-13T12:37:58.2174923Z Selecting previously unselected package libgles2:amd64.
2026-01-13T12:37:58.2305563Z Preparing to unpack .../115-libgles2_1.7.0-1build1_amd64.deb ...
2026-01-13T12:37:58.2314901Z Unpacking libgles2:amd64 (1.7.0-1build1) ...
2026-01-13T12:37:58.2542963Z Selecting previously unselected package libdirectfb-1.7-7t64:amd64.
2026-01-13T12:37:58.2674598Z Preparing to unpack .../116-libdirectfb-1.7-7t64_1.7.7-11.1ubuntu2_amd64.deb ...
2026-01-13T12:37:58.2684742Z Unpacking libdirectfb-1.7-7t64:amd64 (1.7.7-11.1ubuntu2) ...
2026-01-13T12:37:58.3136383Z Selecting previously unselected package libdvdread8t64:amd64.
2026-01-13T12:37:58.3269262Z Preparing to unpack .../117-libdvdread8t64_6.1.3-1.1build1_amd64.deb ...
2026-01-13T12:37:58.3279280Z Unpacking libdvdread8t64:amd64 (6.1.3-1.1build1) ...
2026-01-13T12:37:58.3509396Z Selecting previously unselected package libdvdnav4:amd64.
2026-01-13T12:37:58.3640310Z Preparing to unpack .../118-libdvdnav4_6.1.1-3build1_amd64.deb ...
2026-01-13T12:37:58.3650037Z Unpacking libdvdnav4:amd64 (6.1.1-3build1) ...
2026-01-13T12:37:58.3899261Z Selecting previously unselected package libegl-mesa0:amd64.
2026-01-13T12:37:58.4031821Z Preparing to unpack .../119-libegl-mesa0_25.0.7-0ubuntu0.24.04.2_amd64.deb ...
2026-01-13T12:37:58.4043192Z Unpacking libegl-mesa0:amd64 (25.0.7-0ubuntu0.24.04.2) ...
2026-01-13T12:37:58.4289718Z Selecting previously unselected package libevent-2.1-7t64:amd64.
2026-01-13T12:37:58.4421109Z Preparing to unpack .../120-libevent-2.1-7t64_2.1.12-stable-9ubuntu2_amd64.deb ...
2026-01-13T12:37:58.4430914Z Unpacking libevent-2.1-7t64:amd64 (2.1.12-stable-9ubuntu2) ...
2026-01-13T12:37:58.4662480Z Selecting previously unselected package libfaad2:amd64.
2026-01-13T12:37:58.4793443Z Preparing to unpack .../121-libfaad2_2.11.1-1build1_amd64.deb ...
2026-01-13T12:37:58.4802424Z Unpacking libfaad2:amd64 (2.11.1-1build1) ...
2026-01-13T12:37:58.5048269Z Selecting previously unselected package libinstpatch-1.0-2:amd64.
2026-01-13T12:37:58.5179297Z Preparing to unpack .../122-libinstpatch-1.0-2_1.1.6-1build2_amd64.deb ...
2026-01-13T12:37:58.5189179Z Unpacking libinstpatch-1.0-2:amd64 (1.1.6-1build2) ...
2026-01-13T12:37:58.5467311Z Selecting previously unselected package libjack-jackd2-0:amd64.
2026-01-13T12:37:58.5603193Z Preparing to unpack .../123-libjack-jackd2-0_1.9.21~dfsg-3ubuntu3_amd64.deb ...
2026-01-13T12:37:58.5612263Z Unpacking libjack-jackd2-0:amd64 (1.9.21~dfsg-3ubuntu3) ...
2026-01-13T12:37:58.5869627Z Selecting previously unselected package libwebrtc-audio-processing1:amd64.
2026-01-13T12:37:58.6001849Z Preparing to unpack .../124-libwebrtc-audio-processing1_0.3.1-0ubuntu6_amd64.deb ...
2026-01-13T12:37:58.6010750Z Unpacking libwebrtc-audio-processing1:amd64 (0.3.1-0ubuntu6) ...
2026-01-13T12:37:58.6247479Z Selecting previously unselected package libspa-0.2-modules:amd64.
2026-01-13T12:37:58.6378488Z Preparing to unpack .../125-libspa-0.2-modules_1.0.5-1ubuntu3.2_amd64.deb ...
2026-01-13T12:37:58.6387560Z Unpacking libspa-0.2-modules:amd64 (1.0.5-1ubuntu3.2) ...
2026-01-13T12:37:58.6730744Z Selecting previously unselected package libpipewire-0.3-0t64:amd64.
2026-01-13T12:37:58.6862448Z Preparing to unpack .../126-libpipewire-0.3-0t64_1.0.5-1ubuntu3.2_amd64.deb ...
2026-01-13T12:37:58.6871911Z Unpacking libpipewire-0.3-0t64:amd64 (1.0.5-1ubuntu3.2) ...
2026-01-13T12:37:58.7148368Z Selecting previously unselected package libsdl2-2.0-0:amd64.
2026-01-13T12:37:58.7280448Z Preparing to unpack .../127-libsdl2-2.0-0_2.30.0+dfsg-1ubuntu3.1_amd64.deb ...
2026-01-13T12:37:58.7291581Z Unpacking libsdl2-2.0-0:amd64 (2.30.0+dfsg-1ubuntu3.1) ...
2026-01-13T12:37:58.7630934Z Selecting previously unselected package timgm6mb-soundfont.
2026-01-13T12:37:58.7763730Z Preparing to unpack .../128-timgm6mb-soundfont_1.3-5_all.deb ...
2026-01-13T12:37:58.7774548Z Unpacking timgm6mb-soundfont (1.3-5) ...
2026-01-13T12:37:59.1168908Z Selecting previously unselected package libfluidsynth3:amd64.
2026-01-13T12:37:59.1303717Z Preparing to unpack .../129-libfluidsynth3_2.3.4-1build3_amd64.deb ...
2026-01-13T12:37:59.1312013Z Unpacking libfluidsynth3:amd64 (2.3.4-1build3) ...
2026-01-13T12:37:59.1572856Z Selecting previously unselected package libfreeaptx0:amd64.
2026-01-13T12:37:59.1707430Z Preparing to unpack .../130-libfreeaptx0_0.1.1-2build1_amd64.deb ...
2026-01-13T12:37:59.1718199Z Unpacking libfreeaptx0:amd64 (0.1.1-2build1) ...
2026-01-13T12:37:59.1936031Z Selecting previously unselected package libgraphene-1.0-0:amd64.
2026-01-13T12:37:59.2071812Z Preparing to unpack .../131-libgraphene-1.0-0_1.10.8-3build2_amd64.deb ...
2026-01-13T12:37:59.2081645Z Unpacking libgraphene-1.0-0:amd64 (1.10.8-3build2) ...
2026-01-13T12:37:59.2307892Z Selecting previously unselected package libgssdp-1.6-0:amd64.
2026-01-13T12:37:59.2441372Z Preparing to unpack .../132-libgssdp-1.6-0_1.6.3-1build3_amd64.deb ...
2026-01-13T12:37:59.2451178Z Unpacking libgssdp-1.6-0:amd64 (1.6.3-1build3) ...
2026-01-13T12:37:59.2670014Z Selecting previously unselected package libegl1:amd64.
2026-01-13T12:37:59.2801946Z Preparing to unpack .../133-libegl1_1.7.0-1build1_amd64.deb ...
2026-01-13T12:37:59.2810912Z Unpacking libegl1:amd64 (1.7.0-1build1) ...
2026-01-13T12:37:59.3036230Z Selecting previously unselected package libgstreamer-gl1.0-0:amd64.
2026-01-13T12:37:59.3167651Z Preparing to unpack .../134-libgstreamer-gl1.0-0_1.24.2-1ubuntu0.3_amd64.deb ...
2026-01-13T12:37:59.3181938Z Unpacking libgstreamer-gl1.0-0:amd64 (1.24.2-1ubuntu0.3) ...
2026-01-13T12:37:59.3423597Z Selecting previously unselected package libgtk-4-common.
2026-01-13T12:37:59.3557113Z Preparing to unpack .../135-libgtk-4-common_4.14.5+ds-0ubuntu0.7_all.deb ...
2026-01-13T12:37:59.3572343Z Unpacking libgtk-4-common (4.14.5+ds-0ubuntu0.7) ...
2026-01-13T12:37:59.4086396Z Selecting previously unselected package libgtk-4-1:amd64.
2026-01-13T12:37:59.4220334Z Preparing to unpack .../136-libgtk-4-1_4.14.5+ds-0ubuntu0.7_amd64.deb ...
2026-01-13T12:37:59.4229136Z Unpacking libgtk-4-1:amd64 (4.14.5+ds-0ubuntu0.7) ...
2026-01-13T12:37:59.4940069Z Selecting previously unselected package libgupnp-1.6-0:amd64.
2026-01-13T12:37:59.5074931Z Preparing to unpack .../137-libgupnp-1.6-0_1.6.6-1build3_amd64.deb ...
2026-01-13T12:37:59.5084533Z Unpacking libgupnp-1.6-0:amd64 (1.6.6-1build3) ...
2026-01-13T12:37:59.5337918Z Selecting previously unselected package libgupnp-igd-1.6-0:amd64.
2026-01-13T12:37:59.5471046Z Preparing to unpack .../138-libgupnp-igd-1.6-0_1.6.0-3build3_amd64.deb ...
2026-01-13T12:37:59.5481433Z Unpacking libgupnp-igd-1.6-0:amd64 (1.6.0-3build3) ...
2026-01-13T12:37:59.5712987Z Selecting previously unselected package libharfbuzz-icu0:amd64.
2026-01-13T12:37:59.5844102Z Preparing to unpack .../139-libharfbuzz-icu0_8.3.0-2build2_amd64.deb ...
2026-01-13T12:37:59.5861950Z Unpacking libharfbuzz-icu0:amd64 (8.3.0-2build2) ...
2026-01-13T12:37:59.6080749Z Selecting previously unselected package libhyphen0:amd64.
2026-01-13T12:37:59.6211415Z Preparing to unpack .../140-libhyphen0_2.8.8-7build3_amd64.deb ...
2026-01-13T12:37:59.6222206Z Unpacking libhyphen0:amd64 (2.8.8-7build3) ...
2026-01-13T12:37:59.6437697Z Selecting previously unselected package libimath-3-1-29t64:amd64.
2026-01-13T12:37:59.6568340Z Preparing to unpack .../141-libimath-3-1-29t64_3.1.9-3.1ubuntu2_amd64.deb ...
2026-01-13T12:37:59.6579752Z Unpacking libimath-3-1-29t64:amd64 (3.1.9-3.1ubuntu2) ...
2026-01-13T12:37:59.6815424Z Selecting previously unselected package liblc3-1:amd64.
2026-01-13T12:37:59.6944637Z Preparing to unpack .../142-liblc3-1_1.0.4-3build1_amd64.deb ...
2026-01-13T12:37:59.6954109Z Unpacking liblc3-1:amd64 (1.0.4-3build1) ...
2026-01-13T12:37:59.7178012Z Selecting previously unselected package libldacbt-enc2:amd64.
2026-01-13T12:37:59.7307904Z Preparing to unpack .../143-libldacbt-enc2_2.0.2.3+git20200429+ed310a0-4ubuntu2_amd64.deb ...
2026-01-13T12:37:59.7318187Z Unpacking libldacbt-enc2:amd64 (2.0.2.3+git20200429+ed310a0-4ubuntu2) ...
2026-01-13T12:37:59.7664680Z Preparing to unpack .../144-libxslt1.1_1.1.39-0exp1ubuntu0.24.04.3_amd64.deb ...
2026-01-13T12:37:59.7695996Z Unpacking libxslt1.1:amd64 (1.1.39-0exp1ubuntu0.24.04.3) over (1.1.39-0exp1ubuntu0.24.04.2) ...
2026-01-13T12:37:59.7959293Z Selecting previously unselected package libraptor2-0:amd64.
2026-01-13T12:37:59.8090423Z Preparing to unpack .../145-libraptor2-0_2.0.16-3ubuntu0.1_amd64.deb ...
2026-01-13T12:37:59.8099274Z Unpacking libraptor2-0:amd64 (2.0.16-3ubuntu0.1) ...
2026-01-13T12:37:59.8327630Z Selecting previously unselected package liblrdf0:amd64.
2026-01-13T12:37:59.8456551Z Preparing to unpack .../146-liblrdf0_0.6.1-4build1_amd64.deb ...
2026-01-13T12:37:59.8470981Z Unpacking liblrdf0:amd64 (0.6.1-4build1) ...
2026-01-13T12:37:59.8697154Z Selecting previously unselected package libltc11:amd64.
2026-01-13T12:37:59.8825430Z Preparing to unpack .../147-libltc11_1.3.2-1build1_amd64.deb ...
2026-01-13T12:37:59.8835973Z Unpacking libltc11:amd64 (1.3.2-1build1) ...
2026-01-13T12:37:59.9052734Z Selecting previously unselected package libmanette-0.2-0:amd64.
2026-01-13T12:37:59.9180470Z Preparing to unpack .../148-libmanette-0.2-0_0.2.7-1build2_amd64.deb ...
2026-01-13T12:37:59.9189418Z Unpacking libmanette-0.2-0:amd64 (0.2.7-1build2) ...
2026-01-13T12:37:59.9414821Z Selecting previously unselected package libmfx1:amd64.
2026-01-13T12:37:59.9542114Z Preparing to unpack .../149-libmfx1_22.5.4-1_amd64.deb ...
2026-01-13T12:37:59.9551625Z Unpacking libmfx1:amd64 (22.5.4-1) ...
2026-01-13T12:38:00.0547950Z Selecting previously unselected package libmjpegutils-2.1-0t64:amd64.
2026-01-13T12:38:00.0682790Z Preparing to unpack .../150-libmjpegutils-2.1-0t64_1%3a2.1.0+debian-8.1build1_amd64.deb ...
2026-01-13T12:38:00.0690779Z Unpacking libmjpegutils-2.1-0t64:amd64 (1:2.1.0+debian-8.1build1) ...
2026-01-13T12:38:00.0966112Z Selecting previously unselected package libmodplug1:amd64.
2026-01-13T12:38:00.1099018Z Preparing to unpack .../151-libmodplug1_1%3a0.8.9.0-3build1_amd64.deb ...
2026-01-13T12:38:00.1108401Z Unpacking libmodplug1:amd64 (1:0.8.9.0-3build1) ...
2026-01-13T12:38:00.1368859Z Selecting previously unselected package libmpcdec6:amd64.
2026-01-13T12:38:00.1503351Z Preparing to unpack .../152-libmpcdec6_2%3a0.1~r495-2build1_amd64.deb ...
2026-01-13T12:38:00.1517880Z Unpacking libmpcdec6:amd64 (2:0.1~r495-2build1) ...
2026-01-13T12:38:00.1753365Z Selecting previously unselected package libmpeg2encpp-2.1-0t64:amd64.
2026-01-13T12:38:00.1885698Z Preparing to unpack .../153-libmpeg2encpp-2.1-0t64_1%3a2.1.0+debian-8.1build1_amd64.deb ...
2026-01-13T12:38:00.1902717Z Unpacking libmpeg2encpp-2.1-0t64:amd64 (1:2.1.0+debian-8.1build1) ...
2026-01-13T12:38:00.2145945Z Selecting previously unselected package libmplex2-2.1-0t64:amd64.
2026-01-13T12:38:00.2279251Z Preparing to unpack .../154-libmplex2-2.1-0t64_1%3a2.1.0+debian-8.1build1_amd64.deb ...
2026-01-13T12:38:00.2300082Z Unpacking libmplex2-2.1-0t64:amd64 (1:2.1.0+debian-8.1build1) ...
2026-01-13T12:38:00.2536094Z Selecting previously unselected package libneon27t64:amd64.
2026-01-13T12:38:00.2670662Z Preparing to unpack .../155-libneon27t64_0.33.0-1.1build3_amd64.deb ...
2026-01-13T12:38:00.2679042Z Unpacking libneon27t64:amd64 (0.33.0-1.1build3) ...
2026-01-13T12:38:00.2920668Z Selecting previously unselected package libnice10:amd64.
2026-01-13T12:38:00.3054530Z Preparing to unpack .../156-libnice10_0.1.21-2build3_amd64.deb ...
2026-01-13T12:38:00.3065953Z Unpacking libnice10:amd64 (0.1.21-2build3) ...
2026-01-13T12:38:00.3338894Z Selecting previously unselected package libopenal-data.
2026-01-13T12:38:00.3472102Z Preparing to unpack .../157-libopenal-data_1%3a1.23.1-4build1_all.deb ...
2026-01-13T12:38:00.3487051Z Unpacking libopenal-data (1:1.23.1-4build1) ...
2026-01-13T12:38:00.3788531Z Selecting previously unselected package libopenexr-3-1-30:amd64.
2026-01-13T12:38:00.3920174Z Preparing to unpack .../158-libopenexr-3-1-30_3.1.5-5.1build3_amd64.deb ...
2026-01-13T12:38:00.3932609Z Unpacking libopenexr-3-1-30:amd64 (3.1.5-5.1build3) ...
2026-01-13T12:38:00.4340463Z Selecting previously unselected package libopenh264-7:amd64.
2026-01-13T12:38:00.4474802Z Preparing to unpack .../159-libopenh264-7_2.4.1+dfsg-1_amd64.deb ...
2026-01-13T12:38:00.4486109Z Unpacking libopenh264-7:amd64 (2.4.1+dfsg-1) ...
2026-01-13T12:38:00.4807876Z Selecting previously unselected package libopenni2-0:amd64.
2026-01-13T12:38:00.4940959Z Preparing to unpack .../160-libopenni2-0_2.2.0.33+dfsg-18_amd64.deb ...
2026-01-13T12:38:00.5103800Z Unpacking libopenni2-0:amd64 (2.2.0.33+dfsg-18) ...
2026-01-13T12:38:00.5425199Z Selecting previously unselected package libqrencode4:amd64.
2026-01-13T12:38:00.5558155Z Preparing to unpack .../161-libqrencode4_4.1.1-1build2_amd64.deb ...
2026-01-13T12:38:00.5567708Z Unpacking libqrencode4:amd64 (4.1.1-1build2) ...
2026-01-13T12:38:00.5773013Z Selecting previously unselected package libsecret-common.
2026-01-13T12:38:00.5905175Z Preparing to unpack .../162-libsecret-common_0.21.4-1build3_all.deb ...
2026-01-13T12:38:00.5919205Z Unpacking libsecret-common (0.21.4-1build3) ...
2026-01-13T12:38:00.6145775Z Selecting previously unselected package libsecret-1-0:amd64.
2026-01-13T12:38:00.6276992Z Preparing to unpack .../163-libsecret-1-0_0.21.4-1build3_amd64.deb ...
2026-01-13T12:38:00.6285446Z Unpacking libsecret-1-0:amd64 (0.21.4-1build3) ...
2026-01-13T12:38:00.6540386Z Selecting previously unselected package libsndio7.0:amd64.
2026-01-13T12:38:00.6671472Z Preparing to unpack .../164-libsndio7.0_1.9.0-0.3build3_amd64.deb ...
2026-01-13T12:38:00.6683728Z Unpacking libsndio7.0:amd64 (1.9.0-0.3build3) ...
2026-01-13T12:38:00.6901578Z Selecting previously unselected package libsoundtouch1:amd64.
2026-01-13T12:38:00.7030525Z Preparing to unpack .../165-libsoundtouch1_2.3.2+ds1-1build1_amd64.deb ...
2026-01-13T12:38:00.7039612Z Unpacking libsoundtouch1:amd64 (2.3.2+ds1-1build1) ...
2026-01-13T12:38:00.7275417Z Selecting previously unselected package libspandsp2t64:amd64.
2026-01-13T12:38:00.7403882Z Preparing to unpack .../166-libspandsp2t64_0.0.6+dfsg-2.1build1_amd64.deb ...
2026-01-13T12:38:00.7412305Z Unpacking libspandsp2t64:amd64 (0.0.6+dfsg-2.1build1) ...
2026-01-13T12:38:00.7686694Z Selecting previously unselected package libsrtp2-1:amd64.
2026-01-13T12:38:00.7815662Z Preparing to unpack .../167-libsrtp2-1_2.5.0-3build1_amd64.deb ...
2026-01-13T12:38:00.7826664Z Unpacking libsrtp2-1:amd64 (2.5.0-3build1) ...
2026-01-13T12:38:00.8195089Z Preparing to unpack .../168-libssh-4_0.10.6-2ubuntu0.2_amd64.deb ...
2026-01-13T12:38:00.8228488Z Unpacking libssh-4:amd64 (0.10.6-2ubuntu0.2) over (0.10.6-2ubuntu0.1) ...
2026-01-13T12:38:00.8502658Z Selecting previously unselected package libwildmidi2:amd64.
2026-01-13T12:38:00.8634475Z Preparing to unpack .../169-libwildmidi2_0.4.3-1build3_amd64.deb ...
2026-01-13T12:38:00.8643149Z Unpacking libwildmidi2:amd64 (0.4.3-1build3) ...
2026-01-13T12:38:00.8900235Z Selecting previously unselected package libwoff1:amd64.
2026-01-13T12:38:00.9029672Z Preparing to unpack .../170-libwoff1_1.0.2-2build1_amd64.deb ...
2026-01-13T12:38:00.9038995Z Unpacking libwoff1:amd64 (1.0.2-2build1) ...
2026-01-13T12:38:00.9265731Z Selecting previously unselected package libxcb-xkb1:amd64.
2026-01-13T12:38:00.9396616Z Preparing to unpack .../171-libxcb-xkb1_1.15-1ubuntu2_amd64.deb ...
2026-01-13T12:38:00.9406239Z Unpacking libxcb-xkb1:amd64 (1.15-1ubuntu2) ...
2026-01-13T12:38:00.9625615Z Selecting previously unselected package libxkbcommon-x11-0:amd64.
2026-01-13T12:38:00.9754252Z Preparing to unpack .../172-libxkbcommon-x11-0_1.6.0-1build1_amd64.deb ...
2026-01-13T12:38:00.9763031Z Unpacking libxkbcommon-x11-0:amd64 (1.6.0-1build1) ...
2026-01-13T12:38:01.0020299Z Selecting previously unselected package libzbar0t64:amd64.
2026-01-13T12:38:01.0149179Z Preparing to unpack .../173-libzbar0t64_0.23.93-4build3_amd64.deb ...
2026-01-13T12:38:01.0164591Z Unpacking libzbar0t64:amd64 (0.23.93-4build3) ...
2026-01-13T12:38:01.0415531Z Selecting previously unselected package libzxing3:amd64.
2026-01-13T12:38:01.0546897Z Preparing to unpack .../174-libzxing3_2.2.1-3_amd64.deb ...
2026-01-13T12:38:01.0558342Z Unpacking libzxing3:amd64 (2.2.1-3) ...
2026-01-13T12:38:01.0850874Z Selecting previously unselected package xfonts-encodings.
2026-01-13T12:38:01.0988623Z Preparing to unpack .../175-xfonts-encodings_1%3a1.0.5-0ubuntu2_all.deb ...
2026-01-13T12:38:01.1011484Z Unpacking xfonts-encodings (1:1.0.5-0ubuntu2) ...
2026-01-13T12:38:01.1329766Z Selecting previously unselected package xfonts-utils.
2026-01-13T12:38:01.1465909Z Preparing to unpack .../176-xfonts-utils_1%3a7.7+6build3_amd64.deb ...
2026-01-13T12:38:01.1476125Z Unpacking xfonts-utils (1:7.7+6build3) ...
2026-01-13T12:38:01.1880101Z Selecting previously unselected package xfonts-cyrillic.
2026-01-13T12:38:01.2018100Z Preparing to unpack .../177-xfonts-cyrillic_1%3a1.0.5+nmu1_all.deb ...
2026-01-13T12:38:01.2029969Z Unpacking xfonts-cyrillic (1:1.0.5+nmu1) ...
2026-01-13T12:38:01.2406130Z Selecting previously unselected package xfonts-scalable.
2026-01-13T12:38:01.2540497Z Preparing to unpack .../178-xfonts-scalable_1%3a1.0.3-1.3_all.deb ...
2026-01-13T12:38:01.2549564Z Unpacking xfonts-scalable (1:1.0.3-1.3) ...
2026-01-13T12:38:01.2820226Z Selecting previously unselected package libgstreamer-plugins-bad1.0-0:amd64.
2026-01-13T12:38:01.2958219Z Preparing to unpack .../179-libgstreamer-plugins-bad1.0-0_1.24.2-1ubuntu4_amd64.deb ...
2026-01-13T12:38:01.2968489Z Unpacking libgstreamer-plugins-bad1.0-0:amd64 (1.24.2-1ubuntu4) ...
2026-01-13T12:38:01.3407540Z Selecting previously unselected package libdca0:amd64.
2026-01-13T12:38:01.3543397Z Preparing to unpack .../180-libdca0_0.0.7-2build1_amd64.deb ...
2026-01-13T12:38:01.3556472Z Unpacking libdca0:amd64 (0.0.7-2build1) ...
2026-01-13T12:38:01.3808682Z Selecting previously unselected package libopenal1:amd64.
2026-01-13T12:38:01.3942731Z Preparing to unpack .../181-libopenal1_1%3a1.23.1-4build1_amd64.deb ...
2026-01-13T12:38:01.3954998Z Unpacking libopenal1:amd64 (1:1.23.1-4build1) ...
2026-01-13T12:38:01.4263894Z Selecting previously unselected package libsbc1:amd64.
2026-01-13T12:38:01.4398578Z Preparing to unpack .../182-libsbc1_2.0-1build1_amd64.deb ...
2026-01-13T12:38:01.4409988Z Unpacking libsbc1:amd64 (2.0-1build1) ...
2026-01-13T12:38:01.4642563Z Selecting previously unselected package libvo-aacenc0:amd64.
2026-01-13T12:38:01.4777048Z Preparing to unpack .../183-libvo-aacenc0_0.1.3-2build1_amd64.deb ...
2026-01-13T12:38:01.4786771Z Unpacking libvo-aacenc0:amd64 (0.1.3-2build1) ...
2026-01-13T12:38:01.5019540Z Selecting previously unselected package libvo-amrwbenc0:amd64.
2026-01-13T12:38:01.5153258Z Preparing to unpack .../184-libvo-amrwbenc0_0.1.3-2build1_amd64.deb ...
2026-01-13T12:38:01.5163679Z Unpacking libvo-amrwbenc0:amd64 (0.1.3-2build1) ...
2026-01-13T12:38:01.5413967Z Selecting previously unselected package gstreamer1.0-plugins-bad:amd64.
2026-01-13T12:38:01.5548253Z Preparing to unpack .../185-gstreamer1.0-plugins-bad_1.24.2-1ubuntu4_amd64.deb ...
2026-01-13T12:38:01.5560519Z Unpacking gstreamer1.0-plugins-bad:amd64 (1.24.2-1ubuntu4) ...
2026-01-13T12:38:01.6944762Z Setting up libgme0:amd64 (0.6.3-7build1) ...
2026-01-13T12:38:01.6988033Z Setting up libchromaprint1:amd64 (1.5.1-5) ...
2026-01-13T12:38:01.7060294Z Setting up libssh-gcrypt-4:amd64 (0.10.6-2ubuntu0.2) ...
2026-01-13T12:38:01.7090170Z Setting up libhwy1t64:amd64 (1.0.7-8.1build1) ...
2026-01-13T12:38:01.7117859Z Setting up libcairo-script-interpreter2:amd64 (1.18.0-3build1) ...
2026-01-13T12:38:01.7149311Z Setting up libfreeaptx0:amd64 (0.1.1-2build1) ...
2026-01-13T12:38:01.7195049Z Setting up libdvdread8t64:amd64 (6.1.3-1.1build1) ...
2026-01-13T12:38:01.7242294Z Setting up libudfread0:amd64 (1.1.2-1build1) ...
2026-01-13T12:38:01.7273518Z Setting up libmodplug1:amd64 (1:0.8.9.0-3build1) ...
2026-01-13T12:38:01.7319219Z Setting up libcdparanoia0:amd64 (3.10.2+debian-14build3) ...
2026-01-13T12:38:01.7358578Z Setting up libvo-amrwbenc0:amd64 (0.1.3-2build1) ...
2026-01-13T12:38:01.7402578Z Setting up libraw1394-11:amd64 (2.1.2-2build3) ...
2026-01-13T12:38:01.7444896Z Setting up libsbc1:amd64 (2.0-1build1) ...
2026-01-13T12:38:01.7479897Z Setting up libneon27t64:amd64 (0.33.0-1.1build3) ...
2026-01-13T12:38:01.7544458Z Setting up libtag1v5-vanilla:amd64 (1.13.1-1build1) ...
2026-01-13T12:38:01.7569298Z Setting up libharfbuzz-icu0:amd64 (8.3.0-2build2) ...
2026-01-13T12:38:01.7608413Z Setting up libopenni2-0:amd64 (2.2.0.33+dfsg-18) ...
2026-01-13T12:38:01.7812209Z Setting up libspeex1:amd64 (1.2.1-2ubuntu2.24.04.1) ...
2026-01-13T12:38:01.7853140Z Setting up libshine3:amd64 (3.1.1-2build1) ...
2026-01-13T12:38:01.7878903Z Setting up libcaca0:amd64 (0.99.beta20-4ubuntu0.1) ...
2026-01-13T12:38:01.7908393Z Setting up libvpl2 (2023.3.0-1build1) ...
2026-01-13T12:38:01.7946978Z Setting up libv4lconvert0t64:amd64 (1.26.1-4build3) ...
2026-01-13T12:38:01.7995073Z Setting up libx264-164:amd64 (2:0.164.3108+git31e19f9-1) ...
2026-01-13T12:38:01.8030094Z Setting up libtwolame0:amd64 (0.4.0-2build3) ...
2026-01-13T12:38:01.8059893Z Setting up libmbedcrypto7t64:amd64 (2.28.8-1) ...
2026-01-13T12:38:01.8094378Z Setting up libwoff1:amd64 (1.0.2-2build1) ...
2026-01-13T12:38:01.8131913Z Setting up liblc3-1:amd64 (1.0.4-3build1) ...
2026-01-13T12:38:01.8178566Z Setting up libqrencode4:amd64 (4.1.1-1build2) ...
2026-01-13T12:38:01.8206431Z Setting up libhyphen0:amd64 (2.8.8-7build3) ...
2026-01-13T12:38:01.8236822Z Setting up libgsm1:amd64 (1.0.22-1build1) ...
2026-01-13T12:38:01.8272190Z Setting up libvisual-0.4-0:amd64 (0.4.2-2build1) ...
2026-01-13T12:38:01.8300414Z Setting up libsoxr0:amd64 (0.1.3-4build3) ...
2026-01-13T12:38:01.8332521Z Setting up libzix-0-0:amd64 (0.4.2-2build1) ...
2026-01-13T12:38:01.8358213Z Setting up libcodec2-1.2:amd64 (1.2.0-2build1) ...
2026-01-13T12:38:01.8392928Z Setting up libsrtp2-1:amd64 (2.5.0-3build1) ...
2026-01-13T12:38:01.8425575Z Setting up libmysofa1:amd64 (1.3.2+dfsg-2ubuntu2) ...
2026-01-13T12:38:01.8468814Z Setting up libldacbt-enc2:amd64 (2.0.2.3+git20200429+ed310a0-4ubuntu2) ...
2026-01-13T12:38:01.8499562Z Setting up fonts-wqy-zenhei (0.9.45-8) ...
2026-01-13T12:38:01.8638087Z Setting up libwebrtc-audio-processing1:amd64 (0.3.1-0ubuntu6) ...
2026-01-13T12:38:01.8700328Z Setting up fonts-freefont-ttf (20211204+svn4273-2) ...
2026-01-13T12:38:01.8744908Z Setting up libevent-2.1-7t64:amd64 (2.1.12-stable-9ubuntu2) ...
2026-01-13T12:38:01.8797072Z Setting up libsvtav1enc1d1:amd64 (1.7.0+dfsg-2build1) ...
2026-01-13T12:38:01.8842243Z Setting up libsoup-3.0-common (3.4.4-5ubuntu0.6) ...
2026-01-13T12:38:01.8878236Z Setting up libmpg123-0t64:amd64 (1.32.5-1ubuntu1.1) ...
2026-01-13T12:38:01.8907603Z Setting up libcjson1:amd64 (1.7.17-1) ...
2026-01-13T12:38:01.8946142Z Setting up libxvidcore4:amd64 (2:1.3.7-1build1) ...
2026-01-13T12:38:01.8984062Z Setting up libmpcdec6:amd64 (2:0.1~r495-2build1) ...
2026-01-13T12:38:01.9020624Z Setting up libmjpegutils-2.1-0t64:amd64 (1:2.1.0+debian-8.1build1) ...
2026-01-13T12:38:01.9059966Z Setting up librav1e0:amd64 (0.7.1-2) ...
2026-01-13T12:38:01.9093494Z Setting up liborc-0.4-0t64:amd64 (1:0.4.38-1ubuntu0.1) ...
2026-01-13T12:38:01.9125153Z Setting up libxcb-xkb1:amd64 (1.15-1ubuntu2) ...
2026-01-13T12:38:01.9155289Z Setting up libvo-aacenc0:amd64 (0.1.3-2build1) ...
2026-01-13T12:38:01.9186885Z Setting up librist4:amd64 (0.2.10+dfsg-2) ...
2026-01-13T12:38:01.9226334Z Setting up libglib2.0-0t64:amd64 (2.80.0-6ubuntu3.6) ...
2026-01-13T12:38:01.9449617Z Setting up libblas3:amd64 (3.12.0-3build1.1) ...
2026-01-13T12:38:01.9525581Z update-alternatives: using /usr/lib/x86_64-linux-gnu/blas/libblas.so.3 to provide /usr/lib/x86_64-linux-gnu/libblas.so.3 (libblas.so.3-x86_64-linux-gnu) in auto mode
2026-01-13T12:38:01.9552594Z Setting up libegl-mesa0:amd64 (25.0.7-0ubuntu0.24.04.2) ...
2026-01-13T12:38:01.9581156Z Setting up libsoundtouch1:amd64 (2.3.2+ds1-1build1) ...
2026-01-13T12:38:01.9616462Z Setting up libglib2.0-data (2.80.0-6ubuntu3.6) ...
2026-01-13T12:38:01.9645129Z Setting up libplacebo338:amd64 (6.338.2-2build1) ...
2026-01-13T12:38:01.9678517Z Setting up libgles2:amd64 (1.7.0-1build1) ...
2026-01-13T12:38:01.9722466Z Setting up fonts-tlwg-loma-otf (1:0.7.3-1) ...
2026-01-13T12:38:01.9750489Z Setting up libva2:amd64 (2.20.0-2build1) ...
2026-01-13T12:38:01.9807981Z Setting up libspa-0.2-modules:amd64 (1.0.5-1ubuntu3.2) ...
2026-01-13T12:38:01.9845337Z Setting up libzxing3:amd64 (2.2.1-3) ...
2026-01-13T12:38:01.9891507Z Setting up xfonts-encodings (1:1.0.5-0ubuntu2) ...
2026-01-13T12:38:01.9923689Z Setting up libopus0:amd64 (1.4-1build1) ...
2026-01-13T12:38:01.9957986Z Setting up libfaad2:amd64 (2.11.1-1build1) ...
2026-01-13T12:38:01.9995942Z Setting up libxkbcommon-x11-0:amd64 (1.6.0-1build1) ...
2026-01-13T12:38:02.0031644Z Setting up libdc1394-25:amd64 (2.2.6-4build1) ...
2026-01-13T12:38:02.0085545Z Setting up libpng16-16t64:amd64 (1.6.43-5ubuntu0.1) ...
2026-01-13T12:38:02.0119014Z Setting up libimath-3-1-29t64:amd64 (3.1.9-3.1ubuntu2) ...
2026-01-13T12:38:02.0149287Z Setting up libunibreak5:amd64 (5.1-2build1) ...
2026-01-13T12:38:02.0183429Z Setting up libdv4t64:amd64 (1.0.0-17.1build1) ...
2026-01-13T12:38:02.0213622Z Setting up gir1.2-glib-2.0:amd64 (2.80.0-6ubuntu3.6) ...
2026-01-13T12:38:02.0239950Z Setting up libjxl0.7:amd64 (0.7.0-10.2ubuntu6.1) ...
2026-01-13T12:38:02.0276156Z Setting up libssh-4:amd64 (0.10.6-2ubuntu0.2) ...
2026-01-13T12:38:02.0313642Z Setting up libopenh264-7:amd64 (2.4.1+dfsg-1) ...
2026-01-13T12:38:02.0351377Z Setting up libltc11:amd64 (1.3.2-1build1) ...
2026-01-13T12:38:02.0376609Z Setting up libx265-199:amd64 (3.5-2build1) ...
2026-01-13T12:38:02.0403789Z Setting up libv4l-0t64:amd64 (1.26.1-4build3) ...
2026-01-13T12:38:02.0436574Z Setting up libavtp0:amd64 (0.2.0-1build1) ...
2026-01-13T12:38:02.0466700Z Setting up libsndio7.0:amd64 (1.9.0-0.3build3) ...
2026-01-13T12:38:02.0498572Z Setting up libdirectfb-1.7-7t64:amd64 (1.7.7-11.1ubuntu2) ...
2026-01-13T12:38:02.0659437Z Setting up libspandsp2t64:amd64 (0.0.6+dfsg-2.1build1) ...
2026-01-13T12:38:02.0685340Z Setting up libvidstab1.1:amd64 (1.1.0-2build1) ...
2026-01-13T12:38:02.0711865Z Setting up libvpx9:amd64 (1.14.0-1ubuntu2.2) ...
2026-01-13T12:38:02.0740714Z Setting up libsrt1.5-gnutls:amd64 (1.5.3-1build2) ...
2026-01-13T12:38:02.0766208Z Setting up libtag1v5:amd64 (1.13.1-1build1) ...
2026-01-13T12:38:02.0800552Z Setting up libflite1:amd64 (2.2-6build3) ...
2026-01-13T12:38:02.0827074Z Setting up libdav1d7:amd64 (1.4.1-1build1) ...
2026-01-13T12:38:02.0853478Z Setting up libva-drm2:amd64 (2.20.0-2build1) ...
2026-01-13T12:38:02.0885024Z Setting up fonts-ipafont-gothic (00303-21ubuntu1) ...
2026-01-13T12:38:02.0983610Z update-alternatives: using /usr/share/fonts/opentype/ipafont-gothic/ipag.ttf to provide /usr/share/fonts/truetype/fonts-japanese-gothic.ttf (fonts-japanese-gothic.ttf) in auto mode
2026-01-13T12:38:02.1002523Z Setting up ocl-icd-libopencl1:amd64 (2.3.2-1build1) ...
2026-01-13T12:38:02.1034687Z Setting up libasyncns0:amd64 (0.8-6build4) ...
2026-01-13T12:38:02.1064190Z Setting up libwildmidi2:amd64 (0.4.3-1build3) ...
2026-01-13T12:38:02.1091947Z Setting up libvdpau1:amd64 (1.5-2build1) ...
2026-01-13T12:38:02.1139191Z Setting up libwavpack1:amd64 (5.6.0-1build1) ...
2026-01-13T12:38:02.1165554Z Setting up libbs2b0:amd64 (3.1.0+dfsg-7build1) ...
2026-01-13T12:38:02.1199986Z Setting up libtheora0:amd64 (1.1.1+dfsg.1-16.1build3) ...
2026-01-13T12:38:02.1229285Z Setting up libxslt1.1:amd64 (1.1.39-0exp1ubuntu0.24.04.3) ...
2026-01-13T12:38:02.1257731Z Setting up libegl1:amd64 (1.7.0-1build1) ...
2026-01-13T12:38:02.1286283Z Setting up libdecor-0-0:amd64 (0.2.2-1build2) ...
2026-01-13T12:38:02.1312388Z Setting up libdca0:amd64 (0.0.7-2build1) ...
2026-01-13T12:38:02.1338214Z Setting up libzimg2:amd64 (3.0.5+ds1-1build1) ...
2026-01-13T12:38:02.1367262Z Setting up libopenal-data (1:1.23.1-4build1) ...
2026-01-13T12:38:02.1406824Z Setting up libabsl20220623t64:amd64 (20220623.1-3.1ubuntu3.2) ...
2026-01-13T12:38:02.1454070Z Setting up libflac12t64:amd64 (1.4.3+ds-2.1ubuntu2) ...
2026-01-13T12:38:02.1479081Z Setting up libgtk-4-common (4.14.5+ds-0ubuntu0.7) ...
2026-01-13T12:38:02.1509733Z Setting up libmpeg2encpp-2.1-0t64:amd64 (1:2.1.0+debian-8.1build1) ...
2026-01-13T12:38:02.1550583Z Setting up glib-networking-common (2.80.0-1build1) ...
2026-01-13T12:38:02.1582040Z Setting up libmfx1:amd64 (22.5.4-1) ...
2026-01-13T12:38:02.1609315Z Setting up libbluray2:amd64 (1:1.3.4-1build1) ...
2026-01-13T12:38:02.1636809Z Setting up libsamplerate0:amd64 (0.2.2-4build1) ...
2026-01-13T12:38:02.1666248Z Setting up timgm6mb-soundfont (1.3-5) ...
2026-01-13T12:38:02.1760423Z update-alternatives: using /usr/share/sounds/sf2/TimGM6mb.sf2 to provide /usr/share/sounds/sf2/default-GM.sf2 (default-GM.sf2) in auto mode
2026-01-13T12:38:02.1803778Z update-alternatives: using /usr/share/sounds/sf2/TimGM6mb.sf2 to provide /usr/share/sounds/sf3/default-GM.sf3 (default-GM.sf3) in auto mode
2026-01-13T12:38:02.1821721Z Setting up libva-x11-2:amd64 (2.20.0-2build1) ...
2026-01-13T12:38:02.1844123Z Setting up libyuv0:amd64 (0.0~git202401110.af6ac82-1) ...
2026-01-13T12:38:02.1880489Z Setting up libmplex2-2.1-0t64:amd64 (1:2.1.0+debian-8.1build1) ...
2026-01-13T12:38:02.1918703Z Setting up libpipewire-0.3-0t64:amd64 (1.0.5-1ubuntu3.2) ...
2026-01-13T12:38:02.1960479Z Setting up libopenmpt0t64:amd64 (0.7.3-1.1build3) ...
2026-01-13T12:38:02.2005779Z Setting up libzvbi-common (0.2.42-2) ...
2026-01-13T12:38:02.2070589Z Setting up libsecret-common (0.21.4-1build3) ...
2026-01-13T12:38:02.2108270Z Setting up libmp3lame0:amd64 (3.100-6build1) ...
2026-01-13T12:38:02.2148903Z Setting up libgraphene-1.0-0:amd64 (1.10.8-3build2) ...
2026-01-13T12:38:02.2179724Z Setting up libvorbisenc2:amd64 (1.3.7-1build3) ...
2026-01-13T12:38:02.2217288Z Setting up libdvdnav4:amd64 (6.1.1-3build1) ...
2026-01-13T12:38:02.2243459Z Setting up fonts-unifont (1:15.1.01-1build1) ...
2026-01-13T12:38:02.2276781Z Setting up libaa1:amd64 (1.4p5-51.1) ...
2026-01-13T12:38:02.2313802Z Setting up libiec61883-0:amd64 (1.2.0-6build1) ...
2026-01-13T12:38:02.2343727Z Setting up libserd-0-0:amd64 (0.32.2-1) ...
2026-01-13T12:38:02.2373571Z Setting up libavc1394-0:amd64 (0.5.4-5build3) ...
2026-01-13T12:38:02.2413739Z Setting up session-migration (0.3.9build1) ...
2026-01-13T12:38:02.3603003Z Created symlink /etc/systemd/user/graphical-session-pre.target.wants/session-migration.service → /usr/lib/systemd/user/session-migration.service.
2026-01-13T12:38:02.3604133Z 
2026-01-13T12:38:02.3638774Z Setting up liblapack3:amd64 (3.12.0-3build1.1) ...
2026-01-13T12:38:02.3705767Z update-alternatives: using /usr/lib/x86_64-linux-gnu/lapack/liblapack.so.3 to provide /usr/lib/x86_64-linux-gnu/liblapack.so.3 (liblapack.so.3-x86_64-linux-gnu) in auto mode
2026-01-13T12:38:02.3727832Z Setting up libproxy1v5:amd64 (0.5.4-4build1) ...
2026-01-13T12:38:02.3760731Z Setting up libzvbi0t64:amd64 (0.2.42-2) ...
2026-01-13T12:38:02.3795338Z Setting up libmanette-0.2-0:amd64 (0.2.7-1build2) ...
2026-01-13T12:38:02.3821929Z Setting up libraptor2-0:amd64 (2.0.16-3ubuntu0.1) ...
2026-01-13T12:38:02.3855825Z Setting up libglib2.0-bin (2.80.0-6ubuntu3.6) ...
2026-01-13T12:38:02.3903967Z Setting up libzbar0t64:amd64 (0.23.93-4build3) ...
2026-01-13T12:38:02.3950333Z Setting up libgstreamer-plugins-base1.0-0:amd64 (1.24.2-1ubuntu0.3) ...
2026-01-13T12:38:02.3977265Z Setting up libavutil58:amd64 (7:6.1.1-3ubuntu5) ...
2026-01-13T12:38:02.4025170Z Setting up libopenal1:amd64 (1:1.23.1-4build1) ...
2026-01-13T12:38:02.4063409Z Setting up xfonts-utils (1:7.7+6build3) ...
2026-01-13T12:38:02.4127103Z Setting up librsvg2-2:amd64 (2.58.0+dfsg-1build1) ...
2026-01-13T12:38:02.4163369Z Setting up libsecret-1-0:amd64 (0.21.4-1build3) ...
2026-01-13T12:38:02.4203099Z Setting up libgstreamer-plugins-good1.0-0:amd64 (1.24.2-1ubuntu1.2) ...
2026-01-13T12:38:02.4251844Z Setting up libgstreamer-gl1.0-0:amd64 (1.24.2-1ubuntu0.3) ...
2026-01-13T12:38:02.4308725Z Setting up gstreamer1.0-plugins-base:amd64 (1.24.2-1ubuntu0.3) ...
2026-01-13T12:38:02.4345039Z Setting up libass9:amd64 (1:0.17.1-2build1) ...
2026-01-13T12:38:02.4385753Z Setting up libswresample4:amd64 (7:6.1.1-3ubuntu5) ...
2026-01-13T12:38:02.4430981Z Setting up libopenexr-3-1-30:amd64 (3.1.5-5.1build3) ...
2026-01-13T12:38:02.4474239Z Setting up libshout3:amd64 (2.4.6-1build2) ...
2026-01-13T12:38:02.4517492Z Setting up libgav1-1:amd64 (0.18.0-1build3) ...
2026-01-13T12:38:02.4573851Z Setting up libavcodec60:amd64 (7:6.1.1-3ubuntu5) ...
2026-01-13T12:38:02.4608611Z Setting up librubberband2:amd64 (3.3.0+dfsg-2build1) ...
2026-01-13T12:38:02.4641925Z Setting up libjack-jackd2-0:amd64 (1.9.21~dfsg-3ubuntu3) ...
2026-01-13T12:38:02.4698416Z Setting up libsord-0-0:amd64 (0.16.16-2build1) ...
2026-01-13T12:38:02.4744610Z Setting up xfonts-cyrillic (1:1.0.5+nmu1) ...
2026-01-13T12:38:02.5063461Z Setting up libpostproc57:amd64 (7:6.1.1-3ubuntu5) ...
2026-01-13T12:38:02.5113594Z Setting up libsratom-0-0:amd64 (0.6.16-1build1) ...
2026-01-13T12:38:02.5160290Z Setting up libgtk-4-1:amd64 (4.14.5+ds-0ubuntu0.7) ...
2026-01-13T12:38:02.5764313Z Setting up libsndfile1:amd64 (1.2.2-1ubuntu5.24.04.1) ...
2026-01-13T12:38:02.5796077Z Setting up liblilv-0-0:amd64 (0.24.22-1build1) ...
2026-01-13T12:38:02.5829080Z Setting up libinstpatch-1.0-2:amd64 (1.1.6-1build2) ...
2026-01-13T12:38:02.5869619Z Setting up xfonts-scalable (1:1.0.3-1.3) ...
2026-01-13T12:38:02.6295687Z Setting up libswscale7:amd64 (7:6.1.1-3ubuntu5) ...
2026-01-13T12:38:02.6325127Z Setting up gsettings-desktop-schemas (46.1-0ubuntu1) ...
2026-01-13T12:38:02.6370410Z Setting up glib-networking-services (2.80.0-1build1) ...
2026-01-13T12:38:02.6407973Z Setting up libavif16:amd64 (1.0.4-1ubuntu3) ...
2026-01-13T12:38:02.6455446Z Setting up libpulse0:amd64 (1:16.1+dfsg1-2ubuntu10.1) ...
2026-01-13T12:38:02.6585955Z Setting up liblrdf0:amd64 (0.6.1-4build1) ...
2026-01-13T12:38:02.6614334Z Setting up libavformat60:amd64 (7:6.1.1-3ubuntu5) ...
2026-01-13T12:38:02.6656139Z Setting up libsphinxbase3t64:amd64 (0.8+5prealpha+1-17build2) ...
2026-01-13T12:38:02.6712896Z Setting up glib-networking:amd64 (2.80.0-1build1) ...
2026-01-13T12:38:02.6750328Z Setting up libsdl2-2.0-0:amd64 (2.30.0+dfsg-1ubuntu3.1) ...
2026-01-13T12:38:02.6780677Z Setting up libfluidsynth3:amd64 (2.3.4-1build3) ...
2026-01-13T12:38:02.6813428Z Setting up libsoup-3.0-0:amd64 (3.4.4-5ubuntu0.6) ...
2026-01-13T12:38:02.6847798Z Setting up libpocketsphinx3:amd64 (0.8.0+real5prealpha+1-15ubuntu5) ...
2026-01-13T12:38:02.6875705Z Setting up libgssdp-1.6-0:amd64 (1.6.3-1build3) ...
2026-01-13T12:38:02.6928917Z Setting up gstreamer1.0-plugins-good:amd64 (1.24.2-1ubuntu1.2) ...
2026-01-13T12:38:02.6953540Z Setting up libgupnp-1.6-0:amd64 (1.6.6-1build3) ...
2026-01-13T12:38:02.6982859Z Setting up libavfilter9:amd64 (7:6.1.1-3ubuntu5) ...
2026-01-13T12:38:02.7026837Z Setting up libgupnp-igd-1.6-0:amd64 (1.6.0-3build3) ...
2026-01-13T12:38:02.7072527Z Setting up gstreamer1.0-libav:amd64 (1.24.1-1build1) ...
2026-01-13T12:38:02.7100338Z Setting up libnice10:amd64 (0.1.21-2build3) ...
2026-01-13T12:38:02.7138434Z Setting up libgstreamer-plugins-bad1.0-0:amd64 (1.24.2-1ubuntu4) ...
2026-01-13T12:38:02.7174196Z Setting up gstreamer1.0-plugins-bad:amd64 (1.24.2-1ubuntu4) ...
2026-01-13T12:38:02.7212609Z Processing triggers for libc-bin (2.39-0ubuntu8.6) ...
2026-01-13T12:38:02.7724500Z Processing triggers for man-db (2.12.0-4build2) ...
2026-01-13T12:38:02.7750544Z Not building database; man-db/auto-update is not 'true'.
2026-01-13T12:38:02.7768000Z Processing triggers for fontconfig (2.15.0-1.1ubuntu2) ...
2026-01-13T12:38:03.5087625Z 
2026-01-13T12:38:03.5088155Z Running kernel seems to be up-to-date.
2026-01-13T12:38:03.5088514Z 
2026-01-13T12:38:03.5088677Z Restarting services...
2026-01-13T12:38:03.5540714Z  systemctl restart packagekit.service php8.3-fpm.service polkit.service udisks2.service
2026-01-13T12:38:03.6740420Z 
2026-01-13T12:38:03.6741689Z Service restarts being deferred:
2026-01-13T12:38:03.6742581Z  systemctl restart ModemManager.service
2026-01-13T12:38:03.6744775Z  systemctl restart networkd-dispatcher.service
2026-01-13T12:38:03.6745188Z 
2026-01-13T12:38:03.6745454Z No containers need to be restarted.
2026-01-13T12:38:03.6745776Z 
2026-01-13T12:38:03.6746067Z No user sessions are running outdated binaries.
2026-01-13T12:38:03.6746417Z 
2026-01-13T12:38:03.6746925Z No VM guests are running outdated hypervisor (qemu) binaries on this host.
2026-01-13T12:38:04.5455029Z Downloading Chromium 143.0.7499.4 (playwright build v1200) from https://cdn.playwright.dev/dbazure/download/playwright/builds/chromium/1200/chromium-linux.zip
2026-01-13T12:38:04.8770415Z |                                                                                |   0% of 164.7 MiB
2026-01-13T12:38:05.0411723Z |■■■■■■■■                                                                        |  10% of 164.7 MiB
2026-01-13T12:38:05.1427492Z |■■■■■■■■■■■■■■■■                                                                |  20% of 164.7 MiB
2026-01-13T12:38:05.2426916Z |■■■■■■■■■■■■■■■■■■■■■■■■                                                        |  30% of 164.7 MiB
2026-01-13T12:38:05.3485941Z |■■■■■■■■■■■■■■■■■■■■■■■■■■■■■■■■                                                |  40% of 164.7 MiB
2026-01-13T12:38:05.4526544Z |■■■■■■■■■■■■■■■■■■■■■■■■■■■■■■■■■■■■■■■■                                        |  50% of 164.7 MiB
2026-01-13T12:38:05.5650929Z |■■■■■■■■■■■■■■■■■■■■■■■■■■■■■■■■■■■■■■■■■■■■■■■■                                |  60% of 164.7 MiB
2026-01-13T12:38:05.6691484Z |■■■■■■■■■■■■■■■■■■■■■■■■■■■■■■■■■■■■■■■■■■■■■■■■■■■■■■■■                        |  70% of 164.7 MiB
2026-01-13T12:38:05.7824179Z |■■■■■■■■■■■■■■■■■■■■■■■■■■■■■■■■■■■■■■■■■■■■■■■■■■■■■■■■■■■■■■■■                |  80% of 164.7 MiB
2026-01-13T12:38:05.8853245Z |■■■■■■■■■■■■■■■■■■■■■■■■■■■■■■■■■■■■■■■■■■■■■■■■■■■■■■■■■■■■■■■■■■■■■■■■        |  90% of 164.7 MiB
2026-01-13T12:38:05.9886505Z |■■■■■■■■■■■■■■■■■■■■■■■■■■■■■■■■■■■■■■■■■■■■■■■■■■■■■■■■■■■■■■■■■■■■■■■■■■■■■■■■| 100% of 164.7 MiB
2026-01-13T12:38:09.3189543Z Chromium 143.0.7499.4 (playwright build v1200) downloaded to /home/runner/.cache/ms-playwright/chromium-1200
2026-01-13T12:38:09.3194787Z Downloading Chromium Headless Shell 143.0.7499.4 (playwright build v1200) from https://cdn.playwright.dev/dbazure/download/playwright/builds/chromium/1200/chromium-headless-shell-linux.zip
2026-01-13T12:38:09.5670909Z |                                                                                |   0% of 109.7 MiB
2026-01-13T12:38:09.7149383Z |■■■■■■■■                                                                        |  10% of 109.7 MiB
2026-01-13T12:38:09.7892899Z |■■■■■■■■■■■■■■■■                                                                |  20% of 109.7 MiB
2026-01-13T12:38:09.8548739Z |■■■■■■■■■■■■■■■■■■■■■■■■                                                        |  30% of 109.7 MiB
2026-01-13T12:38:09.9127211Z |■■■■■■■■■■■■■■■■■■■■■■■■■■■■■■■■                                                |  40% of 109.7 MiB
2026-01-13T12:38:09.9627192Z |■■■■■■■■■■■■■■■■■■■■■■■■■■■■■■■■■■■■■■■■                                        |  50% of 109.7 MiB
2026-01-13T12:38:10.0172557Z |■■■■■■■■■■■■■■■■■■■■■■■■■■■■■■■■■■■■■■■■■■■■■■■■                                |  60% of 109.7 MiB
2026-01-13T12:38:10.0683767Z |■■■■■■■■■■■■■■■■■■■■■■■■■■■■■■■■■■■■■■■■■■■■■■■■■■■■■■■■                        |  70% of 109.7 MiB
2026-01-13T12:38:10.1302223Z |■■■■■■■■■■■■■■■■■■■■■■■■■■■■■■■■■■■■■■■■■■■■■■■■■■■■■■■■■■■■■■■■                |  80% of 109.7 MiB
2026-01-13T12:38:10.1827140Z |■■■■■■■■■■■■■■■■■■■■■■■■■■■■■■■■■■■■■■■■■■■■■■■■■■■■■■■■■■■■■■■■■■■■■■■■        |  90% of 109.7 MiB
2026-01-13T12:38:10.2345058Z |■■■■■■■■■■■■■■■■■■■■■■■■■■■■■■■■■■■■■■■■■■■■■■■■■■■■■■■■■■■■■■■■■■■■■■■■■■■■■■■■| 100% of 109.7 MiB
2026-01-13T12:38:12.4830476Z Chromium Headless Shell 143.0.7499.4 (playwright build v1200) downloaded to /home/runner/.cache/ms-playwright/chromium_headless_shell-1200
2026-01-13T12:38:12.4833772Z Downloading Firefox 144.0.2 (playwright build v1497) from https://cdn.playwright.dev/dbazure/download/playwright/builds/firefox/1497/firefox-ubuntu-24.04.zip
2026-01-13T12:38:12.6572380Z |                                                                                |   0% of 98.4 MiB
2026-01-13T12:38:12.7594807Z |■■■■■■■■                                                                        |  10% of 98.4 MiB
2026-01-13T12:38:12.8315893Z |■■■■■■■■■■■■■■■■                                                                |  20% of 98.4 MiB
2026-01-13T12:38:12.9035995Z |■■■■■■■■■■■■■■■■■■■■■■■■                                                        |  30% of 98.4 MiB
2026-01-13T12:38:12.9705517Z |■■■■■■■■■■■■■■■■■■■■■■■■■■■■■■■■                                                |  40% of 98.4 MiB
2026-01-13T12:38:13.0313694Z |■■■■■■■■■■■■■■■■■■■■■■■■■■■■■■■■■■■■■■■■                                        |  50% of 98.4 MiB
2026-01-13T12:38:13.0817040Z |■■■■■■■■■■■■■■■■■■■■■■■■■■■■■■■■■■■■■■■■■■■■■■■■                                |  60% of 98.4 MiB
2026-01-13T12:38:13.1374548Z |■■■■■■■■■■■■■■■■■■■■■■■■■■■■■■■■■■■■■■■■■■■■■■■■■■■■■■■■                        |  70% of 98.4 MiB
2026-01-13T12:38:13.1934365Z |■■■■■■■■■■■■■■■■■■■■■■■■■■■■■■■■■■■■■■■■■■■■■■■■■■■■■■■■■■■■■■■■                |  80% of 98.4 MiB
2026-01-13T12:38:13.2459437Z |■■■■■■■■■■■■■■■■■■■■■■■■■■■■■■■■■■■■■■■■■■■■■■■■■■■■■■■■■■■■■■■■■■■■■■■■        |  90% of 98.4 MiB
2026-01-13T12:38:13.2994536Z |■■■■■■■■■■■■■■■■■■■■■■■■■■■■■■■■■■■■■■■■■■■■■■■■■■■■■■■■■■■■■■■■■■■■■■■■■■■■■■■■| 100% of 98.4 MiB
2026-01-13T12:38:15.3497168Z Firefox 144.0.2 (playwright build v1497) downloaded to /home/runner/.cache/ms-playwright/firefox-1497
2026-01-13T12:38:15.3500390Z Downloading Webkit 26.0 (playwright build v2227) from https://cdn.playwright.dev/dbazure/download/playwright/builds/webkit/2227/webkit-ubuntu-24.04.zip
2026-01-13T12:38:15.5204762Z |                                                                                |   0% of 95.9 MiB
2026-01-13T12:38:15.6400588Z |■■■■■■■■                                                                        |  10% of 95.9 MiB
2026-01-13T12:38:15.7169080Z |■■■■■■■■■■■■■■■■                                                                |  20% of 95.9 MiB
2026-01-13T12:38:15.8350326Z |■■■■■■■■■■■■■■■■■■■■■■■■                                                        |  30% of 95.9 MiB
2026-01-13T12:38:15.9175631Z |■■■■■■■■■■■■■■■■■■■■■■■■■■■■■■■■                                                |  40% of 95.9 MiB
2026-01-13T12:38:15.9783240Z |■■■■■■■■■■■■■■■■■■■■■■■■■■■■■■■■■■■■■■■■                                        |  50% of 95.9 MiB
2026-01-13T12:38:16.0545142Z |■■■■■■■■■■■■■■■■■■■■■■■■■■■■■■■■■■■■■■■■■■■■■■■■                                |  60% of 95.9 MiB
2026-01-13T12:38:16.1035471Z |■■■■■■■■■■■■■■■■■■■■■■■■■■■■■■■■■■■■■■■■■■■■■■■■■■■■■■■■                        |  70% of 95.9 MiB
2026-01-13T12:38:16.1634789Z |■■■■■■■■■■■■■■■■■■■■■■■■■■■■■■■■■■■■■■■■■■■■■■■■■■■■■■■■■■■■■■■■                |  80% of 95.9 MiB
2026-01-13T12:38:16.2260134Z |■■■■■■■■■■■■■■■■■■■■■■■■■■■■■■■■■■■■■■■■■■■■■■■■■■■■■■■■■■■■■■■■■■■■■■■■        |  90% of 95.9 MiB
2026-01-13T12:38:16.2814916Z |■■■■■■■■■■■■■■■■■■■■■■■■■■■■■■■■■■■■■■■■■■■■■■■■■■■■■■■■■■■■■■■■■■■■■■■■■■■■■■■■| 100% of 95.9 MiB
2026-01-13T12:38:18.3818089Z Webkit 26.0 (playwright build v2227) downloaded to /home/runner/.cache/ms-playwright/webkit-2227
2026-01-13T12:38:18.3820888Z Downloading FFMPEG playwright build v1011 from https://cdn.playwright.dev/dbazure/download/playwright/builds/ffmpeg/1011/ffmpeg-linux.zip
2026-01-13T12:38:18.5622959Z |                                                                                |   0% of 2.3 MiB
2026-01-13T12:38:18.5677821Z |■■■■■■■■                                                                        |  10% of 2.3 MiB
2026-01-13T12:38:18.5709583Z |■■■■■■■■■■■■■■■■                                                                |  20% of 2.3 MiB
2026-01-13T12:38:18.5735876Z |■■■■■■■■■■■■■■■■■■■■■■■■                                                        |  30% of 2.3 MiB
2026-01-13T12:38:18.5760386Z |■■■■■■■■■■■■■■■■■■■■■■■■■■■■■■■■                                                |  40% of 2.3 MiB
2026-01-13T12:38:18.5787228Z |■■■■■■■■■■■■■■■■■■■■■■■■■■■■■■■■■■■■■■■■                                        |  50% of 2.3 MiB
2026-01-13T12:38:18.5809844Z |■■■■■■■■■■■■■■■■■■■■■■■■■■■■■■■■■■■■■■■■■■■■■■■■                                |  60% of 2.3 MiB
2026-01-13T12:38:18.5829856Z |■■■■■■■■■■■■■■■■■■■■■■■■■■■■■■■■■■■■■■■■■■■■■■■■■■■■■■■■                        |  70% of 2.3 MiB
2026-01-13T12:38:18.5855839Z |■■■■■■■■■■■■■■■■■■■■■■■■■■■■■■■■■■■■■■■■■■■■■■■■■■■■■■■■■■■■■■■■                |  80% of 2.3 MiB
2026-01-13T12:38:18.5879074Z |■■■■■■■■■■■■■■■■■■■■■■■■■■■■■■■■■■■■■■■■■■■■■■■■■■■■■■■■■■■■■■■■■■■■■■■■        |  90% of 2.3 MiB
2026-01-13T12:38:18.5903172Z |■■■■■■■■■■■■■■■■■■■■■■■■■■■■■■■■■■■■■■■■■■■■■■■■■■■■■■■■■■■■■■■■■■■■■■■■■■■■■■■■| 100% of 2.3 MiB
2026-01-13T12:38:18.6617038Z FFMPEG playwright build v1011 downloaded to /home/runner/.cache/ms-playwright/ffmpeg-1011
2026-01-13T12:38:19.0065806Z ##[group]Run mkdir -p docs/menus
2026-01-13T12:38:19.0066093Z [36;1mmkdir -p docs/menus[0m
2026-01-13T12:38:19.0099866Z shell: /usr/bin/bash -e {0}
2026-01-13T12:38:19.0100094Z ##[endgroup]
2026-01-13T12:38:19.0192502Z ##[group]Run node prescrap.js
2026-01-13T12:38:19.0192817Z [36;1mnode prescrap.js[0m
2026-01-13T12:38:19.0221738Z shell: /usr/bin/bash -e {0}
2026-01-13T12:38:19.0221963Z ##[endgroup]
2026-01-13T12:38:19.3243768Z 
2026-01-13T12:38:19.3244537Z 🔥 メニュープリスクレイピング開始 (10日間)
2026-01-13T12:38:19.3248416Z ============================================================
2026-01-13T12:38:19.3250774Z 
2026-01-13T12:38:19.3251468Z 📅 [1/10] 1/13(火)
2026-01-13T12:38:19.3252162Z 
2026-01-13T12:38:19.3252478Z ============================================================
2026-01-13T12:38:19.3253132Z 🌐 [スクレイプ開始] 日付: 1/13(火)
2026-01-13T12:38:19.3253639Z ============================================================
2026-01-13T12:38:19.5572412Z ✅ ブラウザ起動完了
2026-01-13T12:38:19.5572749Z ⏳ サイト読み込み中...
2026-01-13T12:38:22.3189534Z ✅ サイト読み込み完了
2026-01-13T12:38:22.3190131Z 📑 タブ切り替え: 「今週」を選択
2026-01-13T12:38:23.1946729Z ✅ タブ切り替え完了
2026-01-13T12:38:23.1947154Z 📅 日付選択: 「1/13(火)」
2026-01-13T12:38:23.2250951Z    ❌ エラー: 日付「1/13(火)」が見つかりません。利用可能な日付: 1/14(水), 1/15(木), 1/16(金), 1/17(土), 1/18(日), 1/19(月), 1/20(火), 1/21(水), 1/22(木), 1/23(金), 1/24(土)
2026-01-13T12:38:24.2262981Z 
2026-01-13T12:38:24.2263822Z 📅 [2/10] 1/14(水)
2026-01-13T12:38:24.2264706Z 
2026-01-13T12:38:24.2265134Z ============================================================
2026-01-13T12:38:24.2265923Z 🌐 [スクレイプ開始] 日付: 1/14(水)
2026-01-13T12:38:24.2266581Z ============================================================
2026-01-13T12:38:24.3042841Z ✅ ブラウザ起動完了
2026-01-13T12:38:24.3043323Z ⏳ サイト読み込み中...
2026-01-13T12:38:25.9444104Z ✅ サイト読み込み完了
2026-01-13T12:38:25.9444694Z 📑 タブ切り替え: 「今週」を選択
2026-01-13T12:38:26.8123836Z ✅ タブ切り替え完了
2026-01-13T12:38:26.8124266Z 📅 日付選択: 「1/14(水)」
2026-01-13T12:38:27.6239150Z ✅ 日付選択完了
2026-01-13T12:38:27.6241014Z 📋 [展開開始] メニュー展開ボタンをクリック開始
2026-01-13T12:38:27.6280031Z    展開前: 0 メニュー
2026-01-13T12:38:27.6302632Z ✅ [展開完了] 展開ボタンがなくなりました（合計 0 回クリック）
2026-01-13T12:38:32.6589687Z    ❌ エラー: page.waitForSelector: Timeout 5000ms exceeded.
2026-01-13T12:38:32.6590099Z Call log:
2026-01-13T12:38:32.6590373Z   - waiting for locator('.menu-content') to be visible
2026-01-13T12:38:32.6590630Z 
2026-01-13T12:38:33.6593575Z 
2026-01-13T12:38:33.6594218Z 📅 [3/10] 1/15(木)
2026-01-13T12:38:33.6594448Z 
2026-01-13T12:38:33.6594729Z ============================================================
2026-01-13T12:38:33.6595378Z 🌐 [スクレイプ開始] 日付: 1/15(木)
2026-01-13T12:38:33.6595884Z ============================================================
2026-01-13T12:38:33.7393007Z ✅ ブラウザ起動完了
2026-01-13T12:38:33.7393427Z ⏳ サイト読み込み中...
2026-01-13T12:38:35.3816864Z ✅ サイト読み込み完了
2026-01-13T12:38:35.3817296Z 📑 タブ切り替え: 「今週」を選択
2026-01-13T12:38:36.2548377Z ✅ タブ切り替え完了
2026-01-13T12:38:36.2548858Z 📅 日付選択: 「1/15(木)」
2026-01-13T12:38:37.0662221Z ✅ 日付選択完了
2026-01-13T12:38:37.0662854Z 📋 [展開開始] メニュー展開ボタンをクリック開始
2026-01-13T12:38:37.0695203Z    展開前: 0 メニュー
2026-01-13T12:38:37.0711757Z ✅ [展開完了] 展開ボタンがなくなりました（合計 0 回クリック）
2026-01-13T12:38:42.0973023Z    ❌ エラー: page.waitForSelector: Timeout 5000ms exceeded.
2026-01-13T12:38:42.0973380Z Call log:
2026-01-13T12:38:42.0973651Z   - waiting for locator('.menu-content') to be visible
2026-01-13T12:38:42.0973876Z 
2026-01-13T12:38:43.0977744Z 
2026-01-13T12:38:43.0978552Z 📅 [4/10] 1/16(金)
2026-01-13T12:38:43.0978866Z 
2026-01-13T12:38:43.0979231Z ============================================================
2026-01-13T12:38:43.0979728Z 🌐 [スクレイプ開始] 日付: 1/16(金)
2026-01-13T12:38:43.0980128Z ============================================================
2026-01-13T12:38:43.1760995Z ✅ ブラウザ起動完了
2026-01-13T12:38:43.1762269Z ⏳ サイト読み込み中...
2026-01-13T12:38:45.1181044Z ✅ サイト読み込み完了
2026-01-13T12:38:45.1181843Z 📑 タブ切り替え: 「今週」を選択
2026-01-13T12:38:45.9863918Z ✅ タブ切り替え完了
2026-01-13T12:38:45.9864602Z 📅 日付選択: 「1/16(金)」
2026-01-13T12:38:46.7979449Z ✅ 日付選択完了
2026-01-13T12:38:46.7980593Z 📋 [展開開始] メニュー展開ボタンをクリック開始
2026-01-13T12:38:46.8011176Z    展開前: 0 メニュー
2026-01-13T12:38:46.8026503Z ✅ [展開完了] 展開ボタンがなくなりました（合計 0 回クリック）
2026-01-13T12:38:51.8281794Z    ❌ エラー: page.waitForSelector: Timeout 5000ms exceeded.
2026-01-13T12:38:51.8282201Z Call log:
2026-01-13T12:38:51.8282473Z   - waiting for locator('.menu-content') to be visible
2026-01-13T12:38:51.8282701Z 
2026-01-13T12:38:52.8285432Z 
2026-01-13T12:38:52.8286295Z 📅 [5/10] 1/19(月)
2026-01-13T12:38:52.8286529Z 
2026-01-13T12:38:52.8286756Z ============================================================
2026-01-13T12:38:52.8287234Z 🌐 [スクレイプ開始] 日付: 1/19(月)
2026-01-13T12:38:52.8287605Z ============================================================
2026-01-13T12:38:52.9059026Z ✅ ブラウザ起動完了
2026-01-13T12:38:52.9060176Z ⏳ サイト読み込み中...
2026-01-13T12:38:54.5517099Z ✅ サイト読み込み完了
2026-01-13T12:38:54.5517677Z 📑 タブ切り替え: 「今週」を選択
2026-01-13T12:38:55.4195714Z ✅ タブ切り替え完了
2026-01-13T12:38:55.4196249Z 📅 日付選択: 「1/19(月)」
2026-01-13T12:38:56.2332451Z ✅ 日付選択完了
2026-01-13T12:38:56.2333011Z 📋 [展開開始] メニュー展開ボタンをクリック開始
2026-01-13T12:38:56.2363119Z    展開前: 0 メニュー
2026-01-13T12:38:56.2378157Z ✅ [展開完了] 展開ボタンがなくなりました（合計 0 回クリック）
2026-01-13T12:39:01.2641827Z    ❌ エラー: page.waitForSelector: Timeout 5000ms exceeded.
2026-01-13T12:39:01.2642210Z Call log:
2026-01-13T12:39:01.2642495Z   - waiting for locator('.menu-content') to be visible
2026-01-13T12:39:01.2642725Z 
2026-01-13T12:39:02.2647289Z 
2026-01-13T12:39:02.2648127Z 📅 [6/10] 1/20(火)
2026-01-13T12:39:02.2648442Z 
2026-01-13T12:39:02.2648754Z ============================================================
2026-01-13T12:39:02.2649226Z 🌐 [スクレイプ開始] 日付: 1/20(火)
2026-01-13T12:39:02.2649589Z ============================================================
2026-01-13T12:39:02.3443177Z ✅ ブラウザ起動完了
2026-01-13T12:39:02.3445457Z ⏳ サイト読み込み中...
2026-01-13T12:39:04.2215807Z ✅ サイト読み込み完了
2026-01-13T12:39:04.2216148Z 📑 タブ切り替え: 「今週」を選択
2026-01-13T12:39:05.0906219Z ✅ タブ切り替え完了
2026-01-13T12:39:05.0906840Z 📅 日付選択: 「1/20(火)」
2026-01-13T12:39:05.9018659Z ✅ 日付選択完了
2026-01-13T12:39:05.9019347Z 📋 [展開開始] メニュー展開ボタンをクリック開始
2026-01-13T12:39:05.9050300Z    展開前: 0 メニュー
2026-01-13T12:39:05.9066090Z ✅ [展開完了] 展開ボタンがなくなりました（合計 0 回クリック）
2026-01-13T12:39:10.9324098Z    ❌ エラー: page.waitForSelector: Timeout 5000ms exceeded.
2026-01-13T12:39:10.9324490Z Call log:
2026-01-13T12:39:10.9324766Z   - waiting for locator('.menu-content') to be visible
2026-01-13T12:39:10.9324985Z 
2026-01-13T12:39:11.9327413Z 
2026-01-13T12:39:11.9328390Z 📅 [7/10] 1/21(水)
2026-01-13T12:39:11.9328730Z 
2026-01-13T12:39:11.9329131Z ============================================================
2026-01-13T12:39:11.9329881Z 🌐 [スクレイプ開始] 日付: 1/21(水)
2026-01-13T12:39:11.9330447Z ============================================================
2026-01-13T12:39:12.0088567Z ✅ ブラウザ起動完了
2026-01-13T12:39:12.0090228Z ⏳ サイト読み込み中...
2026-01-13T12:39:13.6728021Z ✅ サイト読み込み完了
2026-01-13T12:39:13.6728558Z 📑 タブ切り替え: 「今週」を選択
2026-01-13T12:39:14.5406541Z ✅ タブ切り替え完了
2026-01-13T12:39:14.5407187Z 📅 日付選択: 「1/21(水)」
2026-01-13T12:39:15.3512371Z ✅ 日付選択完了
2026-01-13T12:39:15.3512986Z 📋 [展開開始] メニュー展開ボタンをクリック開始
2026-01-13T12:39:15.3542915Z    展開前: 0 メニュー
2026-01-13T12:39:15.3557843Z ✅ [展開完了] 展開ボタンがなくなりました（合計 0 回クリック）
2026-01-13T12:39:20.3792423Z    ❌ エラー: page.waitForSelector: Timeout 5000ms exceeded.
2026-01-13T12:39:20.3792778Z Call log:
2026-01-13T12:39:20.3793050Z   - waiting for locator('.menu-content') to be visible
2026-01-13T12:39:20.3793277Z 
2026-01-13T12:39:21.3796869Z 
2026-01-13T12:39:21.3797971Z 📅 [8/10] 1/22(木)
2026-01-13T12:39:21.3798331Z 
2026-01-13T12:39:21.3798691Z ============================================================
2026-01-13T12:39:21.3799489Z 🌐 [スクレイプ開始] 日付: 1/22(木)
2026-01-13T12:39:21.3800096Z ============================================================
2026-01-13T12:39:21.4626747Z ✅ ブラウザ起動完了
2026-01-13T12:39:21.4627204Z ⏳ サイト読み込み中...
2026-01-13T12:39:23.1195223Z ✅ サイト読み込み完了
2026-01-13T12:39:23.1195843Z 📑 タブ切り替え: 「今週」を選択
2026-01-13T12:39:23.9896571Z ✅ タブ切り替え完了
2026-01-13T12:39:23.9897195Z 📅 日付選択: 「1/22(木)」
2026-01-13T12:39:24.8045939Z ✅ 日付選択完了
2026-01-13T12:39:24.8046455Z 📋 [展開開始] メニュー展開ボタンをクリック開始
2026-01-13T12:39:24.8077422Z    展開前: 0 メニュー
2026-01-13T12:39:24.8092979Z ✅ [展開完了] 展開ボタンがなくなりました（合計 0 回クリック）
2026-01-13T12:39:29.8315122Z    ❌ エラー: page.waitForSelector: Timeout 5000ms exceeded.
2026-01-13T12:39:29.8315613Z Call log:
2026-01-13T12:39:29.8315898Z   - waiting for locator('.menu-content') to be visible
2026-01-13T12:39:29.8316123Z 
2026-01-13T12:39:30.8318814Z 
2026-01-13T12:39:30.8319659Z 📅 [9/10] 1/23(金)
2026-01-13T12:39:30.8319910Z 
2026-01-13T12:39:30.8320154Z ============================================================
2026-01-13T12:39:30.8320650Z 🌐 [スクレイプ開始] 日付: 1/23(金)
2026-01-13T12:39:30.8321048Z ============================================================
2026-01-13T12:39:30.9110861Z ✅ ブラウザ起動完了
2026-01-13T12:39:30.9112212Z ⏳ サイト読み込み中...
2026-01-13T12:39:32.5568201Z ✅ サイト読み込み完了
2026-01-13T12:39:32.5568702Z 📑 タブ切り替え: 「今週」を選択
2026-01-13T12:39:33.4245195Z ✅ タブ切り替え完了
2026-01-13T12:39:33.4245596Z 📅 日付選択: 「1/23(金)」
2026-01-13T12:39:34.2358423Z ✅ 日付選択完了
2026-01-13T12:39:34.2359028Z 📋 [展開開始] メニュー展開ボタンをクリック開始
2026-01-13T12:39:34.2387922Z    展開前: 0 メニュー
2026-01-13T12:39:34.2402719Z ✅ [展開完了] 展開ボタンがなくなりました（合計 0 回クリック）
2026-01-13T12:39:39.2621113Z    ❌ エラー: page.waitForSelector: Timeout 5000ms exceeded.
2026-01-13T12:39:39.2621868Z Call log:
2026-01-13T12:39:39.2622298Z   - waiting for locator('.menu-content') to be visible
2026-01-13T12:39:39.2622667Z 
2026-01-13T12:39:40.2625445Z 
2026-01-13T12:39:40.2626350Z 📅 [10/10] 1/26(月)
2026-01-13T12:39:40.2626713Z 
2026-01-13T12:39:40.2627140Z ============================================================
2026-01-13T12:39:40.2627996Z 🌐 [スクレイプ開始] 日付: 1/26(月)
2026-01-13T12:39:40.2628706Z ============================================================
2026-01-13T12:39:40.3388557Z ✅ ブラウザ起動完了
2026-01-13T12:39:40.3390018Z ⏳ サイト読み込み中...
2026-01-13T12:39:42.1722088Z ✅ サイト読み込み完了
2026-01-13T12:39:42.1722708Z 📑 タブ切り替え: 「今週」を選択
2026-01-13T12:39:43.0414786Z ✅ タブ切り替え完了
2026-01-13T12:39:43.0415392Z 📅 日付選択: 「1/26(月)」
2026-01-13T12:39:43.0845698Z    ❌ エラー: 日付「1/26(月)」が見つかりません。利用可能な日付: 1/14(水), 1/15(木), 1/16(金), 1/17(土), 1/18(日), 1/19(月), 1/20(火), 1/21(水), 1/22(木), 1/23(金), 1/24(土)
2026-01-13T12:39:44.0862865Z 
2026-01-13T12:39:44.0863715Z ✅ available-dates.json を生成しました
2026-01-13T12:39:44.0864109Z 
2026-01-13T12:39:44.0864368Z ============================================================
2026-01-13T12:39:44.0864839Z 📊 プリスクレイピング完了
2026-01-13T12:39:44.0865137Z    成功: 0, 失敗: 10
2026-01-13T12:39:44.0865413Z    保存日付: 
2026-01-13T12:39:44.0865783Z ============================================================
2026-01-13T12:39:44.0866066Z 
2026-01-13T12:39:44.0976773Z ##[group]Run git config user.name "github-actions[bot]"
2026-01-13T12:39:44.0977178Z [36;1mgit config user.name "github-actions[bot]"[0m
2026-01-13T12:39:44.0977605Z [36;1mgit config user.email "41898282+github-actions[bot]@users.noreply.github.com"[0m
2026-01-13T12:39:44.0978087Z [36;1mgit add docs/menus/ docs/available-dates.json[0m
2026-01-13T12:39:44.0978393Z [36;1m[0m
2026-01-13T12:39:44.0978646Z [36;1mif ! git diff --quiet || ! git diff --staged --quiet; then[0m
2026-01-13T12:39:44.0979029Z [36;1m  echo "📝 Changes detected, committing..."[0m
2026-01-13T12:39:44.0979399Z [36;1m  git commit -m "📅 Update menus: $(date '+%Y-%m-%d %H:%M:%S')"[0m
2026-01-13T12:39:44.0979761Z [36;1m  echo "🚀 Pushing to GitHub..."[0m
2026-01-13T12:39:44.0980009Z [36;1m  git push[0m
2026-01-13T12:39:44.0980207Z [36;1m  echo "✅ Push successful"[0m
2026-01-13T12:39:44.0980429Z [36;1melse[0m
2026-01-13T12:39:44.0980612Z [36;1m  echo "ℹ️ No changes to commit"[0m
2026-01-13T12:39:44.0980895Z [36;1mfi[0m
2026-01-13T12:39:44.1012867Z shell: /usr/bin/bash -e {0}
2026-01-13T12:39:44.1013084Z env:
2026-01-13T12:39:44.1013536Z   GITHUB_TOKEN: ***
2026-01-13T12:39:44.1013726Z ##[endgroup]
2026-01-13T12:39:44.1163899Z 📝 Changes detected, committing...
2026-01-13T12:39:44.1222633Z [main 6983830] 📅 Update menus: 2026-01-13 12:39:44
2026-01-13T12:39:44.1223061Z  1 file changed, 1 insertion(+), 11 deletions(-)
2026-01-13T12:39:44.1225227Z 🚀 Pushing to GitHub...
2026-01-13T12:39:44.3233449Z remote: Permission to 1onotakanori-art/kyowa-menu-optimizer.git denied to github-actions[bot].
2026-01-13T12:39:44.3234736Z fatal: unable to access 'https://github.com/1onotakanori-art/kyowa-menu-optimizer/': The requested URL returned error: 403
2026-01-13T12:39:44.3264736Z ##[error]Process completed with exit code 128.
2026-01-13T12:39:44.3359490Z Post job cleanup.
2026-01-13T12:39:44.4293779Z [command]/usr/bin/git version
2026-01-13T12:39:44.4329277Z git version 2.52.0
2026-01-13T12:39:44.4373611Z Temporarily overriding HOME='/home/runner/work/_temp/cd4dc89d-bc28-4990-ae0f-9112b72a7f46' before making global git config changes
2026-01-13T12:39:44.4375126Z Adding repository directory to the temporary git global config as a safe directory
2026-01-13T12:39:44.4380359Z [command]/usr/bin/git config --global --add safe.directory /home/runner/work/kyowa-menu-optimizer/kyowa-menu-optimizer
2026-01-13T12:39:44.4416041Z [command]/usr/bin/git config --local --name-only --get-regexp core\.sshCommand
2026-01-13T12:39:44.4448484Z [command]/usr/bin/git submodule foreach --recursive sh -c "git config --local --name-only --get-regexp 'core\.sshCommand' && git config --local --unset-all 'core.sshCommand' || :"
2026-01-13T12:39:44.4674778Z [command]/usr/bin/git config --local --name-only --get-regexp http\.https\:\/\/github\.com\/\.extraheader
2026-01-13T12:39:44.4694650Z http.https://github.com/.extraheader
2026-01-13T12:39:44.4706879Z [command]/usr/bin/git config --local --unset-all http.https://github.com/.extraheader
2026-01-13T12:39:44.4736655Z [command]/usr/bin/git submodule foreach --recursive sh -c "git config --local --name-only --get-regexp 'http\.https\:\/\/github\.com\/\.extraheader' && git config --local --unset-all 'http.https://github.com/.extraheader' || :"
2026-01-13T12:39:44.4955519Z [command]/usr/bin/git config --local --name-only --get-regexp ^includeIf\.gitdir:
2026-01-13T12:39:44.4986734Z [command]/usr/bin/git submodule foreach --recursive git config --local --show-origin --name-only --get-regexp remote.origin.url
2026-01-13T12:39:44.5317096Z Cleaning up orphan processes
