2026-01-13T12:50:27.7155452Z Current runner version: '2.330.0'
2026-01-13T12:50:27.7177554Z ##[group]Runner Image Provisioner
2026-01-13T12:50:27.7178579Z Hosted Compute Agent
2026-01-13T12:50:27.7179105Z Version: 20251211.462
2026-01-13T12:50:27.7179824Z Commit: 6cbad8c2bb55d58165063d031ccabf57e2d2db61
2026-01-13T12:50:27.7180491Z Build Date: 2025-12-11T16:28:49Z
2026-01-13T12:50:27.7181120Z Worker ID: {9847e6a3-8cc4-4c33-a7a4-c7d2b906248d}
2026-01-13T12:50:27.7181856Z ##[endgroup]
2026-01-13T12:50:27.7182387Z ##[group]Operating System
2026-01-13T12:50:27.7182917Z Ubuntu
2026-01-13T12:50:27.7183449Z 24.04.3
2026-01-13T12:50:27.7183901Z LTS
2026-01-13T12:50:27.7184313Z ##[endgroup]
2026-01-13T12:50:27.7184882Z ##[group]Runner Image
2026-01-13T12:50:27.7185381Z Image: ubuntu-24.04
2026-01-13T12:50:27.7185885Z Version: 20260105.202.1
2026-01-13T12:50:27.7186863Z Included Software: https://github.com/actions/runner-images/blob/ubuntu24/20260105.202/images/ubuntu/Ubuntu2404-Readme.md
2026-01-13T12:50:27.7188497Z Image Release: https://github.com/actions/runner-images/releases/tag/ubuntu24%2F20260105.202
2026-01-13T12:50:27.7189558Z ##[endgroup]
2026-01-13T12:50:27.7192094Z ##[group]GITHUB_TOKEN Permissions
2026-01-13T12:50:27.7194265Z Actions: write
2026-01-13T12:50:27.7194860Z ArtifactMetadata: write
2026-01-13T12:50:27.7195376Z Attestations: write
2026-01-13T12:50:27.7195927Z Checks: write
2026-01-13T12:50:27.7196388Z Contents: write
2026-01-13T12:50:27.7196878Z Deployments: write
2026-01-13T12:50:27.7197365Z Discussions: write
2026-01-13T12:50:27.7197941Z Issues: write
2026-01-13T12:50:27.7198577Z Metadata: read
2026-01-13T12:50:27.7199024Z Models: read
2026-01-13T12:50:27.7199573Z Packages: write
2026-01-13T12:50:27.7200030Z Pages: write
2026-01-13T12:50:27.7200535Z PullRequests: write
2026-01-13T12:50:27.7201196Z RepositoryProjects: write
2026-01-13T12:50:27.7201766Z SecurityEvents: write
2026-01-13T12:50:27.7202252Z Statuses: write
2026-01-13T12:50:27.7202800Z ##[endgroup]
2026-01-13T12:50:27.7204799Z Secret source: Actions
2026-01-13T12:50:27.7205513Z Prepare workflow directory
2026-01-13T12:50:27.7527012Z Prepare all required actions
2026-01-13T12:50:27.7565428Z Getting action download info
2026-01-13T12:50:28.1985244Z Download action repository 'actions/checkout@v4' (SHA:34e114876b0b11c390a56381ad16ebd13914f8d5)
2026-01-13T12:50:28.2999152Z Download action repository 'actions/setup-node@v4' (SHA:49933ea5288caeca8642d1e84afbd3f7d6820020)
2026-01-13T12:50:28.4849214Z Complete job name: scrape
2026-01-13T12:50:28.5543892Z ##[group]Run actions/checkout@v4
2026-01-13T12:50:28.5544713Z with:
2026-01-13T12:50:28.5545272Z   token: ***
2026-01-13T12:50:28.5545746Z   repository: 1onotakanori-art/kyowa-menu-optimizer
2026-01-13T12:50:28.5546319Z   ssh-strict: true
2026-01-13T12:50:28.5546702Z   ssh-user: git
2026-01-13T12:50:28.5547081Z   persist-credentials: true
2026-01-13T12:50:28.5547510Z   clean: true
2026-01-13T12:50:28.5547893Z   sparse-checkout-cone-mode: true
2026-01-13T12:50:28.5548590Z   fetch-depth: 1
2026-01-13T12:50:28.5548964Z   fetch-tags: false
2026-01-13T12:50:28.5549365Z   show-progress: true
2026-01-13T12:50:28.5549756Z   lfs: false
2026-01-13T12:50:28.5550110Z   submodules: false
2026-01-13T12:50:28.5550507Z   set-safe-directory: true
2026-01-13T12:50:28.5551187Z ##[endgroup]
2026-01-13T12:50:28.6602839Z Syncing repository: 1onotakanori-art/kyowa-menu-optimizer
2026-01-13T12:50:28.6604610Z ##[group]Getting Git version info
2026-01-13T12:50:28.6605661Z Working directory is '/home/runner/work/kyowa-menu-optimizer/kyowa-menu-optimizer'
2026-01-13T12:50:28.6606730Z [command]/usr/bin/git version
2026-01-13T12:50:28.6707963Z git version 2.52.0
2026-01-13T12:50:28.6733594Z ##[endgroup]
2026-01-13T12:50:28.6747329Z Temporarily overriding HOME='/home/runner/work/_temp/cf44790e-9ef4-4965-9687-a3dc95082928' before making global git config changes
2026-01-13T12:50:28.6749296Z Adding repository directory to the temporary git global config as a safe directory
2026-01-13T12:50:28.6759972Z [command]/usr/bin/git config --global --add safe.directory /home/runner/work/kyowa-menu-optimizer/kyowa-menu-optimizer
2026-01-13T12:50:28.6799364Z Deleting the contents of '/home/runner/work/kyowa-menu-optimizer/kyowa-menu-optimizer'
2026-01-13T12:50:28.6802493Z ##[group]Initializing the repository
2026-01-13T12:50:28.6806788Z [command]/usr/bin/git init /home/runner/work/kyowa-menu-optimizer/kyowa-menu-optimizer
2026-01-13T12:50:28.6930383Z hint: Using 'master' as the name for the initial branch. This default branch name
2026-01-13T12:50:28.6932157Z hint: will change to "main" in Git 3.0. To configure the initial branch name
2026-01-13T12:50:28.6933314Z hint: to use in all of your new repositories, which will suppress this warning,
2026-01-13T12:50:28.6934154Z hint: call:
2026-01-13T12:50:28.6934545Z hint:
2026-01-13T12:50:28.6935026Z hint: 	git config --global init.defaultBranch <name>
2026-01-13T12:50:28.6935637Z hint:
2026-01-13T12:50:28.6936188Z hint: Names commonly chosen instead of 'master' are 'main', 'trunk' and
2026-01-13T12:50:28.6937330Z hint: 'development'. The just-created branch can be renamed via this command:
2026-01-13T12:50:28.6938816Z hint:
2026-01-13T12:50:28.6939500Z hint: 	git branch -m <name>
2026-01-13T12:50:28.6940212Z hint:
2026-01-13T12:50:28.6941271Z hint: Disable this message with "git config set advice.defaultBranchName false"
2026-01-13T12:50:28.6943317Z Initialized empty Git repository in /home/runner/work/kyowa-menu-optimizer/kyowa-menu-optimizer/.git/
2026-01-13T12:50:28.6952434Z [command]/usr/bin/git remote add origin https://github.com/1onotakanori-art/kyowa-menu-optimizer
2026-01-13T12:50:28.6991965Z ##[endgroup]
2026-01-13T12:50:28.6996751Z ##[group]Disabling automatic garbage collection
2026-01-13T12:50:28.6997864Z [command]/usr/bin/git config --local gc.auto 0
2026-01-13T12:50:28.7024930Z ##[endgroup]
2026-01-13T12:50:28.7026110Z ##[group]Setting up auth
2026-01-13T12:50:28.7032420Z [command]/usr/bin/git config --local --name-only --get-regexp core\.sshCommand
2026-01-13T12:50:28.7062904Z [command]/usr/bin/git submodule foreach --recursive sh -c "git config --local --name-only --get-regexp 'core\.sshCommand' && git config --local --unset-all 'core.sshCommand' || :"
2026-01-13T12:50:28.7437063Z [command]/usr/bin/git config --local --name-only --get-regexp http\.https\:\/\/github\.com\/\.extraheader
2026-01-13T12:50:28.7467480Z [command]/usr/bin/git submodule foreach --recursive sh -c "git config --local --name-only --get-regexp 'http\.https\:\/\/github\.com\/\.extraheader' && git config --local --unset-all 'http.https://github.com/.extraheader' || :"
2026-01-13T12:50:28.7684267Z [command]/usr/bin/git config --local --name-only --get-regexp ^includeIf\.gitdir:
2026-01-13T12:50:28.7714853Z [command]/usr/bin/git submodule foreach --recursive git config --local --show-origin --name-only --get-regexp remote.origin.url
2026-01-13T12:50:28.7958991Z [command]/usr/bin/git config --local http.https://github.com/.extraheader AUTHORIZATION: basic ***
2026-01-13T12:50:28.7992891Z ##[endgroup]
2026-01-13T12:50:28.8001010Z ##[group]Fetching the repository
2026-01-13T12:50:28.8003386Z [command]/usr/bin/git -c protocol.version=2 fetch --no-tags --prune --no-recurse-submodules --depth=1 origin +7c05861d19ce0fb8338ad93b20d377898de6b2e4:refs/remotes/origin/main
2026-01-13T12:50:29.2012572Z From https://github.com/1onotakanori-art/kyowa-menu-optimizer
2026-01-13T12:50:29.2013793Z  * [new ref]         7c05861d19ce0fb8338ad93b20d377898de6b2e4 -> origin/main
2026-01-13T12:50:29.2043990Z ##[endgroup]
2026-01-13T12:50:29.2045193Z ##[group]Determining the checkout info
2026-01-13T12:50:29.2046748Z ##[endgroup]
2026-01-13T12:50:29.2052408Z [command]/usr/bin/git sparse-checkout disable
2026-01-13T12:50:29.2093574Z [command]/usr/bin/git config --local --unset-all extensions.worktreeConfig
2026-01-13T12:50:29.2118894Z ##[group]Checking out the ref
2026-01-13T12:50:29.2123330Z [command]/usr/bin/git checkout --progress --force -B main refs/remotes/origin/main
2026-01-13T12:50:29.2201545Z Switched to a new branch 'main'
2026-01-13T12:50:29.2204229Z branch 'main' set up to track 'origin/main'.
2026-01-13T12:50:29.2210200Z ##[endgroup]
2026-01-13T12:50:29.2242027Z [command]/usr/bin/git log -1 --format=%H
2026-01-13T12:50:29.2262802Z 7c05861d19ce0fb8338ad93b20d377898de6b2e4
2026-01-13T12:50:29.2488749Z ##[group]Run actions/setup-node@v4
2026-01-13T12:50:29.2489290Z with:
2026-01-13T12:50:29.2489650Z   node-version: 18
2026-01-13T12:50:29.2490042Z   always-auth: false
2026-01-13T12:50:29.2490432Z   check-latest: false
2026-01-13T12:50:29.2490979Z   token: ***
2026-01-13T12:50:29.2491331Z ##[endgroup]
2026-01-13T12:50:29.4218811Z Attempting to download 18...
2026-01-13T12:50:30.3516706Z Acquiring 18.20.8 - x64 from https://github.com/actions/node-versions/releases/download/18.20.8-14110393767/node-18.20.8-linux-x64.tar.gz
2026-01-13T12:50:30.8925528Z Extracting ...
2026-01-13T12:50:30.9026618Z [command]/usr/bin/tar xz --strip 1 --warning=no-unknown-keyword --overwrite -C /home/runner/work/_temp/266a4c65-1548-4d89-92d9-8eed6fc5d82b -f /home/runner/work/_temp/f65085d4-5bfe-4bc1-9bed-0fd5834db943
2026-01-13T12:50:31.8417257Z Adding to the cache ...
2026-01-13T12:50:33.4166120Z ##[group]Environment details
2026-01-13T12:50:33.6437724Z node: v18.20.8
2026-01-13T12:50:33.6438568Z npm: 10.8.2
2026-01-13T12:50:33.6439184Z yarn: 1.22.22
2026-01-13T12:50:33.6440215Z ##[endgroup]
2026-01-13T12:50:33.6586351Z ##[group]Run npm install
2026-01-13T12:50:33.6586722Z [36;1mnpm install[0m
2026-01-13T12:50:33.6626243Z shell: /usr/bin/bash -e {0}
2026-01-13T12:50:33.6626552Z ##[endgroup]
2026-01-13T12:50:34.9485150Z 
2026-01-13T12:50:34.9494952Z added 70 packages, and audited 71 packages in 1s
2026-01-13T12:50:34.9495538Z 
2026-01-13T12:50:34.9495916Z 15 packages are looking for funding
2026-01-13T12:50:34.9496520Z   run `npm fund` for details
2026-01-13T12:50:34.9498709Z 
2026-01-13T12:50:34.9499206Z found 0 vulnerabilities
2026-01-13T12:50:34.9648087Z ##[group]Run npx playwright install --with-deps
2026-01-13T12:50:34.9648762Z [36;1mnpx playwright install --with-deps[0m
2026-01-13T12:50:34.9684741Z shell: /usr/bin/bash -e {0}
2026-01-13T12:50:34.9685023Z ##[endgroup]
2026-01-13T12:50:35.9080253Z Installing dependencies...
2026-01-13T12:50:35.9217831Z Switching to root user to install dependencies...
2026-01-13T12:50:35.9990355Z Get:1 file:/etc/apt/apt-mirrors.txt Mirrorlist [144 B]
2026-01-13T12:50:36.0427630Z Hit:2 http://azure.archive.ubuntu.com/ubuntu noble InRelease
2026-01-13T12:50:36.0465504Z Get:3 http://azure.archive.ubuntu.com/ubuntu noble-updates InRelease [126 kB]
2026-01-13T12:50:36.0513848Z Get:4 http://azure.archive.ubuntu.com/ubuntu noble-backports InRelease [126 kB]
2026-01-13T12:50:36.0531519Z Get:5 http://azure.archive.ubuntu.com/ubuntu noble-security InRelease [126 kB]
2026-01-13T12:50:36.0536719Z Get:6 https://packages.microsoft.com/repos/azure-cli noble InRelease [3564 B]
2026-01-13T12:50:36.0596266Z Get:7 https://packages.microsoft.com/ubuntu/24.04/prod noble InRelease [3600 B]
2026-01-13T12:50:36.1764705Z Get:8 http://azure.archive.ubuntu.com/ubuntu noble-updates/main amd64 Packages [1693 kB]
2026-01-13T12:50:36.1922111Z Get:9 http://azure.archive.ubuntu.com/ubuntu noble-updates/main Translation-en [313 kB]
2026-01-13T12:50:36.1945060Z Get:10 http://azure.archive.ubuntu.com/ubuntu noble-updates/main amd64 Components [175 kB]
2026-01-13T12:50:36.1959884Z Get:11 http://azure.archive.ubuntu.com/ubuntu noble-updates/main amd64 c-n-f Metadata [15.9 kB]
2026-01-13T12:50:36.1968023Z Get:12 http://azure.archive.ubuntu.com/ubuntu noble-updates/universe amd64 Packages [1510 kB]
2026-01-13T12:50:36.2081806Z Get:13 http://azure.archive.ubuntu.com/ubuntu noble-updates/universe Translation-en [307 kB]
2026-01-13T12:50:36.2114026Z Get:14 http://azure.archive.ubuntu.com/ubuntu noble-updates/universe amd64 Components [377 kB]
2026-01-13T12:50:36.2139706Z Get:15 http://azure.archive.ubuntu.com/ubuntu noble-updates/universe amd64 c-n-f Metadata [31.4 kB]
2026-01-13T12:50:36.2170888Z Get:16 http://azure.archive.ubuntu.com/ubuntu noble-updates/restricted amd64 Packages [2426 kB]
2026-01-13T12:50:36.2292282Z Get:17 http://azure.archive.ubuntu.com/ubuntu noble-updates/restricted Translation-en [554 kB]
2026-01-13T12:50:36.2751318Z Get:18 http://azure.archive.ubuntu.com/ubuntu noble-updates/restricted amd64 Components [212 B]
2026-01-13T12:50:36.2764457Z Get:19 http://azure.archive.ubuntu.com/ubuntu noble-updates/multiverse amd64 Components [940 B]
2026-01-13T12:50:36.2772171Z Get:20 http://azure.archive.ubuntu.com/ubuntu noble-backports/main amd64 Components [7316 B]
2026-01-13T12:50:36.2779238Z Get:21 http://azure.archive.ubuntu.com/ubuntu noble-backports/universe amd64 Components [10.5 kB]
2026-01-13T12:50:36.2783226Z Get:22 http://azure.archive.ubuntu.com/ubuntu noble-backports/restricted amd64 Components [216 B]
2026-01-13T12:50:36.2787237Z Get:23 http://azure.archive.ubuntu.com/ubuntu noble-backports/multiverse amd64 Components [212 B]
2026-01-13T12:50:36.2869577Z Get:24 https://packages.microsoft.com/repos/azure-cli noble/main amd64 Packages [1948 B]
2026-01-13T12:50:36.3306649Z Get:25 http://azure.archive.ubuntu.com/ubuntu noble-security/main amd64 Packages [1404 kB]
2026-01-13T12:50:36.3393046Z Get:26 http://azure.archive.ubuntu.com/ubuntu noble-security/main Translation-en [228 kB]
2026-01-13T12:50:36.3411060Z Get:27 http://azure.archive.ubuntu.com/ubuntu noble-security/main amd64 Components [21.5 kB]
2026-01-13T12:50:36.3419013Z Get:28 http://azure.archive.ubuntu.com/ubuntu noble-security/main amd64 c-n-f Metadata [9724 B]
2026-01-13T12:50:36.3426023Z Get:29 http://azure.archive.ubuntu.com/ubuntu noble-security/universe amd64 Packages [920 kB]
2026-01-13T12:50:36.3479341Z Get:30 http://azure.archive.ubuntu.com/ubuntu noble-security/universe Translation-en [208 kB]
2026-01-13T12:50:36.3501621Z Get:31 http://azure.archive.ubuntu.com/ubuntu noble-security/universe amd64 Components [71.5 kB]
2026-01-13T12:50:36.3511467Z Get:32 http://azure.archive.ubuntu.com/ubuntu noble-security/universe amd64 c-n-f Metadata [19.7 kB]
2026-01-13T12:50:36.3822034Z Get:38 https://packages.microsoft.com/ubuntu/24.04/prod noble/main arm64 Packages [60.8 kB]
2026-01-13T12:50:36.3891110Z Get:39 https://packages.microsoft.com/ubuntu/24.04/prod noble/main amd64 Packages [79.1 kB]
2026-01-13T12:50:36.3953838Z Get:33 http://azure.archive.ubuntu.com/ubuntu noble-security/restricted amd64 Packages [2302 kB]
2026-01-13T12:50:36.3976621Z Get:40 https://packages.microsoft.com/ubuntu/24.04/prod noble/main armhf Packages [11.4 kB]
2026-01-13T12:50:36.4076481Z Get:34 http://azure.archive.ubuntu.com/ubuntu noble-security/restricted Translation-en [527 kB]
2026-01-13T12:50:36.4105718Z Get:35 http://azure.archive.ubuntu.com/ubuntu noble-security/restricted amd64 Components [212 B]
2026-01-13T12:50:36.4110777Z Get:36 http://azure.archive.ubuntu.com/ubuntu noble-security/multiverse Translation-en [6188 B]
2026-01-13T12:50:36.4117246Z Get:37 http://azure.archive.ubuntu.com/ubuntu noble-security/multiverse amd64 Components [212 B]
2026-01-13T12:50:45.0044492Z Fetched 13.7 MB in 2s (8845 kB/s)
2026-01-13T12:50:45.7361233Z Reading package lists...
2026-01-13T12:50:45.7623088Z Reading package lists...
2026-01-13T12:50:45.9189599Z Building dependency tree...
2026-01-13T12:50:45.9196768Z Reading state information...
2026-01-13T12:50:45.9347790Z libasound2t64 is already the newest version (1.2.11-1ubuntu0.1).
2026-01-13T12:50:45.9348940Z libasound2t64 set to manually installed.
2026-01-13T12:50:45.9349704Z libatk-bridge2.0-0t64 is already the newest version (2.52.0-1build1).
2026-01-13T12:50:45.9350431Z libatk-bridge2.0-0t64 set to manually installed.
2026-01-13T12:50:45.9351120Z libatk1.0-0t64 is already the newest version (2.52.0-1build1).
2026-01-13T12:50:45.9351733Z libatk1.0-0t64 set to manually installed.
2026-01-13T12:50:45.9352385Z libatspi2.0-0t64 is already the newest version (2.52.0-1build1).
2026-01-13T12:50:45.9353014Z libatspi2.0-0t64 set to manually installed.
2026-01-13T12:50:45.9353583Z libcairo2 is already the newest version (1.18.0-3build1).
2026-01-13T12:50:45.9354003Z libcairo2 set to manually installed.
2026-01-13T12:50:45.9354474Z libcups2t64 is already the newest version (2.4.7-1.2ubuntu7.9).
2026-01-13T12:50:45.9355271Z libcups2t64 set to manually installed.
2026-01-13T12:50:45.9355796Z libdbus-1-3 is already the newest version (1.14.10-4ubuntu4.1).
2026-01-13T12:50:45.9356252Z libdbus-1-3 set to manually installed.
2026-01-13T12:50:45.9356739Z libdrm2 is already the newest version (2.4.122-1~ubuntu0.24.04.2).
2026-01-13T12:50:45.9357190Z libdrm2 set to manually installed.
2026-01-13T12:50:45.9357642Z libgbm1 is already the newest version (25.0.7-0ubuntu0.24.04.2).
2026-01-13T12:50:45.9358076Z libgbm1 set to manually installed.
2026-01-13T12:50:45.9358732Z libnspr4 is already the newest version (2:4.35-1.1build1).
2026-01-13T12:50:45.9359161Z libnspr4 set to manually installed.
2026-01-13T12:50:45.9359575Z libnss3 is already the newest version (2:3.98-1build1).
2026-01-13T12:50:45.9359982Z libnss3 set to manually installed.
2026-01-13T12:50:45.9360444Z libpango-1.0-0 is already the newest version (1.52.1+ds-1build1).
2026-01-13T12:50:45.9360909Z libpango-1.0-0 set to manually installed.
2026-01-13T12:50:45.9361361Z libx11-6 is already the newest version (2:1.8.7-1build1).
2026-01-13T12:50:45.9361772Z libx11-6 set to manually installed.
2026-01-13T12:50:45.9362173Z libxcb1 is already the newest version (1.15-1ubuntu2).
2026-01-13T12:50:45.9362572Z libxcb1 set to manually installed.
2026-01-13T12:50:45.9363026Z libxcomposite1 is already the newest version (1:0.4.5-1build3).
2026-01-13T12:50:45.9363497Z libxcomposite1 set to manually installed.
2026-01-13T12:50:45.9363916Z libxdamage1 is already the newest version (1:1.1.6-1build1).
2026-01-13T12:50:45.9364278Z libxdamage1 set to manually installed.
2026-01-13T12:50:45.9364653Z libxext6 is already the newest version (2:1.3.4-1build2).
2026-01-13T12:50:45.9364997Z libxext6 set to manually installed.
2026-01-13T12:50:45.9365607Z libxfixes3 is already the newest version (1:6.0.0-2build1).
2026-01-13T12:50:45.9365995Z libxfixes3 set to manually installed.
2026-01-13T12:50:45.9366370Z libxkbcommon0 is already the newest version (1.6.0-1build1).
2026-01-13T12:50:45.9366745Z libxkbcommon0 set to manually installed.
2026-01-13T12:50:45.9367130Z libxrandr2 is already the newest version (2:1.5.2-2build1).
2026-01-13T12:50:45.9367478Z libxrandr2 set to manually installed.
2026-01-13T12:50:45.9367872Z libcairo-gobject2 is already the newest version (1.18.0-3build1).
2026-01-13T12:50:45.9368393Z libcairo-gobject2 set to manually installed.
2026-01-13T12:50:45.9368802Z libfontconfig1 is already the newest version (2.15.0-1.1ubuntu2).
2026-01-13T12:50:45.9369185Z libfontconfig1 set to manually installed.
2026-01-13T12:50:45.9369574Z libfreetype6 is already the newest version (2.13.2+dfsg-1build3).
2026-01-13T12:50:45.9369946Z libfreetype6 set to manually installed.
2026-01-13T12:50:45.9370394Z libgdk-pixbuf-2.0-0 is already the newest version (2.42.10+dfsg-3ubuntu3.2).
2026-01-13T12:50:45.9370835Z libgdk-pixbuf-2.0-0 set to manually installed.
2026-01-13T12:50:45.9371245Z libgtk-3-0t64 is already the newest version (3.24.41-4ubuntu1.3).
2026-01-13T12:50:45.9371623Z libgtk-3-0t64 set to manually installed.
2026-01-13T12:50:45.9372032Z libpangocairo-1.0-0 is already the newest version (1.52.1+ds-1build1).
2026-01-13T12:50:45.9372448Z libpangocairo-1.0-0 set to manually installed.
2026-01-13T12:50:45.9372855Z libx11-xcb1 is already the newest version (2:1.8.7-1build1).
2026-01-13T12:50:45.9373215Z libx11-xcb1 set to manually installed.
2026-01-13T12:50:45.9373578Z libxcb-shm0 is already the newest version (1.15-1ubuntu2).
2026-01-13T12:50:45.9373925Z libxcb-shm0 set to manually installed.
2026-01-13T12:50:45.9374301Z libxcursor1 is already the newest version (1:1.2.1-1build1).
2026-01-13T12:50:45.9374653Z libxcursor1 set to manually installed.
2026-01-13T12:50:45.9374990Z libxi6 is already the newest version (2:1.8.1-1build1).
2026-01-13T12:50:45.9375322Z libxi6 set to manually installed.
2026-01-13T12:50:45.9375683Z libxrender1 is already the newest version (1:0.9.10-1.1build1).
2026-01-13T12:50:45.9376049Z libxrender1 set to manually installed.
2026-01-13T12:50:45.9376549Z libicu74 is already the newest version (74.2-1ubuntu3.1).
2026-01-13T12:50:45.9377013Z libatomic1 is already the newest version (14.2.0-4ubuntu2~24.04).
2026-01-13T12:50:45.9377475Z libatomic1 set to manually installed.
2026-01-13T12:50:45.9377855Z libenchant-2-2 is already the newest version (2.3.3-2build2).
2026-01-13T12:50:45.9378334Z libenchant-2-2 set to manually installed.
2026-01-13T12:50:45.9378699Z libepoxy0 is already the newest version (1.5.10-1build1).
2026-01-13T12:50:45.9379040Z libepoxy0 set to manually installed.
2026-01-13T12:50:45.9379427Z libgstreamer1.0-0 is already the newest version (1.24.2-1ubuntu0.1).
2026-01-13T12:50:45.9379832Z libgstreamer1.0-0 set to manually installed.
2026-01-13T12:50:45.9380221Z libharfbuzz0b is already the newest version (8.3.0-2build2).
2026-01-13T12:50:45.9380578Z libharfbuzz0b set to manually installed.
2026-01-13T12:50:45.9380964Z libjpeg-turbo8 is already the newest version (2.1.5-2ubuntu2).
2026-01-13T12:50:45.9381346Z libjpeg-turbo8 set to manually installed.
2026-01-13T12:50:45.9381702Z liblcms2-2 is already the newest version (2.14-2build1).
2026-01-13T12:50:45.9382038Z liblcms2-2 set to manually installed.
2026-01-13T12:50:45.9382425Z libwayland-client0 is already the newest version (1.22.0-2.1build1).
2026-01-13T12:50:45.9382843Z libwayland-client0 set to manually installed.
2026-01-13T12:50:46.0691387Z libwayland-egl1 is already the newest version (1.22.0-2.1build1).
2026-01-13T12:50:46.0692231Z libwayland-egl1 set to manually installed.
2026-01-13T12:50:46.0693047Z libwayland-server0 is already the newest version (1.22.0-2.1build1).
2026-01-13T12:50:46.0693839Z libwayland-server0 set to manually installed.
2026-01-13T12:50:46.0694554Z libwebp7 is already the newest version (1.3.2-0.4build3).
2026-01-13T12:50:46.0695541Z libwebp7 set to manually installed.
2026-01-13T12:50:46.0696309Z libwebpdemux2 is already the newest version (1.3.2-0.4build3).
2026-01-13T12:50:46.0697022Z libwebpdemux2 set to manually installed.
2026-01-13T12:50:46.0697758Z libxml2 is already the newest version (2.9.14+dfsg-1.3ubuntu3.6).
2026-01-13T12:50:46.0698638Z libxml2 set to manually installed.
2026-01-13T12:50:46.0699327Z xvfb is already the newest version (2:21.1.12-1ubuntu1.5).
2026-01-13T12:50:46.0700308Z fonts-noto-color-emoji is already the newest version (2.047-0ubuntu0.24.04.1).
2026-01-13T12:50:46.0701300Z fonts-liberation is already the newest version (1:2.1.5-3).
2026-01-13T12:50:46.0702099Z fonts-liberation set to manually installed.
2026-01-13T12:50:46.0702828Z The following additional packages will be installed:
2026-01-13T12:50:46.0703609Z   gir1.2-glib-2.0 glib-networking glib-networking-common
2026-01-13T12:50:46.0704564Z   glib-networking-services gsettings-desktop-schemas libaa1 libabsl20220623t64
2026-01-13T12:50:46.0705663Z   libass9 libasyncns0 libavc1394-0 libavcodec60 libavfilter9 libavformat60
2026-01-13T12:50:46.0706566Z   libavtp0 libavutil58 libblas3 libbluray2 libbs2b0 libcaca0
2026-01-13T12:50:46.0707509Z   libcairo-script-interpreter2 libcdparanoia0 libchromaprint1 libcjson1
2026-01-13T12:50:46.0708646Z   libcodec2-1.2 libdav1d7 libdc1394-25 libdca0 libdecor-0-0
2026-01-13T12:50:46.0709515Z   libdirectfb-1.7-7t64 libdv4t64 libdvdnav4 libdvdread8t64 libegl-mesa0
2026-01-13T12:50:46.0710479Z   libegl1 libfaad2 libflac12t64 libfluidsynth3 libfreeaptx0 libgav1-1
2026-01-13T12:50:46.0711381Z   libglib2.0-bin libglib2.0-data libgme0 libgraphene-1.0-0 libgsm1
2026-01-13T12:50:46.0712412Z   libgssdp-1.6-0 libgstreamer-plugins-good1.0-0 libgtk-4-common libgupnp-1.6-0
2026-01-13T12:50:46.0713398Z   libgupnp-igd-1.6-0 libhwy1t64 libiec61883-0 libimath-3-1-29t64
2026-01-13T12:50:46.0714271Z   libinstpatch-1.0-2 libjack-jackd2-0 libjxl0.7 liblapack3 liblc3-1
2026-01-13T12:50:46.0715299Z   libldacbt-enc2 liblilv-0-0 liblrdf0 libltc11 libmbedcrypto7t64 libmfx1
2026-01-13T12:50:46.0716213Z   libmjpegutils-2.1-0t64 libmodplug1 libmp3lame0 libmpcdec6
2026-01-13T12:50:46.0717087Z   libmpeg2encpp-2.1-0t64 libmpg123-0t64 libmplex2-2.1-0t64 libmysofa1
2026-01-13T12:50:46.0718491Z   libneon27t64 libnice10 libopenal-data libopenal1 libopenexr-3-1-30
2026-01-13T12:50:46.0719376Z   libopenh264-7 libopenmpt0t64 libopenni2-0 liborc-0.4-0t64
2026-01-13T12:50:46.0720234Z   libpipewire-0.3-0t64 libplacebo338 libpocketsphinx3 libpostproc57
2026-01-13T12:50:46.0721218Z   libproxy1v5 libpulse0 libqrencode4 libraptor2-0 librav1e0 libraw1394-11
2026-01-13T12:50:46.0722179Z   librist4 librsvg2-2 librubberband2 libsamplerate0 libsbc1 libsdl2-2.0-0
2026-01-13T12:50:46.0723163Z   libsecret-common libserd-0-0 libshine3 libshout3 libsndfile1 libsndio7.0
2026-01-13T12:50:46.0724135Z   libsord-0-0 libsoundtouch1 libsoup-3.0-0 libsoup-3.0-common libsoxr0
2026-01-13T12:50:46.0725133Z   libspa-0.2-modules libspandsp2t64 libspeex1 libsphinxbase3t64 libsratom-0-0
2026-01-13T12:50:46.0726139Z   libsrt1.5-gnutls libsrtp2-1 libssh-4 libssh-gcrypt-4 libsvtav1enc1d1
2026-01-13T12:50:46.0727064Z   libswresample4 libswscale7 libtag1v5 libtag1v5-vanilla libtheora0
2026-01-13T12:50:46.0727989Z   libtwolame0 libudfread0 libunibreak5 libv4l-0t64 libv4lconvert0t64
2026-01-13T12:50:46.0729099Z   libva-drm2 libva-x11-2 libva2 libvdpau1 libvidstab1.1 libvisual-0.4-0
2026-01-13T12:50:46.0730003Z   libvo-aacenc0 libvo-amrwbenc0 libvorbisenc2 libvpl2 libwavpack1
2026-01-13T12:50:46.0730841Z   libwebrtc-audio-processing1 libwildmidi2 libx265-199 libxcb-xkb1
2026-01-13T12:50:46.0731789Z   libxkbcommon-x11-0 libxvidcore4 libyuv0 libzbar0t64 libzimg2 libzix-0-0
2026-01-13T12:50:46.0732825Z   libzvbi-common libzvbi0t64 libzxing3 ocl-icd-libopencl1 session-migration
2026-01-13T12:50:46.0733696Z   timgm6mb-soundfont xfonts-encodings xfonts-utils
2026-01-13T12:50:46.0734275Z Suggested packages:
2026-01-13T12:50:46.0734961Z   frei0r-plugins gvfs libcuda1 libnvcuvid1 libnvidia-encode1 libbluray-bdj
2026-01-13T12:50:46.0736248Z   libdirectfb-extra libdv-bin oss-compat libdvdcss2 low-memory-monitor
2026-01-13T12:50:46.0737306Z   libvisual-0.4-plugins jackd2 liblrdf0-dev libportaudio2 opus-tools pipewire
2026-01-13T12:50:46.0738564Z   pulseaudio raptor2-utils libraw1394-doc librsvg2-bin serdi sndiod sordi
2026-01-13T12:50:46.0739449Z   speex libwildmidi-config opencl-icd fluid-soundfont-gm
2026-01-13T12:50:46.0740033Z Recommended packages:
2026-01-13T12:50:46.0740657Z   fonts-ipafont-mincho fonts-tlwg-loma gstreamer1.0-x libaacs0
2026-01-13T12:50:46.0741575Z   default-libdecor-0-plugin-1 | libdecor-0-plugin-1 gstreamer1.0-gl
2026-01-13T12:50:46.0742544Z   libgtk-4-bin librsvg2-common libgtk-4-media-gstreamer libpipewire-0.3-common
2026-01-13T12:50:46.0743600Z   pocketsphinx-en-us va-driver-all | va-driver vdpau-driver-all | vdpau-driver
2026-01-13T12:50:46.0744336Z   libmagickcore-6.q16-7-extra
2026-01-13T12:50:46.1462647Z The following NEW packages will be installed:
2026-01-13T12:50:46.1463833Z   fonts-freefont-ttf fonts-ipafont-gothic fonts-tlwg-loma-otf fonts-unifont
2026-01-13T12:50:46.1465049Z   fonts-wqy-zenhei glib-networking glib-networking-common
2026-01-13T12:50:46.1466177Z   glib-networking-services gsettings-desktop-schemas gstreamer1.0-libav
2026-01-13T12:50:46.1467556Z   gstreamer1.0-plugins-bad gstreamer1.0-plugins-base gstreamer1.0-plugins-good
2026-01-13T12:50:46.1469094Z   libaa1 libabsl20220623t64 libass9 libasyncns0 libavc1394-0 libavcodec60
2026-01-13T12:50:46.1470265Z   libavfilter9 libavformat60 libavif16 libavtp0 libavutil58 libblas3
2026-01-13T12:50:46.1471317Z   libbluray2 libbs2b0 libcaca0 libcairo-script-interpreter2 libcdparanoia0
2026-01-13T12:50:46.1472014Z   libchromaprint1 libcjson1 libcodec2-1.2 libdav1d7 libdc1394-25 libdca0
2026-01-13T12:50:46.1472686Z   libdecor-0-0 libdirectfb-1.7-7t64 libdv4t64 libdvdnav4 libdvdread8t64
2026-01-13T12:50:46.1473344Z   libegl-mesa0 libegl1 libevent-2.1-7t64 libfaad2 libflac12t64 libflite1
2026-01-13T12:50:46.1474376Z   libfluidsynth3 libfreeaptx0 libgav1-1 libgles2 libgme0 libgraphene-1.0-0
2026-01-13T12:50:46.1475221Z   libgsm1 libgssdp-1.6-0 libgstreamer-gl1.0-0 libgstreamer-plugins-bad1.0-0
2026-01-13T12:50:46.1476352Z   libgstreamer-plugins-base1.0-0 libgstreamer-plugins-good1.0-0 libgtk-4-1
2026-01-13T12:50:46.1477363Z   libgtk-4-common libgupnp-1.6-0 libgupnp-igd-1.6-0 libharfbuzz-icu0
2026-01-13T12:50:46.1477993Z   libhwy1t64 libhyphen0 libiec61883-0 libimath-3-1-29t64 libinstpatch-1.0-2
2026-01-13T12:50:46.1478719Z   libjack-jackd2-0 libjxl0.7 liblapack3 liblc3-1 libldacbt-enc2 liblilv-0-0
2026-01-13T12:50:46.1479326Z   liblrdf0 libltc11 libmanette-0.2-0 libmbedcrypto7t64 libmfx1
2026-01-13T12:50:46.1480085Z   libmjpegutils-2.1-0t64 libmodplug1 libmp3lame0 libmpcdec6
2026-01-13T12:50:46.1480550Z   libmpeg2encpp-2.1-0t64 libmpg123-0t64 libmplex2-2.1-0t64 libmysofa1
2026-01-13T12:50:46.1481020Z   libneon27t64 libnice10 libopenal-data libopenal1 libopenexr-3-1-30
2026-01-13T12:50:46.1481504Z   libopenh264-7 libopenmpt0t64 libopenni2-0 libopus0 liborc-0.4-0t64
2026-01-13T12:50:46.1481972Z   libpipewire-0.3-0t64 libplacebo338 libpocketsphinx3 libpostproc57
2026-01-13T12:50:46.1482445Z   libproxy1v5 libpulse0 libqrencode4 libraptor2-0 librav1e0 libraw1394-11
2026-01-13T12:50:46.1482952Z   librist4 librsvg2-2 librubberband2 libsamplerate0 libsbc1 libsdl2-2.0-0
2026-01-13T12:50:46.1483460Z   libsecret-1-0 libsecret-common libserd-0-0 libshine3 libshout3 libsndfile1
2026-01-13T12:50:46.1483954Z   libsndio7.0 libsord-0-0 libsoundtouch1 libsoup-3.0-0 libsoup-3.0-common
2026-01-13T12:50:46.1484438Z   libsoxr0 libspa-0.2-modules libspandsp2t64 libspeex1 libsphinxbase3t64
2026-01-13T12:50:46.1484931Z   libsratom-0-0 libsrt1.5-gnutls libsrtp2-1 libssh-gcrypt-4 libsvtav1enc1d1
2026-01-13T12:50:46.1485412Z   libswresample4 libswscale7 libtag1v5 libtag1v5-vanilla libtheora0
2026-01-13T12:50:46.1485870Z   libtwolame0 libudfread0 libunibreak5 libv4l-0t64 libv4lconvert0t64
2026-01-13T12:50:46.1486480Z   libva-drm2 libva-x11-2 libva2 libvdpau1 libvidstab1.1 libvisual-0.4-0
2026-01-13T12:50:46.1486977Z   libvo-aacenc0 libvo-amrwbenc0 libvorbisenc2 libvpl2 libvpx9 libwavpack1
2026-01-13T12:50:46.1487490Z   libwebrtc-audio-processing1 libwildmidi2 libwoff1 libx264-164 libx265-199
2026-01-13T12:50:46.1488009Z   libxcb-xkb1 libxkbcommon-x11-0 libxvidcore4 libyuv0 libzbar0t64 libzimg2
2026-01-13T12:50:46.1488738Z   libzix-0-0 libzvbi-common libzvbi0t64 libzxing3 ocl-icd-libopencl1
2026-01-13T12:50:46.1489391Z   session-migration timgm6mb-soundfont xfonts-cyrillic xfonts-encodings
2026-01-13T12:50:46.1489967Z   xfonts-scalable xfonts-utils
2026-01-13T12:50:46.1490263Z The following packages will be upgraded:
2026-01-13T12:50:46.1490638Z   gir1.2-glib-2.0 libglib2.0-0t64 libglib2.0-bin libglib2.0-data
2026-01-13T12:50:46.1490985Z   libpng16-16t64 libssh-4 libxslt1.1
2026-01-13T12:50:46.1696180Z 7 upgraded, 179 newly installed, 0 to remove and 113 not upgraded.
2026-01-13T12:50:46.1696861Z Need to get 116 MB of archives.
2026-01-13T12:50:46.1697286Z After this operation, 363 MB of additional disk space will be used.
2026-01-13T12:50:46.1697749Z Get:1 file:/etc/apt/apt-mirrors.txt Mirrorlist [144 B]
2026-01-13T12:50:46.2322143Z Get:2 http://azure.archive.ubuntu.com/ubuntu noble/universe amd64 fonts-ipafont-gothic all 00303-21ubuntu1 [3513 kB]
2026-01-13T12:50:46.3297277Z Get:3 http://azure.archive.ubuntu.com/ubuntu noble-updates/main amd64 libglib2.0-data all 2.80.0-6ubuntu3.6 [49.3 kB]
2026-01-13T12:50:46.3759001Z Get:4 http://azure.archive.ubuntu.com/ubuntu noble-updates/main amd64 libglib2.0-bin amd64 2.80.0-6ubuntu3.6 [98.3 kB]
2026-01-13T12:50:46.4225283Z Get:5 http://azure.archive.ubuntu.com/ubuntu noble-updates/main amd64 gir1.2-glib-2.0 amd64 2.80.0-6ubuntu3.6 [183 kB]
2026-01-13T12:50:46.4696584Z Get:6 http://azure.archive.ubuntu.com/ubuntu noble-updates/main amd64 libglib2.0-0t64 amd64 2.80.0-6ubuntu3.6 [1545 kB]
2026-01-13T12:50:46.5345771Z Get:7 http://azure.archive.ubuntu.com/ubuntu noble-updates/main amd64 libpng16-16t64 amd64 1.6.43-5ubuntu0.1 [187 kB]
2026-01-13T12:50:46.5829046Z Get:8 http://azure.archive.ubuntu.com/ubuntu noble/main amd64 fonts-freefont-ttf all 20211204+svn4273-2 [5641 kB]
2026-01-13T12:50:46.7295448Z Get:9 http://azure.archive.ubuntu.com/ubuntu noble/universe amd64 fonts-tlwg-loma-otf all 1:0.7.3-1 [107 kB]
2026-01-13T12:50:46.7768628Z Get:10 http://azure.archive.ubuntu.com/ubuntu noble/universe amd64 fonts-unifont all 1:15.1.01-1build1 [2993 kB]
2026-01-13T12:50:46.8658990Z Get:11 http://azure.archive.ubuntu.com/ubuntu noble/universe amd64 fonts-wqy-zenhei all 0.9.45-8 [7472 kB]
2026-01-13T12:50:47.0186645Z Get:12 http://azure.archive.ubuntu.com/ubuntu noble/main amd64 libproxy1v5 amd64 0.5.4-4build1 [26.5 kB]
2026-01-13T12:50:47.0654192Z Get:13 http://azure.archive.ubuntu.com/ubuntu noble/main amd64 glib-networking-common all 2.80.0-1build1 [6702 B]
2026-01-13T12:50:47.1114509Z Get:14 http://azure.archive.ubuntu.com/ubuntu noble/main amd64 glib-networking-services amd64 2.80.0-1build1 [12.8 kB]
2026-01-13T12:50:47.1577756Z Get:15 http://azure.archive.ubuntu.com/ubuntu noble/main amd64 session-migration amd64 0.3.9build1 [9034 B]
2026-01-13T12:50:47.2037443Z Get:16 http://azure.archive.ubuntu.com/ubuntu noble-updates/main amd64 gsettings-desktop-schemas all 46.1-0ubuntu1 [35.6 kB]
2026-01-13T12:50:47.2509688Z Get:17 http://azure.archive.ubuntu.com/ubuntu noble/main amd64 glib-networking amd64 2.80.0-1build1 [64.1 kB]
2026-01-13T12:50:47.3001913Z Get:18 http://azure.archive.ubuntu.com/ubuntu noble/universe amd64 libva2 amd64 2.20.0-2build1 [66.2 kB]
2026-01-13T12:50:47.3469557Z Get:19 http://azure.archive.ubuntu.com/ubuntu noble/universe amd64 libva-drm2 amd64 2.20.0-2build1 [7124 B]
2026-01-13T12:50:47.3931548Z Get:20 http://azure.archive.ubuntu.com/ubuntu noble/universe amd64 libva-x11-2 amd64 2.20.0-2build1 [12.0 kB]
2026-01-13T12:50:47.4389316Z Get:21 http://azure.archive.ubuntu.com/ubuntu noble/main amd64 libvdpau1 amd64 1.5-2build1 [27.8 kB]
2026-01-13T12:50:47.4850978Z Get:22 http://azure.archive.ubuntu.com/ubuntu noble/universe amd64 libvpl2 amd64 2023.3.0-1build1 [99.8 kB]
2026-01-13T12:50:47.5313499Z Get:23 http://azure.archive.ubuntu.com/ubuntu noble/universe amd64 ocl-icd-libopencl1 amd64 2.3.2-1build1 [38.5 kB]
2026-01-13T12:50:47.5771962Z Get:24 http://azure.archive.ubuntu.com/ubuntu noble/universe amd64 libavutil58 amd64 7:6.1.1-3ubuntu5 [401 kB]
2026-01-13T12:50:47.6295861Z Get:25 http://azure.archive.ubuntu.com/ubuntu noble/universe amd64 libcodec2-1.2 amd64 1.2.0-2build1 [8998 kB]
2026-01-13T12:50:47.8047317Z Get:26 http://azure.archive.ubuntu.com/ubuntu noble/universe amd64 libdav1d7 amd64 1.4.1-1build1 [604 kB]
2026-01-13T12:50:47.8575589Z Get:27 http://azure.archive.ubuntu.com/ubuntu noble/universe amd64 libgsm1 amd64 1.0.22-1build1 [27.8 kB]
2026-01-13T12:50:47.9038662Z Get:28 http://azure.archive.ubuntu.com/ubuntu noble/universe amd64 libhwy1t64 amd64 1.0.7-8.1build1 [584 kB]
2026-01-13T12:50:47.9578623Z Get:29 http://azure.archive.ubuntu.com/ubuntu noble-updates/universe amd64 libjxl0.7 amd64 0.7.0-10.2ubuntu6.1 [1001 kB]
2026-01-13T12:50:48.0191843Z Get:30 http://azure.archive.ubuntu.com/ubuntu noble/main amd64 libmp3lame0 amd64 3.100-6build1 [142 kB]
2026-01-13T12:50:48.0666993Z Get:31 http://azure.archive.ubuntu.com/ubuntu noble/main amd64 libopus0 amd64 1.4-1build1 [208 kB]
2026-01-13T12:50:48.1145128Z Get:32 http://azure.archive.ubuntu.com/ubuntu noble/universe amd64 librav1e0 amd64 0.7.1-2 [1022 kB]
2026-01-13T12:50:48.1746951Z Get:33 http://azure.archive.ubuntu.com/ubuntu noble/main amd64 librsvg2-2 amd64 2.58.0+dfsg-1build1 [2135 kB]
2026-01-13T12:50:48.2507808Z Get:34 http://azure.archive.ubuntu.com/ubuntu noble/universe amd64 libshine3 amd64 3.1.1-2build1 [23.2 kB]
2026-01-13T12:50:48.2971229Z Get:35 http://azure.archive.ubuntu.com/ubuntu noble-updates/main amd64 libspeex1 amd64 1.2.1-2ubuntu2.24.04.1 [59.6 kB]
2026-01-13T12:50:48.3437405Z Get:36 http://azure.archive.ubuntu.com/ubuntu noble/universe amd64 libsvtav1enc1d1 amd64 1.7.0+dfsg-2build1 [2425 kB]
2026-01-13T12:50:48.4249613Z Get:37 http://azure.archive.ubuntu.com/ubuntu noble/universe amd64 libsoxr0 amd64 0.1.3-4build3 [80.0 kB]
2026-01-13T12:50:48.4716509Z Get:38 http://azure.archive.ubuntu.com/ubuntu noble/universe amd64 libswresample4 amd64 7:6.1.1-3ubuntu5 [63.8 kB]
2026-01-13T12:50:48.5186100Z Get:39 http://azure.archive.ubuntu.com/ubuntu noble/main amd64 libtheora0 amd64 1.1.1+dfsg.1-16.1build3 [211 kB]
2026-01-13T12:50:48.5671336Z Get:40 http://azure.archive.ubuntu.com/ubuntu noble/main amd64 libtwolame0 amd64 0.4.0-2build3 [52.3 kB]
2026-01-13T12:50:48.6139768Z Get:41 http://azure.archive.ubuntu.com/ubuntu noble/main amd64 libvorbisenc2 amd64 1.3.7-1build3 [80.8 kB]
2026-01-13T12:50:48.6610681Z Get:42 http://azure.archive.ubuntu.com/ubuntu noble-updates/main amd64 libvpx9 amd64 1.14.0-1ubuntu2.2 [1143 kB]
2026-01-13T12:50:48.7222536Z Get:43 http://azure.archive.ubuntu.com/ubuntu noble/universe amd64 libx264-164 amd64 2:0.164.3108+git31e19f9-1 [604 kB]
2026-01-13T12:50:48.7786424Z Get:44 http://azure.archive.ubuntu.com/ubuntu noble/universe amd64 libx265-199 amd64 3.5-2build1 [1226 kB]
2026-01-13T12:50:48.8458482Z Get:45 http://azure.archive.ubuntu.com/ubuntu noble/universe amd64 libxvidcore4 amd64 2:1.3.7-1build1 [219 kB]
2026-01-13T12:50:48.8941567Z Get:46 http://azure.archive.ubuntu.com/ubuntu noble/universe amd64 libzvbi-common all 0.2.42-2 [42.4 kB]
2026-01-13T12:50:48.9453895Z Get:47 http://azure.archive.ubuntu.com/ubuntu noble/universe amd64 libzvbi0t64 amd64 0.2.42-2 [261 kB]
2026-01-13T12:50:48.9969185Z Get:48 http://azure.archive.ubuntu.com/ubuntu noble/universe amd64 libavcodec60 amd64 7:6.1.1-3ubuntu5 [5851 kB]
2026-01-13T12:50:49.1380076Z Get:49 http://azure.archive.ubuntu.com/ubuntu noble/universe amd64 libunibreak5 amd64 5.1-2build1 [25.0 kB]
2026-01-13T12:50:49.1884673Z Get:50 http://azure.archive.ubuntu.com/ubuntu noble/universe amd64 libass9 amd64 1:0.17.1-2build1 [104 kB]
2026-01-13T12:50:49.2394652Z Get:51 http://azure.archive.ubuntu.com/ubuntu noble/universe amd64 libudfread0 amd64 1.1.2-1build1 [19.0 kB]
2026-01-13T12:50:49.2937264Z Get:52 http://azure.archive.ubuntu.com/ubuntu noble/universe amd64 libbluray2 amd64 1:1.3.4-1build1 [159 kB]
2026-01-13T12:50:49.3453704Z Get:53 http://azure.archive.ubuntu.com/ubuntu noble/universe amd64 libchromaprint1 amd64 1.5.1-5 [30.5 kB]
2026-01-13T12:50:49.3958862Z Get:54 http://azure.archive.ubuntu.com/ubuntu noble/universe amd64 libgme0 amd64 0.6.3-7build1 [134 kB]
2026-01-13T12:50:49.4470094Z Get:55 http://azure.archive.ubuntu.com/ubuntu noble-updates/main amd64 libmpg123-0t64 amd64 1.32.5-1ubuntu1.1 [169 kB]
2026-01-13T12:50:49.4990271Z Get:56 http://azure.archive.ubuntu.com/ubuntu noble/universe amd64 libopenmpt0t64 amd64 0.7.3-1.1build3 [647 kB]
2026-01-13T12:50:49.5582950Z Get:57 http://azure.archive.ubuntu.com/ubuntu noble/universe amd64 libcjson1 amd64 1.7.17-1 [24.8 kB]
2026-01-13T12:50:49.6084121Z Get:58 http://azure.archive.ubuntu.com/ubuntu noble/universe amd64 libmbedcrypto7t64 amd64 2.28.8-1 [209 kB]
2026-01-13T12:50:49.6623743Z Get:59 http://azure.archive.ubuntu.com/ubuntu noble/universe amd64 librist4 amd64 0.2.10+dfsg-2 [74.9 kB]
2026-01-13T12:50:49.7127672Z Get:60 http://azure.archive.ubuntu.com/ubuntu noble/universe amd64 libsrt1.5-gnutls amd64 1.5.3-1build2 [316 kB]
2026-01-13T12:50:49.7680446Z Get:61 http://azure.archive.ubuntu.com/ubuntu noble-updates/main amd64 libssh-gcrypt-4 amd64 0.10.6-2ubuntu0.2 [224 kB]
2026-01-13T12:50:49.8205524Z Get:62 http://azure.archive.ubuntu.com/ubuntu noble/universe amd64 libavformat60 amd64 7:6.1.1-3ubuntu5 [1153 kB]
2026-01-13T12:50:49.8867585Z Get:63 http://azure.archive.ubuntu.com/ubuntu noble/universe amd64 libbs2b0 amd64 3.1.0+dfsg-7build1 [10.6 kB]
2026-01-13T12:50:49.9377181Z Get:64 http://azure.archive.ubuntu.com/ubuntu noble/universe amd64 libflite1 amd64 2.2-6build3 [13.6 MB]
2026-01-13T12:50:50.2005392Z Get:65 http://azure.archive.ubuntu.com/ubuntu noble/universe amd64 libserd-0-0 amd64 0.32.2-1 [43.6 kB]
2026-01-13T12:50:50.2512497Z Get:66 http://azure.archive.ubuntu.com/ubuntu noble/universe amd64 libzix-0-0 amd64 0.4.2-2build1 [23.6 kB]
2026-01-13T12:50:50.3022797Z Get:67 http://azure.archive.ubuntu.com/ubuntu noble/universe amd64 libsord-0-0 amd64 0.16.16-2build1 [15.8 kB]
2026-01-13T12:50:50.3522068Z Get:68 http://azure.archive.ubuntu.com/ubuntu noble/universe amd64 libsratom-0-0 amd64 0.6.16-1build1 [17.3 kB]
2026-01-13T12:50:50.4038406Z Get:69 http://azure.archive.ubuntu.com/ubuntu noble/universe amd64 liblilv-0-0 amd64 0.24.22-1build1 [41.0 kB]
2026-01-13T12:50:50.4541827Z Get:70 http://azure.archive.ubuntu.com/ubuntu noble/universe amd64 libmysofa1 amd64 1.3.2+dfsg-2ubuntu2 [1158 kB]
2026-01-13T12:50:50.5211508Z Get:71 http://azure.archive.ubuntu.com/ubuntu noble/universe amd64 libplacebo338 amd64 6.338.2-2build1 [2654 kB]
2026-01-13T12:50:50.6130401Z Get:72 http://azure.archive.ubuntu.com/ubuntu noble-updates/main amd64 libblas3 amd64 3.12.0-3build1.1 [238 kB]
2026-01-13T12:50:50.6709000Z Get:73 http://azure.archive.ubuntu.com/ubuntu noble-updates/main amd64 liblapack3 amd64 3.12.0-3build1.1 [2646 kB]
2026-01-13T12:50:50.7585970Z Get:74 http://azure.archive.ubuntu.com/ubuntu noble/main amd64 libasyncns0 amd64 0.8-6build4 [11.3 kB]
2026-01-13T12:50:50.8131788Z Get:75 http://azure.archive.ubuntu.com/ubuntu noble/main amd64 libflac12t64 amd64 1.4.3+ds-2.1ubuntu2 [197 kB]
2026-01-13T12:50:50.8691470Z Get:76 http://azure.archive.ubuntu.com/ubuntu noble-updates/main amd64 libsndfile1 amd64 1.2.2-1ubuntu5.24.04.1 [209 kB]
2026-01-13T12:50:50.9249290Z Get:77 http://azure.archive.ubuntu.com/ubuntu noble-updates/main amd64 libpulse0 amd64 1:16.1+dfsg1-2ubuntu10.1 [292 kB]
2026-01-13T12:50:50.9829552Z Get:78 http://azure.archive.ubuntu.com/ubuntu noble/universe amd64 libsphinxbase3t64 amd64 0.8+5prealpha+1-17build2 [126 kB]
2026-01-13T12:50:51.0409237Z Get:79 http://azure.archive.ubuntu.com/ubuntu noble/universe amd64 libpocketsphinx3 amd64 0.8.0+real5prealpha+1-15ubuntu5 [133 kB]
2026-01-13T12:50:51.0962030Z Get:80 http://azure.archive.ubuntu.com/ubuntu noble/universe amd64 libpostproc57 amd64 7:6.1.1-3ubuntu5 [49.9 kB]
2026-01-13T12:50:51.1512409Z Get:81 http://azure.archive.ubuntu.com/ubuntu noble/main amd64 libsamplerate0 amd64 0.2.2-4build1 [1344 kB]
2026-01-13T12:50:51.2208586Z Get:82 http://azure.archive.ubuntu.com/ubuntu noble/universe amd64 librubberband2 amd64 3.3.0+dfsg-2build1 [130 kB]
2026-01-13T12:50:51.2758995Z Get:83 http://azure.archive.ubuntu.com/ubuntu noble/universe amd64 libswscale7 amd64 7:6.1.1-3ubuntu5 [193 kB]
2026-01-13T12:50:51.3313530Z Get:84 http://azure.archive.ubuntu.com/ubuntu noble/universe amd64 libvidstab1.1 amd64 1.1.0-2build1 [38.5 kB]
2026-01-13T12:50:51.3856080Z Get:85 http://azure.archive.ubuntu.com/ubuntu noble/universe amd64 libzimg2 amd64 3.0.5+ds1-1build1 [254 kB]
2026-01-13T12:50:51.4420266Z Get:86 http://azure.archive.ubuntu.com/ubuntu noble/universe amd64 libavfilter9 amd64 7:6.1.1-3ubuntu5 [4235 kB]
2026-01-13T12:50:51.5618973Z Get:87 http://azure.archive.ubuntu.com/ubuntu noble-updates/main amd64 liborc-0.4-0t64 amd64 1:0.4.38-1ubuntu0.1 [207 kB]
2026-01-13T12:50:51.6181667Z Get:88 http://azure.archive.ubuntu.com/ubuntu noble-updates/main amd64 libgstreamer-plugins-base1.0-0 amd64 1.24.2-1ubuntu0.3 [862 kB]
2026-01-13T12:50:51.6776456Z Get:89 http://azure.archive.ubuntu.com/ubuntu noble/universe amd64 gstreamer1.0-libav amd64 1.24.1-1build1 [103 kB]
2026-01-13T12:50:51.7326984Z Get:90 http://azure.archive.ubuntu.com/ubuntu noble/main amd64 libcdparanoia0 amd64 3.10.2+debian-14build3 [48.5 kB]
2026-01-13T12:50:51.7876062Z Get:91 http://azure.archive.ubuntu.com/ubuntu noble/main amd64 libvisual-0.4-0 amd64 0.4.2-2build1 [115 kB]
2026-01-13T12:50:51.8430838Z Get:92 http://azure.archive.ubuntu.com/ubuntu noble-updates/main amd64 gstreamer1.0-plugins-base amd64 1.24.2-1ubuntu0.3 [721 kB]
2026-01-13T12:50:51.9018932Z Get:93 http://azure.archive.ubuntu.com/ubuntu noble/main amd64 libaa1 amd64 1.4p5-51.1 [49.9 kB]
2026-01-13T12:50:51.9563906Z Get:94 http://azure.archive.ubuntu.com/ubuntu noble/main amd64 libraw1394-11 amd64 2.1.2-2build3 [26.2 kB]
2026-01-13T12:50:52.0109335Z Get:95 http://azure.archive.ubuntu.com/ubuntu noble/main amd64 libavc1394-0 amd64 0.5.4-5build3 [15.4 kB]
2026-01-13T12:50:52.0661255Z Get:96 http://azure.archive.ubuntu.com/ubuntu noble-updates/main amd64 libcaca0 amd64 0.99.beta20-4ubuntu0.1 [209 kB]
2026-01-13T12:50:52.1218686Z Get:97 http://azure.archive.ubuntu.com/ubuntu noble/main amd64 libdv4t64 amd64 1.0.0-17.1build1 [63.2 kB]
2026-01-13T12:50:52.1769270Z Get:98 http://azure.archive.ubuntu.com/ubuntu noble-updates/main amd64 libgstreamer-plugins-good1.0-0 amd64 1.24.2-1ubuntu1.2 [33.0 kB]
2026-01-13T12:50:52.2318918Z Get:99 http://azure.archive.ubuntu.com/ubuntu noble/main amd64 libiec61883-0 amd64 1.2.0-6build1 [24.5 kB]
2026-01-13T12:50:52.2865109Z Get:100 http://azure.archive.ubuntu.com/ubuntu noble/main amd64 libshout3 amd64 2.4.6-1build2 [50.3 kB]
2026-01-13T12:50:52.3423500Z Get:101 http://azure.archive.ubuntu.com/ubuntu noble/main amd64 libtag1v5-vanilla amd64 1.13.1-1build1 [326 kB]
2026-01-13T12:50:52.4012501Z Get:102 http://azure.archive.ubuntu.com/ubuntu noble/main amd64 libtag1v5 amd64 1.13.1-1build1 [11.7 kB]
2026-01-13T12:50:52.4563288Z Get:103 http://azure.archive.ubuntu.com/ubuntu noble/main amd64 libv4lconvert0t64 amd64 1.26.1-4build3 [87.6 kB]
2026-01-13T12:50:52.5119348Z Get:104 http://azure.archive.ubuntu.com/ubuntu noble/main amd64 libv4l-0t64 amd64 1.26.1-4build3 [46.9 kB]
2026-01-13T12:50:52.5663928Z Get:105 http://azure.archive.ubuntu.com/ubuntu noble/main amd64 libwavpack1 amd64 5.6.0-1build1 [84.6 kB]
2026-01-13T12:50:52.6244314Z Get:106 http://azure.archive.ubuntu.com/ubuntu noble-updates/main amd64 libsoup-3.0-common all 3.4.4-5ubuntu0.6 [11.4 kB]
2026-01-13T12:50:52.6786176Z Get:107 http://azure.archive.ubuntu.com/ubuntu noble-updates/main amd64 libsoup-3.0-0 amd64 3.4.4-5ubuntu0.6 [291 kB]
2026-01-13T12:50:52.7372467Z Get:108 http://azure.archive.ubuntu.com/ubuntu noble-updates/main amd64 gstreamer1.0-plugins-good amd64 1.24.2-1ubuntu1.2 [2238 kB]
2026-01-13T12:50:52.8282650Z Get:109 http://azure.archive.ubuntu.com/ubuntu noble-updates/main amd64 libabsl20220623t64 amd64 20220623.1-3.1ubuntu3.2 [423 kB]
2026-01-13T12:50:52.8881840Z Get:110 http://azure.archive.ubuntu.com/ubuntu noble/universe amd64 libgav1-1 amd64 0.18.0-1build3 [357 kB]
2026-01-13T12:50:52.9454154Z Get:111 http://azure.archive.ubuntu.com/ubuntu noble/universe amd64 libyuv0 amd64 0.0~git202401110.af6ac82-1 [178 kB]
2026-01-13T12:50:53.0004729Z Get:112 http://azure.archive.ubuntu.com/ubuntu noble/universe amd64 libavif16 amd64 1.0.4-1ubuntu3 [91.2 kB]
2026-01-13T12:50:53.0548885Z Get:113 http://azure.archive.ubuntu.com/ubuntu noble/universe amd64 libavtp0 amd64 0.2.0-1build1 [6414 B]
2026-01-13T12:50:53.1087072Z Get:114 http://azure.archive.ubuntu.com/ubuntu noble/main amd64 libcairo-script-interpreter2 amd64 1.18.0-3build1 [60.3 kB]
2026-01-13T12:50:53.1632188Z Get:115 http://azure.archive.ubuntu.com/ubuntu noble/universe amd64 libdc1394-25 amd64 2.2.6-4build1 [90.1 kB]
2026-01-13T12:50:53.2181678Z Get:116 http://azure.archive.ubuntu.com/ubuntu noble/main amd64 libdecor-0-0 amd64 0.2.2-1build2 [16.5 kB]
2026-01-13T12:50:53.2655668Z Get:117 http://azure.archive.ubuntu.com/ubuntu noble/main amd64 libgles2 amd64 1.7.0-1build1 [17.1 kB]
2026-01-13T12:50:53.3113797Z Get:118 http://azure.archive.ubuntu.com/ubuntu noble/universe amd64 libdirectfb-1.7-7t64 amd64 1.7.7-11.1ubuntu2 [1035 kB]
2026-01-13T12:50:53.3729437Z Get:119 http://azure.archive.ubuntu.com/ubuntu noble/universe amd64 libdvdread8t64 amd64 6.1.3-1.1build1 [54.7 kB]
2026-01-13T12:50:53.4193686Z Get:120 http://azure.archive.ubuntu.com/ubuntu noble/universe amd64 libdvdnav4 amd64 6.1.1-3build1 [39.5 kB]
2026-01-13T12:50:53.4658931Z Get:121 http://azure.archive.ubuntu.com/ubuntu noble-updates/main amd64 libegl-mesa0 amd64 25.0.7-0ubuntu0.24.04.2 [124 kB]
2026-01-13T12:50:53.5129162Z Get:122 http://azure.archive.ubuntu.com/ubuntu noble/main amd64 libevent-2.1-7t64 amd64 2.1.12-stable-9ubuntu2 [145 kB]
2026-01-13T12:50:53.5594472Z Get:123 http://azure.archive.ubuntu.com/ubuntu noble/universe amd64 libfaad2 amd64 2.11.1-1build1 [207 kB]
2026-01-13T12:50:53.6067867Z Get:124 http://azure.archive.ubuntu.com/ubuntu noble/universe amd64 libinstpatch-1.0-2 amd64 1.1.6-1build2 [251 kB]
2026-01-13T12:50:53.6554785Z Get:125 http://azure.archive.ubuntu.com/ubuntu noble/main amd64 libjack-jackd2-0 amd64 1.9.21~dfsg-3ubuntu3 [289 kB]
2026-01-13T12:50:53.7051259Z Get:126 http://azure.archive.ubuntu.com/ubuntu noble/main amd64 libwebrtc-audio-processing1 amd64 0.3.1-0ubuntu6 [290 kB]
2026-01-13T12:50:53.7542181Z Get:127 http://azure.archive.ubuntu.com/ubuntu noble-updates/main amd64 libspa-0.2-modules amd64 1.0.5-1ubuntu3.2 [627 kB]
2026-01-13T12:50:53.8086141Z Get:128 http://azure.archive.ubuntu.com/ubuntu noble-updates/main amd64 libpipewire-0.3-0t64 amd64 1.0.5-1ubuntu3.2 [252 kB]
2026-01-13T12:50:53.8571844Z Get:129 http://azure.archive.ubuntu.com/ubuntu noble-updates/main amd64 libsdl2-2.0-0 amd64 2.30.0+dfsg-1ubuntu3.1 [686 kB]
2026-01-13T12:50:53.9118945Z Get:130 http://azure.archive.ubuntu.com/ubuntu noble/universe amd64 timgm6mb-soundfont all 1.3-5 [5427 kB]
2026-01-13T12:50:54.0347838Z Get:131 http://azure.archive.ubuntu.com/ubuntu noble/universe amd64 libfluidsynth3 amd64 2.3.4-1build3 [249 kB]
2026-01-13T12:50:54.0827605Z Get:132 http://azure.archive.ubuntu.com/ubuntu noble/main amd64 libfreeaptx0 amd64 0.1.1-2build1 [13.5 kB]
2026-01-13T12:50:54.1285469Z Get:133 http://azure.archive.ubuntu.com/ubuntu noble/main amd64 libgraphene-1.0-0 amd64 1.10.8-3build2 [46.2 kB]
2026-01-13T12:50:54.1747063Z Get:134 http://azure.archive.ubuntu.com/ubuntu noble/main amd64 libgssdp-1.6-0 amd64 1.6.3-1build3 [40.4 kB]
2026-01-13T12:50:54.2207733Z Get:135 http://azure.archive.ubuntu.com/ubuntu noble/main amd64 libegl1 amd64 1.7.0-1build1 [28.7 kB]
2026-01-13T12:50:54.2667681Z Get:136 http://azure.archive.ubuntu.com/ubuntu noble-updates/main amd64 libgstreamer-gl1.0-0 amd64 1.24.2-1ubuntu0.3 [214 kB]
2026-01-13T12:50:54.3140512Z Get:137 http://azure.archive.ubuntu.com/ubuntu noble-updates/main amd64 libgtk-4-common all 4.14.5+ds-0ubuntu0.7 [1496 kB]
2026-01-13T12:50:54.3810941Z Get:138 http://azure.archive.ubuntu.com/ubuntu noble-updates/main amd64 libgtk-4-1 amd64 4.14.5+ds-0ubuntu0.7 [3294 kB]
2026-01-13T12:50:54.4738942Z Get:139 http://azure.archive.ubuntu.com/ubuntu noble/main amd64 libgupnp-1.6-0 amd64 1.6.6-1build3 [92.7 kB]
2026-01-13T12:50:54.5214277Z Get:140 http://azure.archive.ubuntu.com/ubuntu noble/universe amd64 libgupnp-igd-1.6-0 amd64 1.6.0-3build3 [16.5 kB]
2026-01-13T12:50:54.5677436Z Get:141 http://azure.archive.ubuntu.com/ubuntu noble/main amd64 libharfbuzz-icu0 amd64 8.3.0-2build2 [13.3 kB]
2026-01-13T12:50:54.6149766Z Get:142 http://azure.archive.ubuntu.com/ubuntu noble/main amd64 libhyphen0 amd64 2.8.8-7build3 [26.5 kB]
2026-01-13T12:50:54.6614816Z Get:143 http://azure.archive.ubuntu.com/ubuntu noble/universe amd64 libimath-3-1-29t64 amd64 3.1.9-3.1ubuntu2 [72.2 kB]
2026-01-13T12:50:54.7085689Z Get:144 http://azure.archive.ubuntu.com/ubuntu noble/main amd64 liblc3-1 amd64 1.0.4-3build1 [69.7 kB]
2026-01-13T12:50:54.7553396Z Get:145 http://azure.archive.ubuntu.com/ubuntu noble/main amd64 libldacbt-enc2 amd64 2.0.2.3+git20200429+ed310a0-4ubuntu2 [27.1 kB]
2026-01-13T12:50:54.8023655Z Get:146 http://azure.archive.ubuntu.com/ubuntu noble-updates/main amd64 libxslt1.1 amd64 1.1.39-0exp1ubuntu0.24.04.3 [168 kB]
2026-01-13T12:50:54.8499854Z Get:147 http://azure.archive.ubuntu.com/ubuntu noble-updates/main amd64 libraptor2-0 amd64 2.0.16-3ubuntu0.1 [165 kB]
2026-01-13T12:50:54.8972093Z Get:148 http://azure.archive.ubuntu.com/ubuntu noble/universe amd64 liblrdf0 amd64 0.6.1-4build1 [18.5 kB]
2026-01-13T12:50:54.9431767Z Get:149 http://azure.archive.ubuntu.com/ubuntu noble/universe amd64 libltc11 amd64 1.3.2-1build1 [13.0 kB]
2026-01-13T12:50:54.9890390Z Get:150 http://azure.archive.ubuntu.com/ubuntu noble/main amd64 libmanette-0.2-0 amd64 0.2.7-1build2 [30.6 kB]
2026-01-13T12:50:55.0350847Z Get:151 http://azure.archive.ubuntu.com/ubuntu noble/universe amd64 libmfx1 amd64 22.5.4-1 [3124 kB]
2026-01-13T12:50:55.1244980Z Get:152 http://azure.archive.ubuntu.com/ubuntu noble/universe amd64 libmjpegutils-2.1-0t64 amd64 1:2.1.0+debian-8.1build1 [25.5 kB]
2026-01-13T12:50:55.1704987Z Get:153 http://azure.archive.ubuntu.com/ubuntu noble/universe amd64 libmodplug1 amd64 1:0.8.9.0-3build1 [166 kB]
2026-01-13T12:50:55.2181274Z Get:154 http://azure.archive.ubuntu.com/ubuntu noble/universe amd64 libmpcdec6 amd64 2:0.1~r495-2build1 [32.7 kB]
2026-01-13T12:50:55.2646127Z Get:155 http://azure.archive.ubuntu.com/ubuntu noble/universe amd64 libmpeg2encpp-2.1-0t64 amd64 1:2.1.0+debian-8.1build1 [75.6 kB]
2026-01-13T12:50:55.3110734Z Get:156 http://azure.archive.ubuntu.com/ubuntu noble/universe amd64 libmplex2-2.1-0t64 amd64 1:2.1.0+debian-8.1build1 [46.1 kB]
2026-01-13T12:50:55.3593151Z Get:157 http://azure.archive.ubuntu.com/ubuntu noble/universe amd64 libneon27t64 amd64 0.33.0-1.1build3 [102 kB]
2026-01-13T12:50:55.4062002Z Get:158 http://azure.archive.ubuntu.com/ubuntu noble/universe amd64 libnice10 amd64 0.1.21-2build3 [157 kB]
2026-01-13T12:50:55.4564976Z Get:159 http://azure.archive.ubuntu.com/ubuntu noble/universe amd64 libopenal-data all 1:1.23.1-4build1 [161 kB]
2026-01-13T12:50:55.5032960Z Get:160 http://azure.archive.ubuntu.com/ubuntu noble/universe amd64 libopenexr-3-1-30 amd64 3.1.5-5.1build3 [1004 kB]
2026-01-13T12:50:55.5604134Z Get:161 http://azure.archive.ubuntu.com/ubuntu noble/universe amd64 libopenh264-7 amd64 2.4.1+dfsg-1 [409 kB]
2026-01-13T12:50:55.6092306Z Get:162 http://azure.archive.ubuntu.com/ubuntu noble/universe amd64 libopenni2-0 amd64 2.2.0.33+dfsg-18 [370 kB]
2026-01-13T12:50:55.6574637Z Get:163 http://azure.archive.ubuntu.com/ubuntu noble/universe amd64 libqrencode4 amd64 4.1.1-1build2 [25.0 kB]
2026-01-13T12:50:55.7042837Z Get:164 http://azure.archive.ubuntu.com/ubuntu noble/main amd64 libsecret-common all 0.21.4-1build3 [4962 B]
2026-01-13T12:50:55.7502315Z Get:165 http://azure.archive.ubuntu.com/ubuntu noble/main amd64 libsecret-1-0 amd64 0.21.4-1build3 [116 kB]
2026-01-13T12:50:55.7971130Z Get:166 http://azure.archive.ubuntu.com/ubuntu noble/universe amd64 libsndio7.0 amd64 1.9.0-0.3build3 [29.6 kB]
2026-01-13T12:50:55.8427885Z Get:167 http://azure.archive.ubuntu.com/ubuntu noble/universe amd64 libsoundtouch1 amd64 2.3.2+ds1-1build1 [60.5 kB]
2026-01-13T12:50:55.8894090Z Get:168 http://azure.archive.ubuntu.com/ubuntu noble/universe amd64 libspandsp2t64 amd64 0.0.6+dfsg-2.1build1 [311 kB]
2026-01-13T12:50:55.9398438Z Get:169 http://azure.archive.ubuntu.com/ubuntu noble/universe amd64 libsrtp2-1 amd64 2.5.0-3build1 [41.9 kB]
2026-01-13T12:50:55.9859796Z Get:170 http://azure.archive.ubuntu.com/ubuntu noble-updates/main amd64 libssh-4 amd64 0.10.6-2ubuntu0.2 [188 kB]
2026-01-13T12:50:56.0332756Z Get:171 http://azure.archive.ubuntu.com/ubuntu noble/universe amd64 libwildmidi2 amd64 0.4.3-1build3 [68.5 kB]
2026-01-13T12:50:56.0796197Z Get:172 http://azure.archive.ubuntu.com/ubuntu noble/main amd64 libwoff1 amd64 1.0.2-2build1 [45.3 kB]
2026-01-13T12:50:56.1260146Z Get:173 http://azure.archive.ubuntu.com/ubuntu noble/main amd64 libxcb-xkb1 amd64 1.15-1ubuntu2 [32.3 kB]
2026-01-13T12:50:56.1802598Z Get:174 http://azure.archive.ubuntu.com/ubuntu noble/main amd64 libxkbcommon-x11-0 amd64 1.6.0-1build1 [14.5 kB]
2026-01-13T12:50:56.2346391Z Get:175 http://azure.archive.ubuntu.com/ubuntu noble/universe amd64 libzbar0t64 amd64 0.23.93-4build3 [123 kB]
2026-01-13T12:50:56.2900637Z Get:176 http://azure.archive.ubuntu.com/ubuntu noble/universe amd64 libzxing3 amd64 2.2.1-3 [583 kB]
2026-01-13T12:50:56.3475751Z Get:177 http://azure.archive.ubuntu.com/ubuntu noble/main amd64 xfonts-encodings all 1:1.0.5-0ubuntu2 [578 kB]
2026-01-13T12:50:56.4052637Z Get:178 http://azure.archive.ubuntu.com/ubuntu noble/main amd64 xfonts-utils amd64 1:7.7+6build3 [94.4 kB]
2026-01-13T12:50:56.4597116Z Get:179 http://azure.archive.ubuntu.com/ubuntu noble/universe amd64 xfonts-cyrillic all 1:1.0.5+nmu1 [384 kB]
2026-01-13T12:50:56.5169306Z Get:180 http://azure.archive.ubuntu.com/ubuntu noble/main amd64 xfonts-scalable all 1:1.0.3-1.3 [304 kB]
2026-01-13T12:50:56.5733509Z Get:181 http://azure.archive.ubuntu.com/ubuntu noble/universe amd64 libgstreamer-plugins-bad1.0-0 amd64 1.24.2-1ubuntu4 [797 kB]
2026-01-13T12:50:56.6330298Z Get:182 http://azure.archive.ubuntu.com/ubuntu noble/universe amd64 libdca0 amd64 0.0.7-2build1 [93.8 kB]
2026-01-13T12:50:56.6879674Z Get:183 http://azure.archive.ubuntu.com/ubuntu noble/universe amd64 libopenal1 amd64 1:1.23.1-4build1 [540 kB]
2026-01-13T12:50:56.7458369Z Get:184 http://azure.archive.ubuntu.com/ubuntu noble/main amd64 libsbc1 amd64 2.0-1build1 [33.9 kB]
2026-01-13T12:50:56.7999884Z Get:185 http://azure.archive.ubuntu.com/ubuntu noble/universe amd64 libvo-aacenc0 amd64 0.1.3-2build1 [67.8 kB]
2026-01-13T12:50:56.8543841Z Get:186 http://azure.archive.ubuntu.com/ubuntu noble/universe amd64 libvo-amrwbenc0 amd64 0.1.3-2build1 [76.7 kB]
2026-01-13T12:50:56.9089269Z Get:187 http://azure.archive.ubuntu.com/ubuntu noble/universe amd64 gstreamer1.0-plugins-bad amd64 1.24.2-1ubuntu4 [3081 kB]
2026-01-13T12:50:57.3797206Z Fetched 116 MB in 11s (10.8 MB/s)
2026-01-13T12:50:57.4057698Z Selecting previously unselected package fonts-ipafont-gothic.
2026-01-13T12:50:57.4390707Z (Reading database ... 
2026-01-13T12:50:57.4391314Z (Reading database ... 5%
2026-01-13T12:50:57.4391650Z (Reading database ... 10%
2026-01-13T12:50:57.4391923Z (Reading database ... 15%
2026-01-13T12:50:57.4392155Z (Reading database ... 20%
2026-01-13T12:50:57.4392370Z (Reading database ... 25%
2026-01-13T12:50:57.4392587Z (Reading database ... 30%
2026-01-13T12:50:57.4392805Z (Reading database ... 35%
2026-01-13T12:50:57.4393017Z (Reading database ... 40%
2026-01-13T12:50:57.4393227Z (Reading database ... 45%
2026-01-13T12:50:57.4393434Z (Reading database ... 50%
2026-01-13T12:50:57.4502415Z (Reading database ... 55%
2026-01-13T12:50:57.5507682Z (Reading database ... 60%
2026-01-13T12:50:57.6708600Z (Reading database ... 65%
2026-01-13T12:50:57.7279722Z (Reading database ... 70%
2026-01-13T12:50:57.7864546Z (Reading database ... 75%
2026-01-13T12:50:57.9011363Z (Reading database ... 80%
2026-01-13T12:50:58.0082372Z (Reading database ... 85%
2026-01-13T12:50:58.0903789Z (Reading database ... 90%
2026-01-13T12:50:58.2015925Z (Reading database ... 95%
2026-01-13T12:50:58.2016454Z (Reading database ... 100%
2026-01-13T12:50:58.2017376Z (Reading database ... 217518 files and directories currently installed.)
2026-01-13T12:50:58.2058704Z Preparing to unpack .../000-fonts-ipafont-gothic_00303-21ubuntu1_all.deb ...
2026-01-13T12:50:58.2150643Z Unpacking fonts-ipafont-gothic (00303-21ubuntu1) ...
2026-01-13T12:50:58.4535738Z Preparing to unpack .../001-libglib2.0-data_2.80.0-6ubuntu3.6_all.deb ...
2026-01-13T12:50:58.4559939Z Unpacking libglib2.0-data (2.80.0-6ubuntu3.6) over (2.80.0-6ubuntu3.4) ...
2026-01-13T12:50:58.4906415Z Preparing to unpack .../002-libglib2.0-bin_2.80.0-6ubuntu3.6_amd64.deb ...
2026-01-13T12:50:58.4934401Z Unpacking libglib2.0-bin (2.80.0-6ubuntu3.6) over (2.80.0-6ubuntu3.4) ...
2026-01-13T12:50:58.5475816Z Preparing to unpack .../003-gir1.2-glib-2.0_2.80.0-6ubuntu3.6_amd64.deb ...
2026-01-13T12:50:58.5501532Z Unpacking gir1.2-glib-2.0:amd64 (2.80.0-6ubuntu3.6) over (2.80.0-6ubuntu3.4) ...
2026-01-13T12:50:58.5919577Z Preparing to unpack .../004-libglib2.0-0t64_2.80.0-6ubuntu3.6_amd64.deb ...
2026-01-13T12:50:58.5994833Z Unpacking libglib2.0-0t64:amd64 (2.80.0-6ubuntu3.6) over (2.80.0-6ubuntu3.4) ...
2026-01-13T12:50:58.6588341Z Preparing to unpack .../005-libpng16-16t64_1.6.43-5ubuntu0.1_amd64.deb ...
2026-01-13T12:50:58.6697226Z Unpacking libpng16-16t64:amd64 (1.6.43-5ubuntu0.1) over (1.6.43-5build1) ...
2026-01-13T12:50:58.7049754Z Selecting previously unselected package fonts-freefont-ttf.
2026-01-13T12:50:58.7184379Z Preparing to unpack .../006-fonts-freefont-ttf_20211204+svn4273-2_all.deb ...
2026-01-13T12:50:58.7194617Z Unpacking fonts-freefont-ttf (20211204+svn4273-2) ...
2026-01-13T12:50:58.8067023Z Selecting previously unselected package fonts-tlwg-loma-otf.
2026-01-13T12:50:58.8202153Z Preparing to unpack .../007-fonts-tlwg-loma-otf_1%3a0.7.3-1_all.deb ...
2026-01-13T12:50:58.8213654Z Unpacking fonts-tlwg-loma-otf (1:0.7.3-1) ...
2026-01-13T12:50:58.8436305Z Selecting previously unselected package fonts-unifont.
2026-01-13T12:50:58.8570922Z Preparing to unpack .../008-fonts-unifont_1%3a15.1.01-1build1_all.deb ...
2026-01-13T12:50:58.8580328Z Unpacking fonts-unifont (1:15.1.01-1build1) ...
2026-01-13T12:50:58.9792920Z Selecting previously unselected package fonts-wqy-zenhei.
2026-01-13T12:50:58.9926314Z Preparing to unpack .../009-fonts-wqy-zenhei_0.9.45-8_all.deb ...
2026-01-13T12:50:59.0025754Z Unpacking fonts-wqy-zenhei (0.9.45-8) ...
2026-01-13T12:50:59.4614226Z Selecting previously unselected package libproxy1v5:amd64.
2026-01-13T12:50:59.4748667Z Preparing to unpack .../010-libproxy1v5_0.5.4-4build1_amd64.deb ...
2026-01-13T12:50:59.4757217Z Unpacking libproxy1v5:amd64 (0.5.4-4build1) ...
2026-01-13T12:50:59.4964192Z Selecting previously unselected package glib-networking-common.
2026-01-13T12:50:59.5098039Z Preparing to unpack .../011-glib-networking-common_2.80.0-1build1_all.deb ...
2026-01-13T12:50:59.5109237Z Unpacking glib-networking-common (2.80.0-1build1) ...
2026-01-13T12:50:59.5302381Z Selecting previously unselected package glib-networking-services.
2026-01-13T12:50:59.5432750Z Preparing to unpack .../012-glib-networking-services_2.80.0-1build1_amd64.deb ...
2026-01-13T12:50:59.5441591Z Unpacking glib-networking-services (2.80.0-1build1) ...
2026-01-13T12:50:59.5646044Z Selecting previously unselected package session-migration.
2026-01-13T12:50:59.5775122Z Preparing to unpack .../013-session-migration_0.3.9build1_amd64.deb ...
2026-01-13T12:50:59.5785304Z Unpacking session-migration (0.3.9build1) ...
2026-01-13T12:50:59.6006649Z Selecting previously unselected package gsettings-desktop-schemas.
2026-01-13T12:50:59.6135418Z Preparing to unpack .../014-gsettings-desktop-schemas_46.1-0ubuntu1_all.deb ...
2026-01-13T12:50:59.6144953Z Unpacking gsettings-desktop-schemas (46.1-0ubuntu1) ...
2026-01-13T12:50:59.6408295Z Selecting previously unselected package glib-networking:amd64.
2026-01-13T12:50:59.6537690Z Preparing to unpack .../015-glib-networking_2.80.0-1build1_amd64.deb ...
2026-01-13T12:50:59.6546755Z Unpacking glib-networking:amd64 (2.80.0-1build1) ...
2026-01-13T12:50:59.6782297Z Selecting previously unselected package libva2:amd64.
2026-01-13T12:50:59.6910589Z Preparing to unpack .../016-libva2_2.20.0-2build1_amd64.deb ...
2026-01-13T12:50:59.6921973Z Unpacking libva2:amd64 (2.20.0-2build1) ...
2026-01-13T12:50:59.7144745Z Selecting previously unselected package libva-drm2:amd64.
2026-01-13T12:50:59.7271344Z Preparing to unpack .../017-libva-drm2_2.20.0-2build1_amd64.deb ...
2026-01-13T12:50:59.7280163Z Unpacking libva-drm2:amd64 (2.20.0-2build1) ...
2026-01-13T12:50:59.7481927Z Selecting previously unselected package libva-x11-2:amd64.
2026-01-13T12:50:59.7603018Z Preparing to unpack .../018-libva-x11-2_2.20.0-2build1_amd64.deb ...
2026-01-13T12:50:59.7610802Z Unpacking libva-x11-2:amd64 (2.20.0-2build1) ...
2026-01-13T12:50:59.7815576Z Selecting previously unselected package libvdpau1:amd64.
2026-01-13T12:50:59.7938529Z Preparing to unpack .../019-libvdpau1_1.5-2build1_amd64.deb ...
2026-01-13T12:50:59.7947017Z Unpacking libvdpau1:amd64 (1.5-2build1) ...
2026-01-13T12:50:59.8170941Z Selecting previously unselected package libvpl2.
2026-01-13T12:50:59.8298583Z Preparing to unpack .../020-libvpl2_2023.3.0-1build1_amd64.deb ...
2026-01-13T12:50:59.8306774Z Unpacking libvpl2 (2023.3.0-1build1) ...
2026-01-13T12:50:59.8549541Z Selecting previously unselected package ocl-icd-libopencl1:amd64.
2026-01-13T12:50:59.8677797Z Preparing to unpack .../021-ocl-icd-libopencl1_2.3.2-1build1_amd64.deb ...
2026-01-13T12:50:59.8685619Z Unpacking ocl-icd-libopencl1:amd64 (2.3.2-1build1) ...
2026-01-13T12:50:59.8957164Z Selecting previously unselected package libavutil58:amd64.
2026-01-13T12:50:59.9086750Z Preparing to unpack .../022-libavutil58_7%3a6.1.1-3ubuntu5_amd64.deb ...
2026-01-13T12:50:59.9096733Z Unpacking libavutil58:amd64 (7:6.1.1-3ubuntu5) ...
2026-01-13T12:50:59.9347609Z Selecting previously unselected package libcodec2-1.2:amd64.
2026-01-13T12:50:59.9475811Z Preparing to unpack .../023-libcodec2-1.2_1.2.0-2build1_amd64.deb ...
2026-01-13T12:50:59.9486300Z Unpacking libcodec2-1.2:amd64 (1.2.0-2build1) ...
2026-01-13T12:51:00.0267092Z Selecting previously unselected package libdav1d7:amd64.
2026-01-13T12:51:00.0402689Z Preparing to unpack .../024-libdav1d7_1.4.1-1build1_amd64.deb ...
2026-01-13T12:51:00.0413217Z Unpacking libdav1d7:amd64 (1.4.1-1build1) ...
2026-01-13T12:51:00.0701781Z Selecting previously unselected package libgsm1:amd64.
2026-01-13T12:51:00.0835757Z Preparing to unpack .../025-libgsm1_1.0.22-1build1_amd64.deb ...
2026-01-13T12:51:00.0845480Z Unpacking libgsm1:amd64 (1.0.22-1build1) ...
2026-01-13T12:51:00.1076520Z Selecting previously unselected package libhwy1t64:amd64.
2026-01-13T12:51:00.1209906Z Preparing to unpack .../026-libhwy1t64_1.0.7-8.1build1_amd64.deb ...
2026-01-13T12:51:00.1219126Z Unpacking libhwy1t64:amd64 (1.0.7-8.1build1) ...
2026-01-13T12:51:00.1560335Z Selecting previously unselected package libjxl0.7:amd64.
2026-01-13T12:51:00.1693377Z Preparing to unpack .../027-libjxl0.7_0.7.0-10.2ubuntu6.1_amd64.deb ...
2026-01-13T12:51:00.1701568Z Unpacking libjxl0.7:amd64 (0.7.0-10.2ubuntu6.1) ...
2026-01-13T12:51:00.2053477Z Selecting previously unselected package libmp3lame0:amd64.
2026-01-13T12:51:00.2187383Z Preparing to unpack .../028-libmp3lame0_3.100-6build1_amd64.deb ...
2026-01-13T12:51:00.2195438Z Unpacking libmp3lame0:amd64 (3.100-6build1) ...
2026-01-13T12:51:00.2413056Z Selecting previously unselected package libopus0:amd64.
2026-01-13T12:51:00.2542228Z Preparing to unpack .../029-libopus0_1.4-1build1_amd64.deb ...
2026-01-13T12:51:00.2549467Z Unpacking libopus0:amd64 (1.4-1build1) ...
2026-01-13T12:51:00.2767632Z Selecting previously unselected package librav1e0:amd64.
2026-01-13T12:51:00.2897636Z Preparing to unpack .../030-librav1e0_0.7.1-2_amd64.deb ...
2026-01-13T12:51:00.2905556Z Unpacking librav1e0:amd64 (0.7.1-2) ...
2026-01-13T12:51:00.3260169Z Selecting previously unselected package librsvg2-2:amd64.
2026-01-13T12:51:00.3390179Z Preparing to unpack .../031-librsvg2-2_2.58.0+dfsg-1build1_amd64.deb ...
2026-01-13T12:51:00.3398639Z Unpacking librsvg2-2:amd64 (2.58.0+dfsg-1build1) ...
2026-01-13T12:51:00.3881572Z Selecting previously unselected package libshine3:amd64.
2026-01-13T12:51:00.4013851Z Preparing to unpack .../032-libshine3_3.1.1-2build1_amd64.deb ...
2026-01-13T12:51:00.4022936Z Unpacking libshine3:amd64 (3.1.1-2build1) ...
2026-01-13T12:51:00.4223957Z Selecting previously unselected package libspeex1:amd64.
2026-01-13T12:51:00.4355919Z Preparing to unpack .../033-libspeex1_1.2.1-2ubuntu2.24.04.1_amd64.deb ...
2026-01-13T12:51:00.4364674Z Unpacking libspeex1:amd64 (1.2.1-2ubuntu2.24.04.1) ...
2026-01-13T12:51:00.4579960Z Selecting previously unselected package libsvtav1enc1d1:amd64.
2026-01-13T12:51:00.4710475Z Preparing to unpack .../034-libsvtav1enc1d1_1.7.0+dfsg-2build1_amd64.deb ...
2026-01-13T12:51:00.4720031Z Unpacking libsvtav1enc1d1:amd64 (1.7.0+dfsg-2build1) ...
2026-01-13T12:51:00.5216859Z Selecting previously unselected package libsoxr0:amd64.
2026-01-13T12:51:00.5349252Z Preparing to unpack .../035-libsoxr0_0.1.3-4build3_amd64.deb ...
2026-01-13T12:51:00.5358347Z Unpacking libsoxr0:amd64 (0.1.3-4build3) ...
2026-01-13T12:51:00.5572465Z Selecting previously unselected package libswresample4:amd64.
2026-01-13T12:51:00.5703623Z Preparing to unpack .../036-libswresample4_7%3a6.1.1-3ubuntu5_amd64.deb ...
2026-01-13T12:51:00.5712392Z Unpacking libswresample4:amd64 (7:6.1.1-3ubuntu5) ...
2026-01-13T12:51:00.5932006Z Selecting previously unselected package libtheora0:amd64.
2026-01-13T12:51:00.6061730Z Preparing to unpack .../037-libtheora0_1.1.1+dfsg.1-16.1build3_amd64.deb ...
2026-01-13T12:51:00.6073090Z Unpacking libtheora0:amd64 (1.1.1+dfsg.1-16.1build3) ...
2026-01-13T12:51:00.6307503Z Selecting previously unselected package libtwolame0:amd64.
2026-01-13T12:51:00.6436530Z Preparing to unpack .../038-libtwolame0_0.4.0-2build3_amd64.deb ...
2026-01-13T12:51:00.6445139Z Unpacking libtwolame0:amd64 (0.4.0-2build3) ...
2026-01-13T12:51:00.6672162Z Selecting previously unselected package libvorbisenc2:amd64.
2026-01-13T12:51:00.6798808Z Preparing to unpack .../039-libvorbisenc2_1.3.7-1build3_amd64.deb ...
2026-01-13T12:51:00.6809086Z Unpacking libvorbisenc2:amd64 (1.3.7-1build3) ...
2026-01-13T12:51:00.7045142Z Selecting previously unselected package libvpx9:amd64.
2026-01-13T12:51:00.7172069Z Preparing to unpack .../040-libvpx9_1.14.0-1ubuntu2.2_amd64.deb ...
2026-01-13T12:51:00.7180683Z Unpacking libvpx9:amd64 (1.14.0-1ubuntu2.2) ...
2026-01-13T12:51:00.7516008Z Selecting previously unselected package libx264-164:amd64.
2026-01-13T12:51:00.7646784Z Preparing to unpack .../041-libx264-164_2%3a0.164.3108+git31e19f9-1_amd64.deb ...
2026-01-13T12:51:00.7655557Z Unpacking libx264-164:amd64 (2:0.164.3108+git31e19f9-1) ...
2026-01-13T12:51:00.7953328Z Selecting previously unselected package libx265-199:amd64.
2026-01-13T12:51:00.8082304Z Preparing to unpack .../042-libx265-199_3.5-2build1_amd64.deb ...
2026-01-13T12:51:00.8091602Z Unpacking libx265-199:amd64 (3.5-2build1) ...
2026-01-13T12:51:00.8785485Z Selecting previously unselected package libxvidcore4:amd64.
2026-01-13T12:51:00.8922384Z Preparing to unpack .../043-libxvidcore4_2%3a1.3.7-1build1_amd64.deb ...
2026-01-13T12:51:00.8936494Z Unpacking libxvidcore4:amd64 (2:1.3.7-1build1) ...
2026-01-13T12:51:00.9160631Z Selecting previously unselected package libzvbi-common.
2026-01-13T12:51:00.9293410Z Preparing to unpack .../044-libzvbi-common_0.2.42-2_all.deb ...
2026-01-13T12:51:00.9301436Z Unpacking libzvbi-common (0.2.42-2) ...
2026-01-13T12:51:00.9680055Z Selecting previously unselected package libzvbi0t64:amd64.
2026-01-13T12:51:00.9811497Z Preparing to unpack .../045-libzvbi0t64_0.2.42-2_amd64.deb ...
2026-01-13T12:51:00.9820785Z Unpacking libzvbi0t64:amd64 (0.2.42-2) ...
2026-01-13T12:51:01.0071850Z Selecting previously unselected package libavcodec60:amd64.
2026-01-13T12:51:01.0203548Z Preparing to unpack .../046-libavcodec60_7%3a6.1.1-3ubuntu5_amd64.deb ...
2026-01-13T12:51:01.0211726Z Unpacking libavcodec60:amd64 (7:6.1.1-3ubuntu5) ...
2026-01-13T12:51:01.1064666Z Selecting previously unselected package libunibreak5:amd64.
2026-01-13T12:51:01.1201232Z Preparing to unpack .../047-libunibreak5_5.1-2build1_amd64.deb ...
2026-01-13T12:51:01.1209491Z Unpacking libunibreak5:amd64 (5.1-2build1) ...
2026-01-13T12:51:01.1430743Z Selecting previously unselected package libass9:amd64.
2026-01-13T12:51:01.1564121Z Preparing to unpack .../048-libass9_1%3a0.17.1-2build1_amd64.deb ...
2026-01-13T12:51:01.1571991Z Unpacking libass9:amd64 (1:0.17.1-2build1) ...
2026-01-13T12:51:01.1792314Z Selecting previously unselected package libudfread0:amd64.
2026-01-13T12:51:01.1925248Z Preparing to unpack .../049-libudfread0_1.1.2-1build1_amd64.deb ...
2026-01-13T12:51:01.1933227Z Unpacking libudfread0:amd64 (1.1.2-1build1) ...
2026-01-13T12:51:01.2137204Z Selecting previously unselected package libbluray2:amd64.
2026-01-13T12:51:01.2270393Z Preparing to unpack .../050-libbluray2_1%3a1.3.4-1build1_amd64.deb ...
2026-01-13T12:51:01.2279589Z Unpacking libbluray2:amd64 (1:1.3.4-1build1) ...
2026-01-13T12:51:01.2507682Z Selecting previously unselected package libchromaprint1:amd64.
2026-01-13T12:51:01.2639726Z Preparing to unpack .../051-libchromaprint1_1.5.1-5_amd64.deb ...
2026-01-13T12:51:01.2689593Z Unpacking libchromaprint1:amd64 (1.5.1-5) ...
2026-01-13T12:51:01.2974420Z Selecting previously unselected package libgme0:amd64.
2026-01-13T12:51:01.3151909Z Preparing to unpack .../052-libgme0_0.6.3-7build1_amd64.deb ...
2026-01-13T12:51:01.3170524Z Unpacking libgme0:amd64 (0.6.3-7build1) ...
2026-01-13T12:51:01.4861205Z Selecting previously unselected package libmpg123-0t64:amd64.
2026-01-13T12:51:01.4996436Z Preparing to unpack .../053-libmpg123-0t64_1.32.5-1ubuntu1.1_amd64.deb ...
2026-01-13T12:51:01.5007915Z Unpacking libmpg123-0t64:amd64 (1.32.5-1ubuntu1.1) ...
2026-01-13T12:51:01.5254579Z Selecting previously unselected package libopenmpt0t64:amd64.
2026-01-13T12:51:01.5387685Z Preparing to unpack .../054-libopenmpt0t64_0.7.3-1.1build3_amd64.deb ...
2026-01-13T12:51:01.5396325Z Unpacking libopenmpt0t64:amd64 (0.7.3-1.1build3) ...
2026-01-13T12:51:01.5676485Z Selecting previously unselected package libcjson1:amd64.
2026-01-13T12:51:01.5809413Z Preparing to unpack .../055-libcjson1_1.7.17-1_amd64.deb ...
2026-01-13T12:51:01.5817311Z Unpacking libcjson1:amd64 (1.7.17-1) ...
2026-01-13T12:51:01.6040944Z Selecting previously unselected package libmbedcrypto7t64:amd64.
2026-01-13T12:51:01.6174368Z Preparing to unpack .../056-libmbedcrypto7t64_2.28.8-1_amd64.deb ...
2026-01-13T12:51:01.6182942Z Unpacking libmbedcrypto7t64:amd64 (2.28.8-1) ...
2026-01-13T12:51:01.6411040Z Selecting previously unselected package librist4:amd64.
2026-01-13T12:51:01.6543652Z Preparing to unpack .../057-librist4_0.2.10+dfsg-2_amd64.deb ...
2026-01-13T12:51:01.6552284Z Unpacking librist4:amd64 (0.2.10+dfsg-2) ...
2026-01-13T12:51:01.6788010Z Selecting previously unselected package libsrt1.5-gnutls:amd64.
2026-01-13T12:51:01.6916339Z Preparing to unpack .../058-libsrt1.5-gnutls_1.5.3-1build2_amd64.deb ...
2026-01-13T12:51:01.6926193Z Unpacking libsrt1.5-gnutls:amd64 (1.5.3-1build2) ...
2026-01-13T12:51:01.7199897Z Selecting previously unselected package libssh-gcrypt-4:amd64.
2026-01-13T12:51:01.7327629Z Preparing to unpack .../059-libssh-gcrypt-4_0.10.6-2ubuntu0.2_amd64.deb ...
2026-01-13T12:51:01.7336120Z Unpacking libssh-gcrypt-4:amd64 (0.10.6-2ubuntu0.2) ...
2026-01-13T12:51:01.7571316Z Selecting previously unselected package libavformat60:amd64.
2026-01-13T12:51:01.7699417Z Preparing to unpack .../060-libavformat60_7%3a6.1.1-3ubuntu5_amd64.deb ...
2026-01-13T12:51:01.7708401Z Unpacking libavformat60:amd64 (7:6.1.1-3ubuntu5) ...
2026-01-13T12:51:01.8050014Z Selecting previously unselected package libbs2b0:amd64.
2026-01-13T12:51:01.8180656Z Preparing to unpack .../061-libbs2b0_3.1.0+dfsg-7build1_amd64.deb ...
2026-01-13T12:51:01.8189294Z Unpacking libbs2b0:amd64 (3.1.0+dfsg-7build1) ...
2026-01-13T12:51:01.8423585Z Selecting previously unselected package libflite1:amd64.
2026-01-13T12:51:01.8552289Z Preparing to unpack .../062-libflite1_2.2-6build3_amd64.deb ...
2026-01-13T12:51:01.8560523Z Unpacking libflite1:amd64 (2.2-6build3) ...
2026-01-13T12:51:01.9702477Z Selecting previously unselected package libserd-0-0:amd64.
2026-01-13T12:51:01.9837864Z Preparing to unpack .../063-libserd-0-0_0.32.2-1_amd64.deb ...
2026-01-13T12:51:01.9845927Z Unpacking libserd-0-0:amd64 (0.32.2-1) ...
2026-01-13T12:51:02.0079387Z Selecting previously unselected package libzix-0-0:amd64.
2026-01-13T12:51:02.0213014Z Preparing to unpack .../064-libzix-0-0_0.4.2-2build1_amd64.deb ...
2026-01-13T12:51:02.0221014Z Unpacking libzix-0-0:amd64 (0.4.2-2build1) ...
2026-01-13T12:51:02.0431803Z Selecting previously unselected package libsord-0-0:amd64.
2026-01-13T12:51:02.0563546Z Preparing to unpack .../065-libsord-0-0_0.16.16-2build1_amd64.deb ...
2026-01-13T12:51:02.0573272Z Unpacking libsord-0-0:amd64 (0.16.16-2build1) ...
2026-01-13T12:51:02.0783612Z Selecting previously unselected package libsratom-0-0:amd64.
2026-01-13T12:51:02.0916153Z Preparing to unpack .../066-libsratom-0-0_0.6.16-1build1_amd64.deb ...
2026-01-13T12:51:02.0959020Z Unpacking libsratom-0-0:amd64 (0.6.16-1build1) ...
2026-01-13T12:51:02.1170806Z Selecting previously unselected package liblilv-0-0:amd64.
2026-01-13T12:51:02.1302598Z Preparing to unpack .../067-liblilv-0-0_0.24.22-1build1_amd64.deb ...
2026-01-13T12:51:02.1311368Z Unpacking liblilv-0-0:amd64 (0.24.22-1build1) ...
2026-01-13T12:51:02.1524482Z Selecting previously unselected package libmysofa1:amd64.
2026-01-13T12:51:02.1656106Z Preparing to unpack .../068-libmysofa1_1.3.2+dfsg-2ubuntu2_amd64.deb ...
2026-01-13T12:51:02.1665399Z Unpacking libmysofa1:amd64 (1.3.2+dfsg-2ubuntu2) ...
2026-01-13T12:51:02.1972051Z Selecting previously unselected package libplacebo338:amd64.
2026-01-13T12:51:02.2104207Z Preparing to unpack .../069-libplacebo338_6.338.2-2build1_amd64.deb ...
2026-01-13T12:51:02.2113989Z Unpacking libplacebo338:amd64 (6.338.2-2build1) ...
2026-01-13T12:51:02.2684617Z Selecting previously unselected package libblas3:amd64.
2026-01-13T12:51:02.2819174Z Preparing to unpack .../070-libblas3_3.12.0-3build1.1_amd64.deb ...
2026-01-13T12:51:02.2854865Z Unpacking libblas3:amd64 (3.12.0-3build1.1) ...
2026-01-13T12:51:02.3100169Z Selecting previously unselected package liblapack3:amd64.
2026-01-13T12:51:02.3232743Z Preparing to unpack .../071-liblapack3_3.12.0-3build1.1_amd64.deb ...
2026-01-13T12:51:02.3266309Z Unpacking liblapack3:amd64 (3.12.0-3build1.1) ...
2026-01-13T12:51:02.3775204Z Selecting previously unselected package libasyncns0:amd64.
2026-01-13T12:51:02.3910470Z Preparing to unpack .../072-libasyncns0_0.8-6build4_amd64.deb ...
2026-01-13T12:51:02.3922408Z Unpacking libasyncns0:amd64 (0.8-6build4) ...
2026-01-13T12:51:02.4128500Z Selecting previously unselected package libflac12t64:amd64.
2026-01-13T12:51:02.4261444Z Preparing to unpack .../073-libflac12t64_1.4.3+ds-2.1ubuntu2_amd64.deb ...
2026-01-13T12:51:02.4271074Z Unpacking libflac12t64:amd64 (1.4.3+ds-2.1ubuntu2) ...
2026-01-13T12:51:02.4518757Z Selecting previously unselected package libsndfile1:amd64.
2026-01-13T12:51:02.4665531Z Preparing to unpack .../074-libsndfile1_1.2.2-1ubuntu5.24.04.1_amd64.deb ...
2026-01-13T12:51:02.4666432Z Unpacking libsndfile1:amd64 (1.2.2-1ubuntu5.24.04.1) ...
2026-01-13T12:51:02.4940220Z Selecting previously unselected package libpulse0:amd64.
2026-01-13T12:51:02.5072247Z Preparing to unpack .../075-libpulse0_1%3a16.1+dfsg1-2ubuntu10.1_amd64.deb ...
2026-01-13T12:51:02.5142764Z Unpacking libpulse0:amd64 (1:16.1+dfsg1-2ubuntu10.1) ...
2026-01-13T12:51:02.5413456Z Selecting previously unselected package libsphinxbase3t64:amd64.
2026-01-13T12:51:02.5545624Z Preparing to unpack .../076-libsphinxbase3t64_0.8+5prealpha+1-17build2_amd64.deb ...
2026-01-13T12:51:02.5556517Z Unpacking libsphinxbase3t64:amd64 (0.8+5prealpha+1-17build2) ...
2026-01-13T12:51:02.5799836Z Selecting previously unselected package libpocketsphinx3:amd64.
2026-01-13T12:51:02.5932891Z Preparing to unpack .../077-libpocketsphinx3_0.8.0+real5prealpha+1-15ubuntu5_amd64.deb ...
2026-01-13T12:51:02.5941108Z Unpacking libpocketsphinx3:amd64 (0.8.0+real5prealpha+1-15ubuntu5) ...
2026-01-13T12:51:02.6301907Z Selecting previously unselected package libpostproc57:amd64.
2026-01-13T12:51:02.6432514Z Preparing to unpack .../078-libpostproc57_7%3a6.1.1-3ubuntu5_amd64.deb ...
2026-01-13T12:51:02.6439801Z Unpacking libpostproc57:amd64 (7:6.1.1-3ubuntu5) ...
2026-01-13T12:51:02.6663780Z Selecting previously unselected package libsamplerate0:amd64.
2026-01-13T12:51:02.6790902Z Preparing to unpack .../079-libsamplerate0_0.2.2-4build1_amd64.deb ...
2026-01-13T12:51:02.6802408Z Unpacking libsamplerate0:amd64 (0.2.2-4build1) ...
2026-01-13T12:51:02.7082159Z Selecting previously unselected package librubberband2:amd64.
2026-01-13T12:51:02.7212278Z Preparing to unpack .../080-librubberband2_3.3.0+dfsg-2build1_amd64.deb ...
2026-01-13T12:51:02.7221726Z Unpacking librubberband2:amd64 (3.3.0+dfsg-2build1) ...
2026-01-13T12:51:02.7457545Z Selecting previously unselected package libswscale7:amd64.
2026-01-13T12:51:02.7588744Z Preparing to unpack .../081-libswscale7_7%3a6.1.1-3ubuntu5_amd64.deb ...
2026-01-13T12:51:02.7596938Z Unpacking libswscale7:amd64 (7:6.1.1-3ubuntu5) ...
2026-01-13T12:51:02.7839713Z Selecting previously unselected package libvidstab1.1:amd64.
2026-01-13T12:51:02.7967429Z Preparing to unpack .../082-libvidstab1.1_1.1.0-2build1_amd64.deb ...
2026-01-13T12:51:02.8029022Z Unpacking libvidstab1.1:amd64 (1.1.0-2build1) ...
2026-01-13T12:51:02.8241444Z Selecting previously unselected package libzimg2:amd64.
2026-01-13T12:51:02.8371742Z Preparing to unpack .../083-libzimg2_3.0.5+ds1-1build1_amd64.deb ...
2026-01-13T12:51:02.8380029Z Unpacking libzimg2:amd64 (3.0.5+ds1-1build1) ...
2026-01-13T12:51:02.8653866Z Selecting previously unselected package libavfilter9:amd64.
2026-01-13T12:51:02.8784724Z Preparing to unpack .../084-libavfilter9_7%3a6.1.1-3ubuntu5_amd64.deb ...
2026-01-13T12:51:02.8792677Z Unpacking libavfilter9:amd64 (7:6.1.1-3ubuntu5) ...
2026-01-13T12:51:02.9570354Z Selecting previously unselected package liborc-0.4-0t64:amd64.
2026-01-13T12:51:02.9703902Z Preparing to unpack .../085-liborc-0.4-0t64_1%3a0.4.38-1ubuntu0.1_amd64.deb ...
2026-01-13T12:51:02.9714598Z Unpacking liborc-0.4-0t64:amd64 (1:0.4.38-1ubuntu0.1) ...
2026-01-13T12:51:02.9965999Z Selecting previously unselected package libgstreamer-plugins-base1.0-0:amd64.
2026-01-13T12:51:03.0096247Z Preparing to unpack .../086-libgstreamer-plugins-base1.0-0_1.24.2-1ubuntu0.3_amd64.deb ...
2026-01-13T12:51:03.0109369Z Unpacking libgstreamer-plugins-base1.0-0:amd64 (1.24.2-1ubuntu0.3) ...
2026-01-13T12:51:03.0432341Z Selecting previously unselected package gstreamer1.0-libav:amd64.
2026-01-13T12:51:03.0565077Z Preparing to unpack .../087-gstreamer1.0-libav_1.24.1-1build1_amd64.deb ...
2026-01-13T12:51:03.0573331Z Unpacking gstreamer1.0-libav:amd64 (1.24.1-1build1) ...
2026-01-13T12:51:03.0812732Z Selecting previously unselected package libcdparanoia0:amd64.
2026-01-13T12:51:03.0946126Z Preparing to unpack .../088-libcdparanoia0_3.10.2+debian-14build3_amd64.deb ...
2026-01-13T12:51:03.0954443Z Unpacking libcdparanoia0:amd64 (3.10.2+debian-14build3) ...
2026-01-13T12:51:03.1184862Z Selecting previously unselected package libvisual-0.4-0:amd64.
2026-01-13T12:51:03.1316907Z Preparing to unpack .../089-libvisual-0.4-0_0.4.2-2build1_amd64.deb ...
2026-01-13T12:51:03.1328667Z Unpacking libvisual-0.4-0:amd64 (0.4.2-2build1) ...
2026-01-13T12:51:03.1546043Z Selecting previously unselected package gstreamer1.0-plugins-base:amd64.
2026-01-13T12:51:03.1677563Z Preparing to unpack .../090-gstreamer1.0-plugins-base_1.24.2-1ubuntu0.3_amd64.deb ...
2026-01-13T12:51:03.1688498Z Unpacking gstreamer1.0-plugins-base:amd64 (1.24.2-1ubuntu0.3) ...
2026-01-13T12:51:03.2010514Z Selecting previously unselected package libaa1:amd64.
2026-01-13T12:51:03.2144130Z Preparing to unpack .../091-libaa1_1.4p5-51.1_amd64.deb ...
2026-01-13T12:51:03.2154039Z Unpacking libaa1:amd64 (1.4p5-51.1) ...
2026-01-13T12:51:03.2373856Z Selecting previously unselected package libraw1394-11:amd64.
2026-01-13T12:51:03.2503288Z Preparing to unpack .../092-libraw1394-11_2.1.2-2build3_amd64.deb ...
2026-01-13T12:51:03.2511262Z Unpacking libraw1394-11:amd64 (2.1.2-2build3) ...
2026-01-13T12:51:03.2714377Z Selecting previously unselected package libavc1394-0:amd64.
2026-01-13T12:51:03.2838681Z Preparing to unpack .../093-libavc1394-0_0.5.4-5build3_amd64.deb ...
2026-01-13T12:51:03.2845924Z Unpacking libavc1394-0:amd64 (0.5.4-5build3) ...
2026-01-13T12:51:03.3049348Z Selecting previously unselected package libcaca0:amd64.
2026-01-13T12:51:03.3171744Z Preparing to unpack .../094-libcaca0_0.99.beta20-4ubuntu0.1_amd64.deb ...
2026-01-13T12:51:03.3180993Z Unpacking libcaca0:amd64 (0.99.beta20-4ubuntu0.1) ...
2026-01-13T12:51:03.3439848Z Selecting previously unselected package libdv4t64:amd64.
2026-01-13T12:51:03.3566135Z Preparing to unpack .../095-libdv4t64_1.0.0-17.1build1_amd64.deb ...
2026-01-13T12:51:03.3585165Z Unpacking libdv4t64:amd64 (1.0.0-17.1build1) ...
2026-01-13T12:51:03.3807365Z Selecting previously unselected package libgstreamer-plugins-good1.0-0:amd64.
2026-01-13T12:51:03.3933327Z Preparing to unpack .../096-libgstreamer-plugins-good1.0-0_1.24.2-1ubuntu1.2_amd64.deb ...
2026-01-13T12:51:03.3942101Z Unpacking libgstreamer-plugins-good1.0-0:amd64 (1.24.2-1ubuntu1.2) ...
2026-01-13T12:51:03.4160986Z Selecting previously unselected package libiec61883-0:amd64.
2026-01-13T12:51:03.4282207Z Preparing to unpack .../097-libiec61883-0_1.2.0-6build1_amd64.deb ...
2026-01-13T12:51:03.4290729Z Unpacking libiec61883-0:amd64 (1.2.0-6build1) ...
2026-01-13T12:51:03.4503737Z Selecting previously unselected package libshout3:amd64.
2026-01-13T12:51:03.4625810Z Preparing to unpack .../098-libshout3_2.4.6-1build2_amd64.deb ...
2026-01-13T12:51:03.4633921Z Unpacking libshout3:amd64 (2.4.6-1build2) ...
2026-01-13T12:51:03.4847235Z Selecting previously unselected package libtag1v5-vanilla:amd64.
2026-01-13T12:51:03.4969640Z Preparing to unpack .../099-libtag1v5-vanilla_1.13.1-1build1_amd64.deb ...
2026-01-13T12:51:03.4977616Z Unpacking libtag1v5-vanilla:amd64 (1.13.1-1build1) ...
2026-01-13T12:51:03.5229669Z Selecting previously unselected package libtag1v5:amd64.
2026-01-13T12:51:03.5357790Z Preparing to unpack .../100-libtag1v5_1.13.1-1build1_amd64.deb ...
2026-01-13T12:51:03.5366167Z Unpacking libtag1v5:amd64 (1.13.1-1build1) ...
2026-01-13T12:51:03.5596138Z Selecting previously unselected package libv4lconvert0t64:amd64.
2026-01-13T12:51:03.5722337Z Preparing to unpack .../101-libv4lconvert0t64_1.26.1-4build3_amd64.deb ...
2026-01-13T12:51:03.5735690Z Unpacking libv4lconvert0t64:amd64 (1.26.1-4build3) ...
2026-01-13T12:51:03.5960432Z Selecting previously unselected package libv4l-0t64:amd64.
2026-01-13T12:51:03.6085775Z Preparing to unpack .../102-libv4l-0t64_1.26.1-4build3_amd64.deb ...
2026-01-13T12:51:03.6093695Z Unpacking libv4l-0t64:amd64 (1.26.1-4build3) ...
2026-01-13T12:51:03.6319695Z Selecting previously unselected package libwavpack1:amd64.
2026-01-13T12:51:03.6441378Z Preparing to unpack .../103-libwavpack1_5.6.0-1build1_amd64.deb ...
2026-01-13T12:51:03.6450142Z Unpacking libwavpack1:amd64 (5.6.0-1build1) ...
2026-01-13T12:51:03.6651883Z Selecting previously unselected package libsoup-3.0-common.
2026-01-13T12:51:03.6777408Z Preparing to unpack .../104-libsoup-3.0-common_3.4.4-5ubuntu0.6_all.deb ...
2026-01-13T12:51:03.6786535Z Unpacking libsoup-3.0-common (3.4.4-5ubuntu0.6) ...
2026-01-13T12:51:03.6997409Z Selecting previously unselected package libsoup-3.0-0:amd64.
2026-01-13T12:51:03.7118048Z Preparing to unpack .../105-libsoup-3.0-0_3.4.4-5ubuntu0.6_amd64.deb ...
2026-01-13T12:51:03.7125763Z Unpacking libsoup-3.0-0:amd64 (3.4.4-5ubuntu0.6) ...
2026-01-13T12:51:03.7351384Z Selecting previously unselected package gstreamer1.0-plugins-good:amd64.
2026-01-13T12:51:03.7476449Z Preparing to unpack .../106-gstreamer1.0-plugins-good_1.24.2-1ubuntu1.2_amd64.deb ...
2026-01-13T12:51:03.7485732Z Unpacking gstreamer1.0-plugins-good:amd64 (1.24.2-1ubuntu1.2) ...
2026-01-13T12:51:03.8047617Z Selecting previously unselected package libabsl20220623t64:amd64.
2026-01-13T12:51:03.8182999Z Preparing to unpack .../107-libabsl20220623t64_20220623.1-3.1ubuntu3.2_amd64.deb ...
2026-01-13T12:51:03.8191207Z Unpacking libabsl20220623t64:amd64 (20220623.1-3.1ubuntu3.2) ...
2026-01-13T12:51:03.8607218Z Selecting previously unselected package libgav1-1:amd64.
2026-01-13T12:51:03.8740071Z Preparing to unpack .../108-libgav1-1_0.18.0-1build3_amd64.deb ...
2026-01-13T12:51:03.8747642Z Unpacking libgav1-1:amd64 (0.18.0-1build3) ...
2026-01-13T12:51:03.9006653Z Selecting previously unselected package libyuv0:amd64.
2026-01-13T12:51:03.9139859Z Preparing to unpack .../109-libyuv0_0.0~git202401110.af6ac82-1_amd64.deb ...
2026-01-13T12:51:03.9150532Z Unpacking libyuv0:amd64 (0.0~git202401110.af6ac82-1) ...
2026-01-13T12:51:03.9378405Z Selecting previously unselected package libavif16:amd64.
2026-01-13T12:51:03.9506571Z Preparing to unpack .../110-libavif16_1.0.4-1ubuntu3_amd64.deb ...
2026-01-13T12:51:03.9515436Z Unpacking libavif16:amd64 (1.0.4-1ubuntu3) ...
2026-01-13T12:51:03.9732925Z Selecting previously unselected package libavtp0:amd64.
2026-01-13T12:51:03.9860154Z Preparing to unpack .../111-libavtp0_0.2.0-1build1_amd64.deb ...
2026-01-13T12:51:03.9874011Z Unpacking libavtp0:amd64 (0.2.0-1build1) ...
2026-01-13T12:51:04.0099443Z Selecting previously unselected package libcairo-script-interpreter2:amd64.
2026-01-13T12:51:04.0226647Z Preparing to unpack .../112-libcairo-script-interpreter2_1.18.0-3build1_amd64.deb ...
2026-01-13T12:51:04.0236677Z Unpacking libcairo-script-interpreter2:amd64 (1.18.0-3build1) ...
2026-01-13T12:51:04.0460025Z Selecting previously unselected package libdc1394-25:amd64.
2026-01-13T12:51:04.0589038Z Preparing to unpack .../113-libdc1394-25_2.2.6-4build1_amd64.deb ...
2026-01-13T12:51:04.0598753Z Unpacking libdc1394-25:amd64 (2.2.6-4build1) ...
2026-01-13T12:51:04.0817305Z Selecting previously unselected package libdecor-0-0:amd64.
2026-01-13T12:51:04.0948518Z Preparing to unpack .../114-libdecor-0-0_0.2.2-1build2_amd64.deb ...
2026-01-13T12:51:04.0956473Z Unpacking libdecor-0-0:amd64 (0.2.2-1build2) ...
2026-01-13T12:51:04.1164214Z Selecting previously unselected package libgles2:amd64.
2026-01-13T12:51:04.1293578Z Preparing to unpack .../115-libgles2_1.7.0-1build1_amd64.deb ...
2026-01-13T12:51:04.1302912Z Unpacking libgles2:amd64 (1.7.0-1build1) ...
2026-01-13T12:51:04.1508047Z Selecting previously unselected package libdirectfb-1.7-7t64:amd64.
2026-01-13T12:51:04.1637647Z Preparing to unpack .../116-libdirectfb-1.7-7t64_1.7.7-11.1ubuntu2_amd64.deb ...
2026-01-13T12:51:04.1646506Z Unpacking libdirectfb-1.7-7t64:amd64 (1.7.7-11.1ubuntu2) ...
2026-01-13T12:51:04.2082124Z Selecting previously unselected package libdvdread8t64:amd64.
2026-01-13T12:51:04.2216904Z Preparing to unpack .../117-libdvdread8t64_6.1.3-1.1build1_amd64.deb ...
2026-01-13T12:51:04.2255404Z Unpacking libdvdread8t64:amd64 (6.1.3-1.1build1) ...
2026-01-13T12:51:04.2473797Z Selecting previously unselected package libdvdnav4:amd64.
2026-01-13T12:51:04.2604506Z Preparing to unpack .../118-libdvdnav4_6.1.1-3build1_amd64.deb ...
2026-01-13T12:51:04.2619236Z Unpacking libdvdnav4:amd64 (6.1.1-3build1) ...
2026-01-13T12:51:04.2854097Z Selecting previously unselected package libegl-mesa0:amd64.
2026-01-13T12:51:04.2981370Z Preparing to unpack .../119-libegl-mesa0_25.0.7-0ubuntu0.24.04.2_amd64.deb ...
2026-01-13T12:51:04.2989997Z Unpacking libegl-mesa0:amd64 (25.0.7-0ubuntu0.24.04.2) ...
2026-01-13T12:51:04.3218288Z Selecting previously unselected package libevent-2.1-7t64:amd64.
2026-01-13T12:51:04.3345409Z Preparing to unpack .../120-libevent-2.1-7t64_2.1.12-stable-9ubuntu2_amd64.deb ...
2026-01-13T12:51:04.3369373Z Unpacking libevent-2.1-7t64:amd64 (2.1.12-stable-9ubuntu2) ...
2026-01-13T12:51:04.3591654Z Selecting previously unselected package libfaad2:amd64.
2026-01-13T12:51:04.3717359Z Preparing to unpack .../121-libfaad2_2.11.1-1build1_amd64.deb ...
2026-01-13T12:51:04.3725536Z Unpacking libfaad2:amd64 (2.11.1-1build1) ...
2026-01-13T12:51:04.3962981Z Selecting previously unselected package libinstpatch-1.0-2:amd64.
2026-01-13T12:51:04.4087445Z Preparing to unpack .../122-libinstpatch-1.0-2_1.1.6-1build2_amd64.deb ...
2026-01-13T12:51:04.4094834Z Unpacking libinstpatch-1.0-2:amd64 (1.1.6-1build2) ...
2026-01-13T12:51:04.4327515Z Selecting previously unselected package libjack-jackd2-0:amd64.
2026-01-13T12:51:04.4452085Z Preparing to unpack .../123-libjack-jackd2-0_1.9.21~dfsg-3ubuntu3_amd64.deb ...
2026-01-13T12:51:04.4460185Z Unpacking libjack-jackd2-0:amd64 (1.9.21~dfsg-3ubuntu3) ...
2026-01-13T12:51:04.4715262Z Selecting previously unselected package libwebrtc-audio-processing1:amd64.
2026-01-13T12:51:04.4839636Z Preparing to unpack .../124-libwebrtc-audio-processing1_0.3.1-0ubuntu6_amd64.deb ...
2026-01-13T12:51:04.4847584Z Unpacking libwebrtc-audio-processing1:amd64 (0.3.1-0ubuntu6) ...
2026-01-13T12:51:04.5073278Z Selecting previously unselected package libspa-0.2-modules:amd64.
2026-01-13T12:51:04.5196358Z Preparing to unpack .../125-libspa-0.2-modules_1.0.5-1ubuntu3.2_amd64.deb ...
2026-01-13T12:51:04.5203754Z Unpacking libspa-0.2-modules:amd64 (1.0.5-1ubuntu3.2) ...
2026-01-13T12:51:04.5530597Z Selecting previously unselected package libpipewire-0.3-0t64:amd64.
2026-01-13T12:51:04.5658952Z Preparing to unpack .../126-libpipewire-0.3-0t64_1.0.5-1ubuntu3.2_amd64.deb ...
2026-01-13T12:51:04.5667056Z Unpacking libpipewire-0.3-0t64:amd64 (1.0.5-1ubuntu3.2) ...
2026-01-13T12:51:04.5919840Z Selecting previously unselected package libsdl2-2.0-0:amd64.
2026-01-13T12:51:04.6048423Z Preparing to unpack .../127-libsdl2-2.0-0_2.30.0+dfsg-1ubuntu3.1_amd64.deb ...
2026-01-13T12:51:04.6056299Z Unpacking libsdl2-2.0-0:amd64 (2.30.0+dfsg-1ubuntu3.1) ...
2026-01-13T12:51:04.6352830Z Selecting previously unselected package timgm6mb-soundfont.
2026-01-13T12:51:04.6480537Z Preparing to unpack .../128-timgm6mb-soundfont_1.3-5_all.deb ...
2026-01-13T12:51:04.6488033Z Unpacking timgm6mb-soundfont (1.3-5) ...
2026-01-13T12:51:04.9872074Z Selecting previously unselected package libfluidsynth3:amd64.
2026-01-13T12:51:05.0007593Z Preparing to unpack .../129-libfluidsynth3_2.3.4-1build3_amd64.deb ...
2026-01-13T12:51:05.0015159Z Unpacking libfluidsynth3:amd64 (2.3.4-1build3) ...
2026-01-13T12:51:05.0281240Z Selecting previously unselected package libfreeaptx0:amd64.
2026-01-13T12:51:05.0415619Z Preparing to unpack .../130-libfreeaptx0_0.1.1-2build1_amd64.deb ...
2026-01-13T12:51:05.0424961Z Unpacking libfreeaptx0:amd64 (0.1.1-2build1) ...
2026-01-13T12:51:05.0632694Z Selecting previously unselected package libgraphene-1.0-0:amd64.
2026-01-13T12:51:05.0764304Z Preparing to unpack .../131-libgraphene-1.0-0_1.10.8-3build2_amd64.deb ...
2026-01-13T12:51:05.0773674Z Unpacking libgraphene-1.0-0:amd64 (1.10.8-3build2) ...
2026-01-13T12:51:05.0997811Z Selecting previously unselected package libgssdp-1.6-0:amd64.
2026-01-13T12:51:05.1126352Z Preparing to unpack .../132-libgssdp-1.6-0_1.6.3-1build3_amd64.deb ...
2026-01-13T12:51:05.1137665Z Unpacking libgssdp-1.6-0:amd64 (1.6.3-1build3) ...
2026-01-13T12:51:05.1354654Z Selecting previously unselected package libegl1:amd64.
2026-01-13T12:51:05.1482483Z Preparing to unpack .../133-libegl1_1.7.0-1build1_amd64.deb ...
2026-01-13T12:51:05.1490291Z Unpacking libegl1:amd64 (1.7.0-1build1) ...
2026-01-13T12:51:05.1703034Z Selecting previously unselected package libgstreamer-gl1.0-0:amd64.
2026-01-13T12:51:05.1830051Z Preparing to unpack .../134-libgstreamer-gl1.0-0_1.24.2-1ubuntu0.3_amd64.deb ...
2026-01-13T12:51:05.1843510Z Unpacking libgstreamer-gl1.0-0:amd64 (1.24.2-1ubuntu0.3) ...
2026-01-13T12:51:05.2064436Z Selecting previously unselected package libgtk-4-common.
2026-01-13T12:51:05.2192290Z Preparing to unpack .../135-libgtk-4-common_4.14.5+ds-0ubuntu0.7_all.deb ...
2026-01-13T12:51:05.2199753Z Unpacking libgtk-4-common (4.14.5+ds-0ubuntu0.7) ...
2026-01-13T12:51:05.2706600Z Selecting previously unselected package libgtk-4-1:amd64.
2026-01-13T12:51:05.2841116Z Preparing to unpack .../136-libgtk-4-1_4.14.5+ds-0ubuntu0.7_amd64.deb ...
2026-01-13T12:51:05.2850590Z Unpacking libgtk-4-1:amd64 (4.14.5+ds-0ubuntu0.7) ...
2026-01-13T12:51:05.3528794Z Selecting previously unselected package libgupnp-1.6-0:amd64.
2026-01-13T12:51:05.3663788Z Preparing to unpack .../137-libgupnp-1.6-0_1.6.6-1build3_amd64.deb ...
2026-01-13T12:51:05.3671681Z Unpacking libgupnp-1.6-0:amd64 (1.6.6-1build3) ...
2026-01-13T12:51:05.3900338Z Selecting previously unselected package libgupnp-igd-1.6-0:amd64.
2026-01-13T12:51:05.4033429Z Preparing to unpack .../138-libgupnp-igd-1.6-0_1.6.0-3build3_amd64.deb ...
2026-01-13T12:51:05.4041122Z Unpacking libgupnp-igd-1.6-0:amd64 (1.6.0-3build3) ...
2026-01-13T12:51:05.4253525Z Selecting previously unselected package libharfbuzz-icu0:amd64.
2026-01-13T12:51:05.4385380Z Preparing to unpack .../139-libharfbuzz-icu0_8.3.0-2build2_amd64.deb ...
2026-01-13T12:51:05.4395207Z Unpacking libharfbuzz-icu0:amd64 (8.3.0-2build2) ...
2026-01-13T12:51:05.4604000Z Selecting previously unselected package libhyphen0:amd64.
2026-01-13T12:51:05.4735667Z Preparing to unpack .../140-libhyphen0_2.8.8-7build3_amd64.deb ...
2026-01-13T12:51:05.4743976Z Unpacking libhyphen0:amd64 (2.8.8-7build3) ...
2026-01-13T12:51:05.4954377Z Selecting previously unselected package libimath-3-1-29t64:amd64.
2026-01-13T12:51:05.5085228Z Preparing to unpack .../141-libimath-3-1-29t64_3.1.9-3.1ubuntu2_amd64.deb ...
2026-01-13T12:51:05.5092610Z Unpacking libimath-3-1-29t64:amd64 (3.1.9-3.1ubuntu2) ...
2026-01-13T12:51:05.5322195Z Selecting previously unselected package liblc3-1:amd64.
2026-01-13T12:51:05.5452852Z Preparing to unpack .../142-liblc3-1_1.0.4-3build1_amd64.deb ...
2026-01-13T12:51:05.5464946Z Unpacking liblc3-1:amd64 (1.0.4-3build1) ...
2026-01-13T12:51:05.5700852Z Selecting previously unselected package libldacbt-enc2:amd64.
2026-01-13T12:51:05.5830973Z Preparing to unpack .../143-libldacbt-enc2_2.0.2.3+git20200429+ed310a0-4ubuntu2_amd64.deb ...
2026-01-13T12:51:05.5840547Z Unpacking libldacbt-enc2:amd64 (2.0.2.3+git20200429+ed310a0-4ubuntu2) ...
2026-01-13T12:51:05.6187873Z Preparing to unpack .../144-libxslt1.1_1.1.39-0exp1ubuntu0.24.04.3_amd64.deb ...
2026-01-13T12:51:05.6213793Z Unpacking libxslt1.1:amd64 (1.1.39-0exp1ubuntu0.24.04.3) over (1.1.39-0exp1ubuntu0.24.04.2) ...
2026-01-13T12:51:05.6513201Z Selecting previously unselected package libraptor2-0:amd64.
2026-01-13T12:51:05.6644442Z Preparing to unpack .../145-libraptor2-0_2.0.16-3ubuntu0.1_amd64.deb ...
2026-01-13T12:51:05.6654436Z Unpacking libraptor2-0:amd64 (2.0.16-3ubuntu0.1) ...
2026-01-13T12:51:05.6875647Z Selecting previously unselected package liblrdf0:amd64.
2026-01-13T12:51:05.7006131Z Preparing to unpack .../146-liblrdf0_0.6.1-4build1_amd64.deb ...
2026-01-13T12:51:05.7014267Z Unpacking liblrdf0:amd64 (0.6.1-4build1) ...
2026-01-13T12:51:05.7233338Z Selecting previously unselected package libltc11:amd64.
2026-01-13T12:51:05.7360074Z Preparing to unpack .../147-libltc11_1.3.2-1build1_amd64.deb ...
2026-01-13T12:51:05.7368025Z Unpacking libltc11:amd64 (1.3.2-1build1) ...
2026-01-13T12:51:05.7582296Z Selecting previously unselected package libmanette-0.2-0:amd64.
2026-01-13T12:51:05.7706767Z Preparing to unpack .../148-libmanette-0.2-0_0.2.7-1build2_amd64.deb ...
2026-01-13T12:51:05.7714873Z Unpacking libmanette-0.2-0:amd64 (0.2.7-1build2) ...
2026-01-13T12:51:05.7930663Z Selecting previously unselected package libmfx1:amd64.
2026-01-13T12:51:05.8057733Z Preparing to unpack .../149-libmfx1_22.5.4-1_amd64.deb ...
2026-01-13T12:51:05.8072969Z Unpacking libmfx1:amd64 (22.5.4-1) ...
2026-01-13T12:51:05.9110982Z Selecting previously unselected package libmjpegutils-2.1-0t64:amd64.
2026-01-13T12:51:05.9245245Z Preparing to unpack .../150-libmjpegutils-2.1-0t64_1%3a2.1.0+debian-8.1build1_amd64.deb ...
2026-01-13T12:51:05.9253282Z Unpacking libmjpegutils-2.1-0t64:amd64 (1:2.1.0+debian-8.1build1) ...
2026-01-13T12:51:05.9474617Z Selecting previously unselected package libmodplug1:amd64.
2026-01-13T12:51:05.9608439Z Preparing to unpack .../151-libmodplug1_1%3a0.8.9.0-3build1_amd64.deb ...
2026-01-13T12:51:05.9617144Z Unpacking libmodplug1:amd64 (1:0.8.9.0-3build1) ...
2026-01-13T12:51:05.9838678Z Selecting previously unselected package libmpcdec6:amd64.
2026-01-13T12:51:05.9971452Z Preparing to unpack .../152-libmpcdec6_2%3a0.1~r495-2build1_amd64.deb ...
2026-01-13T12:51:05.9980130Z Unpacking libmpcdec6:amd64 (2:0.1~r495-2build1) ...
2026-01-13T12:51:06.0195307Z Selecting previously unselected package libmpeg2encpp-2.1-0t64:amd64.
2026-01-13T12:51:06.0327070Z Preparing to unpack .../153-libmpeg2encpp-2.1-0t64_1%3a2.1.0+debian-8.1build1_amd64.deb ...
2026-01-13T12:51:06.0336400Z Unpacking libmpeg2encpp-2.1-0t64:amd64 (1:2.1.0+debian-8.1build1) ...
2026-01-13T12:51:06.0550383Z Selecting previously unselected package libmplex2-2.1-0t64:amd64.
2026-01-13T12:51:06.0683386Z Preparing to unpack .../154-libmplex2-2.1-0t64_1%3a2.1.0+debian-8.1build1_amd64.deb ...
2026-01-13T12:51:06.0691286Z Unpacking libmplex2-2.1-0t64:amd64 (1:2.1.0+debian-8.1build1) ...
2026-01-13T12:51:06.0912197Z Selecting previously unselected package libneon27t64:amd64.
2026-01-13T12:51:06.1044165Z Preparing to unpack .../155-libneon27t64_0.33.0-1.1build3_amd64.deb ...
2026-01-13T12:51:06.1058681Z Unpacking libneon27t64:amd64 (0.33.0-1.1build3) ...
2026-01-13T12:51:06.1297395Z Selecting previously unselected package libnice10:amd64.
2026-01-13T12:51:06.1428433Z Preparing to unpack .../156-libnice10_0.1.21-2build3_amd64.deb ...
2026-01-13T12:51:06.1440099Z Unpacking libnice10:amd64 (0.1.21-2build3) ...
2026-01-13T12:51:06.1670413Z Selecting previously unselected package libopenal-data.
2026-01-13T12:51:06.1801800Z Preparing to unpack .../157-libopenal-data_1%3a1.23.1-4build1_all.deb ...
2026-01-13T12:51:06.1810351Z Unpacking libopenal-data (1:1.23.1-4build1) ...
2026-01-13T12:51:06.2051427Z Selecting previously unselected package libopenexr-3-1-30:amd64.
2026-01-13T12:51:06.2182116Z Preparing to unpack .../158-libopenexr-3-1-30_3.1.5-5.1build3_amd64.deb ...
2026-01-13T12:51:06.2192405Z Unpacking libopenexr-3-1-30:amd64 (3.1.5-5.1build3) ...
2026-01-13T12:51:06.2580889Z Selecting previously unselected package libopenh264-7:amd64.
2026-01-13T12:51:06.2715498Z Preparing to unpack .../159-libopenh264-7_2.4.1+dfsg-1_amd64.deb ...
2026-01-13T12:51:06.2727447Z Unpacking libopenh264-7:amd64 (2.4.1+dfsg-1) ...
2026-01-13T12:51:06.3043433Z Selecting previously unselected package libopenni2-0:amd64.
2026-01-13T12:51:06.3174882Z Preparing to unpack .../160-libopenni2-0_2.2.0.33+dfsg-18_amd64.deb ...
2026-01-13T12:51:06.3327569Z Unpacking libopenni2-0:amd64 (2.2.0.33+dfsg-18) ...
2026-01-13T12:51:06.3639701Z Selecting previously unselected package libqrencode4:amd64.
2026-01-13T12:51:06.3773124Z Preparing to unpack .../161-libqrencode4_4.1.1-1build2_amd64.deb ...
2026-01-13T12:51:06.3781314Z Unpacking libqrencode4:amd64 (4.1.1-1build2) ...
2026-01-13T12:51:06.4027355Z Selecting previously unselected package libsecret-common.
2026-01-13T12:51:06.4165622Z Preparing to unpack .../162-libsecret-common_0.21.4-1build3_all.deb ...
2026-01-13T12:51:06.4180263Z Unpacking libsecret-common (0.21.4-1build3) ...
2026-01-13T12:51:06.4401491Z Selecting previously unselected package libsecret-1-0:amd64.
2026-01-13T12:51:06.4535021Z Preparing to unpack .../163-libsecret-1-0_0.21.4-1build3_amd64.deb ...
2026-01-13T12:51:06.4550056Z Unpacking libsecret-1-0:amd64 (0.21.4-1build3) ...
2026-01-13T12:51:06.4788789Z Selecting previously unselected package libsndio7.0:amd64.
2026-01-13T12:51:06.4921540Z Preparing to unpack .../164-libsndio7.0_1.9.0-0.3build3_amd64.deb ...
2026-01-13T12:51:06.4934272Z Unpacking libsndio7.0:amd64 (1.9.0-0.3build3) ...
2026-01-13T12:51:06.5155614Z Selecting previously unselected package libsoundtouch1:amd64.
2026-01-13T12:51:06.5288264Z Preparing to unpack .../165-libsoundtouch1_2.3.2+ds1-1build1_amd64.deb ...
2026-01-13T12:51:06.5297110Z Unpacking libsoundtouch1:amd64 (2.3.2+ds1-1build1) ...
2026-01-13T12:51:06.5525825Z Selecting previously unselected package libspandsp2t64:amd64.
2026-01-13T12:51:06.5657356Z Preparing to unpack .../166-libspandsp2t64_0.0.6+dfsg-2.1build1_amd64.deb ...
2026-01-13T12:51:06.5669000Z Unpacking libspandsp2t64:amd64 (0.0.6+dfsg-2.1build1) ...
2026-01-13T12:51:06.5921230Z Selecting previously unselected package libsrtp2-1:amd64.
2026-01-13T12:51:06.6052612Z Preparing to unpack .../167-libsrtp2-1_2.5.0-3build1_amd64.deb ...
2026-01-13T12:51:06.6062949Z Unpacking libsrtp2-1:amd64 (2.5.0-3build1) ...
2026-01-13T12:51:06.6410108Z Preparing to unpack .../168-libssh-4_0.10.6-2ubuntu0.2_amd64.deb ...
2026-01-13T12:51:06.6484260Z Unpacking libssh-4:amd64 (0.10.6-2ubuntu0.2) over (0.10.6-2ubuntu0.1) ...
2026-01-13T12:51:06.6792465Z Selecting previously unselected package libwildmidi2:amd64.
2026-01-13T12:51:06.6922639Z Preparing to unpack .../169-libwildmidi2_0.4.3-1build3_amd64.deb ...
2026-01-13T12:51:06.6936442Z Unpacking libwildmidi2:amd64 (0.4.3-1build3) ...
2026-01-13T12:51:06.7160125Z Selecting previously unselected package libwoff1:amd64.
2026-01-13T12:51:06.7287071Z Preparing to unpack .../170-libwoff1_1.0.2-2build1_amd64.deb ...
2026-01-13T12:51:06.7297845Z Unpacking libwoff1:amd64 (1.0.2-2build1) ...
2026-01-13T12:51:06.7548318Z Selecting previously unselected package libxcb-xkb1:amd64.
2026-01-13T12:51:06.7675947Z Preparing to unpack .../171-libxcb-xkb1_1.15-1ubuntu2_amd64.deb ...
2026-01-13T12:51:06.7690224Z Unpacking libxcb-xkb1:amd64 (1.15-1ubuntu2) ...
2026-01-13T12:51:06.7912474Z Selecting previously unselected package libxkbcommon-x11-0:amd64.
2026-01-13T12:51:06.8041406Z Preparing to unpack .../172-libxkbcommon-x11-0_1.6.0-1build1_amd64.deb ...
2026-01-13T12:51:06.8049746Z Unpacking libxkbcommon-x11-0:amd64 (1.6.0-1build1) ...
2026-01-13T12:51:06.8264173Z Selecting previously unselected package libzbar0t64:amd64.
2026-01-13T12:51:06.8391311Z Preparing to unpack .../173-libzbar0t64_0.23.93-4build3_amd64.deb ...
2026-01-13T12:51:06.8410168Z Unpacking libzbar0t64:amd64 (0.23.93-4build3) ...
2026-01-13T12:51:06.8629120Z Selecting previously unselected package libzxing3:amd64.
2026-01-13T12:51:06.8756286Z Preparing to unpack .../174-libzxing3_2.2.1-3_amd64.deb ...
2026-01-13T12:51:06.8780508Z Unpacking libzxing3:amd64 (2.2.1-3) ...
2026-01-13T12:51:06.9032067Z Selecting previously unselected package xfonts-encodings.
2026-01-13T12:51:06.9163836Z Preparing to unpack .../175-xfonts-encodings_1%3a1.0.5-0ubuntu2_all.deb ...
2026-01-13T12:51:06.9171724Z Unpacking xfonts-encodings (1:1.0.5-0ubuntu2) ...
2026-01-13T12:51:06.9478915Z Selecting previously unselected package xfonts-utils.
2026-01-13T12:51:06.9609042Z Preparing to unpack .../176-xfonts-utils_1%3a7.7+6build3_amd64.deb ...
2026-01-13T12:51:06.9620215Z Unpacking xfonts-utils (1:7.7+6build3) ...
2026-01-13T12:51:07.0022155Z Selecting previously unselected package xfonts-cyrillic.
2026-01-13T12:51:07.0152634Z Preparing to unpack .../177-xfonts-cyrillic_1%3a1.0.5+nmu1_all.deb ...
2026-01-13T12:51:07.0163643Z Unpacking xfonts-cyrillic (1:1.0.5+nmu1) ...
2026-01-13T12:51:07.0525287Z Selecting previously unselected package xfonts-scalable.
2026-01-13T12:51:07.0655376Z Preparing to unpack .../178-xfonts-scalable_1%3a1.0.3-1.3_all.deb ...
2026-01-13T12:51:07.0663927Z Unpacking xfonts-scalable (1:1.0.3-1.3) ...
2026-01-13T12:51:07.0915227Z Selecting previously unselected package libgstreamer-plugins-bad1.0-0:amd64.
2026-01-13T12:51:07.1045866Z Preparing to unpack .../179-libgstreamer-plugins-bad1.0-0_1.24.2-1ubuntu4_amd64.deb ...
2026-01-13T12:51:07.1059160Z Unpacking libgstreamer-plugins-bad1.0-0:amd64 (1.24.2-1ubuntu4) ...
2026-01-13T12:51:07.1451551Z Selecting previously unselected package libdca0:amd64.
2026-01-13T12:51:07.1583411Z Preparing to unpack .../180-libdca0_0.0.7-2build1_amd64.deb ...
2026-01-13T12:51:07.1593802Z Unpacking libdca0:amd64 (0.0.7-2build1) ...
2026-01-13T12:51:07.1818563Z Selecting previously unselected package libopenal1:amd64.
2026-01-13T12:51:07.1945731Z Preparing to unpack .../181-libopenal1_1%3a1.23.1-4build1_amd64.deb ...
2026-01-13T12:51:07.1955947Z Unpacking libopenal1:amd64 (1:1.23.1-4build1) ...
2026-01-13T12:51:07.2219867Z Selecting previously unselected package libsbc1:amd64.
2026-01-13T12:51:07.2347019Z Preparing to unpack .../182-libsbc1_2.0-1build1_amd64.deb ...
2026-01-13T12:51:07.2361300Z Unpacking libsbc1:amd64 (2.0-1build1) ...
2026-01-13T12:51:07.2567662Z Selecting previously unselected package libvo-aacenc0:amd64.
2026-01-13T12:51:07.2694414Z Preparing to unpack .../183-libvo-aacenc0_0.1.3-2build1_amd64.deb ...
2026-01-13T12:51:07.2706707Z Unpacking libvo-aacenc0:amd64 (0.1.3-2build1) ...
2026-01-13T12:51:07.2927965Z Selecting previously unselected package libvo-amrwbenc0:amd64.
2026-01-13T12:51:07.3054005Z Preparing to unpack .../184-libvo-amrwbenc0_0.1.3-2build1_amd64.deb ...
2026-01-13T12:51:07.3068843Z Unpacking libvo-amrwbenc0:amd64 (0.1.3-2build1) ...
2026-01-13T12:51:07.3283127Z Selecting previously unselected package gstreamer1.0-plugins-bad:amd64.
2026-01-13T12:51:07.3407705Z Preparing to unpack .../185-gstreamer1.0-plugins-bad_1.24.2-1ubuntu4_amd64.deb ...
2026-01-13T12:51:07.3415862Z Unpacking gstreamer1.0-plugins-bad:amd64 (1.24.2-1ubuntu4) ...
2026-01-13T12:51:07.5000990Z Setting up libgme0:amd64 (0.6.3-7build1) ...
2026-01-13T12:51:07.5040490Z Setting up libchromaprint1:amd64 (1.5.1-5) ...
2026-01-13T12:51:07.5068056Z Setting up libssh-gcrypt-4:amd64 (0.10.6-2ubuntu0.2) ...
2026-01-13T12:51:07.5102218Z Setting up libhwy1t64:amd64 (1.0.7-8.1build1) ...
2026-01-13T12:51:07.5130648Z Setting up libcairo-script-interpreter2:amd64 (1.18.0-3build1) ...
2026-01-13T12:51:07.5170533Z Setting up libfreeaptx0:amd64 (0.1.1-2build1) ...
2026-01-13T12:51:07.5210838Z Setting up libdvdread8t64:amd64 (6.1.3-1.1build1) ...
2026-01-13T12:51:07.5240208Z Setting up libudfread0:amd64 (1.1.2-1build1) ...
2026-01-13T12:51:07.5264774Z Setting up libmodplug1:amd64 (1:0.8.9.0-3build1) ...
2026-01-13T12:51:07.5292081Z Setting up libcdparanoia0:amd64 (3.10.2+debian-14build3) ...
2026-01-13T12:51:07.5330085Z Setting up libvo-amrwbenc0:amd64 (0.1.3-2build1) ...
2026-01-13T12:51:07.5354389Z Setting up libraw1394-11:amd64 (2.1.2-2build3) ...
2026-01-13T12:51:07.5375177Z Setting up libsbc1:amd64 (2.0-1build1) ...
2026-01-13T12:51:07.5400426Z Setting up libneon27t64:amd64 (0.33.0-1.1build3) ...
2026-01-13T12:51:07.5429050Z Setting up libtag1v5-vanilla:amd64 (1.13.1-1build1) ...
2026-01-13T12:51:07.5453335Z Setting up libharfbuzz-icu0:amd64 (8.3.0-2build2) ...
2026-01-13T12:51:07.5479200Z Setting up libopenni2-0:amd64 (2.2.0.33+dfsg-18) ...
2026-01-13T12:51:07.5650618Z Setting up libspeex1:amd64 (1.2.1-2ubuntu2.24.04.1) ...
2026-01-13T12:51:07.5676632Z Setting up libshine3:amd64 (3.1.1-2build1) ...
2026-01-13T12:51:07.5699198Z Setting up libcaca0:amd64 (0.99.beta20-4ubuntu0.1) ...
2026-01-13T12:51:07.5722475Z Setting up libvpl2 (2023.3.0-1build1) ...
2026-01-13T12:51:07.5763818Z Setting up libv4lconvert0t64:amd64 (1.26.1-4build3) ...
2026-01-13T12:51:07.5790700Z Setting up libx264-164:amd64 (2:0.164.3108+git31e19f9-1) ...
2026-01-13T12:51:07.5825554Z Setting up libtwolame0:amd64 (0.4.0-2build3) ...
2026-01-13T12:51:07.5864603Z Setting up libmbedcrypto7t64:amd64 (2.28.8-1) ...
2026-01-13T12:51:07.5915993Z Setting up libwoff1:amd64 (1.0.2-2build1) ...
2026-01-13T12:51:07.5943077Z Setting up liblc3-1:amd64 (1.0.4-3build1) ...
2026-01-13T12:51:07.5976160Z Setting up libqrencode4:amd64 (4.1.1-1build2) ...
2026-01-13T12:51:07.6000731Z Setting up libhyphen0:amd64 (2.8.8-7build3) ...
2026-01-13T12:51:07.6027371Z Setting up libgsm1:amd64 (1.0.22-1build1) ...
2026-01-13T12:51:07.6072999Z Setting up libvisual-0.4-0:amd64 (0.4.2-2build1) ...
2026-01-13T12:51:07.6098655Z Setting up libsoxr0:amd64 (0.1.3-4build3) ...
2026-01-13T12:51:07.6132622Z Setting up libzix-0-0:amd64 (0.4.2-2build1) ...
2026-01-13T12:51:07.6165951Z Setting up libcodec2-1.2:amd64 (1.2.0-2build1) ...
2026-01-13T12:51:07.6190841Z Setting up libsrtp2-1:amd64 (2.5.0-3build1) ...
2026-01-13T12:51:07.6219809Z Setting up libmysofa1:amd64 (1.3.2+dfsg-2ubuntu2) ...
2026-01-13T12:51:07.6247779Z Setting up libldacbt-enc2:amd64 (2.0.2.3+git20200429+ed310a0-4ubuntu2) ...
2026-01-13T12:51:07.6271150Z Setting up fonts-wqy-zenhei (0.9.45-8) ...
2026-01-13T12:51:07.6400883Z Setting up libwebrtc-audio-processing1:amd64 (0.3.1-0ubuntu6) ...
2026-01-13T12:51:07.6436101Z Setting up fonts-freefont-ttf (20211204+svn4273-2) ...
2026-01-13T12:51:07.6461748Z Setting up libevent-2.1-7t64:amd64 (2.1.12-stable-9ubuntu2) ...
2026-01-13T12:51:07.6490728Z Setting up libsvtav1enc1d1:amd64 (1.7.0+dfsg-2build1) ...
2026-01-13T12:51:07.6517608Z Setting up libsoup-3.0-common (3.4.4-5ubuntu0.6) ...
2026-01-13T12:51:07.6556911Z Setting up libmpg123-0t64:amd64 (1.32.5-1ubuntu1.1) ...
2026-01-13T12:51:07.6577895Z Setting up libcjson1:amd64 (1.7.17-1) ...
2026-01-13T12:51:07.6597986Z Setting up libxvidcore4:amd64 (2:1.3.7-1build1) ...
2026-01-13T12:51:07.6629270Z Setting up libmpcdec6:amd64 (2:0.1~r495-2build1) ...
2026-01-13T12:51:07.6653469Z Setting up libmjpegutils-2.1-0t64:amd64 (1:2.1.0+debian-8.1build1) ...
2026-01-13T12:51:07.6700499Z Setting up librav1e0:amd64 (0.7.1-2) ...
2026-01-13T12:51:07.6739099Z Setting up liborc-0.4-0t64:amd64 (1:0.4.38-1ubuntu0.1) ...
2026-01-13T12:51:07.6768642Z Setting up libxcb-xkb1:amd64 (1.15-1ubuntu2) ...
2026-01-13T12:51:07.6804811Z Setting up libvo-aacenc0:amd64 (0.1.3-2build1) ...
2026-01-13T12:51:07.6839002Z Setting up librist4:amd64 (0.2.10+dfsg-2) ...
2026-01-13T12:51:07.6874296Z Setting up libglib2.0-0t64:amd64 (2.80.0-6ubuntu3.6) ...
2026-01-13T12:51:07.7079409Z Setting up libblas3:amd64 (3.12.0-3build1.1) ...
2026-01-13T12:51:07.7155261Z update-alternatives: using /usr/lib/x86_64-linux-gnu/blas/libblas.so.3 to provide /usr/lib/x86_64-linux-gnu/libblas.so.3 (libblas.so.3-x86_64-linux-gnu) in auto mode
2026-01-13T12:51:07.7183996Z Setting up libegl-mesa0:amd64 (25.0.7-0ubuntu0.24.04.2) ...
2026-01-13T12:51:07.7219664Z Setting up libsoundtouch1:amd64 (2.3.2+ds1-1build1) ...
2026-01-13T12:51:07.7242980Z Setting up libglib2.0-data (2.80.0-6ubuntu3.6) ...
2026-01-13T12:51:07.7274485Z Setting up libplacebo338:amd64 (6.338.2-2build1) ...
2026-01-13T12:51:07.7301812Z Setting up libgles2:amd64 (1.7.0-1build1) ...
2026-01-13T12:51:07.7329176Z Setting up fonts-tlwg-loma-otf (1:0.7.3-1) ...
2026-01-13T12:51:07.7357430Z Setting up libva2:amd64 (2.20.0-2build1) ...
2026-01-13T12:51:07.7392908Z Setting up libspa-0.2-modules:amd64 (1.0.5-1ubuntu3.2) ...
2026-01-13T12:51:07.7414775Z Setting up libzxing3:amd64 (2.2.1-3) ...
2026-01-13T12:51:07.7447217Z Setting up xfonts-encodings (1:1.0.5-0ubuntu2) ...
2026-01-13T12:51:07.7491584Z Setting up libopus0:amd64 (1.4-1build1) ...
2026-01-13T12:51:07.7518460Z Setting up libfaad2:amd64 (2.11.1-1build1) ...
2026-01-13T12:51:07.7545650Z Setting up libxkbcommon-x11-0:amd64 (1.6.0-1build1) ...
2026-01-13T12:51:07.7584679Z Setting up libdc1394-25:amd64 (2.2.6-4build1) ...
2026-01-13T12:51:07.7616155Z Setting up libpng16-16t64:amd64 (1.6.43-5ubuntu0.1) ...
2026-01-13T12:51:07.7654837Z Setting up libimath-3-1-29t64:amd64 (3.1.9-3.1ubuntu2) ...
2026-01-13T12:51:07.7683833Z Setting up libunibreak5:amd64 (5.1-2build1) ...
2026-01-13T12:51:07.7719705Z Setting up libdv4t64:amd64 (1.0.0-17.1build1) ...
2026-01-13T12:51:07.7740257Z Setting up gir1.2-glib-2.0:amd64 (2.80.0-6ubuntu3.6) ...
2026-01-13T12:51:07.7764310Z Setting up libjxl0.7:amd64 (0.7.0-10.2ubuntu6.1) ...
2026-01-13T12:51:07.7791107Z Setting up libssh-4:amd64 (0.10.6-2ubuntu0.2) ...
2026-01-13T12:51:07.7818293Z Setting up libopenh264-7:amd64 (2.4.1+dfsg-1) ...
2026-01-13T12:51:07.7869374Z Setting up libltc11:amd64 (1.3.2-1build1) ...
2026-01-13T12:51:07.7907110Z Setting up libx265-199:amd64 (3.5-2build1) ...
2026-01-13T12:51:07.7931972Z Setting up libv4l-0t64:amd64 (1.26.1-4build3) ...
2026-01-13T12:51:07.7955150Z Setting up libavtp0:amd64 (0.2.0-1build1) ...
2026-01-13T12:51:07.7975860Z Setting up libsndio7.0:amd64 (1.9.0-0.3build3) ...
2026-01-13T12:51:07.8000053Z Setting up libdirectfb-1.7-7t64:amd64 (1.7.7-11.1ubuntu2) ...
2026-01-13T12:51:07.8140658Z Setting up libspandsp2t64:amd64 (0.0.6+dfsg-2.1build1) ...
2026-01-13T12:51:07.8165873Z Setting up libvidstab1.1:amd64 (1.1.0-2build1) ...
2026-01-13T12:51:07.8187080Z Setting up libvpx9:amd64 (1.14.0-1ubuntu2.2) ...
2026-01-13T12:51:07.8216723Z Setting up libsrt1.5-gnutls:amd64 (1.5.3-1build2) ...
2026-01-13T12:51:07.8244471Z Setting up libtag1v5:amd64 (1.13.1-1build1) ...
2026-01-13T12:51:07.8273242Z Setting up libflite1:amd64 (2.2-6build3) ...
2026-01-13T12:51:07.8304581Z Setting up libdav1d7:amd64 (1.4.1-1build1) ...
2026-01-13T12:51:07.8328783Z Setting up libva-drm2:amd64 (2.20.0-2build1) ...
2026-01-13T12:51:07.8351861Z Setting up fonts-ipafont-gothic (00303-21ubuntu1) ...
2026-01-13T12:51:07.8424134Z update-alternatives: using /usr/share/fonts/opentype/ipafont-gothic/ipag.ttf to provide /usr/share/fonts/truetype/fonts-japanese-gothic.ttf (fonts-japanese-gothic.ttf) in auto mode
2026-01-13T12:51:07.8440188Z Setting up ocl-icd-libopencl1:amd64 (2.3.2-1build1) ...
2026-01-13T12:51:07.8462315Z Setting up libasyncns0:amd64 (0.8-6build4) ...
2026-01-13T12:51:07.8488070Z Setting up libwildmidi2:amd64 (0.4.3-1build3) ...
2026-01-13T12:51:07.8510875Z Setting up libvdpau1:amd64 (1.5-2build1) ...
2026-01-13T12:51:07.8538380Z Setting up libwavpack1:amd64 (5.6.0-1build1) ...
2026-01-13T12:51:07.8564221Z Setting up libbs2b0:amd64 (3.1.0+dfsg-7build1) ...
2026-01-13T12:51:07.8585588Z Setting up libtheora0:amd64 (1.1.1+dfsg.1-16.1build3) ...
2026-01-13T12:51:07.8615733Z Setting up libxslt1.1:amd64 (1.1.39-0exp1ubuntu0.24.04.3) ...
2026-01-13T12:51:07.8641847Z Setting up libegl1:amd64 (1.7.0-1build1) ...
2026-01-13T12:51:07.8662429Z Setting up libdecor-0-0:amd64 (0.2.2-1build2) ...
2026-01-13T12:51:07.8685746Z Setting up libdca0:amd64 (0.0.7-2build1) ...
2026-01-13T12:51:07.8710712Z Setting up libzimg2:amd64 (3.0.5+ds1-1build1) ...
2026-01-13T12:51:07.8738581Z Setting up libopenal-data (1:1.23.1-4build1) ...
2026-01-13T12:51:07.8770112Z Setting up libabsl20220623t64:amd64 (20220623.1-3.1ubuntu3.2) ...
2026-01-13T12:51:07.8796975Z Setting up libflac12t64:amd64 (1.4.3+ds-2.1ubuntu2) ...
2026-01-13T12:51:07.8819909Z Setting up libgtk-4-common (4.14.5+ds-0ubuntu0.7) ...
2026-01-13T12:51:07.8855621Z Setting up libmpeg2encpp-2.1-0t64:amd64 (1:2.1.0+debian-8.1build1) ...
2026-01-13T12:51:07.8876856Z Setting up glib-networking-common (2.80.0-1build1) ...
2026-01-13T12:51:07.8901695Z Setting up libmfx1:amd64 (22.5.4-1) ...
2026-01-13T12:51:07.8922968Z Setting up libbluray2:amd64 (1:1.3.4-1build1) ...
2026-01-13T12:51:07.8945148Z Setting up libsamplerate0:amd64 (0.2.2-4build1) ...
2026-01-13T12:51:07.8987885Z Setting up timgm6mb-soundfont (1.3-5) ...
2026-01-13T12:51:07.9064572Z update-alternatives: using /usr/share/sounds/sf2/TimGM6mb.sf2 to provide /usr/share/sounds/sf2/default-GM.sf2 (default-GM.sf2) in auto mode
2026-01-13T12:51:07.9107135Z update-alternatives: using /usr/share/sounds/sf2/TimGM6mb.sf2 to provide /usr/share/sounds/sf3/default-GM.sf3 (default-GM.sf3) in auto mode
2026-01-13T12:51:07.9127065Z Setting up libva-x11-2:amd64 (2.20.0-2build1) ...
2026-01-13T12:51:07.9168866Z Setting up libyuv0:amd64 (0.0~git202401110.af6ac82-1) ...
2026-01-13T12:51:07.9205705Z Setting up libmplex2-2.1-0t64:amd64 (1:2.1.0+debian-8.1build1) ...
2026-01-13T12:51:07.9230334Z Setting up libpipewire-0.3-0t64:amd64 (1.0.5-1ubuntu3.2) ...
2026-01-13T12:51:07.9252638Z Setting up libopenmpt0t64:amd64 (0.7.3-1.1build3) ...
2026-01-13T12:51:07.9279340Z Setting up libzvbi-common (0.2.42-2) ...
2026-01-13T12:51:07.9301510Z Setting up libsecret-common (0.21.4-1build3) ...
2026-01-13T12:51:07.9324291Z Setting up libmp3lame0:amd64 (3.100-6build1) ...
2026-01-13T12:51:07.9350212Z Setting up libgraphene-1.0-0:amd64 (1.10.8-3build2) ...
2026-01-13T12:51:07.9404521Z Setting up libvorbisenc2:amd64 (1.3.7-1build3) ...
2026-01-13T12:51:07.9431716Z Setting up libdvdnav4:amd64 (6.1.1-3build1) ...
2026-01-13T12:51:07.9471148Z Setting up fonts-unifont (1:15.1.01-1build1) ...
2026-01-13T12:51:07.9510388Z Setting up libaa1:amd64 (1.4p5-51.1) ...
2026-01-13T12:51:07.9540565Z Setting up libiec61883-0:amd64 (1.2.0-6build1) ...
2026-01-13T12:51:07.9565241Z Setting up libserd-0-0:amd64 (0.32.2-1) ...
2026-01-13T12:51:07.9592050Z Setting up libavc1394-0:amd64 (0.5.4-5build3) ...
2026-01-13T12:51:07.9621157Z Setting up session-migration (0.3.9build1) ...
2026-01-13T12:51:08.0763030Z Created symlink /etc/systemd/user/graphical-session-pre.target.wants/session-migration.service → /usr/lib/systemd/user/session-migration.service.
2026-01-13T12:51:08.0763641Z 
2026-01-13T12:51:08.0798530Z Setting up liblapack3:amd64 (3.12.0-3build1.1) ...
2026-01-13T12:51:08.0857821Z update-alternatives: using /usr/lib/x86_64-linux-gnu/lapack/liblapack.so.3 to provide /usr/lib/x86_64-linux-gnu/liblapack.so.3 (liblapack.so.3-x86_64-linux-gnu) in auto mode
2026-01-13T12:51:08.0875081Z Setting up libproxy1v5:amd64 (0.5.4-4build1) ...
2026-01-13T12:51:08.0910370Z Setting up libzvbi0t64:amd64 (0.2.42-2) ...
2026-01-13T12:51:08.0936591Z Setting up libmanette-0.2-0:amd64 (0.2.7-1build2) ...
2026-01-13T12:51:08.0973814Z Setting up libraptor2-0:amd64 (2.0.16-3ubuntu0.1) ...
2026-01-13T12:51:08.1001291Z Setting up libglib2.0-bin (2.80.0-6ubuntu3.6) ...
2026-01-13T12:51:08.1033176Z Setting up libzbar0t64:amd64 (0.23.93-4build3) ...
2026-01-13T12:51:08.1074072Z Setting up libgstreamer-plugins-base1.0-0:amd64 (1.24.2-1ubuntu0.3) ...
2026-01-13T12:51:08.1103028Z Setting up libavutil58:amd64 (7:6.1.1-3ubuntu5) ...
2026-01-13T12:51:08.1148309Z Setting up libopenal1:amd64 (1:1.23.1-4build1) ...
2026-01-13T12:51:08.1178545Z Setting up xfonts-utils (1:7.7+6build3) ...
2026-01-13T12:51:08.1237355Z Setting up librsvg2-2:amd64 (2.58.0+dfsg-1build1) ...
2026-01-13T12:51:08.1270249Z Setting up libsecret-1-0:amd64 (0.21.4-1build3) ...
2026-01-13T12:51:08.1297711Z Setting up libgstreamer-plugins-good1.0-0:amd64 (1.24.2-1ubuntu1.2) ...
2026-01-13T12:51:08.1333252Z Setting up libgstreamer-gl1.0-0:amd64 (1.24.2-1ubuntu0.3) ...
2026-01-13T12:51:08.1370049Z Setting up gstreamer1.0-plugins-base:amd64 (1.24.2-1ubuntu0.3) ...
2026-01-13T12:51:08.1401590Z Setting up libass9:amd64 (1:0.17.1-2build1) ...
2026-01-13T12:51:08.1442775Z Setting up libswresample4:amd64 (7:6.1.1-3ubuntu5) ...
2026-01-13T12:51:08.1478317Z Setting up libopenexr-3-1-30:amd64 (3.1.5-5.1build3) ...
2026-01-13T12:51:08.1507420Z Setting up libshout3:amd64 (2.4.6-1build2) ...
2026-01-13T12:51:08.1544118Z Setting up libgav1-1:amd64 (0.18.0-1build3) ...
2026-01-13T12:51:08.1585636Z Setting up libavcodec60:amd64 (7:6.1.1-3ubuntu5) ...
2026-01-13T12:51:08.1619757Z Setting up librubberband2:amd64 (3.3.0+dfsg-2build1) ...
2026-01-13T12:51:08.1648660Z Setting up libjack-jackd2-0:amd64 (1.9.21~dfsg-3ubuntu3) ...
2026-01-13T12:51:08.1681085Z Setting up libsord-0-0:amd64 (0.16.16-2build1) ...
2026-01-13T12:51:08.1723300Z Setting up xfonts-cyrillic (1:1.0.5+nmu1) ...
2026-01-13T12:51:08.2021985Z Setting up libpostproc57:amd64 (7:6.1.1-3ubuntu5) ...
2026-01-13T12:51:08.2059105Z Setting up libsratom-0-0:amd64 (0.6.16-1build1) ...
2026-01-13T12:51:08.2100276Z Setting up libgtk-4-1:amd64 (4.14.5+ds-0ubuntu0.7) ...
2026-01-13T12:51:08.3161117Z Setting up libsndfile1:amd64 (1.2.2-1ubuntu5.24.04.1) ...
2026-01-13T12:51:08.3187836Z Setting up liblilv-0-0:amd64 (0.24.22-1build1) ...
2026-01-13T12:51:08.3214910Z Setting up libinstpatch-1.0-2:amd64 (1.1.6-1build2) ...
2026-01-13T12:51:08.3247009Z Setting up xfonts-scalable (1:1.0.3-1.3) ...
2026-01-13T12:51:08.3638645Z Setting up libswscale7:amd64 (7:6.1.1-3ubuntu5) ...
2026-01-13T12:51:08.3665916Z Setting up gsettings-desktop-schemas (46.1-0ubuntu1) ...
2026-01-13T12:51:08.3692252Z Setting up glib-networking-services (2.80.0-1build1) ...
2026-01-13T12:51:08.3714333Z Setting up libavif16:amd64 (1.0.4-1ubuntu3) ...
2026-01-13T12:51:08.3740132Z Setting up libpulse0:amd64 (1:16.1+dfsg1-2ubuntu10.1) ...
2026-01-13T12:51:08.3820958Z Setting up liblrdf0:amd64 (0.6.1-4build1) ...
2026-01-13T12:51:08.3842233Z Setting up libavformat60:amd64 (7:6.1.1-3ubuntu5) ...
2026-01-13T12:51:08.3868810Z Setting up libsphinxbase3t64:amd64 (0.8+5prealpha+1-17build2) ...
2026-01-13T12:51:08.3902142Z Setting up glib-networking:amd64 (2.80.0-1build1) ...
2026-01-13T12:51:08.3932719Z Setting up libsdl2-2.0-0:amd64 (2.30.0+dfsg-1ubuntu3.1) ...
2026-01-13T12:51:08.3959004Z Setting up libfluidsynth3:amd64 (2.3.4-1build3) ...
2026-01-13T12:51:08.3989171Z Setting up libsoup-3.0-0:amd64 (3.4.4-5ubuntu0.6) ...
2026-01-13T12:51:08.4020074Z Setting up libpocketsphinx3:amd64 (0.8.0+real5prealpha+1-15ubuntu5) ...
2026-01-13T12:51:08.4050308Z Setting up libgssdp-1.6-0:amd64 (1.6.3-1build3) ...
2026-01-13T12:51:08.4083834Z Setting up gstreamer1.0-plugins-good:amd64 (1.24.2-1ubuntu1.2) ...
2026-01-13T12:51:08.4112923Z Setting up libgupnp-1.6-0:amd64 (1.6.6-1build3) ...
2026-01-13T12:51:08.4135275Z Setting up libavfilter9:amd64 (7:6.1.1-3ubuntu5) ...
2026-01-13T12:51:08.4168713Z Setting up libgupnp-igd-1.6-0:amd64 (1.6.0-3build3) ...
2026-01-13T12:51:08.4196590Z Setting up gstreamer1.0-libav:amd64 (1.24.1-1build1) ...
2026-01-13T12:51:08.4224982Z Setting up libnice10:amd64 (0.1.21-2build3) ...
2026-01-13T12:51:08.4246909Z Setting up libgstreamer-plugins-bad1.0-0:amd64 (1.24.2-1ubuntu4) ...
2026-01-13T12:51:08.4272603Z Setting up gstreamer1.0-plugins-bad:amd64 (1.24.2-1ubuntu4) ...
2026-01-13T12:51:08.4302423Z Processing triggers for libc-bin (2.39-0ubuntu8.6) ...
2026-01-13T12:51:09.6029932Z Processing triggers for man-db (2.12.0-4build2) ...
2026-01-13T12:51:09.6054994Z Not building database; man-db/auto-update is not 'true'.
2026-01-13T12:51:09.6069370Z Processing triggers for fontconfig (2.15.0-1.1ubuntu2) ...
2026-01-13T12:51:10.2797377Z 
2026-01-13T12:51:10.2797956Z Running kernel seems to be up-to-date.
2026-01-13T12:51:10.2798515Z 
2026-01-13T12:51:10.2798642Z Restarting services...
2026-01-13T12:51:10.3231024Z  systemctl restart packagekit.service php8.3-fpm.service polkit.service udisks2.service
2026-01-13T12:51:10.4441432Z 
2026-01-13T12:51:10.4442642Z Service restarts being deferred:
2026-01-13T12:51:10.4443732Z  systemctl restart ModemManager.service
2026-01-13T12:51:10.4448076Z  systemctl restart networkd-dispatcher.service
2026-01-13T12:51:10.4448676Z 
2026-01-13T12:51:10.4448954Z No containers need to be restarted.
2026-01-13T12:51:10.4449252Z 
2026-01-13T12:51:10.4449537Z No user sessions are running outdated binaries.
2026-01-13T12:51:10.4449888Z 
2026-01-13T12:51:10.4450360Z No VM guests are running outdated hypervisor (qemu) binaries on this host.
2026-01-13T12:51:11.2827666Z Downloading Chromium 143.0.7499.4 (playwright build v1200) from https://cdn.playwright.dev/dbazure/download/playwright/builds/chromium/1200/chromium-linux.zip
2026-01-13T12:51:11.5649371Z |                                                                                |   0% of 164.7 MiB
2026-01-13T12:51:11.7669010Z |■■■■■■■■                                                                        |  10% of 164.7 MiB
2026-01-13T12:51:11.8764829Z |■■■■■■■■■■■■■■■■                                                                |  20% of 164.7 MiB
2026-01-13T12:51:11.9781635Z |■■■■■■■■■■■■■■■■■■■■■■■■                                                        |  30% of 164.7 MiB
2026-01-13T12:51:12.0671454Z |■■■■■■■■■■■■■■■■■■■■■■■■■■■■■■■■                                                |  40% of 164.7 MiB
2026-01-13T12:51:12.1442072Z |■■■■■■■■■■■■■■■■■■■■■■■■■■■■■■■■■■■■■■■■                                        |  50% of 164.7 MiB
2026-01-13T12:51:12.2210647Z |■■■■■■■■■■■■■■■■■■■■■■■■■■■■■■■■■■■■■■■■■■■■■■■■                                |  60% of 164.7 MiB
2026-01-13T12:51:12.2932779Z |■■■■■■■■■■■■■■■■■■■■■■■■■■■■■■■■■■■■■■■■■■■■■■■■■■■■■■■■                        |  70% of 164.7 MiB
2026-01-13T12:51:12.3782296Z |■■■■■■■■■■■■■■■■■■■■■■■■■■■■■■■■■■■■■■■■■■■■■■■■■■■■■■■■■■■■■■■■                |  80% of 164.7 MiB
2026-01-13T12:51:12.4482528Z |■■■■■■■■■■■■■■■■■■■■■■■■■■■■■■■■■■■■■■■■■■■■■■■■■■■■■■■■■■■■■■■■■■■■■■■■        |  90% of 164.7 MiB
2026-01-13T12:51:12.5189981Z |■■■■■■■■■■■■■■■■■■■■■■■■■■■■■■■■■■■■■■■■■■■■■■■■■■■■■■■■■■■■■■■■■■■■■■■■■■■■■■■■| 100% of 164.7 MiB
2026-01-13T12:51:15.7101281Z Chromium 143.0.7499.4 (playwright build v1200) downloaded to /home/runner/.cache/ms-playwright/chromium-1200
2026-01-13T12:51:15.7107422Z Downloading Chromium Headless Shell 143.0.7499.4 (playwright build v1200) from https://cdn.playwright.dev/dbazure/download/playwright/builds/chromium/1200/chromium-headless-shell-linux.zip
2026-01-13T12:51:15.9947300Z |                                                                                |   0% of 109.7 MiB
2026-01-13T12:51:16.1398634Z |■■■■■■■■                                                                        |  10% of 109.7 MiB
2026-01-13T12:51:16.2167923Z |■■■■■■■■■■■■■■■■                                                                |  20% of 109.7 MiB
2026-01-13T12:51:16.2942609Z |■■■■■■■■■■■■■■■■■■■■■■■■                                                        |  30% of 109.7 MiB
2026-01-13T12:51:16.3555199Z |■■■■■■■■■■■■■■■■■■■■■■■■■■■■■■■■                                                |  40% of 109.7 MiB
2026-01-13T12:51:16.4071823Z |■■■■■■■■■■■■■■■■■■■■■■■■■■■■■■■■■■■■■■■■                                        |  50% of 109.7 MiB
2026-01-13T12:51:16.4649994Z |■■■■■■■■■■■■■■■■■■■■■■■■■■■■■■■■■■■■■■■■■■■■■■■■                                |  60% of 109.7 MiB
2026-01-13T12:51:16.5171468Z |■■■■■■■■■■■■■■■■■■■■■■■■■■■■■■■■■■■■■■■■■■■■■■■■■■■■■■■■                        |  70% of 109.7 MiB
2026-01-13T12:51:16.5749327Z |■■■■■■■■■■■■■■■■■■■■■■■■■■■■■■■■■■■■■■■■■■■■■■■■■■■■■■■■■■■■■■■■                |  80% of 109.7 MiB
2026-01-13T12:51:16.6395025Z |■■■■■■■■■■■■■■■■■■■■■■■■■■■■■■■■■■■■■■■■■■■■■■■■■■■■■■■■■■■■■■■■■■■■■■■■        |  90% of 109.7 MiB
2026-01-13T12:51:16.6872579Z |■■■■■■■■■■■■■■■■■■■■■■■■■■■■■■■■■■■■■■■■■■■■■■■■■■■■■■■■■■■■■■■■■■■■■■■■■■■■■■■■| 100% of 109.7 MiB
2026-01-13T12:51:18.9594323Z Chromium Headless Shell 143.0.7499.4 (playwright build v1200) downloaded to /home/runner/.cache/ms-playwright/chromium_headless_shell-1200
2026-01-13T12:51:18.9597583Z Downloading Firefox 144.0.2 (playwright build v1497) from https://cdn.playwright.dev/dbazure/download/playwright/builds/firefox/1497/firefox-ubuntu-24.04.zip
2026-01-13T12:51:19.1943238Z |                                                                                |   0% of 98.4 MiB
2026-01-13T12:51:19.3199785Z |■■■■■■■■                                                                        |  10% of 98.4 MiB
2026-01-13T12:51:19.3928837Z |■■■■■■■■■■■■■■■■                                                                |  20% of 98.4 MiB
2026-01-13T12:51:19.4732444Z |■■■■■■■■■■■■■■■■■■■■■■■■                                                        |  30% of 98.4 MiB
2026-01-13T12:51:19.5349936Z |■■■■■■■■■■■■■■■■■■■■■■■■■■■■■■■■                                                |  40% of 98.4 MiB
2026-01-13T12:51:19.5902411Z |■■■■■■■■■■■■■■■■■■■■■■■■■■■■■■■■■■■■■■■■                                        |  50% of 98.4 MiB
2026-01-13T12:51:19.6399423Z |■■■■■■■■■■■■■■■■■■■■■■■■■■■■■■■■■■■■■■■■■■■■■■■■                                |  60% of 98.4 MiB
2026-01-13T12:51:19.7008785Z |■■■■■■■■■■■■■■■■■■■■■■■■■■■■■■■■■■■■■■■■■■■■■■■■■■■■■■■■                        |  70% of 98.4 MiB
2026-01-13T12:51:19.7554540Z |■■■■■■■■■■■■■■■■■■■■■■■■■■■■■■■■■■■■■■■■■■■■■■■■■■■■■■■■■■■■■■■■                |  80% of 98.4 MiB
2026-01-13T12:51:19.8284502Z |■■■■■■■■■■■■■■■■■■■■■■■■■■■■■■■■■■■■■■■■■■■■■■■■■■■■■■■■■■■■■■■■■■■■■■■■        |  90% of 98.4 MiB
2026-01-13T12:51:19.8789218Z |■■■■■■■■■■■■■■■■■■■■■■■■■■■■■■■■■■■■■■■■■■■■■■■■■■■■■■■■■■■■■■■■■■■■■■■■■■■■■■■■| 100% of 98.4 MiB
2026-01-13T12:51:21.8959967Z Firefox 144.0.2 (playwright build v1497) downloaded to /home/runner/.cache/ms-playwright/firefox-1497
2026-01-13T12:51:21.8963729Z Downloading Webkit 26.0 (playwright build v2227) from https://cdn.playwright.dev/dbazure/download/playwright/builds/webkit/2227/webkit-ubuntu-24.04.zip
2026-01-13T12:51:22.1267277Z |                                                                                |   0% of 95.9 MiB
2026-01-13T12:51:22.2359311Z |■■■■■■■■                                                                        |  10% of 95.9 MiB
2026-01-13T12:51:22.2923384Z |■■■■■■■■■■■■■■■■                                                                |  20% of 95.9 MiB
2026-01-13T12:51:22.3609031Z |■■■■■■■■■■■■■■■■■■■■■■■■                                                        |  30% of 95.9 MiB
2026-01-13T12:51:22.4287311Z |■■■■■■■■■■■■■■■■■■■■■■■■■■■■■■■■                                                |  40% of 95.9 MiB
2026-01-13T12:51:22.4886911Z |■■■■■■■■■■■■■■■■■■■■■■■■■■■■■■■■■■■■■■■■                                        |  50% of 95.9 MiB
2026-01-13T12:51:22.5366576Z |■■■■■■■■■■■■■■■■■■■■■■■■■■■■■■■■■■■■■■■■■■■■■■■■                                |  60% of 95.9 MiB
2026-01-13T12:51:22.5898582Z |■■■■■■■■■■■■■■■■■■■■■■■■■■■■■■■■■■■■■■■■■■■■■■■■■■■■■■■■                        |  70% of 95.9 MiB
2026-01-13T12:51:22.6338792Z |■■■■■■■■■■■■■■■■■■■■■■■■■■■■■■■■■■■■■■■■■■■■■■■■■■■■■■■■■■■■■■■■                |  80% of 95.9 MiB
2026-01-13T12:51:22.6756381Z |■■■■■■■■■■■■■■■■■■■■■■■■■■■■■■■■■■■■■■■■■■■■■■■■■■■■■■■■■■■■■■■■■■■■■■■■        |  90% of 95.9 MiB
2026-01-13T12:51:22.7169347Z |■■■■■■■■■■■■■■■■■■■■■■■■■■■■■■■■■■■■■■■■■■■■■■■■■■■■■■■■■■■■■■■■■■■■■■■■■■■■■■■■| 100% of 95.9 MiB
2026-01-13T12:51:24.7181468Z Webkit 26.0 (playwright build v2227) downloaded to /home/runner/.cache/ms-playwright/webkit-2227
2026-01-13T12:51:24.7184452Z Downloading FFMPEG playwright build v1011 from https://cdn.playwright.dev/dbazure/download/playwright/builds/ffmpeg/1011/ffmpeg-linux.zip
2026-01-13T12:51:24.9475422Z |                                                                                |   0% of 2.3 MiB
2026-01-13T12:51:24.9656890Z |■■■■■■■■                                                                        |  10% of 2.3 MiB
2026-01-13T12:51:24.9732848Z |■■■■■■■■■■■■■■■■                                                                |  20% of 2.3 MiB
2026-01-13T12:51:24.9789273Z |■■■■■■■■■■■■■■■■■■■■■■■■                                                        |  30% of 2.3 MiB
2026-01-13T12:51:24.9812970Z |■■■■■■■■■■■■■■■■■■■■■■■■■■■■■■■■                                                |  40% of 2.3 MiB
2026-01-13T12:51:24.9846478Z |■■■■■■■■■■■■■■■■■■■■■■■■■■■■■■■■■■■■■■■■                                        |  50% of 2.3 MiB
2026-01-13T12:51:24.9871739Z |■■■■■■■■■■■■■■■■■■■■■■■■■■■■■■■■■■■■■■■■■■■■■■■■                                |  60% of 2.3 MiB
2026-01-13T12:51:24.9889129Z |■■■■■■■■■■■■■■■■■■■■■■■■■■■■■■■■■■■■■■■■■■■■■■■■■■■■■■■■                        |  70% of 2.3 MiB
2026-01-13T12:51:24.9910186Z |■■■■■■■■■■■■■■■■■■■■■■■■■■■■■■■■■■■■■■■■■■■■■■■■■■■■■■■■■■■■■■■■                |  80% of 2.3 MiB
2026-01-13T12:51:24.9937204Z |■■■■■■■■■■■■■■■■■■■■■■■■■■■■■■■■■■■■■■■■■■■■■■■■■■■■■■■■■■■■■■■■■■■■■■■■        |  90% of 2.3 MiB
2026-01-13T12:51:24.9955391Z |■■■■■■■■■■■■■■■■■■■■■■■■■■■■■■■■■■■■■■■■■■■■■■■■■■■■■■■■■■■■■■■■■■■■■■■■■■■■■■■■| 100% of 2.3 MiB
2026-01-13T12:51:25.0667812Z FFMPEG playwright build v1011 downloaded to /home/runner/.cache/ms-playwright/ffmpeg-1011
2026-01-13T12:51:25.4088848Z ##[group]Run mkdir -p docs/menus
2026-01-13T12:51:25.4089164Z [36;1mmkdir -p docs/menus[0m
2026-01-13T12:51:25.4121624Z shell: /usr/bin/bash -e {0}
2026-01-13T12:51:25.4121864Z ##[endgroup]
2026-01-13T12:51:25.4213226Z ##[group]Run node prescrap.js
2026-01-13T12:51:25.4213491Z [36;1mnode prescrap.js[0m
2026-01-13T12:51:25.4243514Z shell: /usr/bin/bash -e {0}
2026-01-13T12:51:25.4244019Z ##[endgroup]
2026-01-13T12:51:25.7291197Z 
2026-01-13T12:51:25.7292088Z 🔥 メニュープリスクレイピング開始 (10日間)
2026-01-13T12:51:25.7296196Z ============================================================
2026-01-13T12:51:25.7299163Z 
2026-01-13T12:51:25.7299652Z 📅 [1/10] 1/13(火)
2026-01-13T12:51:25.7300231Z 
2026-01-13T12:51:25.7300773Z ============================================================
2026-01-13T12:51:25.7301947Z 🌐 [スクレイプ開始] 日付: 1/13(火)
2026-01-13T12:51:25.7302840Z ============================================================
2026-01-13T12:51:25.9783813Z ✅ ブラウザ起動完了
2026-01-13T12:51:25.9784273Z ⏳ サイト読み込み中...
2026-01-13T12:51:28.1049561Z ✅ サイト読み込み完了
2026-01-13T12:51:28.1049990Z 📑 タブ切り替え: 「今週」を選択
2026-01-13T12:51:28.9808710Z ✅ タブ切り替え完了
2026-01-13T12:51:28.9809129Z 📅 日付選択: 「1/13(火)」
2026-01-13T12:51:29.0170975Z    ❌ エラー: 日付「1/13(火)」が見つかりません。利用可能な日付: 1/14(水), 1/15(木), 1/16(金), 1/17(土), 1/18(日), 1/19(月), 1/20(火), 1/21(水), 1/22(木), 1/23(金), 1/24(土)
2026-01-13T12:51:30.0182159Z 
2026-01-13T12:51:30.0182888Z 📅 [2/10] 1/14(水)
2026-01-13T12:51:30.0183271Z 
2026-01-13T12:51:30.0183730Z ============================================================
2026-01-13T12:51:30.0184593Z 🌐 [スクレイプ開始] 日付: 1/14(水)
2026-01-13T12:51:30.0185378Z ============================================================
2026-01-13T12:51:30.0947882Z ✅ ブラウザ起動完了
2026-01-13T12:51:30.0948501Z ⏳ サイト読み込み中...
2026-01-13T12:51:31.7624622Z ✅ サイト読み込み完了
2026-01-13T12:51:31.7625221Z 📑 タブ切り替え: 「今週」を選択
2026-01-13T12:51:32.6310118Z ✅ タブ切り替え完了
2026-01-13T12:51:32.6310608Z 📅 日付選択: 「1/14(水)」
2026-01-13T12:51:33.4423806Z ✅ 日付選択完了
2026-01-13T12:51:33.4426113Z 📋 [展開開始] メニュー展開ボタンをクリック開始
2026-01-13T12:51:33.4458864Z    展開前: 0 メニュー
2026-01-13T12:51:33.4480080Z ✅ [展開完了] 展開ボタンがなくなりました（合計 0 回クリック）
2026-01-13T12:51:38.4726605Z    ❌ エラー: page.waitForSelector: Timeout 5000ms exceeded.
2026-01-13T12:51:38.4727014Z Call log:
2026-01-13T12:51:38.4727281Z   - waiting for locator('.menu-content') to be visible
2026-01-13T12:51:38.4727530Z 
2026-01-13T12:51:39.4728882Z 
2026-01-13T12:51:39.4729400Z 📅 [3/10] 1/15(木)
2026-01-13T12:51:39.4729723Z 
2026-01-13T12:51:39.4730087Z ============================================================
2026-01-13T12:51:39.4730662Z 🌐 [スクレイプ開始] 日付: 1/15(木)
2026-01-13T12:51:39.4731117Z ============================================================
2026-01-13T12:51:39.5500923Z ✅ ブラウザ起動完了
2026-01-13T12:51:39.5503429Z ⏳ サイト読み込み中...
2026-01-13T12:51:41.2544099Z ✅ サイト読み込み完了
2026-01-13T12:51:41.2544619Z 📑 タブ切り替え: 「今週」を選択
2026-01-13T12:51:42.1223595Z ✅ タブ切り替え完了
2026-01-13T12:51:42.1223987Z 📅 日付選択: 「1/15(木)」
2026-01-13T12:51:42.9331161Z ✅ 日付選択完了
2026-01-13T12:51:42.9331756Z 📋 [展開開始] メニュー展開ボタンをクリック開始
2026-01-13T12:51:42.9362750Z    展開前: 0 メニュー
2026-01-13T12:51:42.9378986Z ✅ [展開完了] 展開ボタンがなくなりました（合計 0 回クリック）
2026-01-13T12:51:47.9595425Z    ❌ エラー: page.waitForSelector: Timeout 5000ms exceeded.
2026-01-13T12:51:47.9595793Z Call log:
2026-01-13T12:51:47.9596061Z   - waiting for locator('.menu-content') to be visible
2026-01-13T12:51:47.9596291Z 
2026-01-13T12:51:48.9598361Z 
2026-01-13T12:51:48.9598909Z 📅 [4/10] 1/16(金)
2026-01-13T12:51:48.9599243Z 
2026-01-13T12:51:48.9599698Z ============================================================
2026-01-13T12:51:48.9600574Z 🌐 [スクレイプ開始] 日付: 1/16(金)
2026-01-13T12:51:48.9601316Z ============================================================
2026-01-13T12:51:49.0362458Z ✅ ブラウザ起動完了
2026-01-13T12:51:49.0363080Z ⏳ サイト読み込み中...
2026-01-13T12:51:50.7150294Z ✅ サイト読み込み完了
2026-01-13T12:51:50.7150946Z 📑 タブ切り替え: 「今週」を選択
2026-01-13T12:51:51.5819311Z ✅ タブ切り替え完了
2026-01-13T12:51:51.5819921Z 📅 日付選択: 「1/16(金)」
2026-01-13T12:51:52.3923738Z ✅ 日付選択完了
2026-01-13T12:51:52.3924398Z 📋 [展開開始] メニュー展開ボタンをクリック開始
2026-01-13T12:51:52.3954286Z    展開前: 0 メニュー
2026-01-13T12:51:52.3970411Z ✅ [展開完了] 展開ボタンがなくなりました（合計 0 回クリック）
2026-01-13T12:51:57.4230624Z    ❌ エラー: page.waitForSelector: Timeout 5000ms exceeded.
2026-01-13T12:51:57.4231008Z Call log:
2026-01-13T12:51:57.4231296Z   - waiting for locator('.menu-content') to be visible
2026-01-13T12:51:57.4231531Z 
2026-01-13T12:51:58.4243433Z 
2026-01-13T12:51:58.4244039Z 📅 [5/10] 1/19(月)
2026-01-13T12:51:58.4244328Z 
2026-01-13T12:51:58.4244566Z ============================================================
2026-01-13T12:51:58.4245063Z 🌐 [スクレイプ開始] 日付: 1/19(月)
2026-01-13T12:51:58.4245458Z ============================================================
2026-01-13T12:51:58.5006849Z ✅ ブラウザ起動完了
2026-01-13T12:51:58.5015956Z ⏳ サイト読み込み中...
2026-01-13T12:52:00.2109356Z ✅ サイト読み込み完了
2026-01-13T12:52:00.2110066Z 📑 タブ切り替え: 「今週」を選択
2026-01-13T12:52:01.0791152Z ✅ タブ切り替え完了
2026-01-13T12:52:01.0791589Z 📅 日付選択: 「1/19(月)」
2026-01-13T12:52:01.8899505Z ✅ 日付選択完了
2026-01-13T12:52:01.8900030Z 📋 [展開開始] メニュー展開ボタンをクリック開始
2026-01-13T12:52:01.8927914Z    展開前: 0 メニュー
2026-01-13T12:52:01.8943451Z ✅ [展開完了] 展開ボタンがなくなりました（合計 0 回クリック）
2026-01-13T12:52:06.9184387Z    ❌ エラー: page.waitForSelector: Timeout 5000ms exceeded.
2026-01-13T12:52:06.9184801Z Call log:
2026-01-13T12:52:06.9185087Z   - waiting for locator('.menu-content') to be visible
2026-01-13T12:52:06.9185335Z 
2026-01-13T12:52:07.9187169Z 
2026-01-13T12:52:07.9187867Z 📅 [6/10] 1/20(火)
2026-01-13T12:52:07.9188365Z 
2026-01-13T12:52:07.9188745Z ============================================================
2026-01-13T12:52:07.9189493Z 🌐 [スクレイプ開始] 日付: 1/20(火)
2026-01-13T12:52:07.9190125Z ============================================================
2026-01-13T12:52:07.9945143Z ✅ ブラウザ起動完了
2026-01-13T12:52:07.9946048Z ⏳ サイト読み込み中...
2026-01-13T12:52:09.9490572Z ✅ サイト読み込み完了
2026-01-13T12:52:09.9491214Z 📑 タブ切り替え: 「今週」を選択
2026-01-13T12:52:10.8155012Z ✅ タブ切り替え完了
2026-01-13T12:52:10.8155419Z 📅 日付選択: 「1/20(火)」
2026-01-13T12:52:11.6262843Z ✅ 日付選択完了
2026-01-13T12:52:11.6263310Z 📋 [展開開始] メニュー展開ボタンをクリック開始
2026-01-13T12:52:11.6291154Z    展開前: 0 メニュー
2026-01-13T12:52:11.6306134Z ✅ [展開完了] 展開ボタンがなくなりました（合計 0 回クリック）
2026-01-13T12:52:16.6518012Z    ❌ エラー: page.waitForSelector: Timeout 5000ms exceeded.
2026-01-13T12:52:16.6518640Z Call log:
2026-01-13T12:52:16.6519079Z   - waiting for locator('.menu-content') to be visible
2026-01-13T12:52:16.6519626Z 
2026-01-13T12:52:17.6520819Z 
2026-01-13T12:52:17.6521467Z 📅 [7/10] 1/21(水)
2026-01-13T12:52:17.6521730Z 
2026-01-13T12:52:17.6522007Z ============================================================
2026-01-13T12:52:17.6522565Z 🌐 [スクレイプ開始] 日付: 1/21(水)
2026-01-13T12:52:17.6523034Z ============================================================
2026-01-13T12:52:17.7299443Z ✅ ブラウザ起動完了
2026-01-13T12:52:17.7299872Z ⏳ サイト読み込み中...
2026-01-13T12:52:19.4731891Z ✅ サイト読み込み完了
2026-01-13T12:52:19.4732545Z 📑 タブ切り替え: 「今週」を選択
2026-01-13T12:52:20.3405649Z ✅ タブ切り替え完了
2026-01-13T12:52:20.3406080Z 📅 日付選択: 「1/21(水)」
2026-01-13T12:52:21.1523527Z ✅ 日付選択完了
2026-01-13T12:52:21.1523988Z 📋 [展開開始] メニュー展開ボタンをクリック開始
2026-01-13T12:52:21.1551393Z    展開前: 0 メニュー
2026-01-13T12:52:21.1566109Z ✅ [展開完了] 展開ボタンがなくなりました（合計 0 回クリック）
2026-01-13T12:52:26.1819830Z    ❌ エラー: page.waitForSelector: Timeout 5000ms exceeded.
2026-01-13T12:52:26.1820396Z Call log:
2026-01-13T12:52:26.1820797Z   - waiting for locator('.menu-content') to be visible
2026-01-13T12:52:26.1821072Z 
2026-01-13T12:52:27.1822023Z 
2026-01-13T12:52:27.1822791Z 📅 [8/10] 1/22(木)
2026-01-13T12:52:27.1823025Z 
2026-01-13T12:52:27.1823317Z ============================================================
2026-01-13T12:52:27.1823903Z 🌐 [スクレイプ開始] 日付: 1/22(木)
2026-01-13T12:52:27.1824398Z ============================================================
2026-01-13T12:52:27.2571016Z ✅ ブラウザ起動完了
2026-01-13T12:52:27.2572107Z ⏳ サイト読み込み中...
2026-01-13T12:52:28.9432269Z ✅ サイト読み込み完了
2026-01-13T12:52:28.9432789Z 📑 タブ切り替え: 「今週」を選択
2026-01-13T12:52:29.8112858Z ✅ タブ切り替え完了
2026-01-13T12:52:29.8113332Z 📅 日付選択: 「1/22(木)」
2026-01-13T12:52:30.6214789Z ✅ 日付選択完了
2026-01-13T12:52:30.6215454Z 📋 [展開開始] メニュー展開ボタンをクリック開始
2026-01-13T12:52:30.6244314Z    展開前: 0 メニュー
2026-01-13T12:52:30.6261126Z ✅ [展開完了] 展開ボタンがなくなりました（合計 0 回クリック）
2026-01-13T12:52:35.6522957Z    ❌ エラー: page.waitForSelector: Timeout 5000ms exceeded.
2026-01-13T12:52:35.6523312Z Call log:
2026-01-13T12:52:35.6523584Z   - waiting for locator('.menu-content') to be visible
2026-01-13T12:52:35.6523856Z 
2026-01-13T12:52:36.6535258Z 
2026-01-13T12:52:36.6536001Z 📅 [9/10] 1/23(金)
2026-01-13T12:52:36.6536235Z 
2026-01-13T12:52:36.6536581Z ============================================================
2026-01-13T12:52:36.6537277Z 🌐 [スクレイプ開始] 日付: 1/23(金)
2026-01-13T12:52:36.6537823Z ============================================================
2026-01-13T12:52:36.7309863Z ✅ ブラウザ起動完了
2026-01-13T12:52:36.7310820Z ⏳ サイト読み込み中...
2026-01-13T12:52:38.4351011Z ✅ サイト読み込み完了
2026-01-13T12:52:38.4351486Z 📑 タブ切り替え: 「今週」を選択
2026-01-13T12:52:39.3049927Z ✅ タブ切り替え完了
2026-01-13T12:52:39.3050484Z 📅 日付選択: 「1/23(金)」
2026-01-13T12:52:40.1169681Z ✅ 日付選択完了
2026-01-13T12:52:40.1170334Z 📋 [展開開始] メニュー展開ボタンをクリック開始
2026-01-13T12:52:40.1199546Z    展開前: 0 メニュー
2026-01-13T12:52:40.1214431Z ✅ [展開完了] 展開ボタンがなくなりました（合計 0 回クリック）
2026-01-13T12:52:45.1467869Z    ❌ エラー: page.waitForSelector: Timeout 5000ms exceeded.
2026-01-13T12:52:45.1468912Z Call log:
2026-01-13T12:52:45.1469508Z   - waiting for locator('.menu-content') to be visible
2026-01-13T12:52:45.1469742Z 
2026-01-13T12:52:46.1469955Z 
2026-01-13T12:52:46.1470405Z 📅 [10/10] 1/26(月)
2026-01-13T12:52:46.1470726Z 
2026-01-13T12:52:46.1471024Z ============================================================
2026-01-13T12:52:46.1471821Z 🌐 [スクレイプ開始] 日付: 1/26(月)
2026-01-13T12:52:46.1472337Z ============================================================
2026-01-13T12:52:46.2234506Z ✅ ブラウザ起動完了
2026-01-13T12:52:46.2234972Z ⏳ サイト読み込み中...
2026-01-13T12:52:47.8925630Z ✅ サイト読み込み完了
2026-01-13T12:52:47.8926096Z 📑 タブ切り替え: 「今週」を選択
2026-01-13T12:52:48.7584304Z ✅ タブ切り替え完了
2026-01-13T12:52:48.7584739Z 📅 日付選択: 「1/26(月)」
2026-01-13T12:52:48.7926777Z    ❌ エラー: 日付「1/26(月)」が見つかりません。利用可能な日付: 1/14(水), 1/15(木), 1/16(金), 1/17(土), 1/18(日), 1/19(月), 1/20(火), 1/21(水), 1/22(木), 1/23(金), 1/24(土)
2026-01-13T12:52:49.7943950Z 
2026-01-13T12:52:49.7944650Z ✅ available-dates.json を生成しました
2026-01-13T12:52:49.7944994Z 
2026-01-13T12:52:49.7945291Z ============================================================
2026-01-13T12:52:49.7945926Z 📊 プリスクレイピング完了
2026-01-13T12:52:49.7946277Z    成功: 0, 失敗: 10
2026-01-13T12:52:49.7946622Z    保存日付: 
2026-01-13T12:52:49.7947060Z ============================================================
2026-01-13T12:52:49.7947412Z 
2026-01-13T12:52:49.8054312Z ##[group]Run git config user.name "github-actions[bot]"
2026-01-13T12:52:49.8054723Z [36;1mgit config user.name "github-actions[bot]"[0m
2026-01-13T12:52:49.8055157Z [36;1mgit config user.email "41898282+github-actions[bot]@users.noreply.github.com"[0m
2026-01-13T12:52:49.8055632Z [36;1mgit add docs/menus/ docs/available-dates.json[0m
2026-01-13T12:52:49.8055907Z [36;1m[0m
2026-01-13T12:52:49.8056165Z [36;1mif ! git diff --quiet || ! git diff --staged --quiet; then[0m
2026-01-13T12:52:49.8056533Z [36;1m  echo "📝 Changes detected, committing..."[0m
2026-01-13T12:52:49.8056895Z [36;1m  git commit -m "📅 Update menus: $(date '+%Y-%m-%d %H:%M:%S')"[0m
2026-01-13T12:52:49.8057255Z [36;1m  echo "🚀 Pushing to GitHub..."[0m
2026-01-13T12:52:49.8057518Z [36;1m  git push[0m
2026-01-13T12:52:49.8057717Z [36;1m  echo "✅ Push successful"[0m
2026-01-13T12:52:49.8057934Z [36;1melse[0m
2026-01-13T12:52:49.8058302Z [36;1m  echo "ℹ️ No changes to commit"[0m
2026-01-13T12:52:49.8058637Z [36;1mfi[0m
2026-01-13T12:52:49.8090846Z shell: /usr/bin/bash -e {0}
2026-01-13T12:52:49.8091062Z env:
2026-01-13T12:52:49.8091522Z   GITHUB_TOKEN: ***
2026-01-13T12:52:49.8091710Z ##[endgroup]
2026-01-13T12:52:49.8243707Z 📝 Changes detected, committing...
2026-01-13T12:52:49.8303796Z [main 1b7dc72] 📅 Update menus: 2026-01-13 12:52:49
2026-01-13T12:52:49.8304438Z  1 file changed, 1 insertion(+), 11 deletions(-)
2026-01-13T12:52:49.8306118Z 🚀 Pushing to GitHub...
2026-01-13T12:52:51.4705059Z To https://github.com/1onotakanori-art/kyowa-menu-optimizer
2026-01-13T12:52:51.4705697Z    7c05861..1b7dc72  main -> main
2026-01-13T12:52:51.4748292Z ✅ Push successful
2026-01-13T12:52:51.4806016Z Post job cleanup.
2026-01-13T12:52:51.6437110Z Post job cleanup.
2026-01-13T12:52:51.7370422Z [command]/usr/bin/git version
2026-01-13T12:52:51.7406014Z git version 2.52.0
2026-01-13T12:52:51.7449391Z Temporarily overriding HOME='/home/runner/work/_temp/5ada8653-9559-4823-9c57-077c2b87c501' before making global git config changes
2026-01-13T12:52:51.7450945Z Adding repository directory to the temporary git global config as a safe directory
2026-01-13T12:52:51.7456170Z [command]/usr/bin/git config --global --add safe.directory /home/runner/work/kyowa-menu-optimizer/kyowa-menu-optimizer
2026-01-13T12:52:51.7491868Z [command]/usr/bin/git config --local --name-only --get-regexp core\.sshCommand
2026-01-13T12:52:51.7523984Z [command]/usr/bin/git submodule foreach --recursive sh -c "git config --local --name-only --get-regexp 'core\.sshCommand' && git config --local --unset-all 'core.sshCommand' || :"
2026-01-13T12:52:51.7743966Z [command]/usr/bin/git config --local --name-only --get-regexp http\.https\:\/\/github\.com\/\.extraheader
2026-01-13T12:52:51.7763550Z http.https://github.com/.extraheader
2026-01-13T12:52:51.7781332Z [command]/usr/bin/git config --local --unset-all http.https://github.com/.extraheader
2026-01-13T12:52:51.7808759Z [command]/usr/bin/git submodule foreach --recursive sh -c "git config --local --name-only --get-regexp 'http\.https\:\/\/github\.com\/\.extraheader' && git config --local --unset-all 'http.https://github.com/.extraheader' || :"
2026-01-13T12:52:51.8042950Z [command]/usr/bin/git config --local --name-only --get-regexp ^includeIf\.gitdir:
2026-01-13T12:52:51.8074794Z [command]/usr/bin/git submodule foreach --recursive git config --local --show-origin --name-only --get-regexp remote.origin.url
2026-01-13T12:52:51.8420189Z Cleaning up orphan processes
