2026-01-13T13:21:47.9898581Z Current runner version: '2.330.0'
2026-01-13T13:21:47.9923613Z ##[group]Runner Image Provisioner
2026-01-13T13:21:47.9924480Z Hosted Compute Agent
2026-01-13T13:21:47.9925064Z Version: 20251211.462
2026-01-13T13:21:47.9925788Z Commit: 6cbad8c2bb55d58165063d031ccabf57e2d2db61
2026-01-13T13:21:47.9926776Z Build Date: 2025-12-11T16:28:49Z
2026-01-13T13:21:47.9927403Z Worker ID: {7e3e17e4-ad5e-44cb-b4cf-f6f4e6f23ee0}
2026-01-13T13:21:47.9928098Z ##[endgroup]
2026-01-13T13:21:47.9928659Z ##[group]Operating System
2026-01-13T13:21:47.9929231Z Ubuntu
2026-01-13T13:21:47.9929683Z 24.04.3
2026-01-13T13:21:47.9930214Z LTS
2026-01-13T13:21:47.9930962Z ##[endgroup]
2026-01-13T13:21:47.9931451Z ##[group]Runner Image
2026-01-13T13:21:47.9932074Z Image: ubuntu-24.04
2026-01-13T13:21:47.9932546Z Version: 20260105.202.1
2026-01-13T13:21:47.9933551Z Included Software: https://github.com/actions/runner-images/blob/ubuntu24/20260105.202/images/ubuntu/Ubuntu2404-Readme.md
2026-01-13T13:21:47.9935108Z Image Release: https://github.com/actions/runner-images/releases/tag/ubuntu24%2F20260105.202
2026-01-13T13:21:47.9936303Z ##[endgroup]
2026-01-13T13:21:47.9938901Z ##[group]GITHUB_TOKEN Permissions
2026-01-13T13:21:47.9940903Z Actions: write
2026-01-13T13:21:47.9941529Z ArtifactMetadata: write
2026-01-13T13:21:47.9942144Z Attestations: write
2026-01-13T13:21:47.9942604Z Checks: write
2026-01-13T13:21:47.9943110Z Contents: write
2026-01-13T13:21:47.9943579Z Deployments: write
2026-01-13T13:21:47.9944103Z Discussions: write
2026-01-13T13:21:47.9944572Z Issues: write
2026-01-13T13:21:47.9945109Z Metadata: read
2026-01-13T13:21:47.9945889Z Models: read
2026-01-13T13:21:47.9946371Z Packages: write
2026-01-13T13:21:47.9946941Z Pages: write
2026-01-13T13:21:47.9947408Z PullRequests: write
2026-01-13T13:21:47.9948052Z RepositoryProjects: write
2026-01-13T13:21:47.9948655Z SecurityEvents: write
2026-01-13T13:21:47.9949209Z Statuses: write
2026-01-13T13:21:47.9949681Z ##[endgroup]
2026-01-13T13:21:47.9952107Z Secret source: Actions
2026-01-13T13:21:47.9952833Z Prepare workflow directory
2026-01-13T13:21:48.0273969Z Prepare all required actions
2026-01-13T13:21:48.0311930Z Getting action download info
2026-01-13T13:21:48.3709309Z Download action repository 'actions/checkout@v4' (SHA:34e114876b0b11c390a56381ad16ebd13914f8d5)
2026-01-13T13:21:48.4848039Z Download action repository 'actions/setup-node@v4' (SHA:49933ea5288caeca8642d1e84afbd3f7d6820020)
2026-01-13T13:21:48.6779193Z Complete job name: scrape
2026-01-13T13:21:48.7484209Z ##[group]Run actions/checkout@v4
2026-01-13T13:21:48.7485042Z with:
2026-01-13T13:21:48.7485876Z   token: ***
2026-01-13T13:21:48.7486361Z   repository: 1onotakanori-art/kyowa-menu-optimizer
2026-01-13T13:21:48.7486959Z   ssh-strict: true
2026-01-13T13:21:48.7487353Z   ssh-user: git
2026-01-13T13:21:48.7487749Z   persist-credentials: true
2026-01-13T13:21:48.7488191Z   clean: true
2026-01-13T13:21:48.7488586Z   sparse-checkout-cone-mode: true
2026-01-13T13:21:48.7489053Z   fetch-depth: 1
2026-01-13T13:21:48.7489430Z   fetch-tags: false
2026-01-13T13:21:48.7489838Z   show-progress: true
2026-01-13T13:21:48.7490219Z   lfs: false
2026-01-13T13:21:48.7490581Z   submodules: false
2026-01-13T13:21:48.7490980Z   set-safe-directory: true
2026-01-13T13:21:48.7491678Z ##[endgroup]
2026-01-13T13:21:48.8551838Z Syncing repository: 1onotakanori-art/kyowa-menu-optimizer
2026-01-13T13:21:48.8553673Z ##[group]Getting Git version info
2026-01-13T13:21:48.8554746Z Working directory is '/home/runner/work/kyowa-menu-optimizer/kyowa-menu-optimizer'
2026-01-13T13:21:48.8556184Z [command]/usr/bin/git version
2026-01-13T13:21:48.8631799Z git version 2.52.0
2026-01-13T13:21:48.8658431Z ##[endgroup]
2026-01-13T13:21:48.8673032Z Temporarily overriding HOME='/home/runner/work/_temp/ce7bf525-8040-49b8-80b9-9a945702c8da' before making global git config changes
2026-01-13T13:21:48.8674378Z Adding repository directory to the temporary git global config as a safe directory
2026-01-13T13:21:48.8686202Z [command]/usr/bin/git config --global --add safe.directory /home/runner/work/kyowa-menu-optimizer/kyowa-menu-optimizer
2026-01-13T13:21:48.8723740Z Deleting the contents of '/home/runner/work/kyowa-menu-optimizer/kyowa-menu-optimizer'
2026-01-13T13:21:48.8727392Z ##[group]Initializing the repository
2026-01-13T13:21:48.8731422Z [command]/usr/bin/git init /home/runner/work/kyowa-menu-optimizer/kyowa-menu-optimizer
2026-01-13T13:21:48.8831774Z hint: Using 'master' as the name for the initial branch. This default branch name
2026-01-13T13:21:48.8833497Z hint: will change to "main" in Git 3.0. To configure the initial branch name
2026-01-13T13:21:48.8835012Z hint: to use in all of your new repositories, which will suppress this warning,
2026-01-13T13:21:48.8836371Z hint: call:
2026-01-13T13:21:48.8836953Z hint:
2026-01-13T13:21:48.8837714Z hint: 	git config --global init.defaultBranch <name>
2026-01-13T13:21:48.8838322Z hint:
2026-01-13T13:21:48.8838875Z hint: Names commonly chosen instead of 'master' are 'main', 'trunk' and
2026-01-13T13:21:48.8839768Z hint: 'development'. The just-created branch can be renamed via this command:
2026-01-13T13:21:48.8840479Z hint:
2026-01-13T13:21:48.8840853Z hint: 	git branch -m <name>
2026-01-13T13:21:48.8841276Z hint:
2026-01-13T13:21:48.8842109Z hint: Disable this message with "git config set advice.defaultBranchName false"
2026-01-13T13:21:48.8843492Z Initialized empty Git repository in /home/runner/work/kyowa-menu-optimizer/kyowa-menu-optimizer/.git/
2026-01-13T13:21:48.8848014Z [command]/usr/bin/git remote add origin https://github.com/1onotakanori-art/kyowa-menu-optimizer
2026-01-13T13:21:48.8882252Z ##[endgroup]
2026-01-13T13:21:48.8882960Z ##[group]Disabling automatic garbage collection
2026-01-13T13:21:48.8886435Z [command]/usr/bin/git config --local gc.auto 0
2026-01-13T13:21:48.8913785Z ##[endgroup]
2026-01-13T13:21:48.8914430Z ##[group]Setting up auth
2026-01-13T13:21:48.8920541Z [command]/usr/bin/git config --local --name-only --get-regexp core\.sshCommand
2026-01-13T13:21:48.8949529Z [command]/usr/bin/git submodule foreach --recursive sh -c "git config --local --name-only --get-regexp 'core\.sshCommand' && git config --local --unset-all 'core.sshCommand' || :"
2026-01-13T13:21:48.9291101Z [command]/usr/bin/git config --local --name-only --get-regexp http\.https\:\/\/github\.com\/\.extraheader
2026-01-13T13:21:48.9321040Z [command]/usr/bin/git submodule foreach --recursive sh -c "git config --local --name-only --get-regexp 'http\.https\:\/\/github\.com\/\.extraheader' && git config --local --unset-all 'http.https://github.com/.extraheader' || :"
2026-01-13T13:21:48.9537523Z [command]/usr/bin/git config --local --name-only --get-regexp ^includeIf\.gitdir:
2026-01-13T13:21:48.9567388Z [command]/usr/bin/git submodule foreach --recursive git config --local --show-origin --name-only --get-regexp remote.origin.url
2026-01-13T13:21:48.9816529Z [command]/usr/bin/git config --local http.https://github.com/.extraheader AUTHORIZATION: basic ***
2026-01-13T13:21:48.9850987Z ##[endgroup]
2026-01-13T13:21:48.9851778Z ##[group]Fetching the repository
2026-01-13T13:21:48.9859564Z [command]/usr/bin/git -c protocol.version=2 fetch --no-tags --prune --no-recurse-submodules --depth=1 origin +a0ff4b1c155d33a8eae266490c430afcafd8603c:refs/remotes/origin/main
2026-01-13T13:21:49.1832891Z From https://github.com/1onotakanori-art/kyowa-menu-optimizer
2026-01-13T13:21:49.1833879Z  * [new ref]         a0ff4b1c155d33a8eae266490c430afcafd8603c -> origin/main
2026-01-13T13:21:49.1863123Z ##[endgroup]
2026-01-13T13:21:49.1863847Z ##[group]Determining the checkout info
2026-01-13T13:21:49.1866353Z ##[endgroup]
2026-01-13T13:21:49.1871015Z [command]/usr/bin/git sparse-checkout disable
2026-01-13T13:21:49.1909887Z [command]/usr/bin/git config --local --unset-all extensions.worktreeConfig
2026-01-13T13:21:49.1936377Z ##[group]Checking out the ref
2026-01-13T13:21:49.1940900Z [command]/usr/bin/git checkout --progress --force -B main refs/remotes/origin/main
2026-01-13T13:21:49.2017030Z Switched to a new branch 'main'
2026-01-13T13:21:49.2020319Z branch 'main' set up to track 'origin/main'.
2026-01-13T13:21:49.2026689Z ##[endgroup]
2026-01-13T13:21:49.2059395Z [command]/usr/bin/git log -1 --format=%H
2026-01-13T13:21:49.2080746Z a0ff4b1c155d33a8eae266490c430afcafd8603c
2026-01-13T13:21:49.2314357Z ##[group]Run actions/setup-node@v4
2026-01-13T13:21:49.2314943Z with:
2026-01-13T13:21:49.2315362Z   node-version: 18
2026-01-13T13:21:49.2316039Z   always-auth: false
2026-01-13T13:21:49.2316488Z   check-latest: false
2026-01-13T13:21:49.2317072Z   token: ***
2026-01-13T13:21:49.2317475Z ##[endgroup]
2026-01-13T13:21:49.4108704Z Attempting to download 18...
2026-01-13T13:21:49.7883326Z Acquiring 18.20.8 - x64 from https://github.com/actions/node-versions/releases/download/18.20.8-14110393767/node-18.20.8-linux-x64.tar.gz
2026-01-13T13:21:50.1892356Z Extracting ...
2026-01-13T13:21:50.1995191Z [command]/usr/bin/tar xz --strip 1 --warning=no-unknown-keyword --overwrite -C /home/runner/work/_temp/c9497c21-7677-43e7-9d90-d52a761070c1 -f /home/runner/work/_temp/1a9b44c8-fe22-4dee-86da-cc5172ac70be
2026-01-13T13:21:51.1434860Z Adding to the cache ...
2026-01-13T13:21:52.7890387Z ##[group]Environment details
2026-01-13T13:21:53.0236409Z node: v18.20.8
2026-01-13T13:21:53.0237217Z npm: 10.8.2
2026-01-13T13:21:53.0237743Z yarn: 1.22.22
2026-01-13T13:21:53.0238647Z ##[endgroup]
2026-01-13T13:21:53.0398908Z ##[group]Run npm install
2026-01-13T13:21:53.0399298Z [36;1mnpm install[0m
2026-01-13T13:21:53.0438420Z shell: /usr/bin/bash -e {0}
2026-01-13T13:21:53.0438722Z ##[endgroup]
2026-01-13T13:21:54.3119195Z 
2026-01-13T13:21:54.3128197Z added 70 packages, and audited 71 packages in 1s
2026-01-13T13:21:54.3128633Z 
2026-01-13T13:21:54.3129006Z 15 packages are looking for funding
2026-01-13T13:21:54.3129662Z   run `npm fund` for details
2026-01-13T13:21:54.3130021Z 
2026-01-13T13:21:54.3130272Z found 0 vulnerabilities
2026-01-13T13:21:54.3272376Z ##[group]Run npx playwright install --with-deps
2026-01-13T13:21:54.3272783Z [36;1mnpx playwright install --with-deps[0m
2026-01-13T13:21:54.3308760Z shell: /usr/bin/bash -e {0}
2026-01-13T13:21:54.3309029Z ##[endgroup]
2026-01-13T13:21:55.2991896Z Installing dependencies...
2026-01-13T13:21:55.3075092Z Switching to root user to install dependencies...
2026-01-13T13:21:55.3917468Z Get:1 file:/etc/apt/apt-mirrors.txt Mirrorlist [144 B]
2026-01-13T13:21:55.4195310Z Hit:2 http://azure.archive.ubuntu.com/ubuntu noble InRelease
2026-01-13T13:21:55.4236909Z Get:3 http://azure.archive.ubuntu.com/ubuntu noble-updates InRelease [126 kB]
2026-01-13T13:21:55.4280585Z Get:4 http://azure.archive.ubuntu.com/ubuntu noble-backports InRelease [126 kB]
2026-01-13T13:21:55.4323933Z Get:5 http://azure.archive.ubuntu.com/ubuntu noble-security InRelease [126 kB]
2026-01-13T13:21:55.4461947Z Get:6 https://packages.microsoft.com/repos/azure-cli noble InRelease [3564 B]
2026-01-13T13:21:55.4499062Z Get:7 https://packages.microsoft.com/ubuntu/24.04/prod noble InRelease [3600 B]
2026-01-13T13:21:55.5510302Z Get:8 http://azure.archive.ubuntu.com/ubuntu noble-updates/main amd64 Packages [1693 kB]
2026-01-13T13:21:55.5679883Z Get:9 http://azure.archive.ubuntu.com/ubuntu noble-updates/main Translation-en [313 kB]
2026-01-13T13:21:55.5707958Z Get:10 http://azure.archive.ubuntu.com/ubuntu noble-updates/main amd64 Components [175 kB]
2026-01-13T13:21:55.5729460Z Get:11 http://azure.archive.ubuntu.com/ubuntu noble-updates/main amd64 c-n-f Metadata [15.9 kB]
2026-01-13T13:21:55.5739541Z Get:12 http://azure.archive.ubuntu.com/ubuntu noble-updates/universe amd64 Packages [1510 kB]
2026-01-13T13:21:55.5839893Z Get:13 http://azure.archive.ubuntu.com/ubuntu noble-updates/universe Translation-en [307 kB]
2026-01-13T13:21:55.5863043Z Get:14 http://azure.archive.ubuntu.com/ubuntu noble-updates/universe amd64 Components [377 kB]
2026-01-13T13:21:55.5902042Z Get:15 http://azure.archive.ubuntu.com/ubuntu noble-updates/universe amd64 c-n-f Metadata [31.4 kB]
2026-01-13T13:21:55.5920728Z Get:16 http://azure.archive.ubuntu.com/ubuntu noble-updates/restricted amd64 Packages [2426 kB]
2026-01-13T13:21:55.6081458Z Get:17 http://azure.archive.ubuntu.com/ubuntu noble-updates/restricted Translation-en [554 kB]
2026-01-13T13:21:55.6516784Z Get:18 http://azure.archive.ubuntu.com/ubuntu noble-updates/restricted amd64 Components [212 B]
2026-01-13T13:21:55.6526840Z Get:19 http://azure.archive.ubuntu.com/ubuntu noble-updates/multiverse amd64 Components [940 B]
2026-01-13T13:21:55.6591482Z Get:20 http://azure.archive.ubuntu.com/ubuntu noble-backports/main amd64 Components [7316 B]
2026-01-13T13:21:55.6593212Z Get:21 http://azure.archive.ubuntu.com/ubuntu noble-backports/universe amd64 Components [10.5 kB]
2026-01-13T13:21:55.6594934Z Get:22 http://azure.archive.ubuntu.com/ubuntu noble-backports/restricted amd64 Components [216 B]
2026-01-13T13:21:55.6601994Z Get:23 http://azure.archive.ubuntu.com/ubuntu noble-backports/multiverse amd64 Components [212 B]
2026-01-13T13:21:55.6616616Z Get:24 http://azure.archive.ubuntu.com/ubuntu noble-security/main amd64 Packages [1404 kB]
2026-01-13T13:21:55.6697217Z Get:25 http://azure.archive.ubuntu.com/ubuntu noble-security/main Translation-en [228 kB]
2026-01-13T13:21:55.6722264Z Get:26 http://azure.archive.ubuntu.com/ubuntu noble-security/main amd64 Components [21.5 kB]
2026-01-13T13:21:55.6743301Z Get:27 http://azure.archive.ubuntu.com/ubuntu noble-security/main amd64 c-n-f Metadata [9724 B]
2026-01-13T13:21:55.6758292Z Get:28 http://azure.archive.ubuntu.com/ubuntu noble-security/universe amd64 Packages [920 kB]
2026-01-13T13:21:55.6810503Z Get:29 http://azure.archive.ubuntu.com/ubuntu noble-security/universe Translation-en [208 kB]
2026-01-13T13:21:55.6834440Z Get:30 http://azure.archive.ubuntu.com/ubuntu noble-security/universe amd64 Components [71.5 kB]
2026-01-13T13:21:55.6861543Z Get:31 http://azure.archive.ubuntu.com/ubuntu noble-security/universe amd64 c-n-f Metadata [19.7 kB]
2026-01-13T13:21:55.7152288Z Get:37 https://packages.microsoft.com/repos/azure-cli noble/main amd64 Packages [1948 B]
2026-01-13T13:21:55.7321304Z Get:32 http://azure.archive.ubuntu.com/ubuntu noble-security/restricted amd64 Packages [2302 kB]
2026-01-13T13:21:55.7436431Z Get:33 http://azure.archive.ubuntu.com/ubuntu noble-security/restricted Translation-en [527 kB]
2026-01-13T13:21:55.7480966Z Get:34 http://azure.archive.ubuntu.com/ubuntu noble-security/restricted amd64 Components [212 B]
2026-01-13T13:21:55.7494036Z Get:35 http://azure.archive.ubuntu.com/ubuntu noble-security/multiverse Translation-en [6188 B]
2026-01-13T13:21:55.7501192Z Get:36 http://azure.archive.ubuntu.com/ubuntu noble-security/multiverse amd64 Components [212 B]
2026-01-13T13:21:55.7703013Z Get:38 https://packages.microsoft.com/ubuntu/24.04/prod noble/main armhf Packages [11.4 kB]
2026-01-13T13:21:55.7741512Z Get:39 https://packages.microsoft.com/ubuntu/24.04/prod noble/main arm64 Packages [60.8 kB]
2026-01-13T13:21:55.7782247Z Get:40 https://packages.microsoft.com/ubuntu/24.04/prod noble/main amd64 Packages [79.1 kB]
2026-01-13T13:22:04.4116870Z Fetched 13.7 MB in 2s (8860 kB/s)
2026-01-13T13:22:05.1666816Z Reading package lists...
2026-01-13T13:22:05.1930904Z Reading package lists...
2026-01-13T13:22:05.3743692Z Building dependency tree...
2026-01-13T13:22:05.3751811Z Reading state information...
2026-01-13T13:22:05.3918430Z libasound2t64 is already the newest version (1.2.11-1ubuntu0.1).
2026-01-13T13:22:05.3919129Z libasound2t64 set to manually installed.
2026-01-13T13:22:05.3919899Z libatk-bridge2.0-0t64 is already the newest version (2.52.0-1build1).
2026-01-13T13:22:05.3920640Z libatk-bridge2.0-0t64 set to manually installed.
2026-01-13T13:22:05.3921359Z libatk1.0-0t64 is already the newest version (2.52.0-1build1).
2026-01-13T13:22:05.3921996Z libatk1.0-0t64 set to manually installed.
2026-01-13T13:22:05.3922691Z libatspi2.0-0t64 is already the newest version (2.52.0-1build1).
2026-01-13T13:22:05.3923351Z libatspi2.0-0t64 set to manually installed.
2026-01-13T13:22:05.3924045Z libcairo2 is already the newest version (1.18.0-3build1).
2026-01-13T13:22:05.3924643Z libcairo2 set to manually installed.
2026-01-13T13:22:05.3925302Z libcups2t64 is already the newest version (2.4.7-1.2ubuntu7.9).
2026-01-13T13:22:05.3926712Z libcups2t64 set to manually installed.
2026-01-13T13:22:05.3927390Z libdbus-1-3 is already the newest version (1.14.10-4ubuntu4.1).
2026-01-13T13:22:05.3928024Z libdbus-1-3 set to manually installed.
2026-01-13T13:22:05.3928702Z libdrm2 is already the newest version (2.4.122-1~ubuntu0.24.04.2).
2026-01-13T13:22:05.3929515Z libdrm2 set to manually installed.
2026-01-13T13:22:05.3930161Z libgbm1 is already the newest version (25.0.7-0ubuntu0.24.04.2).
2026-01-13T13:22:05.3930782Z libgbm1 set to manually installed.
2026-01-13T13:22:05.3931392Z libnspr4 is already the newest version (2:4.35-1.1build1).
2026-01-13T13:22:05.3931994Z libnspr4 set to manually installed.
2026-01-13T13:22:05.3932590Z libnss3 is already the newest version (2:3.98-1build1).
2026-01-13T13:22:05.3933161Z libnss3 set to manually installed.
2026-01-13T13:22:05.3933817Z libpango-1.0-0 is already the newest version (1.52.1+ds-1build1).
2026-01-13T13:22:05.3934481Z libpango-1.0-0 set to manually installed.
2026-01-13T13:22:05.3935118Z libx11-6 is already the newest version (2:1.8.7-1build1).
2026-01-13T13:22:05.3935843Z libx11-6 set to manually installed.
2026-01-13T13:22:05.3936415Z libxcb1 is already the newest version (1.15-1ubuntu2).
2026-01-13T13:22:05.3936982Z libxcb1 set to manually installed.
2026-01-13T13:22:05.3937639Z libxcomposite1 is already the newest version (1:0.4.5-1build3).
2026-01-13T13:22:05.3938295Z libxcomposite1 set to manually installed.
2026-01-13T13:22:05.3938962Z libxdamage1 is already the newest version (1:1.1.6-1build1).
2026-01-13T13:22:05.3939578Z libxdamage1 set to manually installed.
2026-01-13T13:22:05.3940200Z libxext6 is already the newest version (2:1.3.4-1build2).
2026-01-13T13:22:05.3940784Z libxext6 set to manually installed.
2026-01-13T13:22:05.3941629Z libxfixes3 is already the newest version (1:6.0.0-2build1).
2026-01-13T13:22:05.3942251Z libxfixes3 set to manually installed.
2026-01-13T13:22:05.3942898Z libxkbcommon0 is already the newest version (1.6.0-1build1).
2026-01-13T13:22:05.3943536Z libxkbcommon0 set to manually installed.
2026-01-13T13:22:05.3944191Z libxrandr2 is already the newest version (2:1.5.2-2build1).
2026-01-13T13:22:05.3944787Z libxrandr2 set to manually installed.
2026-01-13T13:22:05.3945471Z libcairo-gobject2 is already the newest version (1.18.0-3build1).
2026-01-13T13:22:05.3946320Z libcairo-gobject2 set to manually installed.
2026-01-13T13:22:05.3947031Z libfontconfig1 is already the newest version (2.15.0-1.1ubuntu2).
2026-01-13T13:22:05.3947703Z libfontconfig1 set to manually installed.
2026-01-13T13:22:05.3948400Z libfreetype6 is already the newest version (2.13.2+dfsg-1build3).
2026-01-13T13:22:05.3949050Z libfreetype6 set to manually installed.
2026-01-13T13:22:05.3949821Z libgdk-pixbuf-2.0-0 is already the newest version (2.42.10+dfsg-3ubuntu3.2).
2026-01-13T13:22:05.3950629Z libgdk-pixbuf-2.0-0 set to manually installed.
2026-01-13T13:22:05.3951408Z libgtk-3-0t64 is already the newest version (3.24.41-4ubuntu1.3).
2026-01-13T13:22:05.3952067Z libgtk-3-0t64 set to manually installed.
2026-01-13T13:22:05.3952790Z libpangocairo-1.0-0 is already the newest version (1.52.1+ds-1build1).
2026-01-13T13:22:05.3953525Z libpangocairo-1.0-0 set to manually installed.
2026-01-13T13:22:05.3954217Z libx11-xcb1 is already the newest version (2:1.8.7-1build1).
2026-01-13T13:22:05.3954823Z libx11-xcb1 set to manually installed.
2026-01-13T13:22:05.3955450Z libxcb-shm0 is already the newest version (1.15-1ubuntu2).
2026-01-13T13:22:05.3956203Z libxcb-shm0 set to manually installed.
2026-01-13T13:22:05.3956884Z libxcursor1 is already the newest version (1:1.2.1-1build1).
2026-01-13T13:22:05.3957503Z libxcursor1 set to manually installed.
2026-01-13T13:22:05.3958098Z libxi6 is already the newest version (2:1.8.1-1build1).
2026-01-13T13:22:05.3958673Z libxi6 set to manually installed.
2026-01-13T13:22:05.3959319Z libxrender1 is already the newest version (1:0.9.10-1.1build1).
2026-01-13T13:22:05.3959954Z libxrender1 set to manually installed.
2026-01-13T13:22:05.3960756Z libicu74 is already the newest version (74.2-1ubuntu3.1).
2026-01-13T13:22:05.3961522Z libatomic1 is already the newest version (14.2.0-4ubuntu2~24.04).
2026-01-13T13:22:05.3962161Z libatomic1 set to manually installed.
2026-01-13T13:22:05.3962718Z libenchant-2-2 is already the newest version (2.3.3-2build2).
2026-01-13T13:22:05.3963274Z libenchant-2-2 set to manually installed.
2026-01-13T13:22:05.3963829Z libepoxy0 is already the newest version (1.5.10-1build1).
2026-01-13T13:22:05.3964360Z libepoxy0 set to manually installed.
2026-01-13T13:22:05.3965048Z libgstreamer1.0-0 is already the newest version (1.24.2-1ubuntu0.1).
2026-01-13T13:22:05.3965882Z libgstreamer1.0-0 set to manually installed.
2026-01-13T13:22:05.3966486Z libharfbuzz0b is already the newest version (8.3.0-2build2).
2026-01-13T13:22:05.3967058Z libharfbuzz0b set to manually installed.
2026-01-13T13:22:05.3967643Z libjpeg-turbo8 is already the newest version (2.1.5-2ubuntu2).
2026-01-13T13:22:05.3968201Z libjpeg-turbo8 set to manually installed.
2026-01-13T13:22:05.3968727Z liblcms2-2 is already the newest version (2.14-2build1).
2026-01-13T13:22:05.3969223Z liblcms2-2 set to manually installed.
2026-01-13T13:22:05.3969809Z libwayland-client0 is already the newest version (1.22.0-2.1build1).
2026-01-13T13:22:05.3970537Z libwayland-client0 set to manually installed.
2026-01-13T13:22:05.5507392Z libwayland-egl1 is already the newest version (1.22.0-2.1build1).
2026-01-13T13:22:05.5508187Z libwayland-egl1 set to manually installed.
2026-01-13T13:22:05.5508959Z libwayland-server0 is already the newest version (1.22.0-2.1build1).
2026-01-13T13:22:05.5509746Z libwayland-server0 set to manually installed.
2026-01-13T13:22:05.5510476Z libwebp7 is already the newest version (1.3.2-0.4build3).
2026-01-13T13:22:05.5511519Z libwebp7 set to manually installed.
2026-01-13T13:22:05.5512209Z libwebpdemux2 is already the newest version (1.3.2-0.4build3).
2026-01-13T13:22:05.5512941Z libwebpdemux2 set to manually installed.
2026-01-13T13:22:05.5513672Z libxml2 is already the newest version (2.9.14+dfsg-1.3ubuntu3.6).
2026-01-13T13:22:05.5514316Z libxml2 set to manually installed.
2026-01-13T13:22:05.5514939Z xvfb is already the newest version (2:21.1.12-1ubuntu1.5).
2026-01-13T13:22:05.5516000Z fonts-noto-color-emoji is already the newest version (2.047-0ubuntu0.24.04.1).
2026-01-13T13:22:05.5516878Z fonts-liberation is already the newest version (1:2.1.5-3).
2026-01-13T13:22:05.5517519Z fonts-liberation set to manually installed.
2026-01-13T13:22:05.5518151Z The following additional packages will be installed:
2026-01-13T13:22:05.5518797Z   gir1.2-glib-2.0 glib-networking glib-networking-common
2026-01-13T13:22:05.5519640Z   glib-networking-services gsettings-desktop-schemas libaa1 libabsl20220623t64
2026-01-13T13:22:05.5520710Z   libass9 libasyncns0 libavc1394-0 libavcodec60 libavfilter9 libavformat60
2026-01-13T13:22:05.5521486Z   libavtp0 libavutil58 libblas3 libbluray2 libbs2b0 libcaca0
2026-01-13T13:22:05.5522425Z   libcairo-script-interpreter2 libcdparanoia0 libchromaprint1 libcjson1
2026-01-13T13:22:05.5523217Z   libcodec2-1.2 libdav1d7 libdc1394-25 libdca0 libdecor-0-0
2026-01-13T13:22:05.5523966Z   libdirectfb-1.7-7t64 libdv4t64 libdvdnav4 libdvdread8t64 libegl-mesa0
2026-01-13T13:22:05.5524772Z   libegl1 libfaad2 libflac12t64 libfluidsynth3 libfreeaptx0 libgav1-1
2026-01-13T13:22:05.5525507Z   libglib2.0-bin libglib2.0-data libgme0 libgraphene-1.0-0 libgsm1
2026-01-13T13:22:05.5526298Z   libgssdp-1.6-0 libgstreamer-plugins-good1.0-0 libgtk-4-common libgupnp-1.6-0
2026-01-13T13:22:05.5526807Z   libgupnp-igd-1.6-0 libhwy1t64 libiec61883-0 libimath-3-1-29t64
2026-01-13T13:22:05.5527260Z   libinstpatch-1.0-2 libjack-jackd2-0 libjxl0.7 liblapack3 liblc3-1
2026-01-13T13:22:05.5527871Z   libldacbt-enc2 liblilv-0-0 liblrdf0 libltc11 libmbedcrypto7t64 libmfx1
2026-01-13T13:22:05.5528428Z   libmjpegutils-2.1-0t64 libmodplug1 libmp3lame0 libmpcdec6
2026-01-13T13:22:05.5528896Z   libmpeg2encpp-2.1-0t64 libmpg123-0t64 libmplex2-2.1-0t64 libmysofa1
2026-01-13T13:22:05.5529553Z   libneon27t64 libnice10 libopenal-data libopenal1 libopenexr-3-1-30
2026-01-13T13:22:05.5529982Z   libopenh264-7 libopenmpt0t64 libopenni2-0 liborc-0.4-0t64
2026-01-13T13:22:05.5530412Z   libpipewire-0.3-0t64 libplacebo338 libpocketsphinx3 libpostproc57
2026-01-13T13:22:05.5530883Z   libproxy1v5 libpulse0 libqrencode4 libraptor2-0 librav1e0 libraw1394-11
2026-01-13T13:22:05.5531378Z   librist4 librsvg2-2 librubberband2 libsamplerate0 libsbc1 libsdl2-2.0-0
2026-01-13T13:22:05.5532078Z   libsecret-common libserd-0-0 libshine3 libshout3 libsndfile1 libsndio7.0
2026-01-13T13:22:05.5532560Z   libsord-0-0 libsoundtouch1 libsoup-3.0-0 libsoup-3.0-common libsoxr0
2026-01-13T13:22:05.5533065Z   libspa-0.2-modules libspandsp2t64 libspeex1 libsphinxbase3t64 libsratom-0-0
2026-01-13T13:22:05.5533679Z   libsrt1.5-gnutls libsrtp2-1 libssh-4 libssh-gcrypt-4 libsvtav1enc1d1
2026-01-13T13:22:05.5534476Z   libswresample4 libswscale7 libtag1v5 libtag1v5-vanilla libtheora0
2026-01-13T13:22:05.5535315Z   libtwolame0 libudfread0 libunibreak5 libv4l-0t64 libv4lconvert0t64
2026-01-13T13:22:05.5536366Z   libva-drm2 libva-x11-2 libva2 libvdpau1 libvidstab1.1 libvisual-0.4-0
2026-01-13T13:22:05.5536930Z   libvo-aacenc0 libvo-amrwbenc0 libvorbisenc2 libvpl2 libwavpack1
2026-01-13T13:22:05.5537394Z   libwebrtc-audio-processing1 libwildmidi2 libx265-199 libxcb-xkb1
2026-01-13T13:22:05.5537881Z   libxkbcommon-x11-0 libxvidcore4 libyuv0 libzbar0t64 libzimg2 libzix-0-0
2026-01-13T13:22:05.5538387Z   libzvbi-common libzvbi0t64 libzxing3 ocl-icd-libopencl1 session-migration
2026-01-13T13:22:05.5539022Z   timgm6mb-soundfont xfonts-encodings xfonts-utils
2026-01-13T13:22:05.5539570Z Suggested packages:
2026-01-13T13:22:05.5540190Z   frei0r-plugins gvfs libcuda1 libnvcuvid1 libnvidia-encode1 libbluray-bdj
2026-01-13T13:22:05.5541066Z   libdirectfb-extra libdv-bin oss-compat libdvdcss2 low-memory-monitor
2026-01-13T13:22:05.5541602Z   libvisual-0.4-plugins jackd2 liblrdf0-dev libportaudio2 opus-tools pipewire
2026-01-13T13:22:05.5542123Z   pulseaudio raptor2-utils libraw1394-doc librsvg2-bin serdi sndiod sordi
2026-01-13T13:22:05.5542569Z   speex libwildmidi-config opencl-icd fluid-soundfont-gm
2026-01-13T13:22:05.5543022Z Recommended packages:
2026-01-13T13:22:05.5543556Z   fonts-ipafont-mincho fonts-tlwg-loma gstreamer1.0-x libaacs0
2026-01-13T13:22:05.5544444Z   default-libdecor-0-plugin-1 | libdecor-0-plugin-1 gstreamer1.0-gl
2026-01-13T13:22:05.5545412Z   libgtk-4-bin librsvg2-common libgtk-4-media-gstreamer libpipewire-0.3-common
2026-01-13T13:22:05.5546578Z   pocketsphinx-en-us va-driver-all | va-driver vdpau-driver-all | vdpau-driver
2026-01-13T13:22:05.5547277Z   libmagickcore-6.q16-7-extra
2026-01-13T13:22:05.6276564Z The following NEW packages will be installed:
2026-01-13T13:22:05.6277517Z   fonts-freefont-ttf fonts-ipafont-gothic fonts-tlwg-loma-otf fonts-unifont
2026-01-13T13:22:05.6278416Z   fonts-wqy-zenhei glib-networking glib-networking-common
2026-01-13T13:22:05.6279302Z   glib-networking-services gsettings-desktop-schemas gstreamer1.0-libav
2026-01-13T13:22:05.6280512Z   gstreamer1.0-plugins-bad gstreamer1.0-plugins-base gstreamer1.0-plugins-good
2026-01-13T13:22:05.6281683Z   libaa1 libabsl20220623t64 libass9 libasyncns0 libavc1394-0 libavcodec60
2026-01-13T13:22:05.6282566Z   libavfilter9 libavformat60 libavif16 libavtp0 libavutil58 libblas3
2026-01-13T13:22:05.6283531Z   libbluray2 libbs2b0 libcaca0 libcairo-script-interpreter2 libcdparanoia0
2026-01-13T13:22:05.6284509Z   libchromaprint1 libcjson1 libcodec2-1.2 libdav1d7 libdc1394-25 libdca0
2026-01-13T13:22:05.6285428Z   libdecor-0-0 libdirectfb-1.7-7t64 libdv4t64 libdvdnav4 libdvdread8t64
2026-01-13T13:22:05.6286503Z   libegl-mesa0 libegl1 libevent-2.1-7t64 libfaad2 libflac12t64 libflite1
2026-01-13T13:22:05.6287393Z   libfluidsynth3 libfreeaptx0 libgav1-1 libgles2 libgme0 libgraphene-1.0-0
2026-01-13T13:22:05.6288303Z   libgsm1 libgssdp-1.6-0 libgstreamer-gl1.0-0 libgstreamer-plugins-bad1.0-0
2026-01-13T13:22:05.6289268Z   libgstreamer-plugins-base1.0-0 libgstreamer-plugins-good1.0-0 libgtk-4-1
2026-01-13T13:22:05.6290564Z   libgtk-4-common libgupnp-1.6-0 libgupnp-igd-1.6-0 libharfbuzz-icu0
2026-01-13T13:22:05.6291435Z   libhwy1t64 libhyphen0 libiec61883-0 libimath-3-1-29t64 libinstpatch-1.0-2
2026-01-13T13:22:05.6292338Z   libjack-jackd2-0 libjxl0.7 liblapack3 liblc3-1 libldacbt-enc2 liblilv-0-0
2026-01-13T13:22:05.6293168Z   liblrdf0 libltc11 libmanette-0.2-0 libmbedcrypto7t64 libmfx1
2026-01-13T13:22:05.6293906Z   libmjpegutils-2.1-0t64 libmodplug1 libmp3lame0 libmpcdec6
2026-01-13T13:22:05.6294749Z   libmpeg2encpp-2.1-0t64 libmpg123-0t64 libmplex2-2.1-0t64 libmysofa1
2026-01-13T13:22:05.6295788Z   libneon27t64 libnice10 libopenal-data libopenal1 libopenexr-3-1-30
2026-01-13T13:22:05.6296685Z   libopenh264-7 libopenmpt0t64 libopenni2-0 libopus0 liborc-0.4-0t64
2026-01-13T13:22:05.6297547Z   libpipewire-0.3-0t64 libplacebo338 libpocketsphinx3 libpostproc57
2026-01-13T13:22:05.6298385Z   libproxy1v5 libpulse0 libqrencode4 libraptor2-0 librav1e0 libraw1394-11
2026-01-13T13:22:05.6299288Z   librist4 librsvg2-2 librubberband2 libsamplerate0 libsbc1 libsdl2-2.0-0
2026-01-13T13:22:05.6300188Z   libsecret-1-0 libsecret-common libserd-0-0 libshine3 libshout3 libsndfile1
2026-01-13T13:22:05.6301087Z   libsndio7.0 libsord-0-0 libsoundtouch1 libsoup-3.0-0 libsoup-3.0-common
2026-01-13T13:22:05.6302001Z   libsoxr0 libspa-0.2-modules libspandsp2t64 libspeex1 libsphinxbase3t64
2026-01-13T13:22:05.6302944Z   libsratom-0-0 libsrt1.5-gnutls libsrtp2-1 libssh-gcrypt-4 libsvtav1enc1d1
2026-01-13T13:22:05.6303872Z   libswresample4 libswscale7 libtag1v5 libtag1v5-vanilla libtheora0
2026-01-13T13:22:05.6304714Z   libtwolame0 libudfread0 libunibreak5 libv4l-0t64 libv4lconvert0t64
2026-01-13T13:22:05.6305856Z   libva-drm2 libva-x11-2 libva2 libvdpau1 libvidstab1.1 libvisual-0.4-0
2026-01-13T13:22:05.6306819Z   libvo-aacenc0 libvo-amrwbenc0 libvorbisenc2 libvpl2 libvpx9 libwavpack1
2026-01-13T13:22:05.6307783Z   libwebrtc-audio-processing1 libwildmidi2 libwoff1 libx264-164 libx265-199
2026-01-13T13:22:05.6308753Z   libxcb-xkb1 libxkbcommon-x11-0 libxvidcore4 libyuv0 libzbar0t64 libzimg2
2026-01-13T13:22:05.6309662Z   libzix-0-0 libzvbi-common libzvbi0t64 libzxing3 ocl-icd-libopencl1
2026-01-13T13:22:05.6310517Z   session-migration timgm6mb-soundfont xfonts-cyrillic xfonts-encodings
2026-01-13T13:22:05.6311179Z   xfonts-scalable xfonts-utils
2026-01-13T13:22:05.6311677Z The following packages will be upgraded:
2026-01-13T13:22:05.6312298Z   gir1.2-glib-2.0 libglib2.0-0t64 libglib2.0-bin libglib2.0-data
2026-01-13T13:22:05.6312902Z   libpng16-16t64 libssh-4 libxslt1.1
2026-01-13T13:22:05.6522243Z 7 upgraded, 179 newly installed, 0 to remove and 113 not upgraded.
2026-01-13T13:22:05.6522690Z Need to get 116 MB of archives.
2026-01-13T13:22:05.6523105Z After this operation, 363 MB of additional disk space will be used.
2026-01-13T13:22:05.6523849Z Get:1 file:/etc/apt/apt-mirrors.txt Mirrorlist [144 B]
2026-01-13T13:22:05.6700994Z Get:2 http://azure.archive.ubuntu.com/ubuntu noble/universe amd64 fonts-ipafont-gothic all 00303-21ubuntu1 [3513 kB]
2026-01-13T13:22:05.7024952Z Get:3 http://azure.archive.ubuntu.com/ubuntu noble-updates/main amd64 libglib2.0-data all 2.80.0-6ubuntu3.6 [49.3 kB]
2026-01-13T13:22:05.7053587Z Get:4 http://azure.archive.ubuntu.com/ubuntu noble-updates/main amd64 libglib2.0-bin amd64 2.80.0-6ubuntu3.6 [98.3 kB]
2026-01-13T13:22:05.7101328Z Get:5 http://azure.archive.ubuntu.com/ubuntu noble-updates/main amd64 gir1.2-glib-2.0 amd64 2.80.0-6ubuntu3.6 [183 kB]
2026-01-13T13:22:05.7134696Z Get:6 http://azure.archive.ubuntu.com/ubuntu noble-updates/main amd64 libglib2.0-0t64 amd64 2.80.0-6ubuntu3.6 [1545 kB]
2026-01-13T13:22:05.7302987Z Get:7 http://azure.archive.ubuntu.com/ubuntu noble-updates/main amd64 libpng16-16t64 amd64 1.6.43-5ubuntu0.1 [187 kB]
2026-01-13T13:22:05.7340082Z Get:8 http://azure.archive.ubuntu.com/ubuntu noble/main amd64 fonts-freefont-ttf all 20211204+svn4273-2 [5641 kB]
2026-01-13T13:22:05.7836059Z Get:9 http://azure.archive.ubuntu.com/ubuntu noble/universe amd64 fonts-tlwg-loma-otf all 1:0.7.3-1 [107 kB]
2026-01-13T13:22:05.7872691Z Get:10 http://azure.archive.ubuntu.com/ubuntu noble/universe amd64 fonts-unifont all 1:15.1.01-1build1 [2993 kB]
2026-01-13T13:22:05.8122442Z Get:11 http://azure.archive.ubuntu.com/ubuntu noble/universe amd64 fonts-wqy-zenhei all 0.9.45-8 [7472 kB]
2026-01-13T13:22:05.8698923Z Get:12 http://azure.archive.ubuntu.com/ubuntu noble/main amd64 libproxy1v5 amd64 0.5.4-4build1 [26.5 kB]
2026-01-13T13:22:05.8719514Z Get:13 http://azure.archive.ubuntu.com/ubuntu noble/main amd64 glib-networking-common all 2.80.0-1build1 [6702 B]
2026-01-13T13:22:05.8738431Z Get:14 http://azure.archive.ubuntu.com/ubuntu noble/main amd64 glib-networking-services amd64 2.80.0-1build1 [12.8 kB]
2026-01-13T13:22:05.8760204Z Get:15 http://azure.archive.ubuntu.com/ubuntu noble/main amd64 session-migration amd64 0.3.9build1 [9034 B]
2026-01-13T13:22:05.8839767Z Get:16 http://azure.archive.ubuntu.com/ubuntu noble-updates/main amd64 gsettings-desktop-schemas all 46.1-0ubuntu1 [35.6 kB]
2026-01-13T13:22:05.8860596Z Get:17 http://azure.archive.ubuntu.com/ubuntu noble/main amd64 glib-networking amd64 2.80.0-1build1 [64.1 kB]
2026-01-13T13:22:05.8895477Z Get:18 http://azure.archive.ubuntu.com/ubuntu noble/universe amd64 libva2 amd64 2.20.0-2build1 [66.2 kB]
2026-01-13T13:22:05.8926454Z Get:19 http://azure.archive.ubuntu.com/ubuntu noble/universe amd64 libva-drm2 amd64 2.20.0-2build1 [7124 B]
2026-01-13T13:22:05.9381679Z Get:20 http://azure.archive.ubuntu.com/ubuntu noble/universe amd64 libva-x11-2 amd64 2.20.0-2build1 [12.0 kB]
2026-01-13T13:22:05.9406995Z Get:21 http://azure.archive.ubuntu.com/ubuntu noble/main amd64 libvdpau1 amd64 1.5-2build1 [27.8 kB]
2026-01-13T13:22:05.9433519Z Get:22 http://azure.archive.ubuntu.com/ubuntu noble/universe amd64 libvpl2 amd64 2023.3.0-1build1 [99.8 kB]
2026-01-13T13:22:05.9469242Z Get:23 http://azure.archive.ubuntu.com/ubuntu noble/universe amd64 ocl-icd-libopencl1 amd64 2.3.2-1build1 [38.5 kB]
2026-01-13T13:22:05.9498785Z Get:24 http://azure.archive.ubuntu.com/ubuntu noble/universe amd64 libavutil58 amd64 7:6.1.1-3ubuntu5 [401 kB]
2026-01-13T13:22:05.9585416Z Get:25 http://azure.archive.ubuntu.com/ubuntu noble/universe amd64 libcodec2-1.2 amd64 1.2.0-2build1 [8998 kB]
2026-01-13T13:22:06.0472363Z Get:26 http://azure.archive.ubuntu.com/ubuntu noble/universe amd64 libdav1d7 amd64 1.4.1-1build1 [604 kB]
2026-01-13T13:22:06.0536296Z Get:27 http://azure.archive.ubuntu.com/ubuntu noble/universe amd64 libgsm1 amd64 1.0.22-1build1 [27.8 kB]
2026-01-13T13:22:06.0557587Z Get:28 http://azure.archive.ubuntu.com/ubuntu noble/universe amd64 libhwy1t64 amd64 1.0.7-8.1build1 [584 kB]
2026-01-13T13:22:06.0643309Z Get:29 http://azure.archive.ubuntu.com/ubuntu noble-updates/universe amd64 libjxl0.7 amd64 0.7.0-10.2ubuntu6.1 [1001 kB]
2026-01-13T13:22:06.0756079Z Get:30 http://azure.archive.ubuntu.com/ubuntu noble/main amd64 libmp3lame0 amd64 3.100-6build1 [142 kB]
2026-01-13T13:22:06.0787373Z Get:31 http://azure.archive.ubuntu.com/ubuntu noble/main amd64 libopus0 amd64 1.4-1build1 [208 kB]
2026-01-13T13:22:06.0823717Z Get:32 http://azure.archive.ubuntu.com/ubuntu noble/universe amd64 librav1e0 amd64 0.7.1-2 [1022 kB]
2026-01-13T13:22:06.0956738Z Get:33 http://azure.archive.ubuntu.com/ubuntu noble/main amd64 librsvg2-2 amd64 2.58.0+dfsg-1build1 [2135 kB]
2026-01-13T13:22:06.1202448Z Get:34 http://azure.archive.ubuntu.com/ubuntu noble/universe amd64 libshine3 amd64 3.1.1-2build1 [23.2 kB]
2026-01-13T13:22:06.1229105Z Get:35 http://azure.archive.ubuntu.com/ubuntu noble-updates/main amd64 libspeex1 amd64 1.2.1-2ubuntu2.24.04.1 [59.6 kB]
2026-01-13T13:22:06.1266011Z Get:36 http://azure.archive.ubuntu.com/ubuntu noble/universe amd64 libsvtav1enc1d1 amd64 1.7.0+dfsg-2build1 [2425 kB]
2026-01-13T13:22:06.1533681Z Get:37 http://azure.archive.ubuntu.com/ubuntu noble/universe amd64 libsoxr0 amd64 0.1.3-4build3 [80.0 kB]
2026-01-13T13:22:06.1563028Z Get:38 http://azure.archive.ubuntu.com/ubuntu noble/universe amd64 libswresample4 amd64 7:6.1.1-3ubuntu5 [63.8 kB]
2026-01-13T13:22:06.2051024Z Get:39 http://azure.archive.ubuntu.com/ubuntu noble/main amd64 libtheora0 amd64 1.1.1+dfsg.1-16.1build3 [211 kB]
2026-01-13T13:22:06.2100643Z Get:40 http://azure.archive.ubuntu.com/ubuntu noble/main amd64 libtwolame0 amd64 0.4.0-2build3 [52.3 kB]
2026-01-13T13:22:06.2126471Z Get:41 http://azure.archive.ubuntu.com/ubuntu noble/main amd64 libvorbisenc2 amd64 1.3.7-1build3 [80.8 kB]
2026-01-13T13:22:06.2158447Z Get:42 http://azure.archive.ubuntu.com/ubuntu noble-updates/main amd64 libvpx9 amd64 1.14.0-1ubuntu2.2 [1143 kB]
2026-01-13T13:22:06.2287043Z Get:43 http://azure.archive.ubuntu.com/ubuntu noble/universe amd64 libx264-164 amd64 2:0.164.3108+git31e19f9-1 [604 kB]
2026-01-13T13:22:06.2400009Z Get:44 http://azure.archive.ubuntu.com/ubuntu noble/universe amd64 libx265-199 amd64 3.5-2build1 [1226 kB]
2026-01-13T13:22:06.2577807Z Get:45 http://azure.archive.ubuntu.com/ubuntu noble/universe amd64 libxvidcore4 amd64 2:1.3.7-1build1 [219 kB]
2026-01-13T13:22:06.2642194Z Get:46 http://azure.archive.ubuntu.com/ubuntu noble/universe amd64 libzvbi-common all 0.2.42-2 [42.4 kB]
2026-01-13T13:22:06.2666052Z Get:47 http://azure.archive.ubuntu.com/ubuntu noble/universe amd64 libzvbi0t64 amd64 0.2.42-2 [261 kB]
2026-01-13T13:22:06.2745764Z Get:48 http://azure.archive.ubuntu.com/ubuntu noble/universe amd64 libavcodec60 amd64 7:6.1.1-3ubuntu5 [5851 kB]
2026-01-13T13:22:06.3452242Z Get:49 http://azure.archive.ubuntu.com/ubuntu noble/universe amd64 libunibreak5 amd64 5.1-2build1 [25.0 kB]
2026-01-13T13:22:06.3476359Z Get:50 http://azure.archive.ubuntu.com/ubuntu noble/universe amd64 libass9 amd64 1:0.17.1-2build1 [104 kB]
2026-01-13T13:22:06.3502954Z Get:51 http://azure.archive.ubuntu.com/ubuntu noble/universe amd64 libudfread0 amd64 1.1.2-1build1 [19.0 kB]
2026-01-13T13:22:06.3530334Z Get:52 http://azure.archive.ubuntu.com/ubuntu noble/universe amd64 libbluray2 amd64 1:1.3.4-1build1 [159 kB]
2026-01-13T13:22:06.3574452Z Get:53 http://azure.archive.ubuntu.com/ubuntu noble/universe amd64 libchromaprint1 amd64 1.5.1-5 [30.5 kB]
2026-01-13T13:22:06.3597246Z Get:54 http://azure.archive.ubuntu.com/ubuntu noble/universe amd64 libgme0 amd64 0.6.3-7build1 [134 kB]
2026-01-13T13:22:06.3634106Z Get:55 http://azure.archive.ubuntu.com/ubuntu noble-updates/main amd64 libmpg123-0t64 amd64 1.32.5-1ubuntu1.1 [169 kB]
2026-01-13T13:22:06.3683049Z Get:56 http://azure.archive.ubuntu.com/ubuntu noble/universe amd64 libopenmpt0t64 amd64 0.7.3-1.1build3 [647 kB]
2026-01-13T13:22:06.3845996Z Get:57 http://azure.archive.ubuntu.com/ubuntu noble/universe amd64 libcjson1 amd64 1.7.17-1 [24.8 kB]
2026-01-13T13:22:06.4298129Z Get:58 http://azure.archive.ubuntu.com/ubuntu noble/universe amd64 libmbedcrypto7t64 amd64 2.28.8-1 [209 kB]
2026-01-13T13:22:06.4342388Z Get:59 http://azure.archive.ubuntu.com/ubuntu noble/universe amd64 librist4 amd64 0.2.10+dfsg-2 [74.9 kB]
2026-01-13T13:22:06.4387060Z Get:60 http://azure.archive.ubuntu.com/ubuntu noble/universe amd64 libsrt1.5-gnutls amd64 1.5.3-1build2 [316 kB]
2026-01-13T13:22:06.4435397Z Get:61 http://azure.archive.ubuntu.com/ubuntu noble-updates/main amd64 libssh-gcrypt-4 amd64 0.10.6-2ubuntu0.2 [224 kB]
2026-01-13T13:22:06.4470399Z Get:62 http://azure.archive.ubuntu.com/ubuntu noble/universe amd64 libavformat60 amd64 7:6.1.1-3ubuntu5 [1153 kB]
2026-01-13T13:22:06.4586642Z Get:63 http://azure.archive.ubuntu.com/ubuntu noble/universe amd64 libbs2b0 amd64 3.1.0+dfsg-7build1 [10.6 kB]
2026-01-13T13:22:06.4611090Z Get:64 http://azure.archive.ubuntu.com/ubuntu noble/universe amd64 libflite1 amd64 2.2-6build3 [13.6 MB]
2026-01-13T13:22:06.5720512Z Get:65 http://azure.archive.ubuntu.com/ubuntu noble/universe amd64 libserd-0-0 amd64 0.32.2-1 [43.6 kB]
2026-01-13T13:22:06.5753190Z Get:66 http://azure.archive.ubuntu.com/ubuntu noble/universe amd64 libzix-0-0 amd64 0.4.2-2build1 [23.6 kB]
2026-01-13T13:22:06.5776492Z Get:67 http://azure.archive.ubuntu.com/ubuntu noble/universe amd64 libsord-0-0 amd64 0.16.16-2build1 [15.8 kB]
2026-01-13T13:22:06.5801046Z Get:68 http://azure.archive.ubuntu.com/ubuntu noble/universe amd64 libsratom-0-0 amd64 0.6.16-1build1 [17.3 kB]
2026-01-13T13:22:06.5822745Z Get:69 http://azure.archive.ubuntu.com/ubuntu noble/universe amd64 liblilv-0-0 amd64 0.24.22-1build1 [41.0 kB]
2026-01-13T13:22:06.5863558Z Get:70 http://azure.archive.ubuntu.com/ubuntu noble/universe amd64 libmysofa1 amd64 1.3.2+dfsg-2ubuntu2 [1158 kB]
2026-01-13T13:22:06.5975357Z Get:71 http://azure.archive.ubuntu.com/ubuntu noble/universe amd64 libplacebo338 amd64 6.338.2-2build1 [2654 kB]
2026-01-13T13:22:06.6202709Z Get:72 http://azure.archive.ubuntu.com/ubuntu noble-updates/main amd64 libblas3 amd64 3.12.0-3build1.1 [238 kB]
2026-01-13T13:22:06.6265450Z Get:73 http://azure.archive.ubuntu.com/ubuntu noble-updates/main amd64 liblapack3 amd64 3.12.0-3build1.1 [2646 kB]
2026-01-13T13:22:06.6512023Z Get:74 http://azure.archive.ubuntu.com/ubuntu noble/main amd64 libasyncns0 amd64 0.8-6build4 [11.3 kB]
2026-01-13T13:22:06.6533311Z Get:75 http://azure.archive.ubuntu.com/ubuntu noble/main amd64 libflac12t64 amd64 1.4.3+ds-2.1ubuntu2 [197 kB]
2026-01-13T13:22:06.7017888Z Get:76 http://azure.archive.ubuntu.com/ubuntu noble-updates/main amd64 libsndfile1 amd64 1.2.2-1ubuntu5.24.04.1 [209 kB]
2026-01-13T13:22:06.7062292Z Get:77 http://azure.archive.ubuntu.com/ubuntu noble-updates/main amd64 libpulse0 amd64 1:16.1+dfsg1-2ubuntu10.1 [292 kB]
2026-01-13T13:22:06.7110785Z Get:78 http://azure.archive.ubuntu.com/ubuntu noble/universe amd64 libsphinxbase3t64 amd64 0.8+5prealpha+1-17build2 [126 kB]
2026-01-13T13:22:06.7162228Z Get:79 http://azure.archive.ubuntu.com/ubuntu noble/universe amd64 libpocketsphinx3 amd64 0.8.0+real5prealpha+1-15ubuntu5 [133 kB]
2026-01-13T13:22:06.7200496Z Get:80 http://azure.archive.ubuntu.com/ubuntu noble/universe amd64 libpostproc57 amd64 7:6.1.1-3ubuntu5 [49.9 kB]
2026-01-13T13:22:06.7227495Z Get:81 http://azure.archive.ubuntu.com/ubuntu noble/main amd64 libsamplerate0 amd64 0.2.2-4build1 [1344 kB]
2026-01-13T13:22:06.7364186Z Get:82 http://azure.archive.ubuntu.com/ubuntu noble/universe amd64 librubberband2 amd64 3.3.0+dfsg-2build1 [130 kB]
2026-01-13T13:22:06.7404203Z Get:83 http://azure.archive.ubuntu.com/ubuntu noble/universe amd64 libswscale7 amd64 7:6.1.1-3ubuntu5 [193 kB]
2026-01-13T13:22:06.7446641Z Get:84 http://azure.archive.ubuntu.com/ubuntu noble/universe amd64 libvidstab1.1 amd64 1.1.0-2build1 [38.5 kB]
2026-01-13T13:22:06.7501667Z Get:85 http://azure.archive.ubuntu.com/ubuntu noble/universe amd64 libzimg2 amd64 3.0.5+ds1-1build1 [254 kB]
2026-01-13T13:22:06.7557719Z Get:86 http://azure.archive.ubuntu.com/ubuntu noble/universe amd64 libavfilter9 amd64 7:6.1.1-3ubuntu5 [4235 kB]
2026-01-13T13:22:06.7926713Z Get:87 http://azure.archive.ubuntu.com/ubuntu noble-updates/main amd64 liborc-0.4-0t64 amd64 1:0.4.38-1ubuntu0.1 [207 kB]
2026-01-13T13:22:06.7964510Z Get:88 http://azure.archive.ubuntu.com/ubuntu noble-updates/main amd64 libgstreamer-plugins-base1.0-0 amd64 1.24.2-1ubuntu0.3 [862 kB]
2026-01-13T13:22:06.8062173Z Get:89 http://azure.archive.ubuntu.com/ubuntu noble/universe amd64 gstreamer1.0-libav amd64 1.24.1-1build1 [103 kB]
2026-01-13T13:22:06.8096669Z Get:90 http://azure.archive.ubuntu.com/ubuntu noble/main amd64 libcdparanoia0 amd64 3.10.2+debian-14build3 [48.5 kB]
2026-01-13T13:22:06.8128512Z Get:91 http://azure.archive.ubuntu.com/ubuntu noble/main amd64 libvisual-0.4-0 amd64 0.4.2-2build1 [115 kB]
2026-01-13T13:22:06.8166224Z Get:92 http://azure.archive.ubuntu.com/ubuntu noble-updates/main amd64 gstreamer1.0-plugins-base amd64 1.24.2-1ubuntu0.3 [721 kB]
2026-01-13T13:22:06.8238097Z Get:93 http://azure.archive.ubuntu.com/ubuntu noble/main amd64 libaa1 amd64 1.4p5-51.1 [49.9 kB]
2026-01-13T13:22:06.8293829Z Get:94 http://azure.archive.ubuntu.com/ubuntu noble/main amd64 libraw1394-11 amd64 2.1.2-2build3 [26.2 kB]
2026-01-13T13:22:06.8731211Z Get:95 http://azure.archive.ubuntu.com/ubuntu noble/main amd64 libavc1394-0 amd64 0.5.4-5build3 [15.4 kB]
2026-01-13T13:22:06.8755918Z Get:96 http://azure.archive.ubuntu.com/ubuntu noble-updates/main amd64 libcaca0 amd64 0.99.beta20-4ubuntu0.1 [209 kB]
2026-01-13T13:22:06.8793738Z Get:97 http://azure.archive.ubuntu.com/ubuntu noble/main amd64 libdv4t64 amd64 1.0.0-17.1build1 [63.2 kB]
2026-01-13T13:22:06.8821199Z Get:98 http://azure.archive.ubuntu.com/ubuntu noble-updates/main amd64 libgstreamer-plugins-good1.0-0 amd64 1.24.2-1ubuntu1.2 [33.0 kB]
2026-01-13T13:22:06.8849381Z Get:99 http://azure.archive.ubuntu.com/ubuntu noble/main amd64 libiec61883-0 amd64 1.2.0-6build1 [24.5 kB]
2026-01-13T13:22:06.8887141Z Get:100 http://azure.archive.ubuntu.com/ubuntu noble/main amd64 libshout3 amd64 2.4.6-1build2 [50.3 kB]
2026-01-13T13:22:06.8914433Z Get:101 http://azure.archive.ubuntu.com/ubuntu noble/main amd64 libtag1v5-vanilla amd64 1.13.1-1build1 [326 kB]
2026-01-13T13:22:06.8964499Z Get:102 http://azure.archive.ubuntu.com/ubuntu noble/main amd64 libtag1v5 amd64 1.13.1-1build1 [11.7 kB]
2026-01-13T13:22:06.9027814Z Get:103 http://azure.archive.ubuntu.com/ubuntu noble/main amd64 libv4lconvert0t64 amd64 1.26.1-4build3 [87.6 kB]
2026-01-13T13:22:06.9074850Z Get:104 http://azure.archive.ubuntu.com/ubuntu noble/main amd64 libv4l-0t64 amd64 1.26.1-4build3 [46.9 kB]
2026-01-13T13:22:06.9107022Z Get:105 http://azure.archive.ubuntu.com/ubuntu noble/main amd64 libwavpack1 amd64 5.6.0-1build1 [84.6 kB]
2026-01-13T13:22:06.9145018Z Get:106 http://azure.archive.ubuntu.com/ubuntu noble-updates/main amd64 libsoup-3.0-common all 3.4.4-5ubuntu0.6 [11.4 kB]
2026-01-13T13:22:06.9168524Z Get:107 http://azure.archive.ubuntu.com/ubuntu noble-updates/main amd64 libsoup-3.0-0 amd64 3.4.4-5ubuntu0.6 [291 kB]
2026-01-13T13:22:06.9231580Z Get:108 http://azure.archive.ubuntu.com/ubuntu noble-updates/main amd64 gstreamer1.0-plugins-good amd64 1.24.2-1ubuntu1.2 [2238 kB]
2026-01-13T13:22:06.9676142Z Get:109 http://azure.archive.ubuntu.com/ubuntu noble-updates/main amd64 libabsl20220623t64 amd64 20220623.1-3.1ubuntu3.2 [423 kB]
2026-01-13T13:22:06.9780290Z Get:110 http://azure.archive.ubuntu.com/ubuntu noble/universe amd64 libgav1-1 amd64 0.18.0-1build3 [357 kB]
2026-01-13T13:22:06.9868853Z Get:111 http://azure.archive.ubuntu.com/ubuntu noble/universe amd64 libyuv0 amd64 0.0~git202401110.af6ac82-1 [178 kB]
2026-01-13T13:22:06.9918568Z Get:112 http://azure.archive.ubuntu.com/ubuntu noble/universe amd64 libavif16 amd64 1.0.4-1ubuntu3 [91.2 kB]
2026-01-13T13:22:06.9956666Z Get:113 http://azure.archive.ubuntu.com/ubuntu noble/universe amd64 libavtp0 amd64 0.2.0-1build1 [6414 B]
2026-01-13T13:22:06.9978670Z Get:114 http://azure.archive.ubuntu.com/ubuntu noble/main amd64 libcairo-script-interpreter2 amd64 1.18.0-3build1 [60.3 kB]
2026-01-13T13:22:07.0009127Z Get:115 http://azure.archive.ubuntu.com/ubuntu noble/universe amd64 libdc1394-25 amd64 2.2.6-4build1 [90.1 kB]
2026-01-13T13:22:07.0043550Z Get:116 http://azure.archive.ubuntu.com/ubuntu noble/main amd64 libdecor-0-0 amd64 0.2.2-1build2 [16.5 kB]
2026-01-13T13:22:07.0064124Z Get:117 http://azure.archive.ubuntu.com/ubuntu noble/main amd64 libgles2 amd64 1.7.0-1build1 [17.1 kB]
2026-01-13T13:22:07.0085797Z Get:118 http://azure.archive.ubuntu.com/ubuntu noble/universe amd64 libdirectfb-1.7-7t64 amd64 1.7.7-11.1ubuntu2 [1035 kB]
2026-01-13T13:22:07.0299086Z Get:119 http://azure.archive.ubuntu.com/ubuntu noble/universe amd64 libdvdread8t64 amd64 6.1.3-1.1build1 [54.7 kB]
2026-01-13T13:22:07.0328664Z Get:120 http://azure.archive.ubuntu.com/ubuntu noble/universe amd64 libdvdnav4 amd64 6.1.1-3build1 [39.5 kB]
2026-01-13T13:22:07.0781003Z Get:121 http://azure.archive.ubuntu.com/ubuntu noble-updates/main amd64 libegl-mesa0 amd64 25.0.7-0ubuntu0.24.04.2 [124 kB]
2026-01-13T13:22:07.0828446Z Get:122 http://azure.archive.ubuntu.com/ubuntu noble/main amd64 libevent-2.1-7t64 amd64 2.1.12-stable-9ubuntu2 [145 kB]
2026-01-13T13:22:07.0876337Z Get:123 http://azure.archive.ubuntu.com/ubuntu noble/universe amd64 libfaad2 amd64 2.11.1-1build1 [207 kB]
2026-01-13T13:22:07.0936298Z Get:124 http://azure.archive.ubuntu.com/ubuntu noble/universe amd64 libinstpatch-1.0-2 amd64 1.1.6-1build2 [251 kB]
2026-01-13T13:22:07.1000781Z Get:125 http://azure.archive.ubuntu.com/ubuntu noble/main amd64 libjack-jackd2-0 amd64 1.9.21~dfsg-3ubuntu3 [289 kB]
2026-01-13T13:22:07.1080802Z Get:126 http://azure.archive.ubuntu.com/ubuntu noble/main amd64 libwebrtc-audio-processing1 amd64 0.3.1-0ubuntu6 [290 kB]
2026-01-13T13:22:07.1151000Z Get:127 http://azure.archive.ubuntu.com/ubuntu noble-updates/main amd64 libspa-0.2-modules amd64 1.0.5-1ubuntu3.2 [627 kB]
2026-01-13T13:22:07.1288537Z Get:128 http://azure.archive.ubuntu.com/ubuntu noble-updates/main amd64 libpipewire-0.3-0t64 amd64 1.0.5-1ubuntu3.2 [252 kB]
2026-01-13T13:22:07.1357918Z Get:129 http://azure.archive.ubuntu.com/ubuntu noble-updates/main amd64 libsdl2-2.0-0 amd64 2.30.0+dfsg-1ubuntu3.1 [686 kB]
2026-01-13T13:22:07.1517596Z Get:130 http://azure.archive.ubuntu.com/ubuntu noble/universe amd64 timgm6mb-soundfont all 1.3-5 [5427 kB]
2026-01-13T13:22:07.2578789Z Get:131 http://azure.archive.ubuntu.com/ubuntu noble/universe amd64 libfluidsynth3 amd64 2.3.4-1build3 [249 kB]
2026-01-13T13:22:07.2629811Z Get:132 http://azure.archive.ubuntu.com/ubuntu noble/main amd64 libfreeaptx0 amd64 0.1.1-2build1 [13.5 kB]
2026-01-13T13:22:07.2652347Z Get:133 http://azure.archive.ubuntu.com/ubuntu noble/main amd64 libgraphene-1.0-0 amd64 1.10.8-3build2 [46.2 kB]
2026-01-13T13:22:07.2673742Z Get:134 http://azure.archive.ubuntu.com/ubuntu noble/main amd64 libgssdp-1.6-0 amd64 1.6.3-1build3 [40.4 kB]
2026-01-13T13:22:07.2694022Z Get:135 http://azure.archive.ubuntu.com/ubuntu noble/main amd64 libegl1 amd64 1.7.0-1build1 [28.7 kB]
2026-01-13T13:22:07.2714409Z Get:136 http://azure.archive.ubuntu.com/ubuntu noble-updates/main amd64 libgstreamer-gl1.0-0 amd64 1.24.2-1ubuntu0.3 [214 kB]
2026-01-13T13:22:07.2769777Z Get:137 http://azure.archive.ubuntu.com/ubuntu noble-updates/main amd64 libgtk-4-common all 4.14.5+ds-0ubuntu0.7 [1496 kB]
2026-01-13T13:22:07.2988372Z Get:138 http://azure.archive.ubuntu.com/ubuntu noble-updates/main amd64 libgtk-4-1 amd64 4.14.5+ds-0ubuntu0.7 [3294 kB]
2026-01-13T13:22:07.3909240Z Get:139 http://azure.archive.ubuntu.com/ubuntu noble/main amd64 libgupnp-1.6-0 amd64 1.6.6-1build3 [92.7 kB]
2026-01-13T13:22:07.3941288Z Get:140 http://azure.archive.ubuntu.com/ubuntu noble/universe amd64 libgupnp-igd-1.6-0 amd64 1.6.0-3build3 [16.5 kB]
2026-01-13T13:22:07.3965162Z Get:141 http://azure.archive.ubuntu.com/ubuntu noble/main amd64 libharfbuzz-icu0 amd64 8.3.0-2build2 [13.3 kB]
2026-01-13T13:22:07.3984694Z Get:142 http://azure.archive.ubuntu.com/ubuntu noble/main amd64 libhyphen0 amd64 2.8.8-7build3 [26.5 kB]
2026-01-13T13:22:07.4007696Z Get:143 http://azure.archive.ubuntu.com/ubuntu noble/universe amd64 libimath-3-1-29t64 amd64 3.1.9-3.1ubuntu2 [72.2 kB]
2026-01-13T13:22:07.4038051Z Get:144 http://azure.archive.ubuntu.com/ubuntu noble/main amd64 liblc3-1 amd64 1.0.4-3build1 [69.7 kB]
2026-01-13T13:22:07.4065518Z Get:145 http://azure.archive.ubuntu.com/ubuntu noble/main amd64 libldacbt-enc2 amd64 2.0.2.3+git20200429+ed310a0-4ubuntu2 [27.1 kB]
2026-01-13T13:22:07.4089066Z Get:146 http://azure.archive.ubuntu.com/ubuntu noble-updates/main amd64 libxslt1.1 amd64 1.1.39-0exp1ubuntu0.24.04.3 [168 kB]
2026-01-13T13:22:07.4129041Z Get:147 http://azure.archive.ubuntu.com/ubuntu noble-updates/main amd64 libraptor2-0 amd64 2.0.16-3ubuntu0.1 [165 kB]
2026-01-13T13:22:07.4163472Z Get:148 http://azure.archive.ubuntu.com/ubuntu noble/universe amd64 liblrdf0 amd64 0.6.1-4build1 [18.5 kB]
2026-01-13T13:22:07.4185427Z Get:149 http://azure.archive.ubuntu.com/ubuntu noble/universe amd64 libltc11 amd64 1.3.2-1build1 [13.0 kB]
2026-01-13T13:22:07.4207188Z Get:150 http://azure.archive.ubuntu.com/ubuntu noble/main amd64 libmanette-0.2-0 amd64 0.2.7-1build2 [30.6 kB]
2026-01-13T13:22:07.4232544Z Get:151 http://azure.archive.ubuntu.com/ubuntu noble/universe amd64 libmfx1 amd64 22.5.4-1 [3124 kB]
2026-01-13T13:22:07.4683890Z Get:152 http://azure.archive.ubuntu.com/ubuntu noble/universe amd64 libmjpegutils-2.1-0t64 amd64 1:2.1.0+debian-8.1build1 [25.5 kB]
2026-01-13T13:22:07.4706433Z Get:153 http://azure.archive.ubuntu.com/ubuntu noble/universe amd64 libmodplug1 amd64 1:0.8.9.0-3build1 [166 kB]
2026-01-13T13:22:07.4740963Z Get:154 http://azure.archive.ubuntu.com/ubuntu noble/universe amd64 libmpcdec6 amd64 2:0.1~r495-2build1 [32.7 kB]
2026-01-13T13:22:07.4767503Z Get:155 http://azure.archive.ubuntu.com/ubuntu noble/universe amd64 libmpeg2encpp-2.1-0t64 amd64 1:2.1.0+debian-8.1build1 [75.6 kB]
2026-01-13T13:22:07.4795235Z Get:156 http://azure.archive.ubuntu.com/ubuntu noble/universe amd64 libmplex2-2.1-0t64 amd64 1:2.1.0+debian-8.1build1 [46.1 kB]
2026-01-13T13:22:07.4820584Z Get:157 http://azure.archive.ubuntu.com/ubuntu noble/universe amd64 libneon27t64 amd64 0.33.0-1.1build3 [102 kB]
2026-01-13T13:22:07.5303223Z Get:158 http://azure.archive.ubuntu.com/ubuntu noble/universe amd64 libnice10 amd64 0.1.21-2build3 [157 kB]
2026-01-13T13:22:07.5342774Z Get:159 http://azure.archive.ubuntu.com/ubuntu noble/universe amd64 libopenal-data all 1:1.23.1-4build1 [161 kB]
2026-01-13T13:22:07.5396713Z Get:160 http://azure.archive.ubuntu.com/ubuntu noble/universe amd64 libopenexr-3-1-30 amd64 3.1.5-5.1build3 [1004 kB]
2026-01-13T13:22:07.5552238Z Get:161 http://azure.archive.ubuntu.com/ubuntu noble/universe amd64 libopenh264-7 amd64 2.4.1+dfsg-1 [409 kB]
2026-01-13T13:22:07.5614503Z Get:162 http://azure.archive.ubuntu.com/ubuntu noble/universe amd64 libopenni2-0 amd64 2.2.0.33+dfsg-18 [370 kB]
2026-01-13T13:22:07.5683847Z Get:163 http://azure.archive.ubuntu.com/ubuntu noble/universe amd64 libqrencode4 amd64 4.1.1-1build2 [25.0 kB]
2026-01-13T13:22:07.5708889Z Get:164 http://azure.archive.ubuntu.com/ubuntu noble/main amd64 libsecret-common all 0.21.4-1build3 [4962 B]
2026-01-13T13:22:07.5731666Z Get:165 http://azure.archive.ubuntu.com/ubuntu noble/main amd64 libsecret-1-0 amd64 0.21.4-1build3 [116 kB]
2026-01-13T13:22:07.5763143Z Get:166 http://azure.archive.ubuntu.com/ubuntu noble/universe amd64 libsndio7.0 amd64 1.9.0-0.3build3 [29.6 kB]
2026-01-13T13:22:07.5784351Z Get:167 http://azure.archive.ubuntu.com/ubuntu noble/universe amd64 libsoundtouch1 amd64 2.3.2+ds1-1build1 [60.5 kB]
2026-01-13T13:22:07.5812876Z Get:168 http://azure.archive.ubuntu.com/ubuntu noble/universe amd64 libspandsp2t64 amd64 0.0.6+dfsg-2.1build1 [311 kB]
2026-01-13T13:22:07.5863978Z Get:169 http://azure.archive.ubuntu.com/ubuntu noble/universe amd64 libsrtp2-1 amd64 2.5.0-3build1 [41.9 kB]
2026-01-13T13:22:07.5890798Z Get:170 http://azure.archive.ubuntu.com/ubuntu noble-updates/main amd64 libssh-4 amd64 0.10.6-2ubuntu0.2 [188 kB]
2026-01-13T13:22:07.5929695Z Get:171 http://azure.archive.ubuntu.com/ubuntu noble/universe amd64 libwildmidi2 amd64 0.4.3-1build3 [68.5 kB]
2026-01-13T13:22:07.5957873Z Get:172 http://azure.archive.ubuntu.com/ubuntu noble/main amd64 libwoff1 amd64 1.0.2-2build1 [45.3 kB]
2026-01-13T13:22:07.5982272Z Get:173 http://azure.archive.ubuntu.com/ubuntu noble/main amd64 libxcb-xkb1 amd64 1.15-1ubuntu2 [32.3 kB]
2026-01-13T13:22:07.6007001Z Get:174 http://azure.archive.ubuntu.com/ubuntu noble/main amd64 libxkbcommon-x11-0 amd64 1.6.0-1build1 [14.5 kB]
2026-01-13T13:22:07.6029823Z Get:175 http://azure.archive.ubuntu.com/ubuntu noble/universe amd64 libzbar0t64 amd64 0.23.93-4build3 [123 kB]
2026-01-13T13:22:07.6500404Z Get:176 http://azure.archive.ubuntu.com/ubuntu noble/universe amd64 libzxing3 amd64 2.2.1-3 [583 kB]
2026-01-13T13:22:07.6567902Z Get:177 http://azure.archive.ubuntu.com/ubuntu noble/main amd64 xfonts-encodings all 1:1.0.5-0ubuntu2 [578 kB]
2026-01-13T13:22:07.6641650Z Get:178 http://azure.archive.ubuntu.com/ubuntu noble/main amd64 xfonts-utils amd64 1:7.7+6build3 [94.4 kB]
2026-01-13T13:22:07.6672373Z Get:179 http://azure.archive.ubuntu.com/ubuntu noble/universe amd64 xfonts-cyrillic all 1:1.0.5+nmu1 [384 kB]
2026-01-13T13:22:07.6728122Z Get:180 http://azure.archive.ubuntu.com/ubuntu noble/main amd64 xfonts-scalable all 1:1.0.3-1.3 [304 kB]
2026-01-13T13:22:07.6768273Z Get:181 http://azure.archive.ubuntu.com/ubuntu noble/universe amd64 libgstreamer-plugins-bad1.0-0 amd64 1.24.2-1ubuntu4 [797 kB]
2026-01-13T13:22:07.6845295Z Get:182 http://azure.archive.ubuntu.com/ubuntu noble/universe amd64 libdca0 amd64 0.0.7-2build1 [93.8 kB]
2026-01-13T13:22:07.6873571Z Get:183 http://azure.archive.ubuntu.com/ubuntu noble/universe amd64 libopenal1 amd64 1:1.23.1-4build1 [540 kB]
2026-01-13T13:22:07.6935228Z Get:184 http://azure.archive.ubuntu.com/ubuntu noble/main amd64 libsbc1 amd64 2.0-1build1 [33.9 kB]
2026-01-13T13:22:07.6964489Z Get:185 http://azure.archive.ubuntu.com/ubuntu noble/universe amd64 libvo-aacenc0 amd64 0.1.3-2build1 [67.8 kB]
2026-01-13T13:22:07.6991986Z Get:186 http://azure.archive.ubuntu.com/ubuntu noble/universe amd64 libvo-amrwbenc0 amd64 0.1.3-2build1 [76.7 kB]
2026-01-13T13:22:07.7019189Z Get:187 http://azure.archive.ubuntu.com/ubuntu noble/universe amd64 gstreamer1.0-plugins-bad amd64 1.24.2-1ubuntu4 [3081 kB]
2026-01-13T13:22:08.1822408Z Fetched 116 MB in 2s (55.7 MB/s)
2026-01-13T13:22:08.2145239Z Selecting previously unselected package fonts-ipafont-gothic.
2026-01-13T13:22:08.2496221Z (Reading database ... 
2026-01-13T13:22:08.2496627Z (Reading database ... 5%
2026-01-13T13:22:08.2496879Z (Reading database ... 10%
2026-01-13T13:22:08.2497123Z (Reading database ... 15%
2026-01-13T13:22:08.2497358Z (Reading database ... 20%
2026-01-13T13:22:08.2497574Z (Reading database ... 25%
2026-01-13T13:22:08.2497794Z (Reading database ... 30%
2026-01-13T13:22:08.2498006Z (Reading database ... 35%
2026-01-13T13:22:08.2498211Z (Reading database ... 40%
2026-01-13T13:22:08.2498420Z (Reading database ... 45%
2026-01-13T13:22:08.2498626Z (Reading database ... 50%
2026-01-13T13:22:08.2603843Z (Reading database ... 55%
2026-01-13T13:22:08.4033398Z (Reading database ... 60%
2026-01-13T13:22:08.5438028Z (Reading database ... 65%
2026-01-13T13:22:08.5950841Z (Reading database ... 70%
2026-01-13T13:22:08.6730238Z (Reading database ... 75%
2026-01-13T13:22:08.8663546Z (Reading database ... 80%
2026-01-13T13:22:09.1001177Z (Reading database ... 85%
2026-01-13T13:22:09.2944724Z (Reading database ... 90%
2026-01-13T13:22:09.4549061Z (Reading database ... 95%
2026-01-13T13:22:09.4549437Z (Reading database ... 100%
2026-01-13T13:22:09.4549995Z (Reading database ... 217518 files and directories currently installed.)
2026-01-13T13:22:09.4595912Z Preparing to unpack .../000-fonts-ipafont-gothic_00303-21ubuntu1_all.deb ...
2026-01-13T13:22:09.4693498Z Unpacking fonts-ipafont-gothic (00303-21ubuntu1) ...
2026-01-13T13:22:09.7108282Z Preparing to unpack .../001-libglib2.0-data_2.80.0-6ubuntu3.6_all.deb ...
2026-01-13T13:22:09.7147231Z Unpacking libglib2.0-data (2.80.0-6ubuntu3.6) over (2.80.0-6ubuntu3.4) ...
2026-01-13T13:22:09.7581143Z Preparing to unpack .../002-libglib2.0-bin_2.80.0-6ubuntu3.6_amd64.deb ...
2026-01-13T13:22:09.7618199Z Unpacking libglib2.0-bin (2.80.0-6ubuntu3.6) over (2.80.0-6ubuntu3.4) ...
2026-01-13T13:22:09.8644692Z Preparing to unpack .../003-gir1.2-glib-2.0_2.80.0-6ubuntu3.6_amd64.deb ...
2026-01-13T13:22:09.8684391Z Unpacking gir1.2-glib-2.0:amd64 (2.80.0-6ubuntu3.6) over (2.80.0-6ubuntu3.4) ...
2026-01-13T13:22:09.9159333Z Preparing to unpack .../004-libglib2.0-0t64_2.80.0-6ubuntu3.6_amd64.deb ...
2026-01-13T13:22:09.9245799Z Unpacking libglib2.0-0t64:amd64 (2.80.0-6ubuntu3.6) over (2.80.0-6ubuntu3.4) ...
2026-01-13T13:22:09.9856045Z Preparing to unpack .../005-libpng16-16t64_1.6.43-5ubuntu0.1_amd64.deb ...
2026-01-13T13:22:09.9958373Z Unpacking libpng16-16t64:amd64 (1.6.43-5ubuntu0.1) over (1.6.43-5build1) ...
2026-01-13T13:22:10.0323143Z Selecting previously unselected package fonts-freefont-ttf.
2026-01-13T13:22:10.0459578Z Preparing to unpack .../006-fonts-freefont-ttf_20211204+svn4273-2_all.deb ...
2026-01-13T13:22:10.0477881Z Unpacking fonts-freefont-ttf (20211204+svn4273-2) ...
2026-01-13T13:22:10.1350161Z Selecting previously unselected package fonts-tlwg-loma-otf.
2026-01-13T13:22:10.1485547Z Preparing to unpack .../007-fonts-tlwg-loma-otf_1%3a0.7.3-1_all.deb ...
2026-01-13T13:22:10.1498187Z Unpacking fonts-tlwg-loma-otf (1:0.7.3-1) ...
2026-01-13T13:22:10.1733299Z Selecting previously unselected package fonts-unifont.
2026-01-13T13:22:10.1866334Z Preparing to unpack .../008-fonts-unifont_1%3a15.1.01-1build1_all.deb ...
2026-01-13T13:22:10.1879808Z Unpacking fonts-unifont (1:15.1.01-1build1) ...
2026-01-13T13:22:10.3122230Z Selecting previously unselected package fonts-wqy-zenhei.
2026-01-13T13:22:10.3257436Z Preparing to unpack .../009-fonts-wqy-zenhei_0.9.45-8_all.deb ...
2026-01-13T13:22:10.3371094Z Unpacking fonts-wqy-zenhei (0.9.45-8) ...
2026-01-13T13:22:10.7984653Z Selecting previously unselected package libproxy1v5:amd64.
2026-01-13T13:22:10.8120646Z Preparing to unpack .../010-libproxy1v5_0.5.4-4build1_amd64.deb ...
2026-01-13T13:22:10.8134123Z Unpacking libproxy1v5:amd64 (0.5.4-4build1) ...
2026-01-13T13:22:10.8364974Z Selecting previously unselected package glib-networking-common.
2026-01-13T13:22:10.8501327Z Preparing to unpack .../011-glib-networking-common_2.80.0-1build1_all.deb ...
2026-01-13T13:22:10.8513875Z Unpacking glib-networking-common (2.80.0-1build1) ...
2026-01-13T13:22:10.8753214Z Selecting previously unselected package glib-networking-services.
2026-01-13T13:22:10.8888494Z Preparing to unpack .../012-glib-networking-services_2.80.0-1build1_amd64.deb ...
2026-01-13T13:22:10.8897490Z Unpacking glib-networking-services (2.80.0-1build1) ...
2026-01-13T13:22:10.9151461Z Selecting previously unselected package session-migration.
2026-01-13T13:22:10.9285893Z Preparing to unpack .../013-session-migration_0.3.9build1_amd64.deb ...
2026-01-13T13:22:10.9297885Z Unpacking session-migration (0.3.9build1) ...
2026-01-13T13:22:10.9707191Z Selecting previously unselected package gsettings-desktop-schemas.
2026-01-13T13:22:10.9839364Z Preparing to unpack .../014-gsettings-desktop-schemas_46.1-0ubuntu1_all.deb ...
2026-01-13T13:22:10.9850245Z Unpacking gsettings-desktop-schemas (46.1-0ubuntu1) ...
2026-01-13T13:22:11.0126552Z Selecting previously unselected package glib-networking:amd64.
2026-01-13T13:22:11.0260196Z Preparing to unpack .../015-glib-networking_2.80.0-1build1_amd64.deb ...
2026-01-13T13:22:11.0272637Z Unpacking glib-networking:amd64 (2.80.0-1build1) ...
2026-01-13T13:22:11.0532942Z Selecting previously unselected package libva2:amd64.
2026-01-13T13:22:11.0665393Z Preparing to unpack .../016-libva2_2.20.0-2build1_amd64.deb ...
2026-01-13T13:22:11.0679523Z Unpacking libva2:amd64 (2.20.0-2build1) ...
2026-01-13T13:22:11.0948783Z Selecting previously unselected package libva-drm2:amd64.
2026-01-13T13:22:11.1080907Z Preparing to unpack .../017-libva-drm2_2.20.0-2build1_amd64.deb ...
2026-01-13T13:22:11.1093123Z Unpacking libva-drm2:amd64 (2.20.0-2build1) ...
2026-01-13T13:22:11.1327573Z Selecting previously unselected package libva-x11-2:amd64.
2026-01-13T13:22:11.1458700Z Preparing to unpack .../018-libva-x11-2_2.20.0-2build1_amd64.deb ...
2026-01-13T13:22:11.1471857Z Unpacking libva-x11-2:amd64 (2.20.0-2build1) ...
2026-01-13T13:22:11.1713472Z Selecting previously unselected package libvdpau1:amd64.
2026-01-13T13:22:11.1847114Z Preparing to unpack .../019-libvdpau1_1.5-2build1_amd64.deb ...
2026-01-13T13:22:11.1859980Z Unpacking libvdpau1:amd64 (1.5-2build1) ...
2026-01-13T13:22:11.2113302Z Selecting previously unselected package libvpl2.
2026-01-13T13:22:11.2248911Z Preparing to unpack .../020-libvpl2_2023.3.0-1build1_amd64.deb ...
2026-01-13T13:22:11.2259427Z Unpacking libvpl2 (2023.3.0-1build1) ...
2026-01-13T13:22:11.2545201Z Selecting previously unselected package ocl-icd-libopencl1:amd64.
2026-01-13T13:22:11.2680191Z Preparing to unpack .../021-ocl-icd-libopencl1_2.3.2-1build1_amd64.deb ...
2026-01-13T13:22:11.2691644Z Unpacking ocl-icd-libopencl1:amd64 (2.3.2-1build1) ...
2026-01-13T13:22:11.2958742Z Selecting previously unselected package libavutil58:amd64.
2026-01-13T13:22:11.3092826Z Preparing to unpack .../022-libavutil58_7%3a6.1.1-3ubuntu5_amd64.deb ...
2026-01-13T13:22:11.3106075Z Unpacking libavutil58:amd64 (7:6.1.1-3ubuntu5) ...
2026-01-13T13:22:11.3376935Z Selecting previously unselected package libcodec2-1.2:amd64.
2026-01-13T13:22:11.3510522Z Preparing to unpack .../023-libcodec2-1.2_1.2.0-2build1_amd64.deb ...
2026-01-13T13:22:11.3521755Z Unpacking libcodec2-1.2:amd64 (1.2.0-2build1) ...
2026-01-13T13:22:11.4348276Z Selecting previously unselected package libdav1d7:amd64.
2026-01-13T13:22:11.4483713Z Preparing to unpack .../024-libdav1d7_1.4.1-1build1_amd64.deb ...
2026-01-13T13:22:11.4493741Z Unpacking libdav1d7:amd64 (1.4.1-1build1) ...
2026-01-13T13:22:11.4822059Z Selecting previously unselected package libgsm1:amd64.
2026-01-13T13:22:11.4959850Z Preparing to unpack .../025-libgsm1_1.0.22-1build1_amd64.deb ...
2026-01-13T13:22:11.4977900Z Unpacking libgsm1:amd64 (1.0.22-1build1) ...
2026-01-13T13:22:11.5227966Z Selecting previously unselected package libhwy1t64:amd64.
2026-01-13T13:22:11.5362834Z Preparing to unpack .../026-libhwy1t64_1.0.7-8.1build1_amd64.deb ...
2026-01-13T13:22:11.5376547Z Unpacking libhwy1t64:amd64 (1.0.7-8.1build1) ...
2026-01-13T13:22:11.5743125Z Selecting previously unselected package libjxl0.7:amd64.
2026-01-13T13:22:11.5877689Z Preparing to unpack .../027-libjxl0.7_0.7.0-10.2ubuntu6.1_amd64.deb ...
2026-01-13T13:22:11.5889397Z Unpacking libjxl0.7:amd64 (0.7.0-10.2ubuntu6.1) ...
2026-01-13T13:22:11.6292708Z Selecting previously unselected package libmp3lame0:amd64.
2026-01-13T13:22:11.6430918Z Preparing to unpack .../028-libmp3lame0_3.100-6build1_amd64.deb ...
2026-01-13T13:22:11.6447967Z Unpacking libmp3lame0:amd64 (3.100-6build1) ...
2026-01-13T13:22:11.6724863Z Selecting previously unselected package libopus0:amd64.
2026-01-13T13:22:11.6858891Z Preparing to unpack .../029-libopus0_1.4-1build1_amd64.deb ...
2026-01-13T13:22:11.6872149Z Unpacking libopus0:amd64 (1.4-1build1) ...
2026-01-13T13:22:11.7147478Z Selecting previously unselected package librav1e0:amd64.
2026-01-13T13:22:11.7282201Z Preparing to unpack .../030-librav1e0_0.7.1-2_amd64.deb ...
2026-01-13T13:22:11.7307725Z Unpacking librav1e0:amd64 (0.7.1-2) ...
2026-01-13T13:22:11.7716987Z Selecting previously unselected package librsvg2-2:amd64.
2026-01-13T13:22:11.7851504Z Preparing to unpack .../031-librsvg2-2_2.58.0+dfsg-1build1_amd64.deb ...
2026-01-13T13:22:11.7871431Z Unpacking librsvg2-2:amd64 (2.58.0+dfsg-1build1) ...
2026-01-13T13:22:11.8408859Z Selecting previously unselected package libshine3:amd64.
2026-01-13T13:22:11.8543414Z Preparing to unpack .../032-libshine3_3.1.1-2build1_amd64.deb ...
2026-01-13T13:22:11.8554579Z Unpacking libshine3:amd64 (3.1.1-2build1) ...
2026-01-13T13:22:11.8804029Z Selecting previously unselected package libspeex1:amd64.
2026-01-13T13:22:11.8940873Z Preparing to unpack .../033-libspeex1_1.2.1-2ubuntu2.24.04.1_amd64.deb ...
2026-01-13T13:22:11.8959231Z Unpacking libspeex1:amd64 (1.2.1-2ubuntu2.24.04.1) ...
2026-01-13T13:22:11.9195083Z Selecting previously unselected package libsvtav1enc1d1:amd64.
2026-01-13T13:22:11.9331008Z Preparing to unpack .../034-libsvtav1enc1d1_1.7.0+dfsg-2build1_amd64.deb ...
2026-01-13T13:22:11.9342181Z Unpacking libsvtav1enc1d1:amd64 (1.7.0+dfsg-2build1) ...
2026-01-13T13:22:11.9909696Z Selecting previously unselected package libsoxr0:amd64.
2026-01-13T13:22:12.0045910Z Preparing to unpack .../035-libsoxr0_0.1.3-4build3_amd64.deb ...
2026-01-13T13:22:12.0057428Z Unpacking libsoxr0:amd64 (0.1.3-4build3) ...
2026-01-13T13:22:12.0317476Z Selecting previously unselected package libswresample4:amd64.
2026-01-13T13:22:12.0452447Z Preparing to unpack .../036-libswresample4_7%3a6.1.1-3ubuntu5_amd64.deb ...
2026-01-13T13:22:12.0463913Z Unpacking libswresample4:amd64 (7:6.1.1-3ubuntu5) ...
2026-01-13T13:22:12.0707303Z Selecting previously unselected package libtheora0:amd64.
2026-01-13T13:22:12.0841730Z Preparing to unpack .../037-libtheora0_1.1.1+dfsg.1-16.1build3_amd64.deb ...
2026-01-13T13:22:12.0852387Z Unpacking libtheora0:amd64 (1.1.1+dfsg.1-16.1build3) ...
2026-01-13T13:22:12.1118319Z Selecting previously unselected package libtwolame0:amd64.
2026-01-13T13:22:12.1252465Z Preparing to unpack .../038-libtwolame0_0.4.0-2build3_amd64.deb ...
2026-01-13T13:22:12.1269923Z Unpacking libtwolame0:amd64 (0.4.0-2build3) ...
2026-01-13T13:22:12.1517398Z Selecting previously unselected package libvorbisenc2:amd64.
2026-01-13T13:22:12.1652041Z Preparing to unpack .../039-libvorbisenc2_1.3.7-1build3_amd64.deb ...
2026-01-13T13:22:12.1663108Z Unpacking libvorbisenc2:amd64 (1.3.7-1build3) ...
2026-01-13T13:22:12.1924962Z Selecting previously unselected package libvpx9:amd64.
2026-01-13T13:22:12.2059707Z Preparing to unpack .../040-libvpx9_1.14.0-1ubuntu2.2_amd64.deb ...
2026-01-13T13:22:12.2071530Z Unpacking libvpx9:amd64 (1.14.0-1ubuntu2.2) ...
2026-01-13T13:22:12.2456828Z Selecting previously unselected package libx264-164:amd64.
2026-01-13T13:22:12.2591700Z Preparing to unpack .../041-libx264-164_2%3a0.164.3108+git31e19f9-1_amd64.deb ...
2026-01-13T13:22:12.2601825Z Unpacking libx264-164:amd64 (2:0.164.3108+git31e19f9-1) ...
2026-01-13T13:22:12.2912179Z Selecting previously unselected package libx265-199:amd64.
2026-01-13T13:22:12.3047476Z Preparing to unpack .../042-libx265-199_3.5-2build1_amd64.deb ...
2026-01-13T13:22:12.3059353Z Unpacking libx265-199:amd64 (3.5-2build1) ...
2026-01-13T13:22:12.3833966Z Selecting previously unselected package libxvidcore4:amd64.
2026-01-13T13:22:12.3968882Z Preparing to unpack .../043-libxvidcore4_2%3a1.3.7-1build1_amd64.deb ...
2026-01-13T13:22:12.3980557Z Unpacking libxvidcore4:amd64 (2:1.3.7-1build1) ...
2026-01-13T13:22:12.4222469Z Selecting previously unselected package libzvbi-common.
2026-01-13T13:22:12.4361834Z Preparing to unpack .../044-libzvbi-common_0.2.42-2_all.deb ...
2026-01-13T13:22:12.4373195Z Unpacking libzvbi-common (0.2.42-2) ...
2026-01-13T13:22:12.4864584Z Selecting previously unselected package libzvbi0t64:amd64.
2026-01-13T13:22:12.5001302Z Preparing to unpack .../045-libzvbi0t64_0.2.42-2_amd64.deb ...
2026-01-13T13:22:12.5010866Z Unpacking libzvbi0t64:amd64 (0.2.42-2) ...
2026-01-13T13:22:12.5278613Z Selecting previously unselected package libavcodec60:amd64.
2026-01-13T13:22:12.5414369Z Preparing to unpack .../046-libavcodec60_7%3a6.1.1-3ubuntu5_amd64.deb ...
2026-01-13T13:22:12.5426673Z Unpacking libavcodec60:amd64 (7:6.1.1-3ubuntu5) ...
2026-01-13T13:22:12.6301949Z Selecting previously unselected package libunibreak5:amd64.
2026-01-13T13:22:12.6436766Z Preparing to unpack .../047-libunibreak5_5.1-2build1_amd64.deb ...
2026-01-13T13:22:12.6446269Z Unpacking libunibreak5:amd64 (5.1-2build1) ...
2026-01-13T13:22:12.6684168Z Selecting previously unselected package libass9:amd64.
2026-01-13T13:22:12.6818615Z Preparing to unpack .../048-libass9_1%3a0.17.1-2build1_amd64.deb ...
2026-01-13T13:22:12.6829593Z Unpacking libass9:amd64 (1:0.17.1-2build1) ...
2026-01-13T13:22:12.7072394Z Selecting previously unselected package libudfread0:amd64.
2026-01-13T13:22:12.7205212Z Preparing to unpack .../049-libudfread0_1.1.2-1build1_amd64.deb ...
2026-01-13T13:22:12.7213815Z Unpacking libudfread0:amd64 (1.1.2-1build1) ...
2026-01-13T13:22:12.7419007Z Selecting previously unselected package libbluray2:amd64.
2026-01-13T13:22:12.7553848Z Preparing to unpack .../050-libbluray2_1%3a1.3.4-1build1_amd64.deb ...
2026-01-13T13:22:12.7563998Z Unpacking libbluray2:amd64 (1:1.3.4-1build1) ...
2026-01-13T13:22:12.7886592Z Selecting previously unselected package libchromaprint1:amd64.
2026-01-13T13:22:12.8022937Z Preparing to unpack .../051-libchromaprint1_1.5.1-5_amd64.deb ...
2026-01-13T13:22:12.8032802Z Unpacking libchromaprint1:amd64 (1.5.1-5) ...
2026-01-13T13:22:12.8257012Z Selecting previously unselected package libgme0:amd64.
2026-01-13T13:22:12.8391294Z Preparing to unpack .../052-libgme0_0.6.3-7build1_amd64.deb ...
2026-01-13T13:22:12.8404006Z Unpacking libgme0:amd64 (0.6.3-7build1) ...
2026-01-13T13:22:12.8644548Z Selecting previously unselected package libmpg123-0t64:amd64.
2026-01-13T13:22:12.8779568Z Preparing to unpack .../053-libmpg123-0t64_1.32.5-1ubuntu1.1_amd64.deb ...
2026-01-13T13:22:12.8789333Z Unpacking libmpg123-0t64:amd64 (1.32.5-1ubuntu1.1) ...
2026-01-13T13:22:12.9034082Z Selecting previously unselected package libopenmpt0t64:amd64.
2026-01-13T13:22:12.9168521Z Preparing to unpack .../054-libopenmpt0t64_0.7.3-1.1build3_amd64.deb ...
2026-01-13T13:22:12.9179130Z Unpacking libopenmpt0t64:amd64 (0.7.3-1.1build3) ...
2026-01-13T13:22:12.9475080Z Selecting previously unselected package libcjson1:amd64.
2026-01-13T13:22:12.9608710Z Preparing to unpack .../055-libcjson1_1.7.17-1_amd64.deb ...
2026-01-13T13:22:12.9620980Z Unpacking libcjson1:amd64 (1.7.17-1) ...
2026-01-13T13:22:12.9900356Z Selecting previously unselected package libmbedcrypto7t64:amd64.
2026-01-13T13:22:13.0033572Z Preparing to unpack .../056-libmbedcrypto7t64_2.28.8-1_amd64.deb ...
2026-01-13T13:22:13.0056385Z Unpacking libmbedcrypto7t64:amd64 (2.28.8-1) ...
2026-01-13T13:22:13.0331748Z Selecting previously unselected package librist4:amd64.
2026-01-13T13:22:13.0464543Z Preparing to unpack .../057-librist4_0.2.10+dfsg-2_amd64.deb ...
2026-01-13T13:22:13.0475001Z Unpacking librist4:amd64 (0.2.10+dfsg-2) ...
2026-01-13T13:22:13.0712329Z Selecting previously unselected package libsrt1.5-gnutls:amd64.
2026-01-13T13:22:13.0846879Z Preparing to unpack .../058-libsrt1.5-gnutls_1.5.3-1build2_amd64.deb ...
2026-01-13T13:22:13.0857915Z Unpacking libsrt1.5-gnutls:amd64 (1.5.3-1build2) ...
2026-01-13T13:22:13.1125050Z Selecting previously unselected package libssh-gcrypt-4:amd64.
2026-01-13T13:22:13.1261330Z Preparing to unpack .../059-libssh-gcrypt-4_0.10.6-2ubuntu0.2_amd64.deb ...
2026-01-13T13:22:13.1274787Z Unpacking libssh-gcrypt-4:amd64 (0.10.6-2ubuntu0.2) ...
2026-01-13T13:22:13.1548601Z Selecting previously unselected package libavformat60:amd64.
2026-01-13T13:22:13.1683800Z Preparing to unpack .../060-libavformat60_7%3a6.1.1-3ubuntu5_amd64.deb ...
2026-01-13T13:22:13.1694871Z Unpacking libavformat60:amd64 (7:6.1.1-3ubuntu5) ...
2026-01-13T13:22:13.2042172Z Selecting previously unselected package libbs2b0:amd64.
2026-01-13T13:22:13.2177176Z Preparing to unpack .../061-libbs2b0_3.1.0+dfsg-7build1_amd64.deb ...
2026-01-13T13:22:13.2186308Z Unpacking libbs2b0:amd64 (3.1.0+dfsg-7build1) ...
2026-01-13T13:22:13.2453226Z Selecting previously unselected package libflite1:amd64.
2026-01-13T13:22:13.2591375Z Preparing to unpack .../062-libflite1_2.2-6build3_amd64.deb ...
2026-01-13T13:22:13.2601298Z Unpacking libflite1:amd64 (2.2-6build3) ...
2026-01-13T13:22:13.3846198Z Selecting previously unselected package libserd-0-0:amd64.
2026-01-13T13:22:13.3981186Z Preparing to unpack .../063-libserd-0-0_0.32.2-1_amd64.deb ...
2026-01-13T13:22:13.3992410Z Unpacking libserd-0-0:amd64 (0.32.2-1) ...
2026-01-13T13:22:13.4227289Z Selecting previously unselected package libzix-0-0:amd64.
2026-01-13T13:22:13.4364403Z Preparing to unpack .../064-libzix-0-0_0.4.2-2build1_amd64.deb ...
2026-01-13T13:22:13.4374333Z Unpacking libzix-0-0:amd64 (0.4.2-2build1) ...
2026-01-13T13:22:13.4612797Z Selecting previously unselected package libsord-0-0:amd64.
2026-01-13T13:22:13.4747978Z Preparing to unpack .../065-libsord-0-0_0.16.16-2build1_amd64.deb ...
2026-01-13T13:22:13.4762434Z Unpacking libsord-0-0:amd64 (0.16.16-2build1) ...
2026-01-13T13:22:13.5002053Z Selecting previously unselected package libsratom-0-0:amd64.
2026-01-13T13:22:13.5139708Z Preparing to unpack .../066-libsratom-0-0_0.6.16-1build1_amd64.deb ...
2026-01-13T13:22:13.5173966Z Unpacking libsratom-0-0:amd64 (0.6.16-1build1) ...
2026-01-13T13:22:13.5408849Z Selecting previously unselected package liblilv-0-0:amd64.
2026-01-13T13:22:13.5543891Z Preparing to unpack .../067-liblilv-0-0_0.24.22-1build1_amd64.deb ...
2026-01-13T13:22:13.5556611Z Unpacking liblilv-0-0:amd64 (0.24.22-1build1) ...
2026-01-13T13:22:13.5783381Z Selecting previously unselected package libmysofa1:amd64.
2026-01-13T13:22:13.5915972Z Preparing to unpack .../068-libmysofa1_1.3.2+dfsg-2ubuntu2_amd64.deb ...
2026-01-13T13:22:13.5925332Z Unpacking libmysofa1:amd64 (1.3.2+dfsg-2ubuntu2) ...
2026-01-13T13:22:13.6193893Z Selecting previously unselected package libplacebo338:amd64.
2026-01-13T13:22:13.6327724Z Preparing to unpack .../069-libplacebo338_6.338.2-2build1_amd64.deb ...
2026-01-13T13:22:13.6344298Z Unpacking libplacebo338:amd64 (6.338.2-2build1) ...
2026-01-13T13:22:13.6944501Z Selecting previously unselected package libblas3:amd64.
2026-01-13T13:22:13.7080308Z Preparing to unpack .../070-libblas3_3.12.0-3build1.1_amd64.deb ...
2026-01-13T13:22:13.7113338Z Unpacking libblas3:amd64 (3.12.0-3build1.1) ...
2026-01-13T13:22:13.7398078Z Selecting previously unselected package liblapack3:amd64.
2026-01-13T13:22:13.7533790Z Preparing to unpack .../071-liblapack3_3.12.0-3build1.1_amd64.deb ...
2026-01-13T13:22:13.7570237Z Unpacking liblapack3:amd64 (3.12.0-3build1.1) ...
2026-01-13T13:22:13.8124553Z Selecting previously unselected package libasyncns0:amd64.
2026-01-13T13:22:13.8259227Z Preparing to unpack .../072-libasyncns0_0.8-6build4_amd64.deb ...
2026-01-13T13:22:13.8274334Z Unpacking libasyncns0:amd64 (0.8-6build4) ...
2026-01-13T13:22:13.8497804Z Selecting previously unselected package libflac12t64:amd64.
2026-01-13T13:22:13.8633183Z Preparing to unpack .../073-libflac12t64_1.4.3+ds-2.1ubuntu2_amd64.deb ...
2026-01-13T13:22:13.8641750Z Unpacking libflac12t64:amd64 (1.4.3+ds-2.1ubuntu2) ...
2026-01-13T13:22:13.8921674Z Selecting previously unselected package libsndfile1:amd64.
2026-01-13T13:22:13.9056751Z Preparing to unpack .../074-libsndfile1_1.2.2-1ubuntu5.24.04.1_amd64.deb ...
2026-01-13T13:22:13.9068065Z Unpacking libsndfile1:amd64 (1.2.2-1ubuntu5.24.04.1) ...
2026-01-13T13:22:13.9363150Z Selecting previously unselected package libpulse0:amd64.
2026-01-13T13:22:13.9498463Z Preparing to unpack .../075-libpulse0_1%3a16.1+dfsg1-2ubuntu10.1_amd64.deb ...
2026-01-13T13:22:13.9570921Z Unpacking libpulse0:amd64 (1:16.1+dfsg1-2ubuntu10.1) ...
2026-01-13T13:22:13.9857931Z Selecting previously unselected package libsphinxbase3t64:amd64.
2026-01-13T13:22:13.9991705Z Preparing to unpack .../076-libsphinxbase3t64_0.8+5prealpha+1-17build2_amd64.deb ...
2026-01-13T13:22:14.0002794Z Unpacking libsphinxbase3t64:amd64 (0.8+5prealpha+1-17build2) ...
2026-01-13T13:22:14.0256742Z Selecting previously unselected package libpocketsphinx3:amd64.
2026-01-13T13:22:14.0390940Z Preparing to unpack .../077-libpocketsphinx3_0.8.0+real5prealpha+1-15ubuntu5_amd64.deb ...
2026-01-13T13:22:14.0404389Z Unpacking libpocketsphinx3:amd64 (0.8.0+real5prealpha+1-15ubuntu5) ...
2026-01-13T13:22:14.0793516Z Selecting previously unselected package libpostproc57:amd64.
2026-01-13T13:22:14.0930059Z Preparing to unpack .../078-libpostproc57_7%3a6.1.1-3ubuntu5_amd64.deb ...
2026-01-13T13:22:14.0939109Z Unpacking libpostproc57:amd64 (7:6.1.1-3ubuntu5) ...
2026-01-13T13:22:14.1180034Z Selecting previously unselected package libsamplerate0:amd64.
2026-01-13T13:22:14.1316937Z Preparing to unpack .../079-libsamplerate0_0.2.2-4build1_amd64.deb ...
2026-01-13T13:22:14.1328675Z Unpacking libsamplerate0:amd64 (0.2.2-4build1) ...
2026-01-13T13:22:14.1627615Z Selecting previously unselected package librubberband2:amd64.
2026-01-13T13:22:14.1763062Z Preparing to unpack .../080-librubberband2_3.3.0+dfsg-2build1_amd64.deb ...
2026-01-13T13:22:14.1773660Z Unpacking librubberband2:amd64 (3.3.0+dfsg-2build1) ...
2026-01-13T13:22:14.2045525Z Selecting previously unselected package libswscale7:amd64.
2026-01-13T13:22:14.2164625Z Preparing to unpack .../081-libswscale7_7%3a6.1.1-3ubuntu5_amd64.deb ...
2026-01-13T13:22:14.2182729Z Unpacking libswscale7:amd64 (7:6.1.1-3ubuntu5) ...
2026-01-13T13:22:14.2436600Z Selecting previously unselected package libvidstab1.1:amd64.
2026-01-13T13:22:14.2580702Z Preparing to unpack .../082-libvidstab1.1_1.1.0-2build1_amd64.deb ...
2026-01-13T13:22:14.2593336Z Unpacking libvidstab1.1:amd64 (1.1.0-2build1) ...
2026-01-13T13:22:14.2816656Z Selecting previously unselected package libzimg2:amd64.
2026-01-13T13:22:14.2950846Z Preparing to unpack .../083-libzimg2_3.0.5+ds1-1build1_amd64.deb ...
2026-01-13T13:22:14.2963656Z Unpacking libzimg2:amd64 (3.0.5+ds1-1build1) ...
2026-01-13T13:22:14.3219990Z Selecting previously unselected package libavfilter9:amd64.
2026-01-13T13:22:14.3356283Z Preparing to unpack .../084-libavfilter9_7%3a6.1.1-3ubuntu5_amd64.deb ...
2026-01-13T13:22:14.3367491Z Unpacking libavfilter9:amd64 (7:6.1.1-3ubuntu5) ...
2026-01-13T13:22:14.4167067Z Selecting previously unselected package liborc-0.4-0t64:amd64.
2026-01-13T13:22:14.4303380Z Preparing to unpack .../085-liborc-0.4-0t64_1%3a0.4.38-1ubuntu0.1_amd64.deb ...
2026-01-13T13:22:14.4317784Z Unpacking liborc-0.4-0t64:amd64 (1:0.4.38-1ubuntu0.1) ...
2026-01-13T13:22:14.4612435Z Selecting previously unselected package libgstreamer-plugins-base1.0-0:amd64.
2026-01-13T13:22:14.4748843Z Preparing to unpack .../086-libgstreamer-plugins-base1.0-0_1.24.2-1ubuntu0.3_amd64.deb ...
2026-01-13T13:22:14.4762212Z Unpacking libgstreamer-plugins-base1.0-0:amd64 (1.24.2-1ubuntu0.3) ...
2026-01-13T13:22:14.5121481Z Selecting previously unselected package gstreamer1.0-libav:amd64.
2026-01-13T13:22:14.5258326Z Preparing to unpack .../087-gstreamer1.0-libav_1.24.1-1build1_amd64.deb ...
2026-01-13T13:22:14.5277083Z Unpacking gstreamer1.0-libav:amd64 (1.24.1-1build1) ...
2026-01-13T13:22:14.5541356Z Selecting previously unselected package libcdparanoia0:amd64.
2026-01-13T13:22:14.5677713Z Preparing to unpack .../088-libcdparanoia0_3.10.2+debian-14build3_amd64.deb ...
2026-01-13T13:22:14.5697198Z Unpacking libcdparanoia0:amd64 (3.10.2+debian-14build3) ...
2026-01-13T13:22:14.5948583Z Selecting previously unselected package libvisual-0.4-0:amd64.
2026-01-13T13:22:14.6082660Z Preparing to unpack .../089-libvisual-0.4-0_0.4.2-2build1_amd64.deb ...
2026-01-13T13:22:14.6095959Z Unpacking libvisual-0.4-0:amd64 (0.4.2-2build1) ...
2026-01-13T13:22:14.6332719Z Selecting previously unselected package gstreamer1.0-plugins-base:amd64.
2026-01-13T13:22:14.6467610Z Preparing to unpack .../090-gstreamer1.0-plugins-base_1.24.2-1ubuntu0.3_amd64.deb ...
2026-01-13T13:22:14.6479787Z Unpacking gstreamer1.0-plugins-base:amd64 (1.24.2-1ubuntu0.3) ...
2026-01-13T13:22:14.6828707Z Selecting previously unselected package libaa1:amd64.
2026-01-13T13:22:14.6963922Z Preparing to unpack .../091-libaa1_1.4p5-51.1_amd64.deb ...
2026-01-13T13:22:14.6978515Z Unpacking libaa1:amd64 (1.4p5-51.1) ...
2026-01-13T13:22:14.7230745Z Selecting previously unselected package libraw1394-11:amd64.
2026-01-13T13:22:14.7367099Z Preparing to unpack .../092-libraw1394-11_2.1.2-2build3_amd64.deb ...
2026-01-13T13:22:14.7377941Z Unpacking libraw1394-11:amd64 (2.1.2-2build3) ...
2026-01-13T13:22:14.7627360Z Selecting previously unselected package libavc1394-0:amd64.
2026-01-13T13:22:14.7762832Z Preparing to unpack .../093-libavc1394-0_0.5.4-5build3_amd64.deb ...
2026-01-13T13:22:14.7776988Z Unpacking libavc1394-0:amd64 (0.5.4-5build3) ...
2026-01-13T13:22:14.8001727Z Selecting previously unselected package libcaca0:amd64.
2026-01-13T13:22:14.8136867Z Preparing to unpack .../094-libcaca0_0.99.beta20-4ubuntu0.1_amd64.deb ...
2026-01-13T13:22:14.8150972Z Unpacking libcaca0:amd64 (0.99.beta20-4ubuntu0.1) ...
2026-01-13T13:22:14.8423676Z Selecting previously unselected package libdv4t64:amd64.
2026-01-13T13:22:14.8558575Z Preparing to unpack .../095-libdv4t64_1.0.0-17.1build1_amd64.deb ...
2026-01-13T13:22:14.8567987Z Unpacking libdv4t64:amd64 (1.0.0-17.1build1) ...
2026-01-13T13:22:14.8817550Z Selecting previously unselected package libgstreamer-plugins-good1.0-0:amd64.
2026-01-13T13:22:14.8951712Z Preparing to unpack .../096-libgstreamer-plugins-good1.0-0_1.24.2-1ubuntu1.2_amd64.deb ...
2026-01-13T13:22:14.8963025Z Unpacking libgstreamer-plugins-good1.0-0:amd64 (1.24.2-1ubuntu1.2) ...
2026-01-13T13:22:14.9220529Z Selecting previously unselected package libiec61883-0:amd64.
2026-01-13T13:22:14.9354159Z Preparing to unpack .../097-libiec61883-0_1.2.0-6build1_amd64.deb ...
2026-01-13T13:22:14.9366088Z Unpacking libiec61883-0:amd64 (1.2.0-6build1) ...
2026-01-13T13:22:14.9614079Z Selecting previously unselected package libshout3:amd64.
2026-01-13T13:22:14.9750757Z Preparing to unpack .../098-libshout3_2.4.6-1build2_amd64.deb ...
2026-01-13T13:22:14.9761752Z Unpacking libshout3:amd64 (2.4.6-1build2) ...
2026-01-13T13:22:14.9993905Z Selecting previously unselected package libtag1v5-vanilla:amd64.
2026-01-13T13:22:15.0127934Z Preparing to unpack .../099-libtag1v5-vanilla_1.13.1-1build1_amd64.deb ...
2026-01-13T13:22:15.0138926Z Unpacking libtag1v5-vanilla:amd64 (1.13.1-1build1) ...
2026-01-13T13:22:15.0390392Z Selecting previously unselected package libtag1v5:amd64.
2026-01-13T13:22:15.0524612Z Preparing to unpack .../100-libtag1v5_1.13.1-1build1_amd64.deb ...
2026-01-13T13:22:15.0537079Z Unpacking libtag1v5:amd64 (1.13.1-1build1) ...
2026-01-13T13:22:15.0767020Z Selecting previously unselected package libv4lconvert0t64:amd64.
2026-01-13T13:22:15.0900613Z Preparing to unpack .../101-libv4lconvert0t64_1.26.1-4build3_amd64.deb ...
2026-01-13T13:22:15.0912310Z Unpacking libv4lconvert0t64:amd64 (1.26.1-4build3) ...
2026-01-13T13:22:15.1141953Z Selecting previously unselected package libv4l-0t64:amd64.
2026-01-13T13:22:15.1275106Z Preparing to unpack .../102-libv4l-0t64_1.26.1-4build3_amd64.deb ...
2026-01-13T13:22:15.1289702Z Unpacking libv4l-0t64:amd64 (1.26.1-4build3) ...
2026-01-13T13:22:15.1541808Z Selecting previously unselected package libwavpack1:amd64.
2026-01-13T13:22:15.1673532Z Preparing to unpack .../103-libwavpack1_5.6.0-1build1_amd64.deb ...
2026-01-13T13:22:15.1683261Z Unpacking libwavpack1:amd64 (5.6.0-1build1) ...
2026-01-13T13:22:15.1916089Z Selecting previously unselected package libsoup-3.0-common.
2026-01-13T13:22:15.2048390Z Preparing to unpack .../104-libsoup-3.0-common_3.4.4-5ubuntu0.6_all.deb ...
2026-01-13T13:22:15.2062116Z Unpacking libsoup-3.0-common (3.4.4-5ubuntu0.6) ...
2026-01-13T13:22:15.2276332Z Selecting previously unselected package libsoup-3.0-0:amd64.
2026-01-13T13:22:15.2407119Z Preparing to unpack .../105-libsoup-3.0-0_3.4.4-5ubuntu0.6_amd64.deb ...
2026-01-13T13:22:15.2419224Z Unpacking libsoup-3.0-0:amd64 (3.4.4-5ubuntu0.6) ...
2026-01-13T13:22:15.2661292Z Selecting previously unselected package gstreamer1.0-plugins-good:amd64.
2026-01-13T13:22:15.2795770Z Preparing to unpack .../106-gstreamer1.0-plugins-good_1.24.2-1ubuntu1.2_amd64.deb ...
2026-01-13T13:22:15.2804824Z Unpacking gstreamer1.0-plugins-good:amd64 (1.24.2-1ubuntu1.2) ...
2026-01-13T13:22:15.3447018Z Selecting previously unselected package libabsl20220623t64:amd64.
2026-01-13T13:22:15.3583500Z Preparing to unpack .../107-libabsl20220623t64_20220623.1-3.1ubuntu3.2_amd64.deb ...
2026-01-13T13:22:15.3596222Z Unpacking libabsl20220623t64:amd64 (20220623.1-3.1ubuntu3.2) ...
2026-01-13T13:22:15.4040000Z Selecting previously unselected package libgav1-1:amd64.
2026-01-13T13:22:15.4177353Z Preparing to unpack .../108-libgav1-1_0.18.0-1build3_amd64.deb ...
2026-01-13T13:22:15.4208956Z Unpacking libgav1-1:amd64 (0.18.0-1build3) ...
2026-01-13T13:22:15.4471009Z Selecting previously unselected package libyuv0:amd64.
2026-01-13T13:22:15.4606558Z Preparing to unpack .../109-libyuv0_0.0~git202401110.af6ac82-1_amd64.deb ...
2026-01-13T13:22:15.4619087Z Unpacking libyuv0:amd64 (0.0~git202401110.af6ac82-1) ...
2026-01-13T13:22:15.4869605Z Selecting previously unselected package libavif16:amd64.
2026-01-13T13:22:15.5006168Z Preparing to unpack .../110-libavif16_1.0.4-1ubuntu3_amd64.deb ...
2026-01-13T13:22:15.5019978Z Unpacking libavif16:amd64 (1.0.4-1ubuntu3) ...
2026-01-13T13:22:15.5251320Z Selecting previously unselected package libavtp0:amd64.
2026-01-13T13:22:15.5386343Z Preparing to unpack .../111-libavtp0_0.2.0-1build1_amd64.deb ...
2026-01-13T13:22:15.5397854Z Unpacking libavtp0:amd64 (0.2.0-1build1) ...
2026-01-13T13:22:15.5635720Z Selecting previously unselected package libcairo-script-interpreter2:amd64.
2026-01-13T13:22:15.5769789Z Preparing to unpack .../112-libcairo-script-interpreter2_1.18.0-3build1_amd64.deb ...
2026-01-13T13:22:15.5781051Z Unpacking libcairo-script-interpreter2:amd64 (1.18.0-3build1) ...
2026-01-13T13:22:15.6026040Z Selecting previously unselected package libdc1394-25:amd64.
2026-01-13T13:22:15.6159022Z Preparing to unpack .../113-libdc1394-25_2.2.6-4build1_amd64.deb ...
2026-01-13T13:22:15.6170117Z Unpacking libdc1394-25:amd64 (2.2.6-4build1) ...
2026-01-13T13:22:15.6410926Z Selecting previously unselected package libdecor-0-0:amd64.
2026-01-13T13:22:15.6546764Z Preparing to unpack .../114-libdecor-0-0_0.2.2-1build2_amd64.deb ...
2026-01-13T13:22:15.6558279Z Unpacking libdecor-0-0:amd64 (0.2.2-1build2) ...
2026-01-13T13:22:15.6798785Z Selecting previously unselected package libgles2:amd64.
2026-01-13T13:22:15.6933588Z Preparing to unpack .../115-libgles2_1.7.0-1build1_amd64.deb ...
2026-01-13T13:22:15.6942950Z Unpacking libgles2:amd64 (1.7.0-1build1) ...
2026-01-13T13:22:15.7171149Z Selecting previously unselected package libdirectfb-1.7-7t64:amd64.
2026-01-13T13:22:15.7305326Z Preparing to unpack .../116-libdirectfb-1.7-7t64_1.7.7-11.1ubuntu2_amd64.deb ...
2026-01-13T13:22:15.7315497Z Unpacking libdirectfb-1.7-7t64:amd64 (1.7.7-11.1ubuntu2) ...
2026-01-13T13:22:15.7784936Z Selecting previously unselected package libdvdread8t64:amd64.
2026-01-13T13:22:15.7921204Z Preparing to unpack .../117-libdvdread8t64_6.1.3-1.1build1_amd64.deb ...
2026-01-13T13:22:15.7932232Z Unpacking libdvdread8t64:amd64 (6.1.3-1.1build1) ...
2026-01-13T13:22:15.8177736Z Selecting previously unselected package libdvdnav4:amd64.
2026-01-13T13:22:15.8310428Z Preparing to unpack .../118-libdvdnav4_6.1.1-3build1_amd64.deb ...
2026-01-13T13:22:15.8320998Z Unpacking libdvdnav4:amd64 (6.1.1-3build1) ...
2026-01-13T13:22:15.8574302Z Selecting previously unselected package libegl-mesa0:amd64.
2026-01-13T13:22:15.8710823Z Preparing to unpack .../119-libegl-mesa0_25.0.7-0ubuntu0.24.04.2_amd64.deb ...
2026-01-13T13:22:15.8721029Z Unpacking libegl-mesa0:amd64 (25.0.7-0ubuntu0.24.04.2) ...
2026-01-13T13:22:15.8994746Z Selecting previously unselected package libevent-2.1-7t64:amd64.
2026-01-13T13:22:15.9130580Z Preparing to unpack .../120-libevent-2.1-7t64_2.1.12-stable-9ubuntu2_amd64.deb ...
2026-01-13T13:22:15.9141033Z Unpacking libevent-2.1-7t64:amd64 (2.1.12-stable-9ubuntu2) ...
2026-01-13T13:22:15.9387320Z Selecting previously unselected package libfaad2:amd64.
2026-01-13T13:22:15.9522055Z Preparing to unpack .../121-libfaad2_2.11.1-1build1_amd64.deb ...
2026-01-13T13:22:15.9533655Z Unpacking libfaad2:amd64 (2.11.1-1build1) ...
2026-01-13T13:22:15.9797329Z Selecting previously unselected package libinstpatch-1.0-2:amd64.
2026-01-13T13:22:15.9931101Z Preparing to unpack .../122-libinstpatch-1.0-2_1.1.6-1build2_amd64.deb ...
2026-01-13T13:22:15.9941132Z Unpacking libinstpatch-1.0-2:amd64 (1.1.6-1build2) ...
2026-01-13T13:22:16.0198023Z Selecting previously unselected package libjack-jackd2-0:amd64.
2026-01-13T13:22:16.0331655Z Preparing to unpack .../123-libjack-jackd2-0_1.9.21~dfsg-3ubuntu3_amd64.deb ...
2026-01-13T13:22:16.0343959Z Unpacking libjack-jackd2-0:amd64 (1.9.21~dfsg-3ubuntu3) ...
2026-01-13T13:22:16.0622754Z Selecting previously unselected package libwebrtc-audio-processing1:amd64.
2026-01-13T13:22:16.0758096Z Preparing to unpack .../124-libwebrtc-audio-processing1_0.3.1-0ubuntu6_amd64.deb ...
2026-01-13T13:22:16.0769109Z Unpacking libwebrtc-audio-processing1:amd64 (0.3.1-0ubuntu6) ...
2026-01-13T13:22:16.1024270Z Selecting previously unselected package libspa-0.2-modules:amd64.
2026-01-13T13:22:16.1161295Z Preparing to unpack .../125-libspa-0.2-modules_1.0.5-1ubuntu3.2_amd64.deb ...
2026-01-13T13:22:16.1172470Z Unpacking libspa-0.2-modules:amd64 (1.0.5-1ubuntu3.2) ...
2026-01-13T13:22:16.1523248Z Selecting previously unselected package libpipewire-0.3-0t64:amd64.
2026-01-13T13:22:16.1659519Z Preparing to unpack .../126-libpipewire-0.3-0t64_1.0.5-1ubuntu3.2_amd64.deb ...
2026-01-13T13:22:16.1669072Z Unpacking libpipewire-0.3-0t64:amd64 (1.0.5-1ubuntu3.2) ...
2026-01-13T13:22:16.1932777Z Selecting previously unselected package libsdl2-2.0-0:amd64.
2026-01-13T13:22:16.2069530Z Preparing to unpack .../127-libsdl2-2.0-0_2.30.0+dfsg-1ubuntu3.1_amd64.deb ...
2026-01-13T13:22:16.2079944Z Unpacking libsdl2-2.0-0:amd64 (2.30.0+dfsg-1ubuntu3.1) ...
2026-01-13T13:22:16.2386699Z Selecting previously unselected package timgm6mb-soundfont.
2026-01-13T13:22:16.2521816Z Preparing to unpack .../128-timgm6mb-soundfont_1.3-5_all.deb ...
2026-01-13T13:22:16.2533369Z Unpacking timgm6mb-soundfont (1.3-5) ...
2026-01-13T13:22:16.5935116Z Selecting previously unselected package libfluidsynth3:amd64.
2026-01-13T13:22:16.6072328Z Preparing to unpack .../129-libfluidsynth3_2.3.4-1build3_amd64.deb ...
2026-01-13T13:22:16.6081528Z Unpacking libfluidsynth3:amd64 (2.3.4-1build3) ...
2026-01-13T13:22:16.6345402Z Selecting previously unselected package libfreeaptx0:amd64.
2026-01-13T13:22:16.6481467Z Preparing to unpack .../130-libfreeaptx0_0.1.1-2build1_amd64.deb ...
2026-01-13T13:22:16.6493096Z Unpacking libfreeaptx0:amd64 (0.1.1-2build1) ...
2026-01-13T13:22:16.6747183Z Selecting previously unselected package libgraphene-1.0-0:amd64.
2026-01-13T13:22:16.6881532Z Preparing to unpack .../131-libgraphene-1.0-0_1.10.8-3build2_amd64.deb ...
2026-01-13T13:22:16.6890627Z Unpacking libgraphene-1.0-0:amd64 (1.10.8-3build2) ...
2026-01-13T13:22:16.7122443Z Selecting previously unselected package libgssdp-1.6-0:amd64.
2026-01-13T13:22:16.7256508Z Preparing to unpack .../132-libgssdp-1.6-0_1.6.3-1build3_amd64.deb ...
2026-01-13T13:22:16.7270155Z Unpacking libgssdp-1.6-0:amd64 (1.6.3-1build3) ...
2026-01-13T13:22:16.7502099Z Selecting previously unselected package libegl1:amd64.
2026-01-13T13:22:16.7638717Z Preparing to unpack .../133-libegl1_1.7.0-1build1_amd64.deb ...
2026-01-13T13:22:16.7653185Z Unpacking libegl1:amd64 (1.7.0-1build1) ...
2026-01-13T13:22:16.7883329Z Selecting previously unselected package libgstreamer-gl1.0-0:amd64.
2026-01-13T13:22:16.8018130Z Preparing to unpack .../134-libgstreamer-gl1.0-0_1.24.2-1ubuntu0.3_amd64.deb ...
2026-01-13T13:22:16.8029834Z Unpacking libgstreamer-gl1.0-0:amd64 (1.24.2-1ubuntu0.3) ...
2026-01-13T13:22:16.8270197Z Selecting previously unselected package libgtk-4-common.
2026-01-13T13:22:16.8403458Z Preparing to unpack .../135-libgtk-4-common_4.14.5+ds-0ubuntu0.7_all.deb ...
2026-01-13T13:22:16.8410780Z Unpacking libgtk-4-common (4.14.5+ds-0ubuntu0.7) ...
2026-01-13T13:22:16.8914868Z Selecting previously unselected package libgtk-4-1:amd64.
2026-01-13T13:22:16.9050986Z Preparing to unpack .../136-libgtk-4-1_4.14.5+ds-0ubuntu0.7_amd64.deb ...
2026-01-13T13:22:16.9060588Z Unpacking libgtk-4-1:amd64 (4.14.5+ds-0ubuntu0.7) ...
2026-01-13T13:22:16.9792259Z Selecting previously unselected package libgupnp-1.6-0:amd64.
2026-01-13T13:22:16.9932553Z Preparing to unpack .../137-libgupnp-1.6-0_1.6.6-1build3_amd64.deb ...
2026-01-13T13:22:16.9942719Z Unpacking libgupnp-1.6-0:amd64 (1.6.6-1build3) ...
2026-01-13T13:22:17.0210193Z Selecting previously unselected package libgupnp-igd-1.6-0:amd64.
2026-01-13T13:22:17.0346824Z Preparing to unpack .../138-libgupnp-igd-1.6-0_1.6.0-3build3_amd64.deb ...
2026-01-13T13:22:17.0358389Z Unpacking libgupnp-igd-1.6-0:amd64 (1.6.0-3build3) ...
2026-01-13T13:22:17.0595467Z Selecting previously unselected package libharfbuzz-icu0:amd64.
2026-01-13T13:22:17.0734319Z Preparing to unpack .../139-libharfbuzz-icu0_8.3.0-2build2_amd64.deb ...
2026-01-13T13:22:17.0746495Z Unpacking libharfbuzz-icu0:amd64 (8.3.0-2build2) ...
2026-01-13T13:22:17.0981291Z Selecting previously unselected package libhyphen0:amd64.
2026-01-13T13:22:17.1117455Z Preparing to unpack .../140-libhyphen0_2.8.8-7build3_amd64.deb ...
2026-01-13T13:22:17.1131275Z Unpacking libhyphen0:amd64 (2.8.8-7build3) ...
2026-01-13T13:22:17.1370812Z Selecting previously unselected package libimath-3-1-29t64:amd64.
2026-01-13T13:22:17.1506478Z Preparing to unpack .../141-libimath-3-1-29t64_3.1.9-3.1ubuntu2_amd64.deb ...
2026-01-13T13:22:17.1518426Z Unpacking libimath-3-1-29t64:amd64 (3.1.9-3.1ubuntu2) ...
2026-01-13T13:22:17.1763719Z Selecting previously unselected package liblc3-1:amd64.
2026-01-13T13:22:17.1899842Z Preparing to unpack .../142-liblc3-1_1.0.4-3build1_amd64.deb ...
2026-01-13T13:22:17.1909234Z Unpacking liblc3-1:amd64 (1.0.4-3build1) ...
2026-01-13T13:22:17.2166350Z Selecting previously unselected package libldacbt-enc2:amd64.
2026-01-13T13:22:17.2300727Z Preparing to unpack .../143-libldacbt-enc2_2.0.2.3+git20200429+ed310a0-4ubuntu2_amd64.deb ...
2026-01-13T13:22:17.2308640Z Unpacking libldacbt-enc2:amd64 (2.0.2.3+git20200429+ed310a0-4ubuntu2) ...
2026-01-13T13:22:17.2674116Z Preparing to unpack .../144-libxslt1.1_1.1.39-0exp1ubuntu0.24.04.3_amd64.deb ...
2026-01-13T13:22:17.2740472Z Unpacking libxslt1.1:amd64 (1.1.39-0exp1ubuntu0.24.04.3) over (1.1.39-0exp1ubuntu0.24.04.2) ...
2026-01-13T13:22:17.3045023Z Selecting previously unselected package libraptor2-0:amd64.
2026-01-13T13:22:17.3184921Z Preparing to unpack .../145-libraptor2-0_2.0.16-3ubuntu0.1_amd64.deb ...
2026-01-13T13:22:17.3198428Z Unpacking libraptor2-0:amd64 (2.0.16-3ubuntu0.1) ...
2026-01-13T13:22:17.3447743Z Selecting previously unselected package liblrdf0:amd64.
2026-01-13T13:22:17.3582323Z Preparing to unpack .../146-liblrdf0_0.6.1-4build1_amd64.deb ...
2026-01-13T13:22:17.3592407Z Unpacking liblrdf0:amd64 (0.6.1-4build1) ...
2026-01-13T13:22:17.3832602Z Selecting previously unselected package libltc11:amd64.
2026-01-13T13:22:17.3967612Z Preparing to unpack .../147-libltc11_1.3.2-1build1_amd64.deb ...
2026-01-13T13:22:17.3983365Z Unpacking libltc11:amd64 (1.3.2-1build1) ...
2026-01-13T13:22:17.4218371Z Selecting previously unselected package libmanette-0.2-0:amd64.
2026-01-13T13:22:17.4351268Z Preparing to unpack .../148-libmanette-0.2-0_0.2.7-1build2_amd64.deb ...
2026-01-13T13:22:17.4361932Z Unpacking libmanette-0.2-0:amd64 (0.2.7-1build2) ...
2026-01-13T13:22:17.4595285Z Selecting previously unselected package libmfx1:amd64.
2026-01-13T13:22:17.4728492Z Preparing to unpack .../149-libmfx1_22.5.4-1_amd64.deb ...
2026-01-13T13:22:17.4740667Z Unpacking libmfx1:amd64 (22.5.4-1) ...
2026-01-13T13:22:17.5762565Z Selecting previously unselected package libmjpegutils-2.1-0t64:amd64.
2026-01-13T13:22:17.5899252Z Preparing to unpack .../150-libmjpegutils-2.1-0t64_1%3a2.1.0+debian-8.1build1_amd64.deb ...
2026-01-13T13:22:17.5911418Z Unpacking libmjpegutils-2.1-0t64:amd64 (1:2.1.0+debian-8.1build1) ...
2026-01-13T13:22:17.6144668Z Selecting previously unselected package libmodplug1:amd64.
2026-01-13T13:22:17.6282869Z Preparing to unpack .../151-libmodplug1_1%3a0.8.9.0-3build1_amd64.deb ...
2026-01-13T13:22:17.6298303Z Unpacking libmodplug1:amd64 (1:0.8.9.0-3build1) ...
2026-01-13T13:22:17.6546947Z Selecting previously unselected package libmpcdec6:amd64.
2026-01-13T13:22:17.6683583Z Preparing to unpack .../152-libmpcdec6_2%3a0.1~r495-2build1_amd64.deb ...
2026-01-13T13:22:17.6697385Z Unpacking libmpcdec6:amd64 (2:0.1~r495-2build1) ...
2026-01-13T13:22:17.6943814Z Selecting previously unselected package libmpeg2encpp-2.1-0t64:amd64.
2026-01-13T13:22:17.7079671Z Preparing to unpack .../153-libmpeg2encpp-2.1-0t64_1%3a2.1.0+debian-8.1build1_amd64.deb ...
2026-01-13T13:22:17.7089630Z Unpacking libmpeg2encpp-2.1-0t64:amd64 (1:2.1.0+debian-8.1build1) ...
2026-01-13T13:22:17.7321994Z Selecting previously unselected package libmplex2-2.1-0t64:amd64.
2026-01-13T13:22:17.7457600Z Preparing to unpack .../154-libmplex2-2.1-0t64_1%3a2.1.0+debian-8.1build1_amd64.deb ...
2026-01-13T13:22:17.7470444Z Unpacking libmplex2-2.1-0t64:amd64 (1:2.1.0+debian-8.1build1) ...
2026-01-13T13:22:17.7721315Z Selecting previously unselected package libneon27t64:amd64.
2026-01-13T13:22:17.7855730Z Preparing to unpack .../155-libneon27t64_0.33.0-1.1build3_amd64.deb ...
2026-01-13T13:22:17.7872018Z Unpacking libneon27t64:amd64 (0.33.0-1.1build3) ...
2026-01-13T13:22:17.8137565Z Selecting previously unselected package libnice10:amd64.
2026-01-13T13:22:17.8273595Z Preparing to unpack .../156-libnice10_0.1.21-2build3_amd64.deb ...
2026-01-13T13:22:17.8284536Z Unpacking libnice10:amd64 (0.1.21-2build3) ...
2026-01-13T13:22:17.8539627Z Selecting previously unselected package libopenal-data.
2026-01-13T13:22:17.8674738Z Preparing to unpack .../157-libopenal-data_1%3a1.23.1-4build1_all.deb ...
2026-01-13T13:22:17.8684921Z Unpacking libopenal-data (1:1.23.1-4build1) ...
2026-01-13T13:22:17.8938893Z Selecting previously unselected package libopenexr-3-1-30:amd64.
2026-01-13T13:22:17.9073087Z Preparing to unpack .../158-libopenexr-3-1-30_3.1.5-5.1build3_amd64.deb ...
2026-01-13T13:22:17.9081511Z Unpacking libopenexr-3-1-30:amd64 (3.1.5-5.1build3) ...
2026-01-13T13:22:17.9478487Z Selecting previously unselected package libopenh264-7:amd64.
2026-01-13T13:22:17.9613925Z Preparing to unpack .../159-libopenh264-7_2.4.1+dfsg-1_amd64.deb ...
2026-01-13T13:22:17.9623387Z Unpacking libopenh264-7:amd64 (2.4.1+dfsg-1) ...
2026-01-13T13:22:17.9924280Z Selecting previously unselected package libopenni2-0:amd64.
2026-01-13T13:22:18.0060192Z Preparing to unpack .../160-libopenni2-0_2.2.0.33+dfsg-18_amd64.deb ...
2026-01-13T13:22:18.0218079Z Unpacking libopenni2-0:amd64 (2.2.0.33+dfsg-18) ...
2026-01-13T13:22:18.0528224Z Selecting previously unselected package libqrencode4:amd64.
2026-01-13T13:22:18.0663353Z Preparing to unpack .../161-libqrencode4_4.1.1-1build2_amd64.deb ...
2026-01-13T13:22:18.0682144Z Unpacking libqrencode4:amd64 (4.1.1-1build2) ...
2026-01-13T13:22:18.0891384Z Selecting previously unselected package libsecret-common.
2026-01-13T13:22:18.1024421Z Preparing to unpack .../162-libsecret-common_0.21.4-1build3_all.deb ...
2026-01-13T13:22:18.1033795Z Unpacking libsecret-common (0.21.4-1build3) ...
2026-01-13T13:22:18.1263205Z Selecting previously unselected package libsecret-1-0:amd64.
2026-01-13T13:22:18.1395553Z Preparing to unpack .../163-libsecret-1-0_0.21.4-1build3_amd64.deb ...
2026-01-13T13:22:18.1411586Z Unpacking libsecret-1-0:amd64 (0.21.4-1build3) ...
2026-01-13T13:22:18.1677246Z Selecting previously unselected package libsndio7.0:amd64.
2026-01-13T13:22:18.1810051Z Preparing to unpack .../164-libsndio7.0_1.9.0-0.3build3_amd64.deb ...
2026-01-13T13:22:18.1824822Z Unpacking libsndio7.0:amd64 (1.9.0-0.3build3) ...
2026-01-13T13:22:18.2055909Z Selecting previously unselected package libsoundtouch1:amd64.
2026-01-13T13:22:18.2190251Z Preparing to unpack .../165-libsoundtouch1_2.3.2+ds1-1build1_amd64.deb ...
2026-01-13T13:22:18.2199137Z Unpacking libsoundtouch1:amd64 (2.3.2+ds1-1build1) ...
2026-01-13T13:22:18.2443903Z Selecting previously unselected package libspandsp2t64:amd64.
2026-01-13T13:22:18.2576912Z Preparing to unpack .../166-libspandsp2t64_0.0.6+dfsg-2.1build1_amd64.deb ...
2026-01-13T13:22:18.2587956Z Unpacking libspandsp2t64:amd64 (0.0.6+dfsg-2.1build1) ...
2026-01-13T13:22:18.2846853Z Selecting previously unselected package libsrtp2-1:amd64.
2026-01-13T13:22:18.2979071Z Preparing to unpack .../167-libsrtp2-1_2.5.0-3build1_amd64.deb ...
2026-01-13T13:22:18.2987302Z Unpacking libsrtp2-1:amd64 (2.5.0-3build1) ...
2026-01-13T13:22:18.3344823Z Preparing to unpack .../168-libssh-4_0.10.6-2ubuntu0.2_amd64.deb ...
2026-01-13T13:22:18.3408008Z Unpacking libssh-4:amd64 (0.10.6-2ubuntu0.2) over (0.10.6-2ubuntu0.1) ...
2026-01-13T13:22:18.3747402Z Selecting previously unselected package libwildmidi2:amd64.
2026-01-13T13:22:18.3883495Z Preparing to unpack .../169-libwildmidi2_0.4.3-1build3_amd64.deb ...
2026-01-13T13:22:18.3894847Z Unpacking libwildmidi2:amd64 (0.4.3-1build3) ...
2026-01-13T13:22:18.4122797Z Selecting previously unselected package libwoff1:amd64.
2026-01-13T13:22:18.4262293Z Preparing to unpack .../170-libwoff1_1.0.2-2build1_amd64.deb ...
2026-01-13T13:22:18.4276892Z Unpacking libwoff1:amd64 (1.0.2-2build1) ...
2026-01-13T13:22:18.4543703Z Selecting previously unselected package libxcb-xkb1:amd64.
2026-01-13T13:22:18.4682379Z Preparing to unpack .../171-libxcb-xkb1_1.15-1ubuntu2_amd64.deb ...
2026-01-13T13:22:18.4696001Z Unpacking libxcb-xkb1:amd64 (1.15-1ubuntu2) ...
2026-01-13T13:22:18.4936371Z Selecting previously unselected package libxkbcommon-x11-0:amd64.
2026-01-13T13:22:18.5073415Z Preparing to unpack .../172-libxkbcommon-x11-0_1.6.0-1build1_amd64.deb ...
2026-01-13T13:22:18.5124243Z Unpacking libxkbcommon-x11-0:amd64 (1.6.0-1build1) ...
2026-01-13T13:22:18.5375224Z Selecting previously unselected package libzbar0t64:amd64.
2026-01-13T13:22:18.5510505Z Preparing to unpack .../173-libzbar0t64_0.23.93-4build3_amd64.deb ...
2026-01-13T13:22:18.5523576Z Unpacking libzbar0t64:amd64 (0.23.93-4build3) ...
2026-01-13T13:22:18.5764608Z Selecting previously unselected package libzxing3:amd64.
2026-01-13T13:22:18.5901686Z Preparing to unpack .../174-libzxing3_2.2.1-3_amd64.deb ...
2026-01-13T13:22:18.5910850Z Unpacking libzxing3:amd64 (2.2.1-3) ...
2026-01-13T13:22:18.6183436Z Selecting previously unselected package xfonts-encodings.
2026-01-13T13:22:18.6319660Z Preparing to unpack .../175-xfonts-encodings_1%3a1.0.5-0ubuntu2_all.deb ...
2026-01-13T13:22:18.6328063Z Unpacking xfonts-encodings (1:1.0.5-0ubuntu2) ...
2026-01-13T13:22:18.6640613Z Selecting previously unselected package xfonts-utils.
2026-01-13T13:22:18.6777662Z Preparing to unpack .../176-xfonts-utils_1%3a7.7+6build3_amd64.deb ...
2026-01-13T13:22:18.6788219Z Unpacking xfonts-utils (1:7.7+6build3) ...
2026-01-13T13:22:18.7335726Z Selecting previously unselected package xfonts-cyrillic.
2026-01-13T13:22:18.7471259Z Preparing to unpack .../177-xfonts-cyrillic_1%3a1.0.5+nmu1_all.deb ...
2026-01-13T13:22:18.7499634Z Unpacking xfonts-cyrillic (1:1.0.5+nmu1) ...
2026-01-13T13:22:18.7882403Z Selecting previously unselected package xfonts-scalable.
2026-01-13T13:22:18.8019799Z Preparing to unpack .../178-xfonts-scalable_1%3a1.0.3-1.3_all.deb ...
2026-01-13T13:22:18.8037235Z Unpacking xfonts-scalable (1:1.0.3-1.3) ...
2026-01-13T13:22:18.8314782Z Selecting previously unselected package libgstreamer-plugins-bad1.0-0:amd64.
2026-01-13T13:22:18.8451915Z Preparing to unpack .../179-libgstreamer-plugins-bad1.0-0_1.24.2-1ubuntu4_amd64.deb ...
2026-01-13T13:22:18.8461231Z Unpacking libgstreamer-plugins-bad1.0-0:amd64 (1.24.2-1ubuntu4) ...
2026-01-13T13:22:18.8885389Z Selecting previously unselected package libdca0:amd64.
2026-01-13T13:22:18.9022135Z Preparing to unpack .../180-libdca0_0.0.7-2build1_amd64.deb ...
2026-01-13T13:22:18.9032090Z Unpacking libdca0:amd64 (0.0.7-2build1) ...
2026-01-13T13:22:18.9274849Z Selecting previously unselected package libopenal1:amd64.
2026-01-13T13:22:18.9411362Z Preparing to unpack .../181-libopenal1_1%3a1.23.1-4build1_amd64.deb ...
2026-01-13T13:22:18.9424925Z Unpacking libopenal1:amd64 (1:1.23.1-4build1) ...
2026-01-13T13:22:18.9705053Z Selecting previously unselected package libsbc1:amd64.
2026-01-13T13:22:18.9840991Z Preparing to unpack .../182-libsbc1_2.0-1build1_amd64.deb ...
2026-01-13T13:22:18.9851952Z Unpacking libsbc1:amd64 (2.0-1build1) ...
2026-01-13T13:22:19.0078426Z Selecting previously unselected package libvo-aacenc0:amd64.
2026-01-13T13:22:19.0213363Z Preparing to unpack .../183-libvo-aacenc0_0.1.3-2build1_amd64.deb ...
2026-01-13T13:22:19.0225224Z Unpacking libvo-aacenc0:amd64 (0.1.3-2build1) ...
2026-01-13T13:22:19.0458066Z Selecting previously unselected package libvo-amrwbenc0:amd64.
2026-01-13T13:22:19.0595040Z Preparing to unpack .../184-libvo-amrwbenc0_0.1.3-2build1_amd64.deb ...
2026-01-13T13:22:19.0613693Z Unpacking libvo-amrwbenc0:amd64 (0.1.3-2build1) ...
2026-01-13T13:22:19.0841553Z Selecting previously unselected package gstreamer1.0-plugins-bad:amd64.
2026-01-13T13:22:19.0978119Z Preparing to unpack .../185-gstreamer1.0-plugins-bad_1.24.2-1ubuntu4_amd64.deb ...
2026-01-13T13:22:19.0988266Z Unpacking gstreamer1.0-plugins-bad:amd64 (1.24.2-1ubuntu4) ...
2026-01-13T13:22:19.2800710Z Setting up libgme0:amd64 (0.6.3-7build1) ...
2026-01-13T13:22:19.2833110Z Setting up libchromaprint1:amd64 (1.5.1-5) ...
2026-01-13T13:22:19.2862375Z Setting up libssh-gcrypt-4:amd64 (0.10.6-2ubuntu0.2) ...
2026-01-13T13:22:19.2887497Z Setting up libhwy1t64:amd64 (1.0.7-8.1build1) ...
2026-01-13T13:22:19.2935954Z Setting up libcairo-script-interpreter2:amd64 (1.18.0-3build1) ...
2026-01-13T13:22:19.2973870Z Setting up libfreeaptx0:amd64 (0.1.1-2build1) ...
2026-01-13T13:22:19.3003038Z Setting up libdvdread8t64:amd64 (6.1.3-1.1build1) ...
2026-01-13T13:22:19.3030362Z Setting up libudfread0:amd64 (1.1.2-1build1) ...
2026-01-13T13:22:19.3063420Z Setting up libmodplug1:amd64 (1:0.8.9.0-3build1) ...
2026-01-13T13:22:19.3090709Z Setting up libcdparanoia0:amd64 (3.10.2+debian-14build3) ...
2026-01-13T13:22:19.3116304Z Setting up libvo-amrwbenc0:amd64 (0.1.3-2build1) ...
2026-01-13T13:22:19.3143343Z Setting up libraw1394-11:amd64 (2.1.2-2build3) ...
2026-01-13T13:22:19.3177837Z Setting up libsbc1:amd64 (2.0-1build1) ...
2026-01-13T13:22:19.3201778Z Setting up libneon27t64:amd64 (0.33.0-1.1build3) ...
2026-01-13T13:22:19.3232942Z Setting up libtag1v5-vanilla:amd64 (1.13.1-1build1) ...
2026-01-13T13:22:19.3266912Z Setting up libharfbuzz-icu0:amd64 (8.3.0-2build2) ...
2026-01-13T13:22:19.3297399Z Setting up libopenni2-0:amd64 (2.2.0.33+dfsg-18) ...
2026-01-13T13:22:19.3478156Z Setting up libspeex1:amd64 (1.2.1-2ubuntu2.24.04.1) ...
2026-01-13T13:22:19.3507645Z Setting up libshine3:amd64 (3.1.1-2build1) ...
2026-01-13T13:22:19.3536922Z Setting up libcaca0:amd64 (0.99.beta20-4ubuntu0.1) ...
2026-01-13T13:22:19.3567652Z Setting up libvpl2 (2023.3.0-1build1) ...
2026-01-13T13:22:19.3600080Z Setting up libv4lconvert0t64:amd64 (1.26.1-4build3) ...
2026-01-13T13:22:19.3628797Z Setting up libx264-164:amd64 (2:0.164.3108+git31e19f9-1) ...
2026-01-13T13:22:19.3660727Z Setting up libtwolame0:amd64 (0.4.0-2build3) ...
2026-01-13T13:22:19.3690727Z Setting up libmbedcrypto7t64:amd64 (2.28.8-1) ...
2026-01-13T13:22:19.3719274Z Setting up libwoff1:amd64 (1.0.2-2build1) ...
2026-01-13T13:22:19.3750810Z Setting up liblc3-1:amd64 (1.0.4-3build1) ...
2026-01-13T13:22:19.3777840Z Setting up libqrencode4:amd64 (4.1.1-1build2) ...
2026-01-13T13:22:19.3802651Z Setting up libhyphen0:amd64 (2.8.8-7build3) ...
2026-01-13T13:22:19.3828298Z Setting up libgsm1:amd64 (1.0.22-1build1) ...
2026-01-13T13:22:19.3858524Z Setting up libvisual-0.4-0:amd64 (0.4.2-2build1) ...
2026-01-13T13:22:19.3890816Z Setting up libsoxr0:amd64 (0.1.3-4build3) ...
2026-01-13T13:22:19.3915238Z Setting up libzix-0-0:amd64 (0.4.2-2build1) ...
2026-01-13T13:22:19.3942895Z Setting up libcodec2-1.2:amd64 (1.2.0-2build1) ...
2026-01-13T13:22:19.3994353Z Setting up libsrtp2-1:amd64 (2.5.0-3build1) ...
2026-01-13T13:22:19.4022543Z Setting up libmysofa1:amd64 (1.3.2+dfsg-2ubuntu2) ...
2026-01-13T13:22:19.4061799Z Setting up libldacbt-enc2:amd64 (2.0.2.3+git20200429+ed310a0-4ubuntu2) ...
2026-01-13T13:22:19.4085990Z Setting up fonts-wqy-zenhei (0.9.45-8) ...
2026-01-13T13:22:19.4222245Z Setting up libwebrtc-audio-processing1:amd64 (0.3.1-0ubuntu6) ...
2026-01-13T13:22:19.4250918Z Setting up fonts-freefont-ttf (20211204+svn4273-2) ...
2026-01-13T13:22:19.4281761Z Setting up libevent-2.1-7t64:amd64 (2.1.12-stable-9ubuntu2) ...
2026-01-13T13:22:19.4312893Z Setting up libsvtav1enc1d1:amd64 (1.7.0+dfsg-2build1) ...
2026-01-13T13:22:19.4343178Z Setting up libsoup-3.0-common (3.4.4-5ubuntu0.6) ...
2026-01-13T13:22:19.4377137Z Setting up libmpg123-0t64:amd64 (1.32.5-1ubuntu1.1) ...
2026-01-13T13:22:19.4409971Z Setting up libcjson1:amd64 (1.7.17-1) ...
2026-01-13T13:22:19.4437650Z Setting up libxvidcore4:amd64 (2:1.3.7-1build1) ...
2026-01-13T13:22:19.4472057Z Setting up libmpcdec6:amd64 (2:0.1~r495-2build1) ...
2026-01-13T13:22:19.4499612Z Setting up libmjpegutils-2.1-0t64:amd64 (1:2.1.0+debian-8.1build1) ...
2026-01-13T13:22:19.4528371Z Setting up librav1e0:amd64 (0.7.1-2) ...
2026-01-13T13:22:19.4564753Z Setting up liborc-0.4-0t64:amd64 (1:0.4.38-1ubuntu0.1) ...
2026-01-13T13:22:19.4596221Z Setting up libxcb-xkb1:amd64 (1.15-1ubuntu2) ...
2026-01-13T13:22:19.4627627Z Setting up libvo-aacenc0:amd64 (0.1.3-2build1) ...
2026-01-13T13:22:19.4653993Z Setting up librist4:amd64 (0.2.10+dfsg-2) ...
2026-01-13T13:22:19.4684010Z Setting up libglib2.0-0t64:amd64 (2.80.0-6ubuntu3.6) ...
2026-01-13T13:22:19.5064174Z Setting up libblas3:amd64 (3.12.0-3build1.1) ...
2026-01-13T13:22:19.5152857Z update-alternatives: using /usr/lib/x86_64-linux-gnu/blas/libblas.so.3 to provide /usr/lib/x86_64-linux-gnu/libblas.so.3 (libblas.so.3-x86_64-linux-gnu) in auto mode
2026-01-13T13:22:19.5173837Z Setting up libegl-mesa0:amd64 (25.0.7-0ubuntu0.24.04.2) ...
2026-01-13T13:22:19.5207195Z Setting up libsoundtouch1:amd64 (2.3.2+ds1-1build1) ...
2026-01-13T13:22:19.5232230Z Setting up libglib2.0-data (2.80.0-6ubuntu3.6) ...
2026-01-13T13:22:19.5266456Z Setting up libplacebo338:amd64 (6.338.2-2build1) ...
2026-01-13T13:22:19.5295427Z Setting up libgles2:amd64 (1.7.0-1build1) ...
2026-01-13T13:22:19.5330412Z Setting up fonts-tlwg-loma-otf (1:0.7.3-1) ...
2026-01-13T13:22:19.5372657Z Setting up libva2:amd64 (2.20.0-2build1) ...
2026-01-13T13:22:19.5399763Z Setting up libspa-0.2-modules:amd64 (1.0.5-1ubuntu3.2) ...
2026-01-13T13:22:19.5431360Z Setting up libzxing3:amd64 (2.2.1-3) ...
2026-01-13T13:22:19.5460181Z Setting up xfonts-encodings (1:1.0.5-0ubuntu2) ...
2026-01-13T13:22:19.5485144Z Setting up libopus0:amd64 (1.4-1build1) ...
2026-01-13T13:22:19.5521186Z Setting up libfaad2:amd64 (2.11.1-1build1) ...
2026-01-13T13:22:19.5556664Z Setting up libxkbcommon-x11-0:amd64 (1.6.0-1build1) ...
2026-01-13T13:22:19.5591526Z Setting up libdc1394-25:amd64 (2.2.6-4build1) ...
2026-01-13T13:22:19.5625324Z Setting up libpng16-16t64:amd64 (1.6.43-5ubuntu0.1) ...
2026-01-13T13:22:19.5657402Z Setting up libimath-3-1-29t64:amd64 (3.1.9-3.1ubuntu2) ...
2026-01-13T13:22:19.5684148Z Setting up libunibreak5:amd64 (5.1-2build1) ...
2026-01-13T13:22:19.5719860Z Setting up libdv4t64:amd64 (1.0.0-17.1build1) ...
2026-01-13T13:22:19.5748540Z Setting up gir1.2-glib-2.0:amd64 (2.80.0-6ubuntu3.6) ...
2026-01-13T13:22:19.5772273Z Setting up libjxl0.7:amd64 (0.7.0-10.2ubuntu6.1) ...
2026-01-13T13:22:19.5806550Z Setting up libssh-4:amd64 (0.10.6-2ubuntu0.2) ...
2026-01-13T13:22:19.5835375Z Setting up libopenh264-7:amd64 (2.4.1+dfsg-1) ...
2026-01-13T13:22:19.5863094Z Setting up libltc11:amd64 (1.3.2-1build1) ...
2026-01-13T13:22:19.5901514Z Setting up libx265-199:amd64 (3.5-2build1) ...
2026-01-13T13:22:19.5926842Z Setting up libv4l-0t64:amd64 (1.26.1-4build3) ...
2026-01-13T13:22:19.5955915Z Setting up libavtp0:amd64 (0.2.0-1build1) ...
2026-01-13T13:22:19.5986098Z Setting up libsndio7.0:amd64 (1.9.0-0.3build3) ...
2026-01-13T13:22:19.6011256Z Setting up libdirectfb-1.7-7t64:amd64 (1.7.7-11.1ubuntu2) ...
2026-01-13T13:22:19.6157682Z Setting up libspandsp2t64:amd64 (0.0.6+dfsg-2.1build1) ...
2026-01-13T13:22:19.6188507Z Setting up libvidstab1.1:amd64 (1.1.0-2build1) ...
2026-01-13T13:22:19.6244177Z Setting up libvpx9:amd64 (1.14.0-1ubuntu2.2) ...
2026-01-13T13:22:19.6271741Z Setting up libsrt1.5-gnutls:amd64 (1.5.3-1build2) ...
2026-01-13T13:22:19.6305878Z Setting up libtag1v5:amd64 (1.13.1-1build1) ...
2026-01-13T13:22:19.6339723Z Setting up libflite1:amd64 (2.2-6build3) ...
2026-01-13T13:22:19.6371392Z Setting up libdav1d7:amd64 (1.4.1-1build1) ...
2026-01-13T13:22:19.6397811Z Setting up libva-drm2:amd64 (2.20.0-2build1) ...
2026-01-13T13:22:19.6426174Z Setting up fonts-ipafont-gothic (00303-21ubuntu1) ...
2026-01-13T13:22:19.6504795Z update-alternatives: using /usr/share/fonts/opentype/ipafont-gothic/ipag.ttf to provide /usr/share/fonts/truetype/fonts-japanese-gothic.ttf (fonts-japanese-gothic.ttf) in auto mode
2026-01-13T13:22:19.6530465Z Setting up ocl-icd-libopencl1:amd64 (2.3.2-1build1) ...
2026-01-13T13:22:19.6568981Z Setting up libasyncns0:amd64 (0.8-6build4) ...
2026-01-13T13:22:19.6595803Z Setting up libwildmidi2:amd64 (0.4.3-1build3) ...
2026-01-13T13:22:19.6620506Z Setting up libvdpau1:amd64 (1.5-2build1) ...
2026-01-13T13:22:19.6667866Z Setting up libwavpack1:amd64 (5.6.0-1build1) ...
2026-01-13T13:22:19.6696264Z Setting up libbs2b0:amd64 (3.1.0+dfsg-7build1) ...
2026-01-13T13:22:19.6724500Z Setting up libtheora0:amd64 (1.1.1+dfsg.1-16.1build3) ...
2026-01-13T13:22:19.6757971Z Setting up libxslt1.1:amd64 (1.1.39-0exp1ubuntu0.24.04.3) ...
2026-01-13T13:22:19.6783440Z Setting up libegl1:amd64 (1.7.0-1build1) ...
2026-01-13T13:22:19.6820009Z Setting up libdecor-0-0:amd64 (0.2.2-1build2) ...
2026-01-13T13:22:19.6850169Z Setting up libdca0:amd64 (0.0.7-2build1) ...
2026-01-13T13:22:19.6878757Z Setting up libzimg2:amd64 (3.0.5+ds1-1build1) ...
2026-01-13T13:22:19.6912315Z Setting up libopenal-data (1:1.23.1-4build1) ...
2026-01-13T13:22:19.6952446Z Setting up libabsl20220623t64:amd64 (20220623.1-3.1ubuntu3.2) ...
2026-01-13T13:22:19.6984819Z Setting up libflac12t64:amd64 (1.4.3+ds-2.1ubuntu2) ...
2026-01-13T13:22:19.7020824Z Setting up libgtk-4-common (4.14.5+ds-0ubuntu0.7) ...
2026-01-13T13:22:19.7045114Z Setting up libmpeg2encpp-2.1-0t64:amd64 (1:2.1.0+debian-8.1build1) ...
2026-01-13T13:22:19.7069720Z Setting up glib-networking-common (2.80.0-1build1) ...
2026-01-13T13:22:19.7095455Z Setting up libmfx1:amd64 (22.5.4-1) ...
2026-01-13T13:22:19.7128186Z Setting up libbluray2:amd64 (1:1.3.4-1build1) ...
2026-01-13T13:22:19.7163659Z Setting up libsamplerate0:amd64 (0.2.2-4build1) ...
2026-01-13T13:22:19.7190794Z Setting up timgm6mb-soundfont (1.3-5) ...
2026-01-13T13:22:19.7281211Z update-alternatives: using /usr/share/sounds/sf2/TimGM6mb.sf2 to provide /usr/share/sounds/sf2/default-GM.sf2 (default-GM.sf2) in auto mode
2026-01-13T13:22:19.7323575Z update-alternatives: using /usr/share/sounds/sf2/TimGM6mb.sf2 to provide /usr/share/sounds/sf3/default-GM.sf3 (default-GM.sf3) in auto mode
2026-01-13T13:22:19.7367841Z Setting up libva-x11-2:amd64 (2.20.0-2build1) ...
2026-01-13T13:22:19.7400471Z Setting up libyuv0:amd64 (0.0~git202401110.af6ac82-1) ...
2026-01-13T13:22:19.7427163Z Setting up libmplex2-2.1-0t64:amd64 (1:2.1.0+debian-8.1build1) ...
2026-01-13T13:22:19.7452908Z Setting up libpipewire-0.3-0t64:amd64 (1.0.5-1ubuntu3.2) ...
2026-01-13T13:22:19.7479296Z Setting up libopenmpt0t64:amd64 (0.7.3-1.1build3) ...
2026-01-13T13:22:19.7510626Z Setting up libzvbi-common (0.2.42-2) ...
2026-01-13T13:22:19.7537159Z Setting up libsecret-common (0.21.4-1build3) ...
2026-01-13T13:22:19.7568906Z Setting up libmp3lame0:amd64 (3.100-6build1) ...
2026-01-13T13:22:19.7603222Z Setting up libgraphene-1.0-0:amd64 (1.10.8-3build2) ...
2026-01-13T13:22:19.7635183Z Setting up libvorbisenc2:amd64 (1.3.7-1build3) ...
2026-01-13T13:22:19.7666257Z Setting up libdvdnav4:amd64 (6.1.1-3build1) ...
2026-01-13T13:22:19.7697456Z Setting up fonts-unifont (1:15.1.01-1build1) ...
2026-01-13T13:22:19.7727763Z Setting up libaa1:amd64 (1.4p5-51.1) ...
2026-01-13T13:22:19.7759482Z Setting up libiec61883-0:amd64 (1.2.0-6build1) ...
2026-01-13T13:22:19.7783464Z Setting up libserd-0-0:amd64 (0.32.2-1) ...
2026-01-13T13:22:19.7811577Z Setting up libavc1394-0:amd64 (0.5.4-5build3) ...
2026-01-13T13:22:19.7841128Z Setting up session-migration (0.3.9build1) ...
2026-01-13T13:22:19.8974708Z Created symlink /etc/systemd/user/graphical-session-pre.target.wants/session-migration.service → /usr/lib/systemd/user/session-migration.service.
2026-01-13T13:22:19.8975334Z 
2026-01-13T13:22:19.9005268Z Setting up liblapack3:amd64 (3.12.0-3build1.1) ...
2026-01-13T13:22:19.9069529Z update-alternatives: using /usr/lib/x86_64-linux-gnu/lapack/liblapack.so.3 to provide /usr/lib/x86_64-linux-gnu/liblapack.so.3 (liblapack.so.3-x86_64-linux-gnu) in auto mode
2026-01-13T13:22:19.9098753Z Setting up libproxy1v5:amd64 (0.5.4-4build1) ...
2026-01-13T13:22:19.9130206Z Setting up libzvbi0t64:amd64 (0.2.42-2) ...
2026-01-13T13:22:19.9165122Z Setting up libmanette-0.2-0:amd64 (0.2.7-1build2) ...
2026-01-13T13:22:19.9201946Z Setting up libraptor2-0:amd64 (2.0.16-3ubuntu0.1) ...
2026-01-13T13:22:19.9232347Z Setting up libglib2.0-bin (2.80.0-6ubuntu3.6) ...
2026-01-13T13:22:19.9267427Z Setting up libzbar0t64:amd64 (0.23.93-4build3) ...
2026-01-13T13:22:19.9301445Z Setting up libgstreamer-plugins-base1.0-0:amd64 (1.24.2-1ubuntu0.3) ...
2026-01-13T13:22:19.9341844Z Setting up libavutil58:amd64 (7:6.1.1-3ubuntu5) ...
2026-01-13T13:22:19.9378851Z Setting up libopenal1:amd64 (1:1.23.1-4build1) ...
2026-01-13T13:22:19.9407316Z Setting up xfonts-utils (1:7.7+6build3) ...
2026-01-13T13:22:19.9466454Z Setting up librsvg2-2:amd64 (2.58.0+dfsg-1build1) ...
2026-01-13T13:22:19.9503789Z Setting up libsecret-1-0:amd64 (0.21.4-1build3) ...
2026-01-13T13:22:19.9534989Z Setting up libgstreamer-plugins-good1.0-0:amd64 (1.24.2-1ubuntu1.2) ...
2026-01-13T13:22:19.9586262Z Setting up libgstreamer-gl1.0-0:amd64 (1.24.2-1ubuntu0.3) ...
2026-01-13T13:22:19.9612708Z Setting up gstreamer1.0-plugins-base:amd64 (1.24.2-1ubuntu0.3) ...
2026-01-13T13:22:19.9643772Z Setting up libass9:amd64 (1:0.17.1-2build1) ...
2026-01-13T13:22:19.9677406Z Setting up libswresample4:amd64 (7:6.1.1-3ubuntu5) ...
2026-01-13T13:22:19.9708907Z Setting up libopenexr-3-1-30:amd64 (3.1.5-5.1build3) ...
2026-01-13T13:22:19.9750852Z Setting up libshout3:amd64 (2.4.6-1build2) ...
2026-01-13T13:22:19.9782552Z Setting up libgav1-1:amd64 (0.18.0-1build3) ...
2026-01-13T13:22:19.9813855Z Setting up libavcodec60:amd64 (7:6.1.1-3ubuntu5) ...
2026-01-13T13:22:19.9844305Z Setting up librubberband2:amd64 (3.3.0+dfsg-2build1) ...
2026-01-13T13:22:19.9880328Z Setting up libjack-jackd2-0:amd64 (1.9.21~dfsg-3ubuntu3) ...
2026-01-13T13:22:19.9909932Z Setting up libsord-0-0:amd64 (0.16.16-2build1) ...
2026-01-13T13:22:19.9945301Z Setting up xfonts-cyrillic (1:1.0.5+nmu1) ...
2026-01-13T13:22:20.0414277Z Setting up libpostproc57:amd64 (7:6.1.1-3ubuntu5) ...
2026-01-13T13:22:20.0447459Z Setting up libsratom-0-0:amd64 (0.6.16-1build1) ...
2026-01-13T13:22:20.0480194Z Setting up libgtk-4-1:amd64 (4.14.5+ds-0ubuntu0.7) ...
2026-01-13T13:22:20.2149943Z Setting up libsndfile1:amd64 (1.2.2-1ubuntu5.24.04.1) ...
2026-01-13T13:22:20.2173938Z Setting up liblilv-0-0:amd64 (0.24.22-1build1) ...
2026-01-13T13:22:20.2204483Z Setting up libinstpatch-1.0-2:amd64 (1.1.6-1build2) ...
2026-01-13T13:22:20.2233193Z Setting up xfonts-scalable (1:1.0.3-1.3) ...
2026-01-13T13:22:20.2751144Z Setting up libswscale7:amd64 (7:6.1.1-3ubuntu5) ...
2026-01-13T13:22:20.2805203Z Setting up gsettings-desktop-schemas (46.1-0ubuntu1) ...
2026-01-13T13:22:20.2838518Z Setting up glib-networking-services (2.80.0-1build1) ...
2026-01-13T13:22:20.2865102Z Setting up libavif16:amd64 (1.0.4-1ubuntu3) ...
2026-01-13T13:22:20.2891738Z Setting up libpulse0:amd64 (1:16.1+dfsg1-2ubuntu10.1) ...
2026-01-13T13:22:20.2972148Z Setting up liblrdf0:amd64 (0.6.1-4build1) ...
2026-01-13T13:22:20.3004283Z Setting up libavformat60:amd64 (7:6.1.1-3ubuntu5) ...
2026-01-13T13:22:20.3037522Z Setting up libsphinxbase3t64:amd64 (0.8+5prealpha+1-17build2) ...
2026-01-13T13:22:20.3062494Z Setting up glib-networking:amd64 (2.80.0-1build1) ...
2026-01-13T13:22:20.3094532Z Setting up libsdl2-2.0-0:amd64 (2.30.0+dfsg-1ubuntu3.1) ...
2026-01-13T13:22:20.3126667Z Setting up libfluidsynth3:amd64 (2.3.4-1build3) ...
2026-01-13T13:22:20.3156332Z Setting up libsoup-3.0-0:amd64 (3.4.4-5ubuntu0.6) ...
2026-01-13T13:22:20.3186634Z Setting up libpocketsphinx3:amd64 (0.8.0+real5prealpha+1-15ubuntu5) ...
2026-01-13T13:22:20.3222347Z Setting up libgssdp-1.6-0:amd64 (1.6.3-1build3) ...
2026-01-13T13:22:20.3254260Z Setting up gstreamer1.0-plugins-good:amd64 (1.24.2-1ubuntu1.2) ...
2026-01-13T13:22:20.3284311Z Setting up libgupnp-1.6-0:amd64 (1.6.6-1build3) ...
2026-01-13T13:22:20.3319499Z Setting up libavfilter9:amd64 (7:6.1.1-3ubuntu5) ...
2026-01-13T13:22:20.3364181Z Setting up libgupnp-igd-1.6-0:amd64 (1.6.0-3build3) ...
2026-01-13T13:22:20.3391613Z Setting up gstreamer1.0-libav:amd64 (1.24.1-1build1) ...
2026-01-13T13:22:20.3420714Z Setting up libnice10:amd64 (0.1.21-2build3) ...
2026-01-13T13:22:20.3463684Z Setting up libgstreamer-plugins-bad1.0-0:amd64 (1.24.2-1ubuntu4) ...
2026-01-13T13:22:20.3492775Z Setting up gstreamer1.0-plugins-bad:amd64 (1.24.2-1ubuntu4) ...
2026-01-13T13:22:20.3532139Z Processing triggers for libc-bin (2.39-0ubuntu8.6) ...
2026-01-13T13:22:21.7294485Z Processing triggers for man-db (2.12.0-4build2) ...
2026-01-13T13:22:21.7319051Z Not building database; man-db/auto-update is not 'true'.
2026-01-13T13:22:21.7358572Z Processing triggers for fontconfig (2.15.0-1.1ubuntu2) ...
2026-01-13T13:22:22.6319164Z 
2026-01-13T13:22:22.6319737Z Running kernel seems to be up-to-date.
2026-01-13T13:22:22.6320082Z 
2026-01-13T13:22:22.6320212Z Restarting services...
2026-01-13T13:22:22.6752582Z  systemctl restart packagekit.service php8.3-fpm.service polkit.service udisks2.service
2026-01-13T13:22:22.8080804Z 
2026-01-13T13:22:22.8081829Z Service restarts being deferred:
2026-01-13T13:22:22.8082833Z  systemctl restart ModemManager.service
2026-01-13T13:22:22.8083680Z  systemctl restart networkd-dispatcher.service
2026-01-13T13:22:22.8089177Z 
2026-01-13T13:22:22.8089509Z No containers need to be restarted.
2026-01-13T13:22:22.8089830Z 
2026-01-13T13:22:22.8090139Z No user sessions are running outdated binaries.
2026-01-13T13:22:22.8090490Z 
2026-01-13T13:22:22.8090968Z No VM guests are running outdated hypervisor (qemu) binaries on this host.
2026-01-13T13:22:23.7668086Z Downloading Chromium 143.0.7499.4 (playwright build v1200) from https://cdn.playwright.dev/dbazure/download/playwright/builds/chromium/1200/chromium-linux.zip
2026-01-13T13:22:24.0425178Z |                                                                                |   0% of 164.7 MiB
2026-01-13T13:22:24.2212688Z |■■■■■■■■                                                                        |  10% of 164.7 MiB
2026-01-13T13:22:24.3332077Z |■■■■■■■■■■■■■■■■                                                                |  20% of 164.7 MiB
2026-01-13T13:22:24.4261711Z |■■■■■■■■■■■■■■■■■■■■■■■■                                                        |  30% of 164.7 MiB
2026-01-13T13:22:24.5158904Z |■■■■■■■■■■■■■■■■■■■■■■■■■■■■■■■■                                                |  40% of 164.7 MiB
2026-01-13T13:22:24.5940535Z |■■■■■■■■■■■■■■■■■■■■■■■■■■■■■■■■■■■■■■■■                                        |  50% of 164.7 MiB
2026-01-13T13:22:24.6649683Z |■■■■■■■■■■■■■■■■■■■■■■■■■■■■■■■■■■■■■■■■■■■■■■■■                                |  60% of 164.7 MiB
2026-01-13T13:22:24.7429667Z |■■■■■■■■■■■■■■■■■■■■■■■■■■■■■■■■■■■■■■■■■■■■■■■■■■■■■■■■                        |  70% of 164.7 MiB
2026-01-13T13:22:24.8229563Z |■■■■■■■■■■■■■■■■■■■■■■■■■■■■■■■■■■■■■■■■■■■■■■■■■■■■■■■■■■■■■■■■                |  80% of 164.7 MiB
2026-01-13T13:22:24.9036368Z |■■■■■■■■■■■■■■■■■■■■■■■■■■■■■■■■■■■■■■■■■■■■■■■■■■■■■■■■■■■■■■■■■■■■■■■■        |  90% of 164.7 MiB
2026-01-13T13:22:24.9773357Z |■■■■■■■■■■■■■■■■■■■■■■■■■■■■■■■■■■■■■■■■■■■■■■■■■■■■■■■■■■■■■■■■■■■■■■■■■■■■■■■■| 100% of 164.7 MiB
2026-01-13T13:22:28.0561179Z Chromium 143.0.7499.4 (playwright build v1200) downloaded to /home/runner/.cache/ms-playwright/chromium-1200
2026-01-13T13:22:28.0565760Z Downloading Chromium Headless Shell 143.0.7499.4 (playwright build v1200) from https://cdn.playwright.dev/dbazure/download/playwright/builds/chromium/1200/chromium-headless-shell-linux.zip
2026-01-13T13:22:28.2603471Z |                                                                                |   0% of 109.7 MiB
2026-01-13T13:22:28.3955058Z |■■■■■■■■                                                                        |  10% of 109.7 MiB
2026-01-13T13:22:28.4837935Z |■■■■■■■■■■■■■■■■                                                                |  20% of 109.7 MiB
2026-01-13T13:22:28.5652452Z |■■■■■■■■■■■■■■■■■■■■■■■■                                                        |  30% of 109.7 MiB
2026-01-13T13:22:28.6276876Z |■■■■■■■■■■■■■■■■■■■■■■■■■■■■■■■■                                                |  40% of 109.7 MiB
2026-01-13T13:22:28.6964819Z |■■■■■■■■■■■■■■■■■■■■■■■■■■■■■■■■■■■■■■■■                                        |  50% of 109.7 MiB
2026-01-13T13:22:28.7466466Z |■■■■■■■■■■■■■■■■■■■■■■■■■■■■■■■■■■■■■■■■■■■■■■■■                                |  60% of 109.7 MiB
2026-01-13T13:22:28.7991531Z |■■■■■■■■■■■■■■■■■■■■■■■■■■■■■■■■■■■■■■■■■■■■■■■■■■■■■■■■                        |  70% of 109.7 MiB
2026-01-13T13:22:28.8568850Z |■■■■■■■■■■■■■■■■■■■■■■■■■■■■■■■■■■■■■■■■■■■■■■■■■■■■■■■■■■■■■■■■                |  80% of 109.7 MiB
2026-01-13T13:22:28.9129697Z |■■■■■■■■■■■■■■■■■■■■■■■■■■■■■■■■■■■■■■■■■■■■■■■■■■■■■■■■■■■■■■■■■■■■■■■■        |  90% of 109.7 MiB
2026-01-13T13:22:28.9691278Z |■■■■■■■■■■■■■■■■■■■■■■■■■■■■■■■■■■■■■■■■■■■■■■■■■■■■■■■■■■■■■■■■■■■■■■■■■■■■■■■■| 100% of 109.7 MiB
2026-01-13T13:22:31.2274490Z Chromium Headless Shell 143.0.7499.4 (playwright build v1200) downloaded to /home/runner/.cache/ms-playwright/chromium_headless_shell-1200
2026-01-13T13:22:31.2278751Z Downloading Firefox 144.0.2 (playwright build v1497) from https://cdn.playwright.dev/dbazure/download/playwright/builds/firefox/1497/firefox-ubuntu-24.04.zip
2026-01-13T13:22:31.4142059Z |                                                                                |   0% of 98.4 MiB
2026-01-13T13:22:31.5285321Z |■■■■■■■■                                                                        |  10% of 98.4 MiB
2026-01-13T13:22:31.6047824Z |■■■■■■■■■■■■■■■■                                                                |  20% of 98.4 MiB
2026-01-13T13:22:31.6917665Z |■■■■■■■■■■■■■■■■■■■■■■■■                                                        |  30% of 98.4 MiB
2026-01-13T13:22:31.7645227Z |■■■■■■■■■■■■■■■■■■■■■■■■■■■■■■■■                                                |  40% of 98.4 MiB
2026-01-13T13:22:31.8258761Z |■■■■■■■■■■■■■■■■■■■■■■■■■■■■■■■■■■■■■■■■                                        |  50% of 98.4 MiB
2026-01-13T13:22:31.8794583Z |■■■■■■■■■■■■■■■■■■■■■■■■■■■■■■■■■■■■■■■■■■■■■■■■                                |  60% of 98.4 MiB
2026-01-13T13:22:31.9349064Z |■■■■■■■■■■■■■■■■■■■■■■■■■■■■■■■■■■■■■■■■■■■■■■■■■■■■■■■■                        |  70% of 98.4 MiB
2026-01-13T13:22:31.9924078Z |■■■■■■■■■■■■■■■■■■■■■■■■■■■■■■■■■■■■■■■■■■■■■■■■■■■■■■■■■■■■■■■■                |  80% of 98.4 MiB
2026-01-13T13:22:32.0418836Z |■■■■■■■■■■■■■■■■■■■■■■■■■■■■■■■■■■■■■■■■■■■■■■■■■■■■■■■■■■■■■■■■■■■■■■■■        |  90% of 98.4 MiB
2026-01-13T13:22:32.0952566Z |■■■■■■■■■■■■■■■■■■■■■■■■■■■■■■■■■■■■■■■■■■■■■■■■■■■■■■■■■■■■■■■■■■■■■■■■■■■■■■■■| 100% of 98.4 MiB
2026-01-13T13:22:34.1799750Z Firefox 144.0.2 (playwright build v1497) downloaded to /home/runner/.cache/ms-playwright/firefox-1497
2026-01-13T13:22:34.1803506Z Downloading Webkit 26.0 (playwright build v2227) from https://cdn.playwright.dev/dbazure/download/playwright/builds/webkit/2227/webkit-ubuntu-24.04.zip
2026-01-13T13:22:34.3638033Z |                                                                                |   0% of 95.9 MiB
2026-01-13T13:22:34.4719648Z |■■■■■■■■                                                                        |  10% of 95.9 MiB
2026-01-13T13:22:34.5427420Z |■■■■■■■■■■■■■■■■                                                                |  20% of 95.9 MiB
2026-01-13T13:22:34.6037131Z |■■■■■■■■■■■■■■■■■■■■■■■■                                                        |  30% of 95.9 MiB
2026-01-13T13:22:34.6688755Z |■■■■■■■■■■■■■■■■■■■■■■■■■■■■■■■■                                                |  40% of 95.9 MiB
2026-01-13T13:22:34.7266466Z |■■■■■■■■■■■■■■■■■■■■■■■■■■■■■■■■■■■■■■■■                                        |  50% of 95.9 MiB
2026-01-13T13:22:34.7949524Z |■■■■■■■■■■■■■■■■■■■■■■■■■■■■■■■■■■■■■■■■■■■■■■■■                                |  60% of 95.9 MiB
2026-01-13T13:22:34.8539663Z |■■■■■■■■■■■■■■■■■■■■■■■■■■■■■■■■■■■■■■■■■■■■■■■■■■■■■■■■                        |  70% of 95.9 MiB
2026-01-13T13:22:34.9018477Z |■■■■■■■■■■■■■■■■■■■■■■■■■■■■■■■■■■■■■■■■■■■■■■■■■■■■■■■■■■■■■■■■                |  80% of 95.9 MiB
2026-01-13T13:22:34.9484533Z |■■■■■■■■■■■■■■■■■■■■■■■■■■■■■■■■■■■■■■■■■■■■■■■■■■■■■■■■■■■■■■■■■■■■■■■■        |  90% of 95.9 MiB
2026-01-13T13:22:34.9889419Z |■■■■■■■■■■■■■■■■■■■■■■■■■■■■■■■■■■■■■■■■■■■■■■■■■■■■■■■■■■■■■■■■■■■■■■■■■■■■■■■■| 100% of 95.9 MiB
2026-01-13T13:22:37.1203246Z Webkit 26.0 (playwright build v2227) downloaded to /home/runner/.cache/ms-playwright/webkit-2227
2026-01-13T13:22:37.1206532Z Downloading FFMPEG playwright build v1011 from https://cdn.playwright.dev/dbazure/download/playwright/builds/ffmpeg/1011/ffmpeg-linux.zip
2026-01-13T13:22:37.2950456Z |                                                                                |   0% of 2.3 MiB
2026-01-13T13:22:37.3088781Z |■■■■■■■■                                                                        |  10% of 2.3 MiB
2026-01-13T13:22:37.3139030Z |■■■■■■■■■■■■■■■■                                                                |  20% of 2.3 MiB
2026-01-13T13:22:37.3168384Z |■■■■■■■■■■■■■■■■■■■■■■■■                                                        |  30% of 2.3 MiB
2026-01-13T13:22:37.3187884Z |■■■■■■■■■■■■■■■■■■■■■■■■■■■■■■■■                                                |  40% of 2.3 MiB
2026-01-13T13:22:37.3205317Z |■■■■■■■■■■■■■■■■■■■■■■■■■■■■■■■■■■■■■■■■                                        |  50% of 2.3 MiB
2026-01-13T13:22:37.3226916Z |■■■■■■■■■■■■■■■■■■■■■■■■■■■■■■■■■■■■■■■■■■■■■■■■                                |  60% of 2.3 MiB
2026-01-13T13:22:37.3247770Z |■■■■■■■■■■■■■■■■■■■■■■■■■■■■■■■■■■■■■■■■■■■■■■■■■■■■■■■■                        |  70% of 2.3 MiB
2026-01-13T13:22:37.3268779Z |■■■■■■■■■■■■■■■■■■■■■■■■■■■■■■■■■■■■■■■■■■■■■■■■■■■■■■■■■■■■■■■■                |  80% of 2.3 MiB
2026-01-13T13:22:37.3297615Z |■■■■■■■■■■■■■■■■■■■■■■■■■■■■■■■■■■■■■■■■■■■■■■■■■■■■■■■■■■■■■■■■■■■■■■■■        |  90% of 2.3 MiB
2026-01-13T13:22:37.3314449Z |■■■■■■■■■■■■■■■■■■■■■■■■■■■■■■■■■■■■■■■■■■■■■■■■■■■■■■■■■■■■■■■■■■■■■■■■■■■■■■■■| 100% of 2.3 MiB
2026-01-13T13:22:37.4030301Z FFMPEG playwright build v1011 downloaded to /home/runner/.cache/ms-playwright/ffmpeg-1011
2026-01-13T13:22:37.7427790Z ##[group]Run mkdir -p docs/menus
2026-01-13T13:22:37.7428092Z [36;1mmkdir -p docs/menus[0m
2026-01-13T13:22:37.7460595Z shell: /usr/bin/bash -e {0}
2026-01-13T13:22:37.7460836Z ##[endgroup]
2026-01-13T13:22:37.7546707Z ##[group]Run node prescrap.js
2026-01-13T13:22:37.7547139Z [36;1mnode prescrap.js[0m
2026-01-13T13:22:37.7588358Z shell: /usr/bin/bash -e {0}
2026-01-13T13:22:37.7588959Z ##[endgroup]
2026-01-13T13:22:38.0640966Z 
2026-01-13T13:22:38.0642122Z 🔥 メニュープリスクレイピング開始 (10日間)
2026-01-13T13:22:38.0645863Z ============================================================
2026-01-13T13:22:38.0647964Z 
2026-01-13T13:22:38.0648407Z 📅 [1/10] 1/13(火)
2026-01-13T13:22:38.0649195Z 
2026-01-13T13:22:38.0649512Z ============================================================
2026-01-13T13:22:38.0650181Z 🌐 [スクレイプ開始] 日付: 1/13(火)
2026-01-13T13:22:38.0650728Z ============================================================
2026-01-13T13:22:38.3098463Z ✅ ブラウザ起動完了
2026-01-13T13:22:38.3098894Z ⏳ サイト読み込み中...
2026-01-13T13:22:40.7495078Z ✅ サイト読み込み完了
2026-01-13T13:22:42.7506522Z 📑 タブ切り替え: 「今週」を選択
2026-01-13T13:22:43.6269018Z ✅ タブ切り替え完了
2026-01-13T13:22:43.6269639Z 📅 日付選択: 「1/13(火)」
2026-01-13T13:22:43.6635498Z    ❌ エラー: 日付「1/13(火)」が見つかりません。利用可能な日付: 1/14(水), 1/15(木), 1/16(金), 1/17(土), 1/18(日), 1/19(月), 1/20(火), 1/21(水), 1/22(木), 1/23(金), 1/24(土)
2026-01-13T13:22:44.6648867Z 
2026-01-13T13:22:44.6649584Z 📅 [2/10] 1/14(水)
2026-01-13T13:22:44.6650029Z 
2026-01-13T13:22:44.6650336Z ============================================================
2026-01-13T13:22:44.6652565Z 🌐 [スクレイプ開始] 日付: 1/14(水)
2026-01-13T13:22:44.6653088Z ============================================================
2026-01-13T13:22:44.7546765Z ✅ ブラウザ起動完了
2026-01-13T13:22:44.7547205Z ⏳ サイト読み込み中...
2026-01-13T13:22:46.9071937Z ✅ サイト読み込み完了
2026-01-13T13:22:48.9079426Z 📑 タブ切り替え: 「今週」を選択
2026-01-13T13:22:49.7801220Z ✅ タブ切り替え完了
2026-01-13T13:22:49.7801814Z 📅 日付選択: 「1/14(水)」
2026-01-13T13:22:50.5923319Z ✅ 日付選択完了
2026-01-13T13:22:50.5925838Z 📋 [展開開始] メニュー展開ボタンをクリック開始
2026-01-13T13:22:50.5961247Z    展開前: 0 メニュー
2026-01-13T13:22:50.5982963Z ✅ [展開完了] 展開ボタンがなくなりました（合計 0 回クリック）
2026-01-13T13:23:05.6033503Z ⚠️  メニュー要素が見つかりません（0個）。ページの状態を確認します...
2026-01-13T13:23:05.6089105Z ❌ ページに menu-content クラスが含まれていません
2026-01-13T13:23:05.6108849Z 
2026-01-13T13:23:05.6109459Z 🔍 [スクレイプ開始] 合計 0 メニューを取得開始
2026-01-13T13:23:05.6109758Z 
2026-01-13T13:23:05.6110112Z 📊 [スクレイプ完了] 成功: 0, 失敗: 0, 合計: 0
2026-01-13T13:23:05.6110453Z 
2026-01-13T13:23:05.6110757Z ============================================================
2026-01-13T13:23:05.6111416Z ✨ [完成] 1/14(水) のメニュー取得完了
2026-01-13T13:23:05.6111863Z    合計メニュー数: 0
2026-01-13T13:23:05.6112353Z ============================================================
2026-01-13T13:23:05.6112692Z 
2026-01-13T13:23:05.6365151Z ✅ メニュー保存: menus_2026-01-14.json
2026-01-13T13:23:05.6365492Z    メニュー数: 0
2026-01-13T13:23:06.6370290Z 
2026-01-13T13:23:06.6371088Z 📅 [3/10] 1/15(木)
2026-01-13T13:23:06.6371336Z 
2026-01-13T13:23:06.6371616Z ============================================================
2026-01-13T13:23:06.6372184Z 🌐 [スクレイプ開始] 日付: 1/15(木)
2026-01-13T13:23:06.6372658Z ============================================================
2026-01-13T13:23:06.7148889Z ✅ ブラウザ起動完了
2026-01-13T13:23:06.7150119Z ⏳ サイト読み込み中...
2026-01-13T13:23:08.9447083Z ✅ サイト読み込み完了
2026-01-13T13:23:10.9456514Z 📑 タブ切り替え: 「今週」を選択
2026-01-13T13:23:11.8168419Z ✅ タブ切り替え完了
2026-01-13T13:23:11.8169583Z 📅 日付選択: 「1/15(木)」
2026-01-13T13:23:12.6299423Z ✅ 日付選択完了
2026-01-13T13:23:12.6299861Z 📋 [展開開始] メニュー展開ボタンをクリック開始
2026-01-13T13:23:12.6330818Z    展開前: 0 メニュー
2026-01-13T13:23:12.6347798Z ✅ [展開完了] 展開ボタンがなくなりました（合計 0 回クリック）
2026-01-13T13:23:27.6375034Z ⚠️  メニュー要素が見つかりません（0個）。ページの状態を確認します...
2026-01-13T13:23:27.6425114Z ❌ ページに menu-content クラスが含まれていません
2026-01-13T13:23:27.6442121Z 
2026-01-13T13:23:27.6442544Z 🔍 [スクレイプ開始] 合計 0 メニューを取得開始
2026-01-13T13:23:27.6442842Z 
2026-01-13T13:23:27.6443199Z 📊 [スクレイプ完了] 成功: 0, 失敗: 0, 合計: 0
2026-01-13T13:23:27.6443476Z 
2026-01-13T13:23:27.6443782Z ============================================================
2026-01-13T13:23:27.6444422Z ✨ [完成] 1/15(木) のメニュー取得完了
2026-01-13T13:23:27.6444871Z    合計メニュー数: 0
2026-01-13T13:23:27.6446161Z ============================================================
2026-01-13T13:23:27.6446574Z 
2026-01-13T13:23:27.6694971Z ✅ メニュー保存: menus_2026-01-15.json
2026-01-13T13:23:27.6695413Z    メニュー数: 0
2026-01-13T13:23:28.6689108Z 
2026-01-13T13:23:28.6689947Z 📅 [4/10] 1/16(金)
2026-01-13T13:23:28.6690181Z 
2026-01-13T13:23:28.6690434Z ============================================================
2026-01-13T13:23:28.6690966Z 🌐 [スクレイプ開始] 日付: 1/16(金)
2026-01-13T13:23:28.6691344Z ============================================================
2026-01-13T13:23:28.7481375Z ✅ ブラウザ起動完了
2026-01-13T13:23:28.7481849Z ⏳ サイト読み込み中...
2026-01-13T13:23:30.8918660Z ✅ サイト読み込み完了
2026-01-13T13:23:32.8920524Z 📑 タブ切り替え: 「今週」を選択
2026-01-13T13:23:33.7624880Z ✅ タブ切り替え完了
2026-01-13T13:23:33.7625527Z 📅 日付選択: 「1/16(金)」
2026-01-13T13:23:34.5741963Z ✅ 日付選択完了
2026-01-13T13:23:34.5742485Z 📋 [展開開始] メニュー展開ボタンをクリック開始
2026-01-13T13:23:34.5772494Z    展開前: 0 メニュー
2026-01-13T13:23:34.5788034Z ✅ [展開完了] 展開ボタンがなくなりました（合計 0 回クリック）
2026-01-13T13:23:49.5826745Z ⚠️  メニュー要素が見つかりません（0個）。ページの状態を確認します...
2026-01-13T13:23:49.5878552Z ❌ ページに menu-content クラスが含まれていません
2026-01-13T13:23:49.5898184Z 
2026-01-13T13:23:49.5898687Z 🔍 [スクレイプ開始] 合計 0 メニューを取得開始
2026-01-13T13:23:49.5898965Z 
2026-01-13T13:23:49.5899370Z 📊 [スクレイプ完了] 成功: 0, 失敗: 0, 合計: 0
2026-01-13T13:23:49.5899617Z 
2026-01-13T13:23:49.5899897Z ============================================================
2026-01-13T13:23:49.5900458Z ✨ [完成] 1/16(金) のメニュー取得完了
2026-01-13T13:23:49.5900713Z    合計メニュー数: 0
2026-01-13T13:23:49.5900980Z ============================================================
2026-01-13T13:23:49.5901169Z 
2026-01-13T13:23:49.6146746Z ✅ メニュー保存: menus_2026-01-16.json
2026-01-13T13:23:49.6147280Z    メニュー数: 0
2026-01-13T13:23:50.6140791Z 
2026-01-13T13:23:50.6141651Z 📅 [5/10] 1/19(月)
2026-01-13T13:23:50.6141971Z 
2026-01-13T13:23:50.6144355Z ============================================================
2026-01-13T13:23:50.6145099Z 🌐 [スクレイプ開始] 日付: 1/19(月)
2026-01-13T13:23:50.6145546Z ============================================================
2026-01-13T13:23:50.6944412Z ✅ ブラウザ起動完了
2026-01-13T13:23:50.6945829Z ⏳ サイト読み込み中...
2026-01-13T13:23:52.8333769Z ✅ サイト読み込み完了
2026-01-13T13:23:54.8335518Z 📑 タブ切り替え: 「今週」を選択
2026-01-13T13:23:55.7068045Z ✅ タブ切り替え完了
2026-01-13T13:23:55.7068549Z 📅 日付選択: 「1/19(月)」
2026-01-13T13:23:56.5182282Z ✅ 日付選択完了
2026-01-13T13:23:56.5182968Z 📋 [展開開始] メニュー展開ボタンをクリック開始
2026-01-13T13:23:56.5216082Z    展開前: 0 メニュー
2026-01-13T13:23:56.5232141Z ✅ [展開完了] 展開ボタンがなくなりました（合計 0 回クリック）
2026-01-13T13:24:11.5258176Z ⚠️  メニュー要素が見つかりません（0個）。ページの状態を確認します...
2026-01-13T13:24:11.5310299Z ❌ ページに menu-content クラスが含まれていません
2026-01-13T13:24:11.5326954Z 
2026-01-13T13:24:11.5327360Z 🔍 [スクレイプ開始] 合計 0 メニューを取得開始
2026-01-13T13:24:11.5327625Z 
2026-01-13T13:24:11.5327934Z 📊 [スクレイプ完了] 成功: 0, 失敗: 0, 合計: 0
2026-01-13T13:24:11.5328194Z 
2026-01-13T13:24:11.5328477Z ============================================================
2026-01-13T13:24:11.5328863Z ✨ [完成] 1/19(月) のメニュー取得完了
2026-01-13T13:24:11.5329108Z    合計メニュー数: 0
2026-01-13T13:24:11.5329822Z ============================================================
2026-01-13T13:24:11.5330097Z 
2026-01-13T13:24:11.5676191Z ✅ メニュー保存: menus_2026-01-19.json
2026-01-13T13:24:11.5676703Z    メニュー数: 0
2026-01-13T13:24:12.5679982Z 
2026-01-13T13:24:12.5680843Z 📅 [6/10] 1/20(火)
2026-01-13T13:24:12.5681172Z 
2026-01-13T13:24:12.5681422Z ============================================================
2026-01-13T13:24:12.5681932Z 🌐 [スクレイプ開始] 日付: 1/20(火)
2026-01-13T13:24:12.5682334Z ============================================================
2026-01-13T13:24:12.6453926Z ✅ ブラウザ起動完了
2026-01-13T13:24:12.6454348Z ⏳ サイト読み込み中...
2026-01-13T13:24:16.4217457Z ✅ サイト読み込み完了
2026-01-13T13:24:18.4236996Z 📑 タブ切り替え: 「今週」を選択
2026-01-13T13:24:19.2917256Z ✅ タブ切り替え完了
2026-01-13T13:24:19.2917672Z 📅 日付選択: 「1/20(火)」
2026-01-13T13:24:20.1030433Z ✅ 日付選択完了
2026-01-13T13:24:20.1031024Z 📋 [展開開始] メニュー展開ボタンをクリック開始
2026-01-13T13:24:20.1064909Z    展開前: 0 メニュー
2026-01-13T13:24:20.1080817Z ✅ [展開完了] 展開ボタンがなくなりました（合計 0 回クリック）
2026-01-13T13:24:35.1112104Z ⚠️  メニュー要素が見つかりません（0個）。ページの状態を確認します...
2026-01-13T13:24:35.1159247Z ❌ ページに menu-content クラスが含まれていません
2026-01-13T13:24:35.1179812Z 
2026-01-13T13:24:35.1180206Z 🔍 [スクレイプ開始] 合計 0 メニューを取得開始
2026-01-13T13:24:35.1180564Z 
2026-01-13T13:24:35.1180924Z 📊 [スクレイプ完了] 成功: 0, 失敗: 0, 合計: 0
2026-01-13T13:24:35.1181201Z 
2026-01-13T13:24:35.1181505Z ============================================================
2026-01-13T13:24:35.1182139Z ✨ [完成] 1/20(火) のメニュー取得完了
2026-01-13T13:24:35.1182586Z    合計メニュー数: 0
2026-01-13T13:24:35.1183045Z ============================================================
2026-01-13T13:24:35.1183407Z 
2026-01-13T13:24:35.1511584Z ✅ メニュー保存: menus_2026-01-20.json
2026-01-13T13:24:35.1511978Z    メニュー数: 0
2026-01-13T13:24:36.1516100Z 
2026-01-13T13:24:36.1516865Z 📅 [7/10] 1/21(水)
2026-01-13T13:24:36.1517159Z 
2026-01-13T13:24:36.1517522Z ============================================================
2026-01-13T13:24:36.1518423Z 🌐 [スクレイプ開始] 日付: 1/21(水)
2026-01-13T13:24:36.1519077Z ============================================================
2026-01-13T13:24:36.2296585Z ✅ ブラウザ起動完了
2026-01-13T13:24:36.2297041Z ⏳ サイト読み込み中...
2026-01-13T13:24:38.3780098Z ✅ サイト読み込み完了
2026-01-13T13:24:40.3784200Z 📑 タブ切り替え: 「今週」を選択
2026-01-13T13:24:41.2453494Z ✅ タブ切り替え完了
2026-01-13T13:24:41.2454096Z 📅 日付選択: 「1/21(水)」
2026-01-13T13:24:42.0576820Z ✅ 日付選択完了
2026-01-13T13:24:42.0577255Z 📋 [展開開始] メニュー展開ボタンをクリック開始
2026-01-13T13:24:42.0607550Z    展開前: 0 メニュー
2026-01-13T13:24:42.0622975Z ✅ [展開完了] 展開ボタンがなくなりました（合計 0 回クリック）
2026-01-13T13:24:57.0648411Z ⚠️  メニュー要素が見つかりません（0個）。ページの状態を確認します...
2026-01-13T13:24:57.0700365Z ❌ ページに menu-content クラスが含まれていません
2026-01-13T13:24:57.0716976Z 
2026-01-13T13:24:57.0717547Z 🔍 [スクレイプ開始] 合計 0 メニューを取得開始
2026-01-13T13:24:57.0719477Z 
2026-01-13T13:24:57.0720152Z 📊 [スクレイプ完了] 成功: 0, 失敗: 0, 合計: 0
2026-01-13T13:24:57.0720339Z 
2026-01-13T13:24:57.0720524Z ============================================================
2026-01-13T13:24:57.0721109Z ✨ [完成] 1/21(水) のメニュー取得完了
2026-01-13T13:24:57.0721981Z    合計メニュー数: 0
2026-01-13T13:24:57.0722431Z ============================================================
2026-01-13T13:24:57.0722739Z 
2026-01-13T13:24:57.0989039Z ✅ メニュー保存: menus_2026-01-21.json
2026-01-13T13:24:57.0989435Z    メニュー数: 0
2026-01-13T13:24:58.1004318Z 
2026-01-13T13:24:58.1005210Z 📅 [8/10] 1/22(木)
2026-01-13T13:24:58.1005537Z 
2026-01-13T13:24:58.1006144Z ============================================================
2026-01-13T13:24:58.1006873Z 🌐 [スクレイプ開始] 日付: 1/22(木)
2026-01-13T13:24:58.1007433Z ============================================================
2026-01-13T13:24:58.1773589Z ✅ ブラウザ起動完了
2026-01-13T13:24:58.1774004Z ⏳ サイト読み込み中...
2026-01-13T13:25:00.3306239Z ✅ サイト読み込み完了
2026-01-13T13:25:02.3315194Z 📑 タブ切り替え: 「今週」を選択
2026-01-13T13:25:03.2009361Z ✅ タブ切り替え完了
2026-01-13T13:25:03.2009762Z 📅 日付選択: 「1/22(木)」
2026-01-13T13:25:04.0125151Z ✅ 日付選択完了
2026-01-13T13:25:04.0126068Z 📋 [展開開始] メニュー展開ボタンをクリック開始
2026-01-13T13:25:04.0155973Z    展開前: 0 メニュー
2026-01-13T13:25:04.0171908Z ✅ [展開完了] 展開ボタンがなくなりました（合計 0 回クリック）
2026-01-13T13:25:19.0197306Z ⚠️  メニュー要素が見つかりません（0個）。ページの状態を確認します...
2026-01-13T13:25:19.0247149Z ❌ ページに menu-content クラスが含まれていません
2026-01-13T13:25:19.0263697Z 
2026-01-13T13:25:19.0264547Z 🔍 [スクレイプ開始] 合計 0 メニューを取得開始
2026-01-13T13:25:19.0264905Z 
2026-01-13T13:25:19.0265249Z 📊 [スクレイプ完了] 成功: 0, 失敗: 0, 合計: 0
2026-01-13T13:25:19.0265537Z 
2026-01-13T13:25:19.0266205Z ============================================================
2026-01-13T13:25:19.0266878Z ✨ [完成] 1/22(木) のメニュー取得完了
2026-01-13T13:25:19.0267313Z    合計メニュー数: 0
2026-01-13T13:25:19.0267794Z ============================================================
2026-01-13T13:25:19.0268140Z 
2026-01-13T13:25:19.0546538Z ✅ メニュー保存: menus_2026-01-22.json
2026-01-13T13:25:19.0547113Z    メニュー数: 0
2026-01-13T13:25:20.0550557Z 
2026-01-13T13:25:20.0551389Z 📅 [9/10] 1/23(金)
2026-01-13T13:25:20.0551735Z 
2026-01-13T13:25:20.0552135Z ============================================================
2026-01-13T13:25:20.0552998Z 🌐 [スクレイプ開始] 日付: 1/23(金)
2026-01-13T13:25:20.0553763Z ============================================================
2026-01-13T13:25:20.1329289Z ✅ ブラウザ起動完了
2026-01-13T13:25:20.1329795Z ⏳ サイト読み込み中...
2026-01-13T13:25:22.2810299Z ✅ サイト読み込み完了
2026-01-13T13:25:24.2819876Z 📑 タブ切り替え: 「今週」を選択
2026-01-13T13:25:25.1501750Z ✅ タブ切り替え完了
2026-01-13T13:25:25.1502422Z 📅 日付選択: 「1/23(金)」
2026-01-13T13:25:25.9611635Z ✅ 日付選択完了
2026-01-13T13:25:25.9612237Z 📋 [展開開始] メニュー展開ボタンをクリック開始
2026-01-13T13:25:25.9642412Z    展開前: 0 メニュー
2026-01-13T13:25:25.9657263Z ✅ [展開完了] 展開ボタンがなくなりました（合計 0 回クリック）
2026-01-13T13:25:40.9684270Z ⚠️  メニュー要素が見つかりません（0個）。ページの状態を確認します...
2026-01-13T13:25:40.9736245Z ❌ ページに menu-content クラスが含まれていません
2026-01-13T13:25:40.9752526Z 
2026-01-13T13:25:40.9753027Z 🔍 [スクレイプ開始] 合計 0 メニューを取得開始
2026-01-13T13:25:40.9753258Z 
2026-01-13T13:25:40.9753451Z 📊 [スクレイプ完了] 成功: 0, 失敗: 0, 合計: 0
2026-01-13T13:25:40.9753610Z 
2026-01-13T13:25:40.9753772Z ============================================================
2026-01-13T13:25:40.9754111Z ✨ [完成] 1/23(金) のメニュー取得完了
2026-01-13T13:25:40.9754824Z    合計メニュー数: 0
2026-01-13T13:25:40.9755106Z ============================================================
2026-01-13T13:25:40.9755300Z 
2026-01-13T13:25:40.9952369Z ✅ メニュー保存: menus_2026-01-23.json
2026-01-13T13:25:40.9952764Z    メニュー数: 0
2026-01-13T13:25:41.9956389Z 
2026-01-13T13:25:41.9957119Z 📅 [10/10] 1/26(月)
2026-01-13T13:25:41.9957368Z 
2026-01-13T13:25:41.9957647Z ============================================================
2026-01-13T13:25:41.9958294Z 🌐 [スクレイプ開始] 日付: 1/26(月)
2026-01-13T13:25:41.9958831Z ============================================================
2026-01-13T13:25:42.0751399Z ✅ ブラウザ起動完了
2026-01-13T13:25:42.0753135Z ⏳ サイト読み込み中...
2026-01-13T13:25:44.2561852Z ✅ サイト読み込み完了
2026-01-13T13:25:46.2552432Z 📑 タブ切り替え: 「今週」を選択
2026-01-13T13:25:47.1241814Z ✅ タブ切り替え完了
2026-01-13T13:25:47.1557220Z    ❌ エラー: 日付「1/26(月)」が見つかりません。利用可能な日付: 1/14(水), 1/15(木), 1/16(金), 1/17(土), 1/18(日), 1/19(月), 1/20(火), 1/21(水), 1/22(木), 1/23(金), 1/24(土)
2026-01-13T13:25:47.1557848Z 📅 日付選択: 「1/26(月)」
2026-01-13T13:25:48.1565177Z 
2026-01-13T13:25:48.1566360Z ✅ available-dates.json を生成しました
2026-01-13T13:25:48.1566790Z 
2026-01-13T13:25:48.1567178Z ============================================================
2026-01-13T13:25:48.1567969Z 📊 プリスクレイピング完了
2026-01-13T13:25:48.1568441Z    成功: 8, 失敗: 2
2026-01-13T13:25:48.1569289Z    保存日付: 1/14(水), 1/15(木), 1/16(金), 1/19(月), 1/20(火), 1/21(水), 1/22(木), 1/23(金)
2026-01-13T13:25:48.1569848Z ============================================================
2026-01-13T13:25:48.1570073Z 
2026-01-13T13:25:48.1741768Z ##[group]Run git config user.name "github-actions[bot]"
2026-01-13T13:25:48.1743205Z [36;1mgit config user.name "github-actions[bot]"[0m
2026-01-13T13:25:48.1743685Z [36;1mgit config user.email "41898282+github-actions[bot]@users.noreply.github.com"[0m
2026-01-13T13:25:48.1744136Z [36;1mgit add docs/menus/ docs/available-dates.json[0m
2026-01-13T13:25:48.1744417Z [36;1m[0m
2026-01-13T13:25:48.1744665Z [36;1mif ! git diff --quiet || ! git diff --staged --quiet; then[0m
2026-01-13T13:25:48.1745040Z [36;1m  echo "📝 Changes detected, committing..."[0m
2026-01-13T13:25:48.1745403Z [36;1m  git commit -m "📅 Update menus: $(date '+%Y-%m-%d %H:%M:%S')"[0m
2026-01-13T13:25:48.1746224Z [36;1m  echo "🚀 Pushing to GitHub..."[0m
2026-01-13T13:25:48.1746470Z [36;1m  git push[0m
2026-01-13T13:25:48.1746667Z [36;1m  echo "✅ Push successful"[0m
2026-01-13T13:25:48.1746948Z [36;1melse[0m
2026-01-13T13:25:48.1747240Z [36;1m  echo "ℹ️ No changes to commit"[0m
2026-01-13T13:25:48.1747623Z [36;1mfi[0m
2026-01-13T13:25:48.1780727Z shell: /usr/bin/bash -e {0}
2026-01-13T13:25:48.1780946Z env:
2026-01-13T13:25:48.1781449Z   GITHUB_TOKEN: ***
2026-01-13T13:25:48.1781634Z ##[endgroup]
2026-01-13T13:25:48.1928823Z ℹ️ No changes to commit
2026-01-13T13:25:48.1982330Z Post job cleanup.
2026-01-13T13:25:48.3654592Z Post job cleanup.
2026-01-13T13:25:48.4591368Z [command]/usr/bin/git version
2026-01-13T13:25:48.4628161Z git version 2.52.0
2026-01-13T13:25:48.4671331Z Temporarily overriding HOME='/home/runner/work/_temp/4184cbd2-0aa2-4fa4-aedc-ac6c1e384dca' before making global git config changes
2026-01-13T13:25:48.4672341Z Adding repository directory to the temporary git global config as a safe directory
2026-01-13T13:25:48.4683787Z [command]/usr/bin/git config --global --add safe.directory /home/runner/work/kyowa-menu-optimizer/kyowa-menu-optimizer
2026-01-13T13:25:48.4716493Z [command]/usr/bin/git config --local --name-only --get-regexp core\.sshCommand
2026-01-13T13:25:48.4754489Z [command]/usr/bin/git submodule foreach --recursive sh -c "git config --local --name-only --get-regexp 'core\.sshCommand' && git config --local --unset-all 'core.sshCommand' || :"
2026-01-13T13:25:48.4999656Z [command]/usr/bin/git config --local --name-only --get-regexp http\.https\:\/\/github\.com\/\.extraheader
2026-01-13T13:25:48.5023752Z http.https://github.com/.extraheader
2026-01-13T13:25:48.5037306Z [command]/usr/bin/git config --local --unset-all http.https://github.com/.extraheader
2026-01-13T13:25:48.5070558Z [command]/usr/bin/git submodule foreach --recursive sh -c "git config --local --name-only --get-regexp 'http\.https\:\/\/github\.com\/\.extraheader' && git config --local --unset-all 'http.https://github.com/.extraheader' || :"
2026-01-13T13:25:48.5309254Z [command]/usr/bin/git config --local --name-only --get-regexp ^includeIf\.gitdir:
2026-01-13T13:25:48.5341489Z [command]/usr/bin/git submodule foreach --recursive git config --local --show-origin --name-only --get-regexp remote.origin.url
2026-01-13T13:25:48.5689418Z Cleaning up orphan processes
