2026-01-13T13:05:39.8817576Z Current runner version: '2.330.0'
2026-01-13T13:05:39.8842296Z ##[group]Runner Image Provisioner
2026-01-13T13:05:39.8843086Z Hosted Compute Agent
2026-01-13T13:05:39.8843625Z Version: 20251211.462
2026-01-13T13:05:39.8844283Z Commit: 6cbad8c2bb55d58165063d031ccabf57e2d2db61
2026-01-13T13:05:39.8844986Z Build Date: 2025-12-11T16:28:49Z
2026-01-13T13:05:39.8845617Z Worker ID: {77cc33ff-ed80-43d1-934c-59acc273cf43}
2026-01-13T13:05:39.8846362Z ##[endgroup]
2026-01-13T13:05:39.8846883Z ##[group]Operating System
2026-01-13T13:05:39.8847406Z Ubuntu
2026-01-13T13:05:39.8847917Z 24.04.3
2026-01-13T13:05:39.8848333Z LTS
2026-01-13T13:05:39.8848922Z ##[endgroup]
2026-01-13T13:05:39.8849427Z ##[group]Runner Image
2026-01-13T13:05:39.8850011Z Image: ubuntu-24.04
2026-01-13T13:05:39.8850513Z Version: 20260105.202.1
2026-01-13T13:05:39.8851506Z Included Software: https://github.com/actions/runner-images/blob/ubuntu24/20260105.202/images/ubuntu/Ubuntu2404-Readme.md
2026-01-13T13:05:39.8852997Z Image Release: https://github.com/actions/runner-images/releases/tag/ubuntu24%2F20260105.202
2026-01-13T13:05:39.8854056Z ##[endgroup]
2026-01-13T13:05:39.8856562Z ##[group]GITHUB_TOKEN Permissions
2026-01-13T13:05:39.8858751Z Actions: write
2026-01-13T13:05:39.8859478Z ArtifactMetadata: write
2026-01-13T13:05:39.8860041Z Attestations: write
2026-01-13T13:05:39.8860615Z Checks: write
2026-01-13T13:05:39.8861093Z Contents: write
2026-01-13T13:05:39.8861605Z Deployments: write
2026-01-13T13:05:39.8862097Z Discussions: write
2026-01-13T13:05:39.8862677Z Issues: write
2026-01-13T13:05:39.8863141Z Metadata: read
2026-01-13T13:05:39.8863623Z Models: read
2026-01-13T13:05:39.8864132Z Packages: write
2026-01-13T13:05:39.8864628Z Pages: write
2026-01-13T13:05:39.8865119Z PullRequests: write
2026-01-13T13:05:39.8865788Z RepositoryProjects: write
2026-01-13T13:05:39.8866352Z SecurityEvents: write
2026-01-13T13:05:39.8866848Z Statuses: write
2026-01-13T13:05:39.8867402Z ##[endgroup]
2026-01-13T13:05:39.8869805Z Secret source: Actions
2026-01-13T13:05:39.8870559Z Prepare workflow directory
2026-01-13T13:05:39.9185399Z Prepare all required actions
2026-01-13T13:05:39.9240286Z Getting action download info
2026-01-13T13:05:40.4406228Z Download action repository 'actions/checkout@v4' (SHA:34e114876b0b11c390a56381ad16ebd13914f8d5)
2026-01-13T13:05:40.5288435Z Download action repository 'actions/setup-node@v4' (SHA:49933ea5288caeca8642d1e84afbd3f7d6820020)
2026-01-13T13:05:40.7188619Z Complete job name: scrape
2026-01-13T13:05:40.7885922Z ##[group]Run actions/checkout@v4
2026-01-13T13:05:40.7886887Z with:
2026-01-13T13:05:40.7887468Z   token: ***
2026-01-13T13:05:40.7887939Z   repository: 1onotakanori-art/kyowa-menu-optimizer
2026-01-13T13:05:40.7888507Z   ssh-strict: true
2026-01-13T13:05:40.7889086Z   ssh-user: git
2026-01-13T13:05:40.7889484Z   persist-credentials: true
2026-01-13T13:05:40.7889930Z   clean: true
2026-01-13T13:05:40.7890319Z   sparse-checkout-cone-mode: true
2026-01-13T13:05:40.7890802Z   fetch-depth: 1
2026-01-13T13:05:40.7891190Z   fetch-tags: false
2026-01-13T13:05:40.7891601Z   show-progress: true
2026-01-13T13:05:40.7891994Z   lfs: false
2026-01-13T13:05:40.7892353Z   submodules: false
2026-01-13T13:05:40.7892746Z   set-safe-directory: true
2026-01-13T13:05:40.7893431Z ##[endgroup]
2026-01-13T13:05:40.8961496Z Syncing repository: 1onotakanori-art/kyowa-menu-optimizer
2026-01-13T13:05:40.8963482Z ##[group]Getting Git version info
2026-01-13T13:05:40.8964396Z Working directory is '/home/runner/work/kyowa-menu-optimizer/kyowa-menu-optimizer'
2026-01-13T13:05:40.8965460Z [command]/usr/bin/git version
2026-01-13T13:05:40.9035420Z git version 2.52.0
2026-01-13T13:05:40.9061530Z ##[endgroup]
2026-01-13T13:05:40.9075530Z Temporarily overriding HOME='/home/runner/work/_temp/94dba332-d053-4895-a446-efcc66d311ca' before making global git config changes
2026-01-13T13:05:40.9076883Z Adding repository directory to the temporary git global config as a safe directory
2026-01-13T13:05:40.9088373Z [command]/usr/bin/git config --global --add safe.directory /home/runner/work/kyowa-menu-optimizer/kyowa-menu-optimizer
2026-01-13T13:05:40.9126985Z Deleting the contents of '/home/runner/work/kyowa-menu-optimizer/kyowa-menu-optimizer'
2026-01-13T13:05:40.9130576Z ##[group]Initializing the repository
2026-01-13T13:05:40.9134520Z [command]/usr/bin/git init /home/runner/work/kyowa-menu-optimizer/kyowa-menu-optimizer
2026-01-13T13:05:40.9240154Z hint: Using 'master' as the name for the initial branch. This default branch name
2026-01-13T13:05:40.9242114Z hint: will change to "main" in Git 3.0. To configure the initial branch name
2026-01-13T13:05:40.9243823Z hint: to use in all of your new repositories, which will suppress this warning,
2026-01-13T13:05:40.9245530Z hint: call:
2026-01-13T13:05:40.9246448Z hint:
2026-01-13T13:05:40.9247506Z hint: 	git config --global init.defaultBranch <name>
2026-01-13T13:05:40.9249179Z hint:
2026-01-13T13:05:40.9250479Z hint: Names commonly chosen instead of 'master' are 'main', 'trunk' and
2026-01-13T13:05:40.9252831Z hint: 'development'. The just-created branch can be renamed via this command:
2026-01-13T13:05:40.9254096Z hint:
2026-01-13T13:05:40.9254734Z hint: 	git branch -m <name>
2026-01-13T13:05:40.9255517Z hint:
2026-01-13T13:05:40.9256551Z hint: Disable this message with "git config set advice.defaultBranchName false"
2026-01-13T13:05:40.9258569Z Initialized empty Git repository in /home/runner/work/kyowa-menu-optimizer/kyowa-menu-optimizer/.git/
2026-01-13T13:05:40.9261793Z [command]/usr/bin/git remote add origin https://github.com/1onotakanori-art/kyowa-menu-optimizer
2026-01-13T13:05:40.9293772Z ##[endgroup]
2026-01-13T13:05:40.9294951Z ##[group]Disabling automatic garbage collection
2026-01-13T13:05:40.9298745Z [command]/usr/bin/git config --local gc.auto 0
2026-01-13T13:05:40.9326696Z ##[endgroup]
2026-01-13T13:05:40.9327378Z ##[group]Setting up auth
2026-01-13T13:05:40.9333438Z [command]/usr/bin/git config --local --name-only --get-regexp core\.sshCommand
2026-01-13T13:05:40.9364266Z [command]/usr/bin/git submodule foreach --recursive sh -c "git config --local --name-only --get-regexp 'core\.sshCommand' && git config --local --unset-all 'core.sshCommand' || :"
2026-01-13T13:05:40.9704025Z [command]/usr/bin/git config --local --name-only --get-regexp http\.https\:\/\/github\.com\/\.extraheader
2026-01-13T13:05:40.9736246Z [command]/usr/bin/git submodule foreach --recursive sh -c "git config --local --name-only --get-regexp 'http\.https\:\/\/github\.com\/\.extraheader' && git config --local --unset-all 'http.https://github.com/.extraheader' || :"
2026-01-13T13:05:40.9975996Z [command]/usr/bin/git config --local --name-only --get-regexp ^includeIf\.gitdir:
2026-01-13T13:05:41.0005040Z [command]/usr/bin/git submodule foreach --recursive git config --local --show-origin --name-only --get-regexp remote.origin.url
2026-01-13T13:05:41.0232700Z [command]/usr/bin/git config --local http.https://github.com/.extraheader AUTHORIZATION: basic ***
2026-01-13T13:05:41.0266286Z ##[endgroup]
2026-01-13T13:05:41.0267107Z ##[group]Fetching the repository
2026-01-13T13:05:41.0274876Z [command]/usr/bin/git -c protocol.version=2 fetch --no-tags --prune --no-recurse-submodules --depth=1 origin +c7feffbcb6f97f7330f5c7af2ae0a98dd57b344a:refs/remotes/origin/main
2026-01-13T13:05:41.4283351Z From https://github.com/1onotakanori-art/kyowa-menu-optimizer
2026-01-13T13:05:41.4285305Z  * [new ref]         c7feffbcb6f97f7330f5c7af2ae0a98dd57b344a -> origin/main
2026-01-13T13:05:41.4315310Z ##[endgroup]
2026-01-13T13:05:41.4316168Z ##[group]Determining the checkout info
2026-01-13T13:05:41.4317611Z ##[endgroup]
2026-01-13T13:05:41.4322977Z [command]/usr/bin/git sparse-checkout disable
2026-01-13T13:05:41.4363744Z [command]/usr/bin/git config --local --unset-all extensions.worktreeConfig
2026-01-13T13:05:41.4388163Z ##[group]Checking out the ref
2026-01-13T13:05:41.4391994Z [command]/usr/bin/git checkout --progress --force -B main refs/remotes/origin/main
2026-01-13T13:05:41.4468316Z Switched to a new branch 'main'
2026-01-13T13:05:41.4471339Z branch 'main' set up to track 'origin/main'.
2026-01-13T13:05:41.4477863Z ##[endgroup]
2026-01-13T13:05:41.4510592Z [command]/usr/bin/git log -1 --format=%H
2026-01-13T13:05:41.4531759Z c7feffbcb6f97f7330f5c7af2ae0a98dd57b344a
2026-01-13T13:05:41.4757677Z ##[group]Run actions/setup-node@v4
2026-01-13T13:05:41.4758194Z with:
2026-01-13T13:05:41.4758545Z   node-version: 18
2026-01-13T13:05:41.4759080Z   always-auth: false
2026-01-13T13:05:41.4759493Z   check-latest: false
2026-01-13T13:05:41.4760021Z   token: ***
2026-01-13T13:05:41.4760428Z ##[endgroup]
2026-01-13T13:05:41.6535519Z Attempting to download 18...
2026-01-13T13:05:42.3023110Z Acquiring 18.20.8 - x64 from https://github.com/actions/node-versions/releases/download/18.20.8-14110393767/node-18.20.8-linux-x64.tar.gz
2026-01-13T13:05:42.7795269Z Extracting ...
2026-01-13T13:05:42.7899511Z [command]/usr/bin/tar xz --strip 1 --warning=no-unknown-keyword --overwrite -C /home/runner/work/_temp/c6b730ce-7a71-410a-a3dc-355882c25366 -f /home/runner/work/_temp/f87f89d0-b898-40e8-9dba-e6b47446bd01
2026-01-13T13:05:43.7333736Z Adding to the cache ...
2026-01-13T13:05:45.3272292Z ##[group]Environment details
2026-01-13T13:05:45.5557449Z node: v18.20.8
2026-01-13T13:05:45.5558261Z npm: 10.8.2
2026-01-13T13:05:45.5558748Z yarn: 1.22.22
2026-01-13T13:05:45.5560140Z ##[endgroup]
2026-01-13T13:05:45.5729554Z ##[group]Run npm install
2026-01-13T13:05:45.5729924Z [36;1mnpm install[0m
2026-01-13T13:05:45.5769178Z shell: /usr/bin/bash -e {0}
2026-01-13T13:05:45.5769482Z ##[endgroup]
2026-01-13T13:05:46.8330203Z 
2026-01-13T13:05:46.8338283Z added 70 packages, and audited 71 packages in 1s
2026-01-13T13:05:46.8338627Z 
2026-01-13T13:05:46.8339184Z 15 packages are looking for funding
2026-01-13T13:05:46.8339539Z   run `npm fund` for details
2026-01-13T13:05:46.8340202Z 
2026-01-13T13:05:46.8340417Z found 0 vulnerabilities
2026-01-13T13:05:46.8489579Z ##[group]Run npx playwright install --with-deps
2026-01-13T13:05:46.8490002Z [36;1mnpx playwright install --with-deps[0m
2026-01-13T13:05:46.8524299Z shell: /usr/bin/bash -e {0}
2026-01-13T13:05:46.8524590Z ##[endgroup]
2026-01-13T13:05:47.7966805Z Installing dependencies...
2026-01-13T13:05:47.8047927Z Switching to root user to install dependencies...
2026-01-13T13:05:47.9234991Z Get:1 file:/etc/apt/apt-mirrors.txt Mirrorlist [144 B]
2026-01-13T13:05:47.9683193Z Hit:2 http://azure.archive.ubuntu.com/ubuntu noble InRelease
2026-01-13T13:05:47.9690984Z Get:3 http://azure.archive.ubuntu.com/ubuntu noble-updates InRelease [126 kB]
2026-01-13T13:05:47.9733371Z Get:4 http://azure.archive.ubuntu.com/ubuntu noble-backports InRelease [126 kB]
2026-01-13T13:05:47.9795613Z Get:6 https://packages.microsoft.com/repos/azure-cli noble InRelease [3564 B]
2026-01-13T13:05:47.9799820Z Get:7 https://packages.microsoft.com/ubuntu/24.04/prod noble InRelease [3600 B]
2026-01-13T13:05:47.9806897Z Get:5 http://azure.archive.ubuntu.com/ubuntu noble-security InRelease [126 kB]
2026-01-13T13:05:48.1404581Z Get:8 http://azure.archive.ubuntu.com/ubuntu noble-updates/main amd64 Packages [1693 kB]
2026-01-13T13:05:48.1672967Z Get:9 http://azure.archive.ubuntu.com/ubuntu noble-updates/main Translation-en [313 kB]
2026-01-13T13:05:48.1718202Z Get:10 http://azure.archive.ubuntu.com/ubuntu noble-updates/main amd64 Components [175 kB]
2026-01-13T13:05:48.1729647Z Get:11 http://azure.archive.ubuntu.com/ubuntu noble-updates/main amd64 c-n-f Metadata [15.9 kB]
2026-01-13T13:05:48.1743064Z Get:12 http://azure.archive.ubuntu.com/ubuntu noble-updates/universe amd64 Packages [1510 kB]
2026-01-13T13:05:48.1828456Z Get:13 http://azure.archive.ubuntu.com/ubuntu noble-updates/universe Translation-en [307 kB]
2026-01-13T13:05:48.1863688Z Get:14 http://azure.archive.ubuntu.com/ubuntu noble-updates/universe amd64 Components [377 kB]
2026-01-13T13:05:48.1889425Z Get:15 http://azure.archive.ubuntu.com/ubuntu noble-updates/universe amd64 c-n-f Metadata [31.4 kB]
2026-01-13T13:05:48.1900158Z Get:16 http://azure.archive.ubuntu.com/ubuntu noble-updates/restricted amd64 Packages [2426 kB]
2026-01-13T13:05:48.2043278Z Get:17 http://azure.archive.ubuntu.com/ubuntu noble-updates/restricted Translation-en [554 kB]
2026-01-13T13:05:48.2454305Z Get:24 https://packages.microsoft.com/repos/azure-cli noble/main amd64 Packages [1948 B]
2026-01-13T13:05:48.2502010Z Get:18 http://azure.archive.ubuntu.com/ubuntu noble-updates/restricted amd64 Components [212 B]
2026-01-13T13:05:48.2509272Z Get:19 http://azure.archive.ubuntu.com/ubuntu noble-updates/multiverse amd64 Components [940 B]
2026-01-13T13:05:48.2518061Z Get:20 http://azure.archive.ubuntu.com/ubuntu noble-backports/main amd64 Components [7316 B]
2026-01-13T13:05:48.2526871Z Get:21 http://azure.archive.ubuntu.com/ubuntu noble-backports/universe amd64 Components [10.5 kB]
2026-01-13T13:05:48.2533532Z Get:22 http://azure.archive.ubuntu.com/ubuntu noble-backports/restricted amd64 Components [216 B]
2026-01-13T13:05:48.2542574Z Get:23 http://azure.archive.ubuntu.com/ubuntu noble-backports/multiverse amd64 Components [212 B]
2026-01-13T13:05:48.2941026Z Get:25 https://packages.microsoft.com/ubuntu/24.04/prod noble/main arm64 Packages [60.8 kB]
2026-01-13T13:05:48.2973597Z Get:26 https://packages.microsoft.com/ubuntu/24.04/prod noble/main amd64 Packages [79.1 kB]
2026-01-13T13:05:48.2993917Z Get:27 https://packages.microsoft.com/ubuntu/24.04/prod noble/main armhf Packages [11.4 kB]
2026-01-13T13:05:48.3454051Z Get:28 http://azure.archive.ubuntu.com/ubuntu noble-security/main amd64 Packages [1404 kB]
2026-01-13T13:05:48.3531034Z Get:29 http://azure.archive.ubuntu.com/ubuntu noble-security/main Translation-en [228 kB]
2026-01-13T13:05:48.3551628Z Get:30 http://azure.archive.ubuntu.com/ubuntu noble-security/main amd64 Components [21.5 kB]
2026-01-13T13:05:48.3560634Z Get:31 http://azure.archive.ubuntu.com/ubuntu noble-security/main amd64 c-n-f Metadata [9724 B]
2026-01-13T13:05:48.3571120Z Get:32 http://azure.archive.ubuntu.com/ubuntu noble-security/universe amd64 Packages [920 kB]
2026-01-13T13:05:48.3622111Z Get:33 http://azure.archive.ubuntu.com/ubuntu noble-security/universe Translation-en [208 kB]
2026-01-13T13:05:48.3642363Z Get:34 http://azure.archive.ubuntu.com/ubuntu noble-security/universe amd64 Components [71.5 kB]
2026-01-13T13:05:48.3655188Z Get:35 http://azure.archive.ubuntu.com/ubuntu noble-security/universe amd64 c-n-f Metadata [19.7 kB]
2026-01-13T13:05:48.4102435Z Get:36 http://azure.archive.ubuntu.com/ubuntu noble-security/restricted amd64 Packages [2302 kB]
2026-01-13T13:05:48.4251836Z Get:37 http://azure.archive.ubuntu.com/ubuntu noble-security/restricted Translation-en [527 kB]
2026-01-13T13:05:48.4288491Z Get:38 http://azure.archive.ubuntu.com/ubuntu noble-security/restricted amd64 Components [212 B]
2026-01-13T13:05:48.4297349Z Get:39 http://azure.archive.ubuntu.com/ubuntu noble-security/multiverse Translation-en [6188 B]
2026-01-13T13:05:48.4305952Z Get:40 http://azure.archive.ubuntu.com/ubuntu noble-security/multiverse amd64 Components [212 B]
2026-01-13T13:05:57.5759198Z Fetched 13.7 MB in 2s (8245 kB/s)
2026-01-13T13:05:58.3539677Z Reading package lists...
2026-01-13T13:05:58.3802699Z Reading package lists...
2026-01-13T13:05:58.5586433Z Building dependency tree...
2026-01-13T13:05:58.5594012Z Reading state information...
2026-01-13T13:05:58.5761185Z libasound2t64 is already the newest version (1.2.11-1ubuntu0.1).
2026-01-13T13:05:58.5762271Z libasound2t64 set to manually installed.
2026-01-13T13:05:58.5763356Z libatk-bridge2.0-0t64 is already the newest version (2.52.0-1build1).
2026-01-13T13:05:58.5764427Z libatk-bridge2.0-0t64 set to manually installed.
2026-01-13T13:05:58.5765336Z libatk1.0-0t64 is already the newest version (2.52.0-1build1).
2026-01-13T13:05:58.5765882Z libatk1.0-0t64 set to manually installed.
2026-01-13T13:05:58.5766461Z libatspi2.0-0t64 is already the newest version (2.52.0-1build1).
2026-01-13T13:05:58.5767020Z libatspi2.0-0t64 set to manually installed.
2026-01-13T13:05:58.5767820Z libcairo2 is already the newest version (1.18.0-3build1).
2026-01-13T13:05:58.5768695Z libcairo2 set to manually installed.
2026-01-13T13:05:58.5769931Z libcups2t64 is already the newest version (2.4.7-1.2ubuntu7.9).
2026-01-13T13:05:58.5771394Z libcups2t64 set to manually installed.
2026-01-13T13:05:58.5772500Z libdbus-1-3 is already the newest version (1.14.10-4ubuntu4.1).
2026-01-13T13:05:58.5773565Z libdbus-1-3 set to manually installed.
2026-01-13T13:05:58.5774700Z libdrm2 is already the newest version (2.4.122-1~ubuntu0.24.04.2).
2026-01-13T13:05:58.5775638Z libdrm2 set to manually installed.
2026-01-13T13:05:58.5776326Z libgbm1 is already the newest version (25.0.7-0ubuntu0.24.04.2).
2026-01-13T13:05:58.5777012Z libgbm1 set to manually installed.
2026-01-13T13:05:58.5777696Z libnspr4 is already the newest version (2:4.35-1.1build1).
2026-01-13T13:05:58.5778366Z libnspr4 set to manually installed.
2026-01-13T13:05:58.5779238Z libnss3 is already the newest version (2:3.98-1build1).
2026-01-13T13:05:58.5779876Z libnss3 set to manually installed.
2026-01-13T13:05:58.5780587Z libpango-1.0-0 is already the newest version (1.52.1+ds-1build1).
2026-01-13T13:05:58.5781332Z libpango-1.0-0 set to manually installed.
2026-01-13T13:05:58.5782015Z libx11-6 is already the newest version (2:1.8.7-1build1).
2026-01-13T13:05:58.5782637Z libx11-6 set to manually installed.
2026-01-13T13:05:58.5783257Z libxcb1 is already the newest version (1.15-1ubuntu2).
2026-01-13T13:05:58.5783877Z libxcb1 set to manually installed.
2026-01-13T13:05:58.5784594Z libxcomposite1 is already the newest version (1:0.4.5-1build3).
2026-01-13T13:05:58.5785314Z libxcomposite1 set to manually installed.
2026-01-13T13:05:58.5786036Z libxdamage1 is already the newest version (1:1.1.6-1build1).
2026-01-13T13:05:58.5786709Z libxdamage1 set to manually installed.
2026-01-13T13:05:58.5787371Z libxext6 is already the newest version (2:1.3.4-1build2).
2026-01-13T13:05:58.5788017Z libxext6 set to manually installed.
2026-01-13T13:05:58.5789177Z libxfixes3 is already the newest version (1:6.0.0-2build1).
2026-01-13T13:05:58.5789907Z libxfixes3 set to manually installed.
2026-01-13T13:05:58.5790592Z libxkbcommon0 is already the newest version (1.6.0-1build1).
2026-01-13T13:05:58.5791299Z libxkbcommon0 set to manually installed.
2026-01-13T13:05:58.5792025Z libxrandr2 is already the newest version (2:1.5.2-2build1).
2026-01-13T13:05:58.5792700Z libxrandr2 set to manually installed.
2026-01-13T13:05:58.5793442Z libcairo-gobject2 is already the newest version (1.18.0-3build1).
2026-01-13T13:05:58.5794220Z libcairo-gobject2 set to manually installed.
2026-01-13T13:05:58.5794988Z libfontconfig1 is already the newest version (2.15.0-1.1ubuntu2).
2026-01-13T13:05:58.5795746Z libfontconfig1 set to manually installed.
2026-01-13T13:05:58.5796535Z libfreetype6 is already the newest version (2.13.2+dfsg-1build3).
2026-01-13T13:05:58.5797263Z libfreetype6 set to manually installed.
2026-01-13T13:05:58.5798129Z libgdk-pixbuf-2.0-0 is already the newest version (2.42.10+dfsg-3ubuntu3.2).
2026-01-13T13:05:58.5799204Z libgdk-pixbuf-2.0-0 set to manually installed.
2026-01-13T13:05:58.5799978Z libgtk-3-0t64 is already the newest version (3.24.41-4ubuntu1.3).
2026-01-13T13:05:58.5800702Z libgtk-3-0t64 set to manually installed.
2026-01-13T13:05:58.5801458Z libpangocairo-1.0-0 is already the newest version (1.52.1+ds-1build1).
2026-01-13T13:05:58.5802223Z libpangocairo-1.0-0 set to manually installed.
2026-01-13T13:05:58.5802972Z libx11-xcb1 is already the newest version (2:1.8.7-1build1).
2026-01-13T13:05:58.5803634Z libx11-xcb1 set to manually installed.
2026-01-13T13:05:58.5804294Z libxcb-shm0 is already the newest version (1.15-1ubuntu2).
2026-01-13T13:05:58.5804916Z libxcb-shm0 set to manually installed.
2026-01-13T13:05:58.5805602Z libxcursor1 is already the newest version (1:1.2.1-1build1).
2026-01-13T13:05:58.5806259Z libxcursor1 set to manually installed.
2026-01-13T13:05:58.5806900Z libxi6 is already the newest version (2:1.8.1-1build1).
2026-01-13T13:05:58.5807508Z libxi6 set to manually installed.
2026-01-13T13:05:58.5808229Z libxrender1 is already the newest version (1:0.9.10-1.1build1).
2026-01-13T13:05:58.5809088Z libxrender1 set to manually installed.
2026-01-13T13:05:58.5810040Z libicu74 is already the newest version (74.2-1ubuntu3.1).
2026-01-13T13:05:58.5810914Z libatomic1 is already the newest version (14.2.0-4ubuntu2~24.04).
2026-01-13T13:05:58.5811716Z libatomic1 set to manually installed.
2026-01-13T13:05:58.5812441Z libenchant-2-2 is already the newest version (2.3.3-2build2).
2026-01-13T13:05:58.5813161Z libenchant-2-2 set to manually installed.
2026-01-13T13:05:58.5813864Z libepoxy0 is already the newest version (1.5.10-1build1).
2026-01-13T13:05:58.5814302Z libepoxy0 set to manually installed.
2026-01-13T13:05:58.5814708Z libgstreamer1.0-0 is already the newest version (1.24.2-1ubuntu0.1).
2026-01-13T13:05:58.5815111Z libgstreamer1.0-0 set to manually installed.
2026-01-13T13:05:58.5815523Z libharfbuzz0b is already the newest version (8.3.0-2build2).
2026-01-13T13:05:58.5815890Z libharfbuzz0b set to manually installed.
2026-01-13T13:05:58.5816324Z libjpeg-turbo8 is already the newest version (2.1.5-2ubuntu2).
2026-01-13T13:05:58.5816703Z libjpeg-turbo8 set to manually installed.
2026-01-13T13:05:58.5817062Z liblcms2-2 is already the newest version (2.14-2build1).
2026-01-13T13:05:58.5817389Z liblcms2-2 set to manually installed.
2026-01-13T13:05:58.5817784Z libwayland-client0 is already the newest version (1.22.0-2.1build1).
2026-01-13T13:05:58.5818669Z libwayland-client0 set to manually installed.
2026-01-13T13:05:58.7257396Z libwayland-egl1 is already the newest version (1.22.0-2.1build1).
2026-01-13T13:05:58.7258331Z libwayland-egl1 set to manually installed.
2026-01-13T13:05:58.7259681Z libwayland-server0 is already the newest version (1.22.0-2.1build1).
2026-01-13T13:05:58.7260603Z libwayland-server0 set to manually installed.
2026-01-13T13:05:58.7261548Z libwebp7 is already the newest version (1.3.2-0.4build3).
2026-01-13T13:05:58.7262576Z libwebp7 set to manually installed.
2026-01-13T13:05:58.7263212Z libwebpdemux2 is already the newest version (1.3.2-0.4build3).
2026-01-13T13:05:58.7263837Z libwebpdemux2 set to manually installed.
2026-01-13T13:05:58.7264793Z libxml2 is already the newest version (2.9.14+dfsg-1.3ubuntu3.6).
2026-01-13T13:05:58.7265416Z libxml2 set to manually installed.
2026-01-13T13:05:58.7266003Z xvfb is already the newest version (2:21.1.12-1ubuntu1.5).
2026-01-13T13:05:58.7266856Z fonts-noto-color-emoji is already the newest version (2.047-0ubuntu0.24.04.1).
2026-01-13T13:05:58.7267748Z fonts-liberation is already the newest version (1:2.1.5-3).
2026-01-13T13:05:58.7268329Z fonts-liberation set to manually installed.
2026-01-13T13:05:58.7269071Z The following additional packages will be installed:
2026-01-13T13:05:58.7269642Z   gir1.2-glib-2.0 glib-networking glib-networking-common
2026-01-13T13:05:58.7270380Z   glib-networking-services gsettings-desktop-schemas libaa1 libabsl20220623t64
2026-01-13T13:05:58.7271194Z   libass9 libasyncns0 libavc1394-0 libavcodec60 libavfilter9 libavformat60
2026-01-13T13:05:58.7271875Z   libavtp0 libavutil58 libblas3 libbluray2 libbs2b0 libcaca0
2026-01-13T13:05:58.7272561Z   libcairo-script-interpreter2 libcdparanoia0 libchromaprint1 libcjson1
2026-01-13T13:05:58.7273562Z   libcodec2-1.2 libdav1d7 libdc1394-25 libdca0 libdecor-0-0
2026-01-13T13:05:58.7274208Z   libdirectfb-1.7-7t64 libdv4t64 libdvdnav4 libdvdread8t64 libegl-mesa0
2026-01-13T13:05:58.7274908Z   libegl1 libfaad2 libflac12t64 libfluidsynth3 libfreeaptx0 libgav1-1
2026-01-13T13:05:58.7275586Z   libglib2.0-bin libglib2.0-data libgme0 libgraphene-1.0-0 libgsm1
2026-01-13T13:05:58.7276529Z   libgssdp-1.6-0 libgstreamer-plugins-good1.0-0 libgtk-4-common libgupnp-1.6-0
2026-01-13T13:05:58.7277266Z   libgupnp-igd-1.6-0 libhwy1t64 libiec61883-0 libimath-3-1-29t64
2026-01-13T13:05:58.7277926Z   libinstpatch-1.0-2 libjack-jackd2-0 libjxl0.7 liblapack3 liblc3-1
2026-01-13T13:05:58.7278718Z   libldacbt-enc2 liblilv-0-0 liblrdf0 libltc11 libmbedcrypto7t64 libmfx1
2026-01-13T13:05:58.7279318Z   libmjpegutils-2.1-0t64 libmodplug1 libmp3lame0 libmpcdec6
2026-01-13T13:05:58.7279809Z   libmpeg2encpp-2.1-0t64 libmpg123-0t64 libmplex2-2.1-0t64 libmysofa1
2026-01-13T13:05:58.7280604Z   libneon27t64 libnice10 libopenal-data libopenal1 libopenexr-3-1-30
2026-01-13T13:05:58.7281065Z   libopenh264-7 libopenmpt0t64 libopenni2-0 liborc-0.4-0t64
2026-01-13T13:05:58.7281521Z   libpipewire-0.3-0t64 libplacebo338 libpocketsphinx3 libpostproc57
2026-01-13T13:05:58.7282040Z   libproxy1v5 libpulse0 libqrencode4 libraptor2-0 librav1e0 libraw1394-11
2026-01-13T13:05:58.7282585Z   librist4 librsvg2-2 librubberband2 libsamplerate0 libsbc1 libsdl2-2.0-0
2026-01-13T13:05:58.7283120Z   libsecret-common libserd-0-0 libshine3 libshout3 libsndfile1 libsndio7.0
2026-01-13T13:05:58.7283648Z   libsord-0-0 libsoundtouch1 libsoup-3.0-0 libsoup-3.0-common libsoxr0
2026-01-13T13:05:58.7284185Z   libspa-0.2-modules libspandsp2t64 libspeex1 libsphinxbase3t64 libsratom-0-0
2026-01-13T13:05:58.7284724Z   libsrt1.5-gnutls libsrtp2-1 libssh-4 libssh-gcrypt-4 libsvtav1enc1d1
2026-01-13T13:05:58.7285221Z   libswresample4 libswscale7 libtag1v5 libtag1v5-vanilla libtheora0
2026-01-13T13:05:58.7285719Z   libtwolame0 libudfread0 libunibreak5 libv4l-0t64 libv4lconvert0t64
2026-01-13T13:05:58.7286311Z   libva-drm2 libva-x11-2 libva2 libvdpau1 libvidstab1.1 libvisual-0.4-0
2026-01-13T13:05:58.7286807Z   libvo-aacenc0 libvo-amrwbenc0 libvorbisenc2 libvpl2 libwavpack1
2026-01-13T13:05:58.7287308Z   libwebrtc-audio-processing1 libwildmidi2 libx265-199 libxcb-xkb1
2026-01-13T13:05:58.7287823Z   libxkbcommon-x11-0 libxvidcore4 libyuv0 libzbar0t64 libzimg2 libzix-0-0
2026-01-13T13:05:58.7288384Z   libzvbi-common libzvbi0t64 libzxing3 ocl-icd-libopencl1 session-migration
2026-01-13T13:05:58.7288944Z   timgm6mb-soundfont xfonts-encodings xfonts-utils
2026-01-13T13:05:58.7289250Z Suggested packages:
2026-01-13T13:05:58.7289603Z   frei0r-plugins gvfs libcuda1 libnvcuvid1 libnvidia-encode1 libbluray-bdj
2026-01-13T13:05:58.7290348Z   libdirectfb-extra libdv-bin oss-compat libdvdcss2 low-memory-monitor
2026-01-13T13:05:58.7290874Z   libvisual-0.4-plugins jackd2 liblrdf0-dev libportaudio2 opus-tools pipewire
2026-01-13T13:05:58.7291406Z   pulseaudio raptor2-utils libraw1394-doc librsvg2-bin serdi sndiod sordi
2026-01-13T13:05:58.7291877Z   speex libwildmidi-config opencl-icd fluid-soundfont-gm
2026-01-13T13:05:58.7292193Z Recommended packages:
2026-01-13T13:05:58.7292513Z   fonts-ipafont-mincho fonts-tlwg-loma gstreamer1.0-x libaacs0
2026-01-13T13:05:58.7292979Z   default-libdecor-0-plugin-1 | libdecor-0-plugin-1 gstreamer1.0-gl
2026-01-13T13:05:58.7293515Z   libgtk-4-bin librsvg2-common libgtk-4-media-gstreamer libpipewire-0.3-common
2026-01-13T13:05:58.7294073Z   pocketsphinx-en-us va-driver-all | va-driver vdpau-driver-all | vdpau-driver
2026-01-13T13:05:58.7294459Z   libmagickcore-6.q16-7-extra
2026-01-13T13:05:58.8035142Z The following NEW packages will be installed:
2026-01-13T13:05:58.8036410Z   fonts-freefont-ttf fonts-ipafont-gothic fonts-tlwg-loma-otf fonts-unifont
2026-01-13T13:05:58.8037672Z   fonts-wqy-zenhei glib-networking glib-networking-common
2026-01-13T13:05:58.8039144Z   glib-networking-services gsettings-desktop-schemas gstreamer1.0-libav
2026-01-13T13:05:58.8040686Z   gstreamer1.0-plugins-bad gstreamer1.0-plugins-base gstreamer1.0-plugins-good
2026-01-13T13:05:58.8042175Z   libaa1 libabsl20220623t64 libass9 libasyncns0 libavc1394-0 libavcodec60
2026-01-13T13:05:58.8043517Z   libavfilter9 libavformat60 libavif16 libavtp0 libavutil58 libblas3
2026-01-13T13:05:58.8044897Z   libbluray2 libbs2b0 libcaca0 libcairo-script-interpreter2 libcdparanoia0
2026-01-13T13:05:58.8046325Z   libchromaprint1 libcjson1 libcodec2-1.2 libdav1d7 libdc1394-25 libdca0
2026-01-13T13:05:58.8047673Z   libdecor-0-0 libdirectfb-1.7-7t64 libdv4t64 libdvdnav4 libdvdread8t64
2026-01-13T13:05:58.8049187Z   libegl-mesa0 libegl1 libevent-2.1-7t64 libfaad2 libflac12t64 libflite1
2026-01-13T13:05:58.8050614Z   libfluidsynth3 libfreeaptx0 libgav1-1 libgles2 libgme0 libgraphene-1.0-0
2026-01-13T13:05:58.8051859Z   libgsm1 libgssdp-1.6-0 libgstreamer-gl1.0-0 libgstreamer-plugins-bad1.0-0
2026-01-13T13:05:58.8052800Z   libgstreamer-plugins-base1.0-0 libgstreamer-plugins-good1.0-0 libgtk-4-1
2026-01-13T13:05:58.8054083Z   libgtk-4-common libgupnp-1.6-0 libgupnp-igd-1.6-0 libharfbuzz-icu0
2026-01-13T13:05:58.8054945Z   libhwy1t64 libhyphen0 libiec61883-0 libimath-3-1-29t64 libinstpatch-1.0-2
2026-01-13T13:05:58.8055683Z   libjack-jackd2-0 libjxl0.7 liblapack3 liblc3-1 libldacbt-enc2 liblilv-0-0
2026-01-13T13:05:58.8056165Z   liblrdf0 libltc11 libmanette-0.2-0 libmbedcrypto7t64 libmfx1
2026-01-13T13:05:58.8056590Z   libmjpegutils-2.1-0t64 libmodplug1 libmp3lame0 libmpcdec6
2026-01-13T13:05:58.8057055Z   libmpeg2encpp-2.1-0t64 libmpg123-0t64 libmplex2-2.1-0t64 libmysofa1
2026-01-13T13:05:58.8057537Z   libneon27t64 libnice10 libopenal-data libopenal1 libopenexr-3-1-30
2026-01-13T13:05:58.8058022Z   libopenh264-7 libopenmpt0t64 libopenni2-0 libopus0 liborc-0.4-0t64
2026-01-13T13:05:58.8058493Z   libpipewire-0.3-0t64 libplacebo338 libpocketsphinx3 libpostproc57
2026-01-13T13:05:58.8059207Z   libproxy1v5 libpulse0 libqrencode4 libraptor2-0 librav1e0 libraw1394-11
2026-01-13T13:05:58.8059763Z   librist4 librsvg2-2 librubberband2 libsamplerate0 libsbc1 libsdl2-2.0-0
2026-01-13T13:05:58.8060284Z   libsecret-1-0 libsecret-common libserd-0-0 libshine3 libshout3 libsndfile1
2026-01-13T13:05:58.8060786Z   libsndio7.0 libsord-0-0 libsoundtouch1 libsoup-3.0-0 libsoup-3.0-common
2026-01-13T13:05:58.8061265Z   libsoxr0 libspa-0.2-modules libspandsp2t64 libspeex1 libsphinxbase3t64
2026-01-13T13:05:58.8061760Z   libsratom-0-0 libsrt1.5-gnutls libsrtp2-1 libssh-gcrypt-4 libsvtav1enc1d1
2026-01-13T13:05:58.8062244Z   libswresample4 libswscale7 libtag1v5 libtag1v5-vanilla libtheora0
2026-01-13T13:05:58.8062711Z   libtwolame0 libudfread0 libunibreak5 libv4l-0t64 libv4lconvert0t64
2026-01-13T13:05:58.8063400Z   libva-drm2 libva-x11-2 libva2 libvdpau1 libvidstab1.1 libvisual-0.4-0
2026-01-13T13:05:58.8063913Z   libvo-aacenc0 libvo-amrwbenc0 libvorbisenc2 libvpl2 libvpx9 libwavpack1
2026-01-13T13:05:58.8064424Z   libwebrtc-audio-processing1 libwildmidi2 libwoff1 libx264-164 libx265-199
2026-01-13T13:05:58.8064946Z   libxcb-xkb1 libxkbcommon-x11-0 libxvidcore4 libyuv0 libzbar0t64 libzimg2
2026-01-13T13:05:58.8065428Z   libzix-0-0 libzvbi-common libzvbi0t64 libzxing3 ocl-icd-libopencl1
2026-01-13T13:05:58.8065909Z   session-migration timgm6mb-soundfont xfonts-cyrillic xfonts-encodings
2026-01-13T13:05:58.8066295Z   xfonts-scalable xfonts-utils
2026-01-13T13:05:58.8066596Z The following packages will be upgraded:
2026-01-13T13:05:58.8066966Z   gir1.2-glib-2.0 libglib2.0-0t64 libglib2.0-bin libglib2.0-data
2026-01-13T13:05:58.8067317Z   libpng16-16t64 libssh-4 libxslt1.1
2026-01-13T13:05:58.8278717Z 7 upgraded, 179 newly installed, 0 to remove and 113 not upgraded.
2026-01-13T13:05:58.8279514Z Need to get 116 MB of archives.
2026-01-13T13:05:58.8280112Z After this operation, 363 MB of additional disk space will be used.
2026-01-13T13:05:58.8280939Z Get:1 file:/etc/apt/apt-mirrors.txt Mirrorlist [144 B]
2026-01-13T13:05:58.9084204Z Get:2 http://azure.archive.ubuntu.com/ubuntu noble/universe amd64 fonts-ipafont-gothic all 00303-21ubuntu1 [3513 kB]
2026-01-13T13:05:59.2098709Z Get:3 http://azure.archive.ubuntu.com/ubuntu noble-updates/main amd64 libglib2.0-data all 2.80.0-6ubuntu3.6 [49.3 kB]
2026-01-13T13:05:59.2753793Z Get:4 http://azure.archive.ubuntu.com/ubuntu noble-updates/main amd64 libglib2.0-bin amd64 2.80.0-6ubuntu3.6 [98.3 kB]
2026-01-13T13:05:59.3405960Z Get:5 http://azure.archive.ubuntu.com/ubuntu noble-updates/main amd64 gir1.2-glib-2.0 amd64 2.80.0-6ubuntu3.6 [183 kB]
2026-01-13T13:05:59.4095238Z Get:6 http://azure.archive.ubuntu.com/ubuntu noble-updates/main amd64 libglib2.0-0t64 amd64 2.80.0-6ubuntu3.6 [1545 kB]
2026-01-13T13:05:59.5086391Z Get:7 http://azure.archive.ubuntu.com/ubuntu noble-updates/main amd64 libpng16-16t64 amd64 1.6.43-5ubuntu0.1 [187 kB]
2026-01-13T13:05:59.5802658Z Get:8 http://azure.archive.ubuntu.com/ubuntu noble/main amd64 fonts-freefont-ttf all 20211204+svn4273-2 [5641 kB]
2026-01-13T13:05:59.9654389Z Get:9 http://azure.archive.ubuntu.com/ubuntu noble/universe amd64 fonts-tlwg-loma-otf all 1:0.7.3-1 [107 kB]
2026-01-13T13:06:00.0398071Z Get:10 http://azure.archive.ubuntu.com/ubuntu noble/universe amd64 fonts-unifont all 1:15.1.01-1build1 [2993 kB]
2026-01-13T13:06:00.3190067Z Get:11 http://azure.archive.ubuntu.com/ubuntu noble/universe amd64 fonts-wqy-zenhei all 0.9.45-8 [7472 kB]
2026-01-13T13:06:01.1774714Z Get:12 http://azure.archive.ubuntu.com/ubuntu noble/main amd64 libproxy1v5 amd64 0.5.4-4build1 [26.5 kB]
2026-01-13T13:06:01.2431714Z Get:13 http://azure.archive.ubuntu.com/ubuntu noble/main amd64 glib-networking-common all 2.80.0-1build1 [6702 B]
2026-01-13T13:06:01.3105169Z Get:14 http://azure.archive.ubuntu.com/ubuntu noble/main amd64 glib-networking-services amd64 2.80.0-1build1 [12.8 kB]
2026-01-13T13:06:01.3759810Z Get:15 http://azure.archive.ubuntu.com/ubuntu noble/main amd64 session-migration amd64 0.3.9build1 [9034 B]
2026-01-13T13:06:01.4523563Z Get:16 http://azure.archive.ubuntu.com/ubuntu noble-updates/main amd64 gsettings-desktop-schemas all 46.1-0ubuntu1 [35.6 kB]
2026-01-13T13:06:01.5215796Z Get:17 http://azure.archive.ubuntu.com/ubuntu noble/main amd64 glib-networking amd64 2.80.0-1build1 [64.1 kB]
2026-01-13T13:06:01.6051612Z Get:18 http://azure.archive.ubuntu.com/ubuntu noble/universe amd64 libva2 amd64 2.20.0-2build1 [66.2 kB]
2026-01-13T13:06:01.6924274Z Get:19 http://azure.archive.ubuntu.com/ubuntu noble/universe amd64 libva-drm2 amd64 2.20.0-2build1 [7124 B]
2026-01-13T13:06:01.7616965Z Get:20 http://azure.archive.ubuntu.com/ubuntu noble/universe amd64 libva-x11-2 amd64 2.20.0-2build1 [12.0 kB]
2026-01-13T13:06:01.8336931Z Get:21 http://azure.archive.ubuntu.com/ubuntu noble/main amd64 libvdpau1 amd64 1.5-2build1 [27.8 kB]
2026-01-13T13:06:01.9084811Z Get:22 http://azure.archive.ubuntu.com/ubuntu noble/universe amd64 libvpl2 amd64 2023.3.0-1build1 [99.8 kB]
2026-01-13T13:06:01.9990022Z Get:23 http://azure.archive.ubuntu.com/ubuntu noble/universe amd64 ocl-icd-libopencl1 amd64 2.3.2-1build1 [38.5 kB]
2026-01-13T13:06:02.0757235Z Get:24 http://azure.archive.ubuntu.com/ubuntu noble/universe amd64 libavutil58 amd64 7:6.1.1-3ubuntu5 [401 kB]
2026-01-13T13:06:02.2339325Z Get:25 http://azure.archive.ubuntu.com/ubuntu noble/universe amd64 libcodec2-1.2 amd64 1.2.0-2build1 [8998 kB]
2026-01-13T13:06:03.3751187Z Get:26 http://azure.archive.ubuntu.com/ubuntu noble/universe amd64 libdav1d7 amd64 1.4.1-1build1 [604 kB]
2026-01-13T13:06:03.4853800Z Get:27 http://azure.archive.ubuntu.com/ubuntu noble/universe amd64 libgsm1 amd64 1.0.22-1build1 [27.8 kB]
2026-01-13T13:06:03.5543871Z Get:28 http://azure.archive.ubuntu.com/ubuntu noble/universe amd64 libhwy1t64 amd64 1.0.7-8.1build1 [584 kB]
2026-01-13T13:06:03.6736523Z Get:29 http://azure.archive.ubuntu.com/ubuntu noble-updates/universe amd64 libjxl0.7 amd64 0.7.0-10.2ubuntu6.1 [1001 kB]
2026-01-13T13:06:03.8129221Z Get:30 http://azure.archive.ubuntu.com/ubuntu noble/main amd64 libmp3lame0 amd64 3.100-6build1 [142 kB]
2026-01-13T13:06:03.8886983Z Get:31 http://azure.archive.ubuntu.com/ubuntu noble/main amd64 libopus0 amd64 1.4-1build1 [208 kB]
2026-01-13T13:06:03.9661098Z Get:32 http://azure.archive.ubuntu.com/ubuntu noble/universe amd64 librav1e0 amd64 0.7.1-2 [1022 kB]
2026-01-13T13:06:04.0918069Z Get:33 http://azure.archive.ubuntu.com/ubuntu noble/main amd64 librsvg2-2 amd64 2.58.0+dfsg-1build1 [2135 kB]
2026-01-13T13:06:04.2884569Z Get:34 http://azure.archive.ubuntu.com/ubuntu noble/universe amd64 libshine3 amd64 3.1.1-2build1 [23.2 kB]
2026-01-13T13:06:04.3533402Z Get:35 http://azure.archive.ubuntu.com/ubuntu noble-updates/main amd64 libspeex1 amd64 1.2.1-2ubuntu2.24.04.1 [59.6 kB]
2026-01-13T13:06:04.4202927Z Get:36 http://azure.archive.ubuntu.com/ubuntu noble/universe amd64 libsvtav1enc1d1 amd64 1.7.0+dfsg-2build1 [2425 kB]
2026-01-13T13:06:04.6105773Z Get:37 http://azure.archive.ubuntu.com/ubuntu noble/universe amd64 libsoxr0 amd64 0.1.3-4build3 [80.0 kB]
2026-01-13T13:06:04.6786205Z Get:38 http://azure.archive.ubuntu.com/ubuntu noble/universe amd64 libswresample4 amd64 7:6.1.1-3ubuntu5 [63.8 kB]
2026-01-13T13:06:04.7545064Z Get:39 http://azure.archive.ubuntu.com/ubuntu noble/main amd64 libtheora0 amd64 1.1.1+dfsg.1-16.1build3 [211 kB]
2026-01-13T13:06:04.8315208Z Get:40 http://azure.archive.ubuntu.com/ubuntu noble/main amd64 libtwolame0 amd64 0.4.0-2build3 [52.3 kB]
2026-01-13T13:06:04.9049502Z Get:41 http://azure.archive.ubuntu.com/ubuntu noble/main amd64 libvorbisenc2 amd64 1.3.7-1build3 [80.8 kB]
2026-01-13T13:06:04.9767650Z Get:42 http://azure.archive.ubuntu.com/ubuntu noble-updates/main amd64 libvpx9 amd64 1.14.0-1ubuntu2.2 [1143 kB]
2026-01-13T13:06:05.1115556Z Get:43 http://azure.archive.ubuntu.com/ubuntu noble/universe amd64 libx264-164 amd64 2:0.164.3108+git31e19f9-1 [604 kB]
2026-01-13T13:06:05.2086147Z Get:44 http://azure.archive.ubuntu.com/ubuntu noble/universe amd64 libx265-199 amd64 3.5-2build1 [1226 kB]
2026-01-13T13:06:05.3390177Z Get:45 http://azure.archive.ubuntu.com/ubuntu noble/universe amd64 libxvidcore4 amd64 2:1.3.7-1build1 [219 kB]
2026-01-13T13:06:05.4114551Z Get:46 http://azure.archive.ubuntu.com/ubuntu noble/universe amd64 libzvbi-common all 0.2.42-2 [42.4 kB]
2026-01-13T13:06:05.4772727Z Get:47 http://azure.archive.ubuntu.com/ubuntu noble/universe amd64 libzvbi0t64 amd64 0.2.42-2 [261 kB]
2026-01-13T13:06:05.5505890Z Get:48 http://azure.archive.ubuntu.com/ubuntu noble/universe amd64 libavcodec60 amd64 7:6.1.1-3ubuntu5 [5851 kB]
2026-01-13T13:06:05.9510876Z Get:49 http://azure.archive.ubuntu.com/ubuntu noble/universe amd64 libunibreak5 amd64 5.1-2build1 [25.0 kB]
2026-01-13T13:06:06.0303751Z Get:50 http://azure.archive.ubuntu.com/ubuntu noble/universe amd64 libass9 amd64 1:0.17.1-2build1 [104 kB]
2026-01-13T13:06:06.1013213Z Get:51 http://azure.archive.ubuntu.com/ubuntu noble/universe amd64 libudfread0 amd64 1.1.2-1build1 [19.0 kB]
2026-01-13T13:06:06.1708198Z Get:52 http://azure.archive.ubuntu.com/ubuntu noble/universe amd64 libbluray2 amd64 1:1.3.4-1build1 [159 kB]
2026-01-13T13:06:06.2614737Z Get:53 http://azure.archive.ubuntu.com/ubuntu noble/universe amd64 libchromaprint1 amd64 1.5.1-5 [30.5 kB]
2026-01-13T13:06:06.3423945Z Get:54 http://azure.archive.ubuntu.com/ubuntu noble/universe amd64 libgme0 amd64 0.6.3-7build1 [134 kB]
2026-01-13T13:06:06.4199498Z Get:55 http://azure.archive.ubuntu.com/ubuntu noble-updates/main amd64 libmpg123-0t64 amd64 1.32.5-1ubuntu1.1 [169 kB]
2026-01-13T13:06:06.4951231Z Get:56 http://azure.archive.ubuntu.com/ubuntu noble/universe amd64 libopenmpt0t64 amd64 0.7.3-1.1build3 [647 kB]
2026-01-13T13:06:06.5956575Z Get:57 http://azure.archive.ubuntu.com/ubuntu noble/universe amd64 libcjson1 amd64 1.7.17-1 [24.8 kB]
2026-01-13T13:06:06.6668610Z Get:58 http://azure.archive.ubuntu.com/ubuntu noble/universe amd64 libmbedcrypto7t64 amd64 2.28.8-1 [209 kB]
2026-01-13T13:06:06.7510944Z Get:59 http://azure.archive.ubuntu.com/ubuntu noble/universe amd64 librist4 amd64 0.2.10+dfsg-2 [74.9 kB]
2026-01-13T13:06:06.8302525Z Get:60 http://azure.archive.ubuntu.com/ubuntu noble/universe amd64 libsrt1.5-gnutls amd64 1.5.3-1build2 [316 kB]
2026-01-13T13:06:06.9069972Z Get:61 http://azure.archive.ubuntu.com/ubuntu noble-updates/main amd64 libssh-gcrypt-4 amd64 0.10.6-2ubuntu0.2 [224 kB]
2026-01-13T13:06:06.9794889Z Get:62 http://azure.archive.ubuntu.com/ubuntu noble/universe amd64 libavformat60 amd64 7:6.1.1-3ubuntu5 [1153 kB]
2026-01-13T13:06:07.1060048Z Get:63 http://azure.archive.ubuntu.com/ubuntu noble/universe amd64 libbs2b0 amd64 3.1.0+dfsg-7build1 [10.6 kB]
2026-01-13T13:06:07.1885574Z Get:64 http://azure.archive.ubuntu.com/ubuntu noble/universe amd64 libflite1 amd64 2.2-6build3 [13.6 MB]
2026-01-13T13:06:07.8634166Z Get:65 http://azure.archive.ubuntu.com/ubuntu noble/universe amd64 libserd-0-0 amd64 0.32.2-1 [43.6 kB]
2026-01-13T13:06:07.9298126Z Get:66 http://azure.archive.ubuntu.com/ubuntu noble/universe amd64 libzix-0-0 amd64 0.4.2-2build1 [23.6 kB]
2026-01-13T13:06:07.9960934Z Get:67 http://azure.archive.ubuntu.com/ubuntu noble/universe amd64 libsord-0-0 amd64 0.16.16-2build1 [15.8 kB]
2026-01-13T13:06:08.0664005Z Get:68 http://azure.archive.ubuntu.com/ubuntu noble/universe amd64 libsratom-0-0 amd64 0.6.16-1build1 [17.3 kB]
2026-01-13T13:06:08.1396545Z Get:69 http://azure.archive.ubuntu.com/ubuntu noble/universe amd64 liblilv-0-0 amd64 0.24.22-1build1 [41.0 kB]
2026-01-13T13:06:08.2079153Z Get:70 http://azure.archive.ubuntu.com/ubuntu noble/universe amd64 libmysofa1 amd64 1.3.2+dfsg-2ubuntu2 [1158 kB]
2026-01-13T13:06:08.3645361Z Get:71 http://azure.archive.ubuntu.com/ubuntu noble/universe amd64 libplacebo338 amd64 6.338.2-2build1 [2654 kB]
2026-01-13T13:06:08.6174403Z Get:72 http://azure.archive.ubuntu.com/ubuntu noble-updates/main amd64 libblas3 amd64 3.12.0-3build1.1 [238 kB]
2026-01-13T13:06:08.6932831Z Get:73 http://azure.archive.ubuntu.com/ubuntu noble-updates/main amd64 liblapack3 amd64 3.12.0-3build1.1 [2646 kB]
2026-01-13T13:06:08.8892626Z Get:74 http://azure.archive.ubuntu.com/ubuntu noble/main amd64 libasyncns0 amd64 0.8-6build4 [11.3 kB]
2026-01-13T13:06:08.9543863Z Get:75 http://azure.archive.ubuntu.com/ubuntu noble/main amd64 libflac12t64 amd64 1.4.3+ds-2.1ubuntu2 [197 kB]
2026-01-13T13:06:09.0280975Z Get:76 http://azure.archive.ubuntu.com/ubuntu noble-updates/main amd64 libsndfile1 amd64 1.2.2-1ubuntu5.24.04.1 [209 kB]
2026-01-13T13:06:09.1017769Z Get:77 http://azure.archive.ubuntu.com/ubuntu noble-updates/main amd64 libpulse0 amd64 1:16.1+dfsg1-2ubuntu10.1 [292 kB]
2026-01-13T13:06:09.1830590Z Get:78 http://azure.archive.ubuntu.com/ubuntu noble/universe amd64 libsphinxbase3t64 amd64 0.8+5prealpha+1-17build2 [126 kB]
2026-01-13T13:06:09.2681561Z Get:79 http://azure.archive.ubuntu.com/ubuntu noble/universe amd64 libpocketsphinx3 amd64 0.8.0+real5prealpha+1-15ubuntu5 [133 kB]
2026-01-13T13:06:09.3584774Z Get:80 http://azure.archive.ubuntu.com/ubuntu noble/universe amd64 libpostproc57 amd64 7:6.1.1-3ubuntu5 [49.9 kB]
2026-01-13T13:06:09.4246192Z Get:81 http://azure.archive.ubuntu.com/ubuntu noble/main amd64 libsamplerate0 amd64 0.2.2-4build1 [1344 kB]
2026-01-13T13:06:09.5242282Z Get:82 http://azure.archive.ubuntu.com/ubuntu noble/universe amd64 librubberband2 amd64 3.3.0+dfsg-2build1 [130 kB]
2026-01-13T13:06:09.5975880Z Get:83 http://azure.archive.ubuntu.com/ubuntu noble/universe amd64 libswscale7 amd64 7:6.1.1-3ubuntu5 [193 kB]
2026-01-13T13:06:09.6741021Z Get:84 http://azure.archive.ubuntu.com/ubuntu noble/universe amd64 libvidstab1.1 amd64 1.1.0-2build1 [38.5 kB]
2026-01-13T13:06:09.7405642Z Get:85 http://azure.archive.ubuntu.com/ubuntu noble/universe amd64 libzimg2 amd64 3.0.5+ds1-1build1 [254 kB]
2026-01-13T13:06:09.8210678Z Get:86 http://azure.archive.ubuntu.com/ubuntu noble/universe amd64 libavfilter9 amd64 7:6.1.1-3ubuntu5 [4235 kB]
2026-01-13T13:06:10.1163642Z Get:87 http://azure.archive.ubuntu.com/ubuntu noble-updates/main amd64 liborc-0.4-0t64 amd64 1:0.4.38-1ubuntu0.1 [207 kB]
2026-01-13T13:06:10.1936252Z Get:88 http://azure.archive.ubuntu.com/ubuntu noble-updates/main amd64 libgstreamer-plugins-base1.0-0 amd64 1.24.2-1ubuntu0.3 [862 kB]
2026-01-13T13:06:10.3072973Z Get:89 http://azure.archive.ubuntu.com/ubuntu noble/universe amd64 gstreamer1.0-libav amd64 1.24.1-1build1 [103 kB]
2026-01-13T13:06:10.3767896Z Get:90 http://azure.archive.ubuntu.com/ubuntu noble/main amd64 libcdparanoia0 amd64 3.10.2+debian-14build3 [48.5 kB]
2026-01-13T13:06:10.4456691Z Get:91 http://azure.archive.ubuntu.com/ubuntu noble/main amd64 libvisual-0.4-0 amd64 0.4.2-2build1 [115 kB]
2026-01-13T13:06:10.5202813Z Get:92 http://azure.archive.ubuntu.com/ubuntu noble-updates/main amd64 gstreamer1.0-plugins-base amd64 1.24.2-1ubuntu0.3 [721 kB]
2026-01-13T13:06:10.6353616Z Get:93 http://azure.archive.ubuntu.com/ubuntu noble/main amd64 libaa1 amd64 1.4p5-51.1 [49.9 kB]
2026-01-13T13:06:10.7096430Z Get:94 http://azure.archive.ubuntu.com/ubuntu noble/main amd64 libraw1394-11 amd64 2.1.2-2build3 [26.2 kB]
2026-01-13T13:06:10.8273104Z Get:95 http://azure.archive.ubuntu.com/ubuntu noble/main amd64 libavc1394-0 amd64 0.5.4-5build3 [15.4 kB]
2026-01-13T13:06:10.8985912Z Get:96 http://azure.archive.ubuntu.com/ubuntu noble-updates/main amd64 libcaca0 amd64 0.99.beta20-4ubuntu0.1 [209 kB]
2026-01-13T13:06:11.1073765Z Get:97 http://azure.archive.ubuntu.com/ubuntu noble/main amd64 libdv4t64 amd64 1.0.0-17.1build1 [63.2 kB]
2026-01-13T13:06:11.1774592Z Get:98 http://azure.archive.ubuntu.com/ubuntu noble-updates/main amd64 libgstreamer-plugins-good1.0-0 amd64 1.24.2-1ubuntu1.2 [33.0 kB]
2026-01-13T13:06:11.2464384Z Get:99 http://azure.archive.ubuntu.com/ubuntu noble/main amd64 libiec61883-0 amd64 1.2.0-6build1 [24.5 kB]
2026-01-13T13:06:11.3129324Z Get:100 http://azure.archive.ubuntu.com/ubuntu noble/main amd64 libshout3 amd64 2.4.6-1build2 [50.3 kB]
2026-01-13T13:06:11.3834931Z Get:101 http://azure.archive.ubuntu.com/ubuntu noble/main amd64 libtag1v5-vanilla amd64 1.13.1-1build1 [326 kB]
2026-01-13T13:06:11.4776884Z Get:102 http://azure.archive.ubuntu.com/ubuntu noble/main amd64 libtag1v5 amd64 1.13.1-1build1 [11.7 kB]
2026-01-13T13:06:11.5447031Z Get:103 http://azure.archive.ubuntu.com/ubuntu noble/main amd64 libv4lconvert0t64 amd64 1.26.1-4build3 [87.6 kB]
2026-01-13T13:06:11.6109981Z Get:104 http://azure.archive.ubuntu.com/ubuntu noble/main amd64 libv4l-0t64 amd64 1.26.1-4build3 [46.9 kB]
2026-01-13T13:06:11.6762989Z Get:105 http://azure.archive.ubuntu.com/ubuntu noble/main amd64 libwavpack1 amd64 5.6.0-1build1 [84.6 kB]
2026-01-13T13:06:11.7427574Z Get:106 http://azure.archive.ubuntu.com/ubuntu noble-updates/main amd64 libsoup-3.0-common all 3.4.4-5ubuntu0.6 [11.4 kB]
2026-01-13T13:06:11.8077795Z Get:107 http://azure.archive.ubuntu.com/ubuntu noble-updates/main amd64 libsoup-3.0-0 amd64 3.4.4-5ubuntu0.6 [291 kB]
2026-01-13T13:06:11.8751289Z Get:108 http://azure.archive.ubuntu.com/ubuntu noble-updates/main amd64 gstreamer1.0-plugins-good amd64 1.24.2-1ubuntu1.2 [2238 kB]
2026-01-13T13:06:11.9753038Z Get:109 http://azure.archive.ubuntu.com/ubuntu noble-updates/main amd64 libabsl20220623t64 amd64 20220623.1-3.1ubuntu3.2 [423 kB]
2026-01-13T13:06:12.0515172Z Get:110 http://azure.archive.ubuntu.com/ubuntu noble/universe amd64 libgav1-1 amd64 0.18.0-1build3 [357 kB]
2026-01-13T13:06:12.1220973Z Get:111 http://azure.archive.ubuntu.com/ubuntu noble/universe amd64 libyuv0 amd64 0.0~git202401110.af6ac82-1 [178 kB]
2026-01-13T13:06:12.1911310Z Get:112 http://azure.archive.ubuntu.com/ubuntu noble/universe amd64 libavif16 amd64 1.0.4-1ubuntu3 [91.2 kB]
2026-01-13T13:06:12.2586165Z Get:113 http://azure.archive.ubuntu.com/ubuntu noble/universe amd64 libavtp0 amd64 0.2.0-1build1 [6414 B]
2026-01-13T13:06:12.3234200Z Get:114 http://azure.archive.ubuntu.com/ubuntu noble/main amd64 libcairo-script-interpreter2 amd64 1.18.0-3build1 [60.3 kB]
2026-01-13T13:06:12.3882690Z Get:115 http://azure.archive.ubuntu.com/ubuntu noble/universe amd64 libdc1394-25 amd64 2.2.6-4build1 [90.1 kB]
2026-01-13T13:06:12.4500968Z Get:116 http://azure.archive.ubuntu.com/ubuntu noble/main amd64 libdecor-0-0 amd64 0.2.2-1build2 [16.5 kB]
2026-01-13T13:06:12.5109315Z Get:117 http://azure.archive.ubuntu.com/ubuntu noble/main amd64 libgles2 amd64 1.7.0-1build1 [17.1 kB]
2026-01-13T13:06:12.5807727Z Get:118 http://azure.archive.ubuntu.com/ubuntu noble/universe amd64 libdirectfb-1.7-7t64 amd64 1.7.7-11.1ubuntu2 [1035 kB]
2026-01-13T13:06:12.6772181Z Get:119 http://azure.archive.ubuntu.com/ubuntu noble/universe amd64 libdvdread8t64 amd64 6.1.3-1.1build1 [54.7 kB]
2026-01-13T13:06:12.7467215Z Get:120 http://azure.archive.ubuntu.com/ubuntu noble/universe amd64 libdvdnav4 amd64 6.1.1-3build1 [39.5 kB]
2026-01-13T13:06:12.8122616Z Get:121 http://azure.archive.ubuntu.com/ubuntu noble-updates/main amd64 libegl-mesa0 amd64 25.0.7-0ubuntu0.24.04.2 [124 kB]
2026-01-13T13:06:12.8884292Z Get:122 http://azure.archive.ubuntu.com/ubuntu noble/main amd64 libevent-2.1-7t64 amd64 2.1.12-stable-9ubuntu2 [145 kB]
2026-01-13T13:06:12.9658109Z Get:123 http://azure.archive.ubuntu.com/ubuntu noble/universe amd64 libfaad2 amd64 2.11.1-1build1 [207 kB]
2026-01-13T13:06:13.0496926Z Get:124 http://azure.archive.ubuntu.com/ubuntu noble/universe amd64 libinstpatch-1.0-2 amd64 1.1.6-1build2 [251 kB]
2026-01-13T13:06:13.1384402Z Get:125 http://azure.archive.ubuntu.com/ubuntu noble/main amd64 libjack-jackd2-0 amd64 1.9.21~dfsg-3ubuntu3 [289 kB]
2026-01-13T13:06:13.2310907Z Get:126 http://azure.archive.ubuntu.com/ubuntu noble/main amd64 libwebrtc-audio-processing1 amd64 0.3.1-0ubuntu6 [290 kB]
2026-01-13T13:06:13.3209369Z Get:127 http://azure.archive.ubuntu.com/ubuntu noble-updates/main amd64 libspa-0.2-modules amd64 1.0.5-1ubuntu3.2 [627 kB]
2026-01-13T13:06:13.4108201Z Get:128 http://azure.archive.ubuntu.com/ubuntu noble-updates/main amd64 libpipewire-0.3-0t64 amd64 1.0.5-1ubuntu3.2 [252 kB]
2026-01-13T13:06:13.4829882Z Get:129 http://azure.archive.ubuntu.com/ubuntu noble-updates/main amd64 libsdl2-2.0-0 amd64 2.30.0+dfsg-1ubuntu3.1 [686 kB]
2026-01-13T13:06:13.5750067Z Get:130 http://azure.archive.ubuntu.com/ubuntu noble/universe amd64 timgm6mb-soundfont all 1.3-5 [5427 kB]
2026-01-13T13:06:13.8080306Z Get:131 http://azure.archive.ubuntu.com/ubuntu noble/universe amd64 libfluidsynth3 amd64 2.3.4-1build3 [249 kB]
2026-01-13T13:06:13.8708569Z Get:132 http://azure.archive.ubuntu.com/ubuntu noble/main amd64 libfreeaptx0 amd64 0.1.1-2build1 [13.5 kB]
2026-01-13T13:06:13.9322738Z Get:133 http://azure.archive.ubuntu.com/ubuntu noble/main amd64 libgraphene-1.0-0 amd64 1.10.8-3build2 [46.2 kB]
2026-01-13T13:06:13.9935550Z Get:134 http://azure.archive.ubuntu.com/ubuntu noble/main amd64 libgssdp-1.6-0 amd64 1.6.3-1build3 [40.4 kB]
2026-01-13T13:06:14.0551936Z Get:135 http://azure.archive.ubuntu.com/ubuntu noble/main amd64 libegl1 amd64 1.7.0-1build1 [28.7 kB]
2026-01-13T13:06:14.1168373Z Get:136 http://azure.archive.ubuntu.com/ubuntu noble-updates/main amd64 libgstreamer-gl1.0-0 amd64 1.24.2-1ubuntu0.3 [214 kB]
2026-01-13T13:06:14.1794470Z Get:137 http://azure.archive.ubuntu.com/ubuntu noble-updates/main amd64 libgtk-4-common all 4.14.5+ds-0ubuntu0.7 [1496 kB]
2026-01-13T13:06:14.2569949Z Get:138 http://azure.archive.ubuntu.com/ubuntu noble-updates/main amd64 libgtk-4-1 amd64 4.14.5+ds-0ubuntu0.7 [3294 kB]
2026-01-13T13:06:14.3846446Z Get:139 http://azure.archive.ubuntu.com/ubuntu noble/main amd64 libgupnp-1.6-0 amd64 1.6.6-1build3 [92.7 kB]
2026-01-13T13:06:14.4510995Z Get:140 http://azure.archive.ubuntu.com/ubuntu noble/universe amd64 libgupnp-igd-1.6-0 amd64 1.6.0-3build3 [16.5 kB]
2026-01-13T13:06:14.5159986Z Get:141 http://azure.archive.ubuntu.com/ubuntu noble/main amd64 libharfbuzz-icu0 amd64 8.3.0-2build2 [13.3 kB]
2026-01-13T13:06:14.5810742Z Get:142 http://azure.archive.ubuntu.com/ubuntu noble/main amd64 libhyphen0 amd64 2.8.8-7build3 [26.5 kB]
2026-01-13T13:06:14.6459873Z Get:143 http://azure.archive.ubuntu.com/ubuntu noble/universe amd64 libimath-3-1-29t64 amd64 3.1.9-3.1ubuntu2 [72.2 kB]
2026-01-13T13:06:14.7107384Z Get:144 http://azure.archive.ubuntu.com/ubuntu noble/main amd64 liblc3-1 amd64 1.0.4-3build1 [69.7 kB]
2026-01-13T13:06:14.7736976Z Get:145 http://azure.archive.ubuntu.com/ubuntu noble/main amd64 libldacbt-enc2 amd64 2.0.2.3+git20200429+ed310a0-4ubuntu2 [27.1 kB]
2026-01-13T13:06:14.8356488Z Get:146 http://azure.archive.ubuntu.com/ubuntu noble-updates/main amd64 libxslt1.1 amd64 1.1.39-0exp1ubuntu0.24.04.3 [168 kB]
2026-01-13T13:06:14.9017524Z Get:147 http://azure.archive.ubuntu.com/ubuntu noble-updates/main amd64 libraptor2-0 amd64 2.0.16-3ubuntu0.1 [165 kB]
2026-01-13T13:06:14.9654400Z Get:148 http://azure.archive.ubuntu.com/ubuntu noble/universe amd64 liblrdf0 amd64 0.6.1-4build1 [18.5 kB]
2026-01-13T13:06:15.0271496Z Get:149 http://azure.archive.ubuntu.com/ubuntu noble/universe amd64 libltc11 amd64 1.3.2-1build1 [13.0 kB]
2026-01-13T13:06:15.0879567Z Get:150 http://azure.archive.ubuntu.com/ubuntu noble/main amd64 libmanette-0.2-0 amd64 0.2.7-1build2 [30.6 kB]
2026-01-13T13:06:15.1487874Z Get:151 http://azure.archive.ubuntu.com/ubuntu noble/universe amd64 libmfx1 amd64 22.5.4-1 [3124 kB]
2026-01-13T13:06:15.2755256Z Get:152 http://azure.archive.ubuntu.com/ubuntu noble/universe amd64 libmjpegutils-2.1-0t64 amd64 1:2.1.0+debian-8.1build1 [25.5 kB]
2026-01-13T13:06:15.3369862Z Get:153 http://azure.archive.ubuntu.com/ubuntu noble/universe amd64 libmodplug1 amd64 1:0.8.9.0-3build1 [166 kB]
2026-01-13T13:06:15.4021833Z Get:154 http://azure.archive.ubuntu.com/ubuntu noble/universe amd64 libmpcdec6 amd64 2:0.1~r495-2build1 [32.7 kB]
2026-01-13T13:06:15.4637577Z Get:155 http://azure.archive.ubuntu.com/ubuntu noble/universe amd64 libmpeg2encpp-2.1-0t64 amd64 1:2.1.0+debian-8.1build1 [75.6 kB]
2026-01-13T13:06:15.5257931Z Get:156 http://azure.archive.ubuntu.com/ubuntu noble/universe amd64 libmplex2-2.1-0t64 amd64 1:2.1.0+debian-8.1build1 [46.1 kB]
2026-01-13T13:06:15.5869915Z Get:157 http://azure.archive.ubuntu.com/ubuntu noble/universe amd64 libneon27t64 amd64 0.33.0-1.1build3 [102 kB]
2026-01-13T13:06:15.6493964Z Get:158 http://azure.archive.ubuntu.com/ubuntu noble/universe amd64 libnice10 amd64 0.1.21-2build3 [157 kB]
2026-01-13T13:06:15.7114032Z Get:159 http://azure.archive.ubuntu.com/ubuntu noble/universe amd64 libopenal-data all 1:1.23.1-4build1 [161 kB]
2026-01-13T13:06:15.7740508Z Get:160 http://azure.archive.ubuntu.com/ubuntu noble/universe amd64 libopenexr-3-1-30 amd64 3.1.5-5.1build3 [1004 kB]
2026-01-13T13:06:15.8470222Z Get:161 http://azure.archive.ubuntu.com/ubuntu noble/universe amd64 libopenh264-7 amd64 2.4.1+dfsg-1 [409 kB]
2026-01-13T13:06:15.9111599Z Get:162 http://azure.archive.ubuntu.com/ubuntu noble/universe amd64 libopenni2-0 amd64 2.2.0.33+dfsg-18 [370 kB]
2026-01-13T13:06:15.9881567Z Get:163 http://azure.archive.ubuntu.com/ubuntu noble/universe amd64 libqrencode4 amd64 4.1.1-1build2 [25.0 kB]
2026-01-13T13:06:16.0572926Z Get:164 http://azure.archive.ubuntu.com/ubuntu noble/main amd64 libsecret-common all 0.21.4-1build3 [4962 B]
2026-01-13T13:06:16.1266319Z Get:165 http://azure.archive.ubuntu.com/ubuntu noble/main amd64 libsecret-1-0 amd64 0.21.4-1build3 [116 kB]
2026-01-13T13:06:16.1997835Z Get:166 http://azure.archive.ubuntu.com/ubuntu noble/universe amd64 libsndio7.0 amd64 1.9.0-0.3build3 [29.6 kB]
2026-01-13T13:06:16.2697147Z Get:167 http://azure.archive.ubuntu.com/ubuntu noble/universe amd64 libsoundtouch1 amd64 2.3.2+ds1-1build1 [60.5 kB]
2026-01-13T13:06:16.3403250Z Get:168 http://azure.archive.ubuntu.com/ubuntu noble/universe amd64 libspandsp2t64 amd64 0.0.6+dfsg-2.1build1 [311 kB]
2026-01-13T13:06:16.4162287Z Get:169 http://azure.archive.ubuntu.com/ubuntu noble/universe amd64 libsrtp2-1 amd64 2.5.0-3build1 [41.9 kB]
2026-01-13T13:06:16.4862603Z Get:170 http://azure.archive.ubuntu.com/ubuntu noble-updates/main amd64 libssh-4 amd64 0.10.6-2ubuntu0.2 [188 kB]
2026-01-13T13:06:16.5616234Z Get:171 http://azure.archive.ubuntu.com/ubuntu noble/universe amd64 libwildmidi2 amd64 0.4.3-1build3 [68.5 kB]
2026-01-13T13:06:16.6313539Z Get:172 http://azure.archive.ubuntu.com/ubuntu noble/main amd64 libwoff1 amd64 1.0.2-2build1 [45.3 kB]
2026-01-13T13:06:16.6944925Z Get:173 http://azure.archive.ubuntu.com/ubuntu noble/main amd64 libxcb-xkb1 amd64 1.15-1ubuntu2 [32.3 kB]
2026-01-13T13:06:16.7557613Z Get:174 http://azure.archive.ubuntu.com/ubuntu noble/main amd64 libxkbcommon-x11-0 amd64 1.6.0-1build1 [14.5 kB]
2026-01-13T13:06:16.8171919Z Get:175 http://azure.archive.ubuntu.com/ubuntu noble/universe amd64 libzbar0t64 amd64 0.23.93-4build3 [123 kB]
2026-01-13T13:06:16.8878124Z Get:176 http://azure.archive.ubuntu.com/ubuntu noble/universe amd64 libzxing3 amd64 2.2.1-3 [583 kB]
2026-01-13T13:06:16.9723225Z Get:177 http://azure.archive.ubuntu.com/ubuntu noble/main amd64 xfonts-encodings all 1:1.0.5-0ubuntu2 [578 kB]
2026-01-13T13:06:17.0557857Z Get:178 http://azure.archive.ubuntu.com/ubuntu noble/main amd64 xfonts-utils amd64 1:7.7+6build3 [94.4 kB]
2026-01-13T13:06:17.1204120Z Get:179 http://azure.archive.ubuntu.com/ubuntu noble/universe amd64 xfonts-cyrillic all 1:1.0.5+nmu1 [384 kB]
2026-01-13T13:06:17.2007117Z Get:180 http://azure.archive.ubuntu.com/ubuntu noble/main amd64 xfonts-scalable all 1:1.0.3-1.3 [304 kB]
2026-01-13T13:06:17.2754261Z Get:181 http://azure.archive.ubuntu.com/ubuntu noble/universe amd64 libgstreamer-plugins-bad1.0-0 amd64 1.24.2-1ubuntu4 [797 kB]
2026-01-13T13:06:17.3494514Z Get:182 http://azure.archive.ubuntu.com/ubuntu noble/universe amd64 libdca0 amd64 0.0.7-2build1 [93.8 kB]
2026-01-13T13:06:17.4159249Z Get:183 http://azure.archive.ubuntu.com/ubuntu noble/universe amd64 libopenal1 amd64 1:1.23.1-4build1 [540 kB]
2026-01-13T13:06:17.4899122Z Get:184 http://azure.archive.ubuntu.com/ubuntu noble/main amd64 libsbc1 amd64 2.0-1build1 [33.9 kB]
2026-01-13T13:06:17.5553936Z Get:185 http://azure.archive.ubuntu.com/ubuntu noble/universe amd64 libvo-aacenc0 amd64 0.1.3-2build1 [67.8 kB]
2026-01-13T13:06:17.6253035Z Get:186 http://azure.archive.ubuntu.com/ubuntu noble/universe amd64 libvo-amrwbenc0 amd64 0.1.3-2build1 [76.7 kB]
2026-01-13T13:06:17.6959798Z Get:187 http://azure.archive.ubuntu.com/ubuntu noble/universe amd64 gstreamer1.0-plugins-bad amd64 1.24.2-1ubuntu4 [3081 kB]
2026-01-13T13:06:18.2392900Z Fetched 116 MB in 19s (6134 kB/s)
2026-01-13T13:06:18.3003422Z Selecting previously unselected package fonts-ipafont-gothic.
2026-01-13T13:06:18.3287137Z (Reading database ... 
2026-01-13T13:06:18.3287793Z (Reading database ... 5%
2026-01-13T13:06:18.3288405Z (Reading database ... 10%
2026-01-13T13:06:18.3289077Z (Reading database ... 15%
2026-01-13T13:06:18.3289488Z (Reading database ... 20%
2026-01-13T13:06:18.3289874Z (Reading database ... 25%
2026-01-13T13:06:18.3290250Z (Reading database ... 30%
2026-01-13T13:06:18.3290628Z (Reading database ... 35%
2026-01-13T13:06:18.3290998Z (Reading database ... 40%
2026-01-13T13:06:18.3291371Z (Reading database ... 45%
2026-01-13T13:06:18.3291749Z (Reading database ... 50%
2026-01-13T13:06:18.3377827Z (Reading database ... 55%
2026-01-13T13:06:18.4250412Z (Reading database ... 60%
2026-01-13T13:06:18.4991065Z (Reading database ... 65%
2026-01-13T13:06:18.5358106Z (Reading database ... 70%
2026-01-13T13:06:18.5708086Z (Reading database ... 75%
2026-01-13T13:06:18.6372408Z (Reading database ... 80%
2026-01-13T13:06:18.7787393Z (Reading database ... 85%
2026-01-13T13:06:18.9466780Z (Reading database ... 90%
2026-01-13T13:06:19.0750923Z (Reading database ... 95%
2026-01-13T13:06:19.0751317Z (Reading database ... 100%
2026-01-13T13:06:19.0751919Z (Reading database ... 217518 files and directories currently installed.)
2026-01-13T13:06:19.0796694Z Preparing to unpack .../000-fonts-ipafont-gothic_00303-21ubuntu1_all.deb ...
2026-01-13T13:06:19.0889116Z Unpacking fonts-ipafont-gothic (00303-21ubuntu1) ...
2026-01-13T13:06:19.3286522Z Preparing to unpack .../001-libglib2.0-data_2.80.0-6ubuntu3.6_all.deb ...
2026-01-13T13:06:19.3313504Z Unpacking libglib2.0-data (2.80.0-6ubuntu3.6) over (2.80.0-6ubuntu3.4) ...
2026-01-13T13:06:19.3678430Z Preparing to unpack .../002-libglib2.0-bin_2.80.0-6ubuntu3.6_amd64.deb ...
2026-01-13T13:06:19.3706723Z Unpacking libglib2.0-bin (2.80.0-6ubuntu3.6) over (2.80.0-6ubuntu3.4) ...
2026-01-13T13:06:19.4678652Z Preparing to unpack .../003-gir1.2-glib-2.0_2.80.0-6ubuntu3.6_amd64.deb ...
2026-01-13T13:06:19.4707624Z Unpacking gir1.2-glib-2.0:amd64 (2.80.0-6ubuntu3.6) over (2.80.0-6ubuntu3.4) ...
2026-01-13T13:06:19.5145348Z Preparing to unpack .../004-libglib2.0-0t64_2.80.0-6ubuntu3.6_amd64.deb ...
2026-01-13T13:06:19.5227886Z Unpacking libglib2.0-0t64:amd64 (2.80.0-6ubuntu3.6) over (2.80.0-6ubuntu3.4) ...
2026-01-13T13:06:19.5843797Z Preparing to unpack .../005-libpng16-16t64_1.6.43-5ubuntu0.1_amd64.deb ...
2026-01-13T13:06:19.5949602Z Unpacking libpng16-16t64:amd64 (1.6.43-5ubuntu0.1) over (1.6.43-5build1) ...
2026-01-13T13:06:19.6202863Z Selecting previously unselected package fonts-freefont-ttf.
2026-01-13T13:06:19.6338261Z Preparing to unpack .../006-fonts-freefont-ttf_20211204+svn4273-2_all.deb ...
2026-01-13T13:06:19.6346838Z Unpacking fonts-freefont-ttf (20211204+svn4273-2) ...
2026-01-13T13:06:19.7210444Z Selecting previously unselected package fonts-tlwg-loma-otf.
2026-01-13T13:06:19.7343508Z Preparing to unpack .../007-fonts-tlwg-loma-otf_1%3a0.7.3-1_all.deb ...
2026-01-13T13:06:19.7351494Z Unpacking fonts-tlwg-loma-otf (1:0.7.3-1) ...
2026-01-13T13:06:19.7562158Z Selecting previously unselected package fonts-unifont.
2026-01-13T13:06:19.7697690Z Preparing to unpack .../008-fonts-unifont_1%3a15.1.01-1build1_all.deb ...
2026-01-13T13:06:19.7705981Z Unpacking fonts-unifont (1:15.1.01-1build1) ...
2026-01-13T13:06:19.8890772Z Selecting previously unselected package fonts-wqy-zenhei.
2026-01-13T13:06:19.9026348Z Preparing to unpack .../009-fonts-wqy-zenhei_0.9.45-8_all.deb ...
2026-01-13T13:06:19.9128147Z Unpacking fonts-wqy-zenhei (0.9.45-8) ...
2026-01-13T13:06:20.3751578Z Selecting previously unselected package libproxy1v5:amd64.
2026-01-13T13:06:20.3885446Z Preparing to unpack .../010-libproxy1v5_0.5.4-4build1_amd64.deb ...
2026-01-13T13:06:20.3893661Z Unpacking libproxy1v5:amd64 (0.5.4-4build1) ...
2026-01-13T13:06:20.4105142Z Selecting previously unselected package glib-networking-common.
2026-01-13T13:06:20.4239568Z Preparing to unpack .../011-glib-networking-common_2.80.0-1build1_all.deb ...
2026-01-13T13:06:20.4246606Z Unpacking glib-networking-common (2.80.0-1build1) ...
2026-01-13T13:06:20.4441785Z Selecting previously unselected package glib-networking-services.
2026-01-13T13:06:20.4574969Z Preparing to unpack .../012-glib-networking-services_2.80.0-1build1_amd64.deb ...
2026-01-13T13:06:20.4583365Z Unpacking glib-networking-services (2.80.0-1build1) ...
2026-01-13T13:06:20.4797654Z Selecting previously unselected package session-migration.
2026-01-13T13:06:20.4933826Z Preparing to unpack .../013-session-migration_0.3.9build1_amd64.deb ...
2026-01-13T13:06:20.4943865Z Unpacking session-migration (0.3.9build1) ...
2026-01-13T13:06:20.5226363Z Selecting previously unselected package gsettings-desktop-schemas.
2026-01-13T13:06:20.5361914Z Preparing to unpack .../014-gsettings-desktop-schemas_46.1-0ubuntu1_all.deb ...
2026-01-13T13:06:20.5371245Z Unpacking gsettings-desktop-schemas (46.1-0ubuntu1) ...
2026-01-13T13:06:20.5631128Z Selecting previously unselected package glib-networking:amd64.
2026-01-13T13:06:20.5766174Z Preparing to unpack .../015-glib-networking_2.80.0-1build1_amd64.deb ...
2026-01-13T13:06:20.5775045Z Unpacking glib-networking:amd64 (2.80.0-1build1) ...
2026-01-13T13:06:20.6007211Z Selecting previously unselected package libva2:amd64.
2026-01-13T13:06:20.6144240Z Preparing to unpack .../016-libva2_2.20.0-2build1_amd64.deb ...
2026-01-13T13:06:20.6154365Z Unpacking libva2:amd64 (2.20.0-2build1) ...
2026-01-13T13:06:20.6372834Z Selecting previously unselected package libva-drm2:amd64.
2026-01-13T13:06:20.6506881Z Preparing to unpack .../017-libva-drm2_2.20.0-2build1_amd64.deb ...
2026-01-13T13:06:20.6517037Z Unpacking libva-drm2:amd64 (2.20.0-2build1) ...
2026-01-13T13:06:20.6722858Z Selecting previously unselected package libva-x11-2:amd64.
2026-01-13T13:06:20.6857375Z Preparing to unpack .../018-libva-x11-2_2.20.0-2build1_amd64.deb ...
2026-01-13T13:06:20.6867767Z Unpacking libva-x11-2:amd64 (2.20.0-2build1) ...
2026-01-13T13:06:20.7078426Z Selecting previously unselected package libvdpau1:amd64.
2026-01-13T13:06:20.7211371Z Preparing to unpack .../019-libvdpau1_1.5-2build1_amd64.deb ...
2026-01-13T13:06:20.7219651Z Unpacking libvdpau1:amd64 (1.5-2build1) ...
2026-01-13T13:06:20.7450791Z Selecting previously unselected package libvpl2.
2026-01-13T13:06:20.7584488Z Preparing to unpack .../020-libvpl2_2023.3.0-1build1_amd64.deb ...
2026-01-13T13:06:20.7593934Z Unpacking libvpl2 (2023.3.0-1build1) ...
2026-01-13T13:06:20.7822457Z Selecting previously unselected package ocl-icd-libopencl1:amd64.
2026-01-13T13:06:20.7956845Z Preparing to unpack .../021-ocl-icd-libopencl1_2.3.2-1build1_amd64.deb ...
2026-01-13T13:06:20.7966195Z Unpacking ocl-icd-libopencl1:amd64 (2.3.2-1build1) ...
2026-01-13T13:06:20.8222582Z Selecting previously unselected package libavutil58:amd64.
2026-01-13T13:06:20.8357715Z Preparing to unpack .../022-libavutil58_7%3a6.1.1-3ubuntu5_amd64.deb ...
2026-01-13T13:06:20.8370071Z Unpacking libavutil58:amd64 (7:6.1.1-3ubuntu5) ...
2026-01-13T13:06:20.8619955Z Selecting previously unselected package libcodec2-1.2:amd64.
2026-01-13T13:06:20.8752848Z Preparing to unpack .../023-libcodec2-1.2_1.2.0-2build1_amd64.deb ...
2026-01-13T13:06:20.8762174Z Unpacking libcodec2-1.2:amd64 (1.2.0-2build1) ...
2026-01-13T13:06:20.9577940Z Selecting previously unselected package libdav1d7:amd64.
2026-01-13T13:06:20.9712000Z Preparing to unpack .../024-libdav1d7_1.4.1-1build1_amd64.deb ...
2026-01-13T13:06:20.9721501Z Unpacking libdav1d7:amd64 (1.4.1-1build1) ...
2026-01-13T13:06:21.0014618Z Selecting previously unselected package libgsm1:amd64.
2026-01-13T13:06:21.0152319Z Preparing to unpack .../025-libgsm1_1.0.22-1build1_amd64.deb ...
2026-01-13T13:06:21.0160999Z Unpacking libgsm1:amd64 (1.0.22-1build1) ...
2026-01-13T13:06:21.0386860Z Selecting previously unselected package libhwy1t64:amd64.
2026-01-13T13:06:21.0522493Z Preparing to unpack .../026-libhwy1t64_1.0.7-8.1build1_amd64.deb ...
2026-01-13T13:06:21.0562713Z Unpacking libhwy1t64:amd64 (1.0.7-8.1build1) ...
2026-01-13T13:06:21.0914204Z Selecting previously unselected package libjxl0.7:amd64.
2026-01-13T13:06:21.1060729Z Preparing to unpack .../027-libjxl0.7_0.7.0-10.2ubuntu6.1_amd64.deb ...
2026-01-13T13:06:21.1090501Z Unpacking libjxl0.7:amd64 (0.7.0-10.2ubuntu6.1) ...
2026-01-13T13:06:21.1576776Z Selecting previously unselected package libmp3lame0:amd64.
2026-01-13T13:06:21.1719230Z Preparing to unpack .../028-libmp3lame0_3.100-6build1_amd64.deb ...
2026-01-13T13:06:21.1734052Z Unpacking libmp3lame0:amd64 (3.100-6build1) ...
2026-01-13T13:06:21.1996501Z Selecting previously unselected package libopus0:amd64.
2026-01-13T13:06:21.2141428Z Preparing to unpack .../029-libopus0_1.4-1build1_amd64.deb ...
2026-01-13T13:06:21.2154092Z Unpacking libopus0:amd64 (1.4-1build1) ...
2026-01-13T13:06:21.2423878Z Selecting previously unselected package librav1e0:amd64.
2026-01-13T13:06:21.2566244Z Preparing to unpack .../030-librav1e0_0.7.1-2_amd64.deb ...
2026-01-13T13:06:21.2581428Z Unpacking librav1e0:amd64 (0.7.1-2) ...
2026-01-13T13:06:21.2951488Z Selecting previously unselected package librsvg2-2:amd64.
2026-01-13T13:06:21.3085335Z Preparing to unpack .../031-librsvg2-2_2.58.0+dfsg-1build1_amd64.deb ...
2026-01-13T13:06:21.3093907Z Unpacking librsvg2-2:amd64 (2.58.0+dfsg-1build1) ...
2026-01-13T13:06:21.3672629Z Selecting previously unselected package libshine3:amd64.
2026-01-13T13:06:21.3807594Z Preparing to unpack .../032-libshine3_3.1.1-2build1_amd64.deb ...
2026-01-13T13:06:21.3816798Z Unpacking libshine3:amd64 (3.1.1-2build1) ...
2026-01-13T13:06:21.4031701Z Selecting previously unselected package libspeex1:amd64.
2026-01-13T13:06:21.4166930Z Preparing to unpack .../033-libspeex1_1.2.1-2ubuntu2.24.04.1_amd64.deb ...
2026-01-13T13:06:21.4176392Z Unpacking libspeex1:amd64 (1.2.1-2ubuntu2.24.04.1) ...
2026-01-13T13:06:21.4392647Z Selecting previously unselected package libsvtav1enc1d1:amd64.
2026-01-13T13:06:21.4529365Z Preparing to unpack .../034-libsvtav1enc1d1_1.7.0+dfsg-2build1_amd64.deb ...
2026-01-13T13:06:21.4539508Z Unpacking libsvtav1enc1d1:amd64 (1.7.0+dfsg-2build1) ...
2026-01-13T13:06:21.5066071Z Selecting previously unselected package libsoxr0:amd64.
2026-01-13T13:06:21.5203231Z Preparing to unpack .../035-libsoxr0_0.1.3-4build3_amd64.deb ...
2026-01-13T13:06:21.5211049Z Unpacking libsoxr0:amd64 (0.1.3-4build3) ...
2026-01-13T13:06:21.5436393Z Selecting previously unselected package libswresample4:amd64.
2026-01-13T13:06:21.5570581Z Preparing to unpack .../036-libswresample4_7%3a6.1.1-3ubuntu5_amd64.deb ...
2026-01-13T13:06:21.5579191Z Unpacking libswresample4:amd64 (7:6.1.1-3ubuntu5) ...
2026-01-13T13:06:21.5800632Z Selecting previously unselected package libtheora0:amd64.
2026-01-13T13:06:21.5934596Z Preparing to unpack .../037-libtheora0_1.1.1+dfsg.1-16.1build3_amd64.deb ...
2026-01-13T13:06:21.5955309Z Unpacking libtheora0:amd64 (1.1.1+dfsg.1-16.1build3) ...
2026-01-13T13:06:21.6206352Z Selecting previously unselected package libtwolame0:amd64.
2026-01-13T13:06:21.6343863Z Preparing to unpack .../038-libtwolame0_0.4.0-2build3_amd64.deb ...
2026-01-13T13:06:21.6352288Z Unpacking libtwolame0:amd64 (0.4.0-2build3) ...
2026-01-13T13:06:21.6570882Z Selecting previously unselected package libvorbisenc2:amd64.
2026-01-13T13:06:21.6706395Z Preparing to unpack .../039-libvorbisenc2_1.3.7-1build3_amd64.deb ...
2026-01-13T13:06:21.6714419Z Unpacking libvorbisenc2:amd64 (1.3.7-1build3) ...
2026-01-13T13:06:21.6949464Z Selecting previously unselected package libvpx9:amd64.
2026-01-13T13:06:21.7087126Z Preparing to unpack .../040-libvpx9_1.14.0-1ubuntu2.2_amd64.deb ...
2026-01-13T13:06:21.7098405Z Unpacking libvpx9:amd64 (1.14.0-1ubuntu2.2) ...
2026-01-13T13:06:21.7456841Z Selecting previously unselected package libx264-164:amd64.
2026-01-13T13:06:21.7595012Z Preparing to unpack .../041-libx264-164_2%3a0.164.3108+git31e19f9-1_amd64.deb ...
2026-01-13T13:06:21.7603073Z Unpacking libx264-164:amd64 (2:0.164.3108+git31e19f9-1) ...
2026-01-13T13:06:21.7902530Z Selecting previously unselected package libx265-199:amd64.
2026-01-13T13:06:21.8041315Z Preparing to unpack .../042-libx265-199_3.5-2build1_amd64.deb ...
2026-01-13T13:06:21.8049839Z Unpacking libx265-199:amd64 (3.5-2build1) ...
2026-01-13T13:06:21.8787709Z Selecting previously unselected package libxvidcore4:amd64.
2026-01-13T13:06:21.8925629Z Preparing to unpack .../043-libxvidcore4_2%3a1.3.7-1build1_amd64.deb ...
2026-01-13T13:06:21.8934434Z Unpacking libxvidcore4:amd64 (2:1.3.7-1build1) ...
2026-01-13T13:06:21.9165965Z Selecting previously unselected package libzvbi-common.
2026-01-13T13:06:21.9303178Z Preparing to unpack .../044-libzvbi-common_0.2.42-2_all.deb ...
2026-01-13T13:06:21.9311885Z Unpacking libzvbi-common (0.2.42-2) ...
2026-01-13T13:06:21.9876081Z Selecting previously unselected package libzvbi0t64:amd64.
2026-01-13T13:06:22.0010836Z Preparing to unpack .../045-libzvbi0t64_0.2.42-2_amd64.deb ...
2026-01-13T13:06:22.0019137Z Unpacking libzvbi0t64:amd64 (0.2.42-2) ...
2026-01-13T13:06:22.0283287Z Selecting previously unselected package libavcodec60:amd64.
2026-01-13T13:06:22.0417507Z Preparing to unpack .../046-libavcodec60_7%3a6.1.1-3ubuntu5_amd64.deb ...
2026-01-13T13:06:22.0428205Z Unpacking libavcodec60:amd64 (7:6.1.1-3ubuntu5) ...
2026-01-13T13:06:22.1312468Z Selecting previously unselected package libunibreak5:amd64.
2026-01-13T13:06:22.1446779Z Preparing to unpack .../047-libunibreak5_5.1-2build1_amd64.deb ...
2026-01-13T13:06:22.1455840Z Unpacking libunibreak5:amd64 (5.1-2build1) ...
2026-01-13T13:06:22.1725665Z Selecting previously unselected package libass9:amd64.
2026-01-13T13:06:22.1858463Z Preparing to unpack .../048-libass9_1%3a0.17.1-2build1_amd64.deb ...
2026-01-13T13:06:22.1869754Z Unpacking libass9:amd64 (1:0.17.1-2build1) ...
2026-01-13T13:06:22.2092904Z Selecting previously unselected package libudfread0:amd64.
2026-01-13T13:06:22.2227373Z Preparing to unpack .../049-libudfread0_1.1.2-1build1_amd64.deb ...
2026-01-13T13:06:22.2236090Z Unpacking libudfread0:amd64 (1.1.2-1build1) ...
2026-01-13T13:06:22.2462381Z Selecting previously unselected package libbluray2:amd64.
2026-01-13T13:06:22.2600635Z Preparing to unpack .../050-libbluray2_1%3a1.3.4-1build1_amd64.deb ...
2026-01-13T13:06:22.2609644Z Unpacking libbluray2:amd64 (1:1.3.4-1build1) ...
2026-01-13T13:06:22.2874083Z Selecting previously unselected package libchromaprint1:amd64.
2026-01-13T13:06:22.3009264Z Preparing to unpack .../051-libchromaprint1_1.5.1-5_amd64.deb ...
2026-01-13T13:06:22.3018196Z Unpacking libchromaprint1:amd64 (1.5.1-5) ...
2026-01-13T13:06:22.3231334Z Selecting previously unselected package libgme0:amd64.
2026-01-13T13:06:22.3365511Z Preparing to unpack .../052-libgme0_0.6.3-7build1_amd64.deb ...
2026-01-13T13:06:22.3376045Z Unpacking libgme0:amd64 (0.6.3-7build1) ...
2026-01-13T13:06:22.3603703Z Selecting previously unselected package libmpg123-0t64:amd64.
2026-01-13T13:06:22.3738466Z Preparing to unpack .../053-libmpg123-0t64_1.32.5-1ubuntu1.1_amd64.deb ...
2026-01-13T13:06:22.3746926Z Unpacking libmpg123-0t64:amd64 (1.32.5-1ubuntu1.1) ...
2026-01-13T13:06:22.3983303Z Selecting previously unselected package libopenmpt0t64:amd64.
2026-01-13T13:06:22.4117999Z Preparing to unpack .../054-libopenmpt0t64_0.7.3-1.1build3_amd64.deb ...
2026-01-13T13:06:22.4127199Z Unpacking libopenmpt0t64:amd64 (0.7.3-1.1build3) ...
2026-01-13T13:06:22.4413007Z Selecting previously unselected package libcjson1:amd64.
2026-01-13T13:06:22.4547165Z Preparing to unpack .../055-libcjson1_1.7.17-1_amd64.deb ...
2026-01-13T13:06:22.4555705Z Unpacking libcjson1:amd64 (1.7.17-1) ...
2026-01-13T13:06:22.4778265Z Selecting previously unselected package libmbedcrypto7t64:amd64.
2026-01-13T13:06:22.4913572Z Preparing to unpack .../056-libmbedcrypto7t64_2.28.8-1_amd64.deb ...
2026-01-13T13:06:22.4923413Z Unpacking libmbedcrypto7t64:amd64 (2.28.8-1) ...
2026-01-13T13:06:22.5162041Z Selecting previously unselected package librist4:amd64.
2026-01-13T13:06:22.5295747Z Preparing to unpack .../057-librist4_0.2.10+dfsg-2_amd64.deb ...
2026-01-13T13:06:22.5304802Z Unpacking librist4:amd64 (0.2.10+dfsg-2) ...
2026-01-13T13:06:22.5515965Z Selecting previously unselected package libsrt1.5-gnutls:amd64.
2026-01-13T13:06:22.5650940Z Preparing to unpack .../058-libsrt1.5-gnutls_1.5.3-1build2_amd64.deb ...
2026-01-13T13:06:22.5659388Z Unpacking libsrt1.5-gnutls:amd64 (1.5.3-1build2) ...
2026-01-13T13:06:22.5910161Z Selecting previously unselected package libssh-gcrypt-4:amd64.
2026-01-13T13:06:22.6050102Z Preparing to unpack .../059-libssh-gcrypt-4_0.10.6-2ubuntu0.2_amd64.deb ...
2026-01-13T13:06:22.6058267Z Unpacking libssh-gcrypt-4:amd64 (0.10.6-2ubuntu0.2) ...
2026-01-13T13:06:22.6299524Z Selecting previously unselected package libavformat60:amd64.
2026-01-13T13:06:22.6433561Z Preparing to unpack .../060-libavformat60_7%3a6.1.1-3ubuntu5_amd64.deb ...
2026-01-13T13:06:22.6442116Z Unpacking libavformat60:amd64 (7:6.1.1-3ubuntu5) ...
2026-01-13T13:06:22.6767626Z Selecting previously unselected package libbs2b0:amd64.
2026-01-13T13:06:22.6905651Z Preparing to unpack .../061-libbs2b0_3.1.0+dfsg-7build1_amd64.deb ...
2026-01-13T13:06:22.6914807Z Unpacking libbs2b0:amd64 (3.1.0+dfsg-7build1) ...
2026-01-13T13:06:22.7142814Z Selecting previously unselected package libflite1:amd64.
2026-01-13T13:06:22.7278605Z Preparing to unpack .../062-libflite1_2.2-6build3_amd64.deb ...
2026-01-13T13:06:22.7287692Z Unpacking libflite1:amd64 (2.2-6build3) ...
2026-01-13T13:06:22.8459223Z Selecting previously unselected package libserd-0-0:amd64.
2026-01-13T13:06:22.8596938Z Preparing to unpack .../063-libserd-0-0_0.32.2-1_amd64.deb ...
2026-01-13T13:06:22.8606442Z Unpacking libserd-0-0:amd64 (0.32.2-1) ...
2026-01-13T13:06:22.8821304Z Selecting previously unselected package libzix-0-0:amd64.
2026-01-13T13:06:22.8955487Z Preparing to unpack .../064-libzix-0-0_0.4.2-2build1_amd64.deb ...
2026-01-13T13:06:22.8964768Z Unpacking libzix-0-0:amd64 (0.4.2-2build1) ...
2026-01-13T13:06:22.9172930Z Selecting previously unselected package libsord-0-0:amd64.
2026-01-13T13:06:22.9307262Z Preparing to unpack .../065-libsord-0-0_0.16.16-2build1_amd64.deb ...
2026-01-13T13:06:22.9315356Z Unpacking libsord-0-0:amd64 (0.16.16-2build1) ...
2026-01-13T13:06:22.9524592Z Selecting previously unselected package libsratom-0-0:amd64.
2026-01-13T13:06:22.9659005Z Preparing to unpack .../066-libsratom-0-0_0.6.16-1build1_amd64.deb ...
2026-01-13T13:06:22.9668527Z Unpacking libsratom-0-0:amd64 (0.6.16-1build1) ...
2026-01-13T13:06:22.9881585Z Selecting previously unselected package liblilv-0-0:amd64.
2026-01-13T13:06:23.0016409Z Preparing to unpack .../067-liblilv-0-0_0.24.22-1build1_amd64.deb ...
2026-01-13T13:06:23.0026915Z Unpacking liblilv-0-0:amd64 (0.24.22-1build1) ...
2026-01-13T13:06:23.0242976Z Selecting previously unselected package libmysofa1:amd64.
2026-01-13T13:06:23.0377637Z Preparing to unpack .../068-libmysofa1_1.3.2+dfsg-2ubuntu2_amd64.deb ...
2026-01-13T13:06:23.0386154Z Unpacking libmysofa1:amd64 (1.3.2+dfsg-2ubuntu2) ...
2026-01-13T13:06:23.0650903Z Selecting previously unselected package libplacebo338:amd64.
2026-01-13T13:06:23.0785806Z Preparing to unpack .../069-libplacebo338_6.338.2-2build1_amd64.deb ...
2026-01-13T13:06:23.0794361Z Unpacking libplacebo338:amd64 (6.338.2-2build1) ...
2026-01-13T13:06:23.1360879Z Selecting previously unselected package libblas3:amd64.
2026-01-13T13:06:23.1494595Z Preparing to unpack .../070-libblas3_3.12.0-3build1.1_amd64.deb ...
2026-01-13T13:06:23.1526164Z Unpacking libblas3:amd64 (3.12.0-3build1.1) ...
2026-01-13T13:06:23.1776306Z Selecting previously unselected package liblapack3:amd64.
2026-01-13T13:06:23.1910855Z Preparing to unpack .../071-liblapack3_3.12.0-3build1.1_amd64.deb ...
2026-01-13T13:06:23.1942309Z Unpacking liblapack3:amd64 (3.12.0-3build1.1) ...
2026-01-13T13:06:23.2452621Z Selecting previously unselected package libasyncns0:amd64.
2026-01-13T13:06:23.2586238Z Preparing to unpack .../072-libasyncns0_0.8-6build4_amd64.deb ...
2026-01-13T13:06:23.2594965Z Unpacking libasyncns0:amd64 (0.8-6build4) ...
2026-01-13T13:06:23.2813640Z Selecting previously unselected package libflac12t64:amd64.
2026-01-13T13:06:23.2950428Z Preparing to unpack .../073-libflac12t64_1.4.3+ds-2.1ubuntu2_amd64.deb ...
2026-01-13T13:06:23.2959850Z Unpacking libflac12t64:amd64 (1.4.3+ds-2.1ubuntu2) ...
2026-01-13T13:06:23.3191725Z Selecting previously unselected package libsndfile1:amd64.
2026-01-13T13:06:23.3325759Z Preparing to unpack .../074-libsndfile1_1.2.2-1ubuntu5.24.04.1_amd64.deb ...
2026-01-13T13:06:23.3334580Z Unpacking libsndfile1:amd64 (1.2.2-1ubuntu5.24.04.1) ...
2026-01-13T13:06:23.3588220Z Selecting previously unselected package libpulse0:amd64.
2026-01-13T13:06:23.3722953Z Preparing to unpack .../075-libpulse0_1%3a16.1+dfsg1-2ubuntu10.1_amd64.deb ...
2026-01-13T13:06:23.3788117Z Unpacking libpulse0:amd64 (1:16.1+dfsg1-2ubuntu10.1) ...
2026-01-13T13:06:23.4050543Z Selecting previously unselected package libsphinxbase3t64:amd64.
2026-01-13T13:06:23.4183210Z Preparing to unpack .../076-libsphinxbase3t64_0.8+5prealpha+1-17build2_amd64.deb ...
2026-01-13T13:06:23.4192135Z Unpacking libsphinxbase3t64:amd64 (0.8+5prealpha+1-17build2) ...
2026-01-13T13:06:23.4423330Z Selecting previously unselected package libpocketsphinx3:amd64.
2026-01-13T13:06:23.4560717Z Preparing to unpack .../077-libpocketsphinx3_0.8.0+real5prealpha+1-15ubuntu5_amd64.deb ...
2026-01-13T13:06:23.4586806Z Unpacking libpocketsphinx3:amd64 (0.8.0+real5prealpha+1-15ubuntu5) ...
2026-01-13T13:06:23.4944160Z Selecting previously unselected package libpostproc57:amd64.
2026-01-13T13:06:23.5077595Z Preparing to unpack .../078-libpostproc57_7%3a6.1.1-3ubuntu5_amd64.deb ...
2026-01-13T13:06:23.5085634Z Unpacking libpostproc57:amd64 (7:6.1.1-3ubuntu5) ...
2026-01-13T13:06:23.5317882Z Selecting previously unselected package libsamplerate0:amd64.
2026-01-13T13:06:23.5453106Z Preparing to unpack .../079-libsamplerate0_0.2.2-4build1_amd64.deb ...
2026-01-13T13:06:23.5462375Z Unpacking libsamplerate0:amd64 (0.2.2-4build1) ...
2026-01-13T13:06:23.5760687Z Selecting previously unselected package librubberband2:amd64.
2026-01-13T13:06:23.5895718Z Preparing to unpack .../080-librubberband2_3.3.0+dfsg-2build1_amd64.deb ...
2026-01-13T13:06:23.5904154Z Unpacking librubberband2:amd64 (3.3.0+dfsg-2build1) ...
2026-01-13T13:06:23.6124356Z Selecting previously unselected package libswscale7:amd64.
2026-01-13T13:06:23.6257888Z Preparing to unpack .../081-libswscale7_7%3a6.1.1-3ubuntu5_amd64.deb ...
2026-01-13T13:06:23.6265568Z Unpacking libswscale7:amd64 (7:6.1.1-3ubuntu5) ...
2026-01-13T13:06:23.6505080Z Selecting previously unselected package libvidstab1.1:amd64.
2026-01-13T13:06:23.6639138Z Preparing to unpack .../082-libvidstab1.1_1.1.0-2build1_amd64.deb ...
2026-01-13T13:06:23.6648756Z Unpacking libvidstab1.1:amd64 (1.1.0-2build1) ...
2026-01-13T13:06:23.6870367Z Selecting previously unselected package libzimg2:amd64.
2026-01-13T13:06:23.7004243Z Preparing to unpack .../083-libzimg2_3.0.5+ds1-1build1_amd64.deb ...
2026-01-13T13:06:23.7013957Z Unpacking libzimg2:amd64 (3.0.5+ds1-1build1) ...
2026-01-13T13:06:23.7268727Z Selecting previously unselected package libavfilter9:amd64.
2026-01-13T13:06:23.7403915Z Preparing to unpack .../084-libavfilter9_7%3a6.1.1-3ubuntu5_amd64.deb ...
2026-01-13T13:06:23.7414958Z Unpacking libavfilter9:amd64 (7:6.1.1-3ubuntu5) ...
2026-01-13T13:06:23.8144643Z Selecting previously unselected package liborc-0.4-0t64:amd64.
2026-01-13T13:06:23.8279814Z Preparing to unpack .../085-liborc-0.4-0t64_1%3a0.4.38-1ubuntu0.1_amd64.deb ...
2026-01-13T13:06:23.8288731Z Unpacking liborc-0.4-0t64:amd64 (1:0.4.38-1ubuntu0.1) ...
2026-01-13T13:06:23.8544700Z Selecting previously unselected package libgstreamer-plugins-base1.0-0:amd64.
2026-01-13T13:06:23.8680597Z Preparing to unpack .../086-libgstreamer-plugins-base1.0-0_1.24.2-1ubuntu0.3_amd64.deb ...
2026-01-13T13:06:23.8688695Z Unpacking libgstreamer-plugins-base1.0-0:amd64 (1.24.2-1ubuntu0.3) ...
2026-01-13T13:06:23.9023714Z Selecting previously unselected package gstreamer1.0-libav:amd64.
2026-01-13T13:06:23.9157515Z Preparing to unpack .../087-gstreamer1.0-libav_1.24.1-1build1_amd64.deb ...
2026-01-13T13:06:23.9165079Z Unpacking gstreamer1.0-libav:amd64 (1.24.1-1build1) ...
2026-01-13T13:06:23.9392546Z Selecting previously unselected package libcdparanoia0:amd64.
2026-01-13T13:06:23.9526222Z Preparing to unpack .../088-libcdparanoia0_3.10.2+debian-14build3_amd64.deb ...
2026-01-13T13:06:23.9534306Z Unpacking libcdparanoia0:amd64 (3.10.2+debian-14build3) ...
2026-01-13T13:06:23.9752177Z Selecting previously unselected package libvisual-0.4-0:amd64.
2026-01-13T13:06:23.9886416Z Preparing to unpack .../089-libvisual-0.4-0_0.4.2-2build1_amd64.deb ...
2026-01-13T13:06:23.9894479Z Unpacking libvisual-0.4-0:amd64 (0.4.2-2build1) ...
2026-01-13T13:06:24.0121664Z Selecting previously unselected package gstreamer1.0-plugins-base:amd64.
2026-01-13T13:06:24.0258263Z Preparing to unpack .../090-gstreamer1.0-plugins-base_1.24.2-1ubuntu0.3_amd64.deb ...
2026-01-13T13:06:24.0267725Z Unpacking gstreamer1.0-plugins-base:amd64 (1.24.2-1ubuntu0.3) ...
2026-01-13T13:06:24.0646570Z Selecting previously unselected package libaa1:amd64.
2026-01-13T13:06:24.0783068Z Preparing to unpack .../091-libaa1_1.4p5-51.1_amd64.deb ...
2026-01-13T13:06:24.0792966Z Unpacking libaa1:amd64 (1.4p5-51.1) ...
2026-01-13T13:06:24.1017260Z Selecting previously unselected package libraw1394-11:amd64.
2026-01-13T13:06:24.1153287Z Preparing to unpack .../092-libraw1394-11_2.1.2-2build3_amd64.deb ...
2026-01-13T13:06:24.1161377Z Unpacking libraw1394-11:amd64 (2.1.2-2build3) ...
2026-01-13T13:06:24.1374532Z Selecting previously unselected package libavc1394-0:amd64.
2026-01-13T13:06:24.1509035Z Preparing to unpack .../093-libavc1394-0_0.5.4-5build3_amd64.deb ...
2026-01-13T13:06:24.1517297Z Unpacking libavc1394-0:amd64 (0.5.4-5build3) ...
2026-01-13T13:06:24.1727289Z Selecting previously unselected package libcaca0:amd64.
2026-01-13T13:06:24.1863512Z Preparing to unpack .../094-libcaca0_0.99.beta20-4ubuntu0.1_amd64.deb ...
2026-01-13T13:06:24.1872080Z Unpacking libcaca0:amd64 (0.99.beta20-4ubuntu0.1) ...
2026-01-13T13:06:24.2120364Z Selecting previously unselected package libdv4t64:amd64.
2026-01-13T13:06:24.2253948Z Preparing to unpack .../095-libdv4t64_1.0.0-17.1build1_amd64.deb ...
2026-01-13T13:06:24.2262521Z Unpacking libdv4t64:amd64 (1.0.0-17.1build1) ...
2026-01-13T13:06:24.2486283Z Selecting previously unselected package libgstreamer-plugins-good1.0-0:amd64.
2026-01-13T13:06:24.2619990Z Preparing to unpack .../096-libgstreamer-plugins-good1.0-0_1.24.2-1ubuntu1.2_amd64.deb ...
2026-01-13T13:06:24.2627974Z Unpacking libgstreamer-plugins-good1.0-0:amd64 (1.24.2-1ubuntu1.2) ...
2026-01-13T13:06:24.2859059Z Selecting previously unselected package libiec61883-0:amd64.
2026-01-13T13:06:24.2994529Z Preparing to unpack .../097-libiec61883-0_1.2.0-6build1_amd64.deb ...
2026-01-13T13:06:24.3003042Z Unpacking libiec61883-0:amd64 (1.2.0-6build1) ...
2026-01-13T13:06:24.3217106Z Selecting previously unselected package libshout3:amd64.
2026-01-13T13:06:24.3350061Z Preparing to unpack .../098-libshout3_2.4.6-1build2_amd64.deb ...
2026-01-13T13:06:24.3357422Z Unpacking libshout3:amd64 (2.4.6-1build2) ...
2026-01-13T13:06:24.3573505Z Selecting previously unselected package libtag1v5-vanilla:amd64.
2026-01-13T13:06:24.3707332Z Preparing to unpack .../099-libtag1v5-vanilla_1.13.1-1build1_amd64.deb ...
2026-01-13T13:06:24.3716023Z Unpacking libtag1v5-vanilla:amd64 (1.13.1-1build1) ...
2026-01-13T13:06:24.3979188Z Selecting previously unselected package libtag1v5:amd64.
2026-01-13T13:06:24.4113884Z Preparing to unpack .../100-libtag1v5_1.13.1-1build1_amd64.deb ...
2026-01-13T13:06:24.4121953Z Unpacking libtag1v5:amd64 (1.13.1-1build1) ...
2026-01-13T13:06:24.4332065Z Selecting previously unselected package libv4lconvert0t64:amd64.
2026-01-13T13:06:24.4466415Z Preparing to unpack .../101-libv4lconvert0t64_1.26.1-4build3_amd64.deb ...
2026-01-13T13:06:24.4474426Z Unpacking libv4lconvert0t64:amd64 (1.26.1-4build3) ...
2026-01-13T13:06:24.4711132Z Selecting previously unselected package libv4l-0t64:amd64.
2026-01-13T13:06:24.4845268Z Preparing to unpack .../102-libv4l-0t64_1.26.1-4build3_amd64.deb ...
2026-01-13T13:06:24.4854095Z Unpacking libv4l-0t64:amd64 (1.26.1-4build3) ...
2026-01-13T13:06:24.5095423Z Selecting previously unselected package libwavpack1:amd64.
2026-01-13T13:06:24.5231033Z Preparing to unpack .../103-libwavpack1_5.6.0-1build1_amd64.deb ...
2026-01-13T13:06:24.5239598Z Unpacking libwavpack1:amd64 (5.6.0-1build1) ...
2026-01-13T13:06:24.5444942Z Selecting previously unselected package libsoup-3.0-common.
2026-01-13T13:06:24.5580625Z Preparing to unpack .../104-libsoup-3.0-common_3.4.4-5ubuntu0.6_all.deb ...
2026-01-13T13:06:24.5589040Z Unpacking libsoup-3.0-common (3.4.4-5ubuntu0.6) ...
2026-01-13T13:06:24.5794051Z Selecting previously unselected package libsoup-3.0-0:amd64.
2026-01-13T13:06:24.5928939Z Preparing to unpack .../105-libsoup-3.0-0_3.4.4-5ubuntu0.6_amd64.deb ...
2026-01-13T13:06:24.5936926Z Unpacking libsoup-3.0-0:amd64 (3.4.4-5ubuntu0.6) ...
2026-01-13T13:06:24.6180017Z Selecting previously unselected package gstreamer1.0-plugins-good:amd64.
2026-01-13T13:06:24.6315498Z Preparing to unpack .../106-gstreamer1.0-plugins-good_1.24.2-1ubuntu1.2_amd64.deb ...
2026-01-13T13:06:24.6323287Z Unpacking gstreamer1.0-plugins-good:amd64 (1.24.2-1ubuntu1.2) ...
2026-01-13T13:06:24.6939414Z Selecting previously unselected package libabsl20220623t64:amd64.
2026-01-13T13:06:24.7076415Z Preparing to unpack .../107-libabsl20220623t64_20220623.1-3.1ubuntu3.2_amd64.deb ...
2026-01-13T13:06:24.7085069Z Unpacking libabsl20220623t64:amd64 (20220623.1-3.1ubuntu3.2) ...
2026-01-13T13:06:24.7533399Z Selecting previously unselected package libgav1-1:amd64.
2026-01-13T13:06:24.7669326Z Preparing to unpack .../108-libgav1-1_0.18.0-1build3_amd64.deb ...
2026-01-13T13:06:24.7679347Z Unpacking libgav1-1:amd64 (0.18.0-1build3) ...
2026-01-13T13:06:24.7940013Z Selecting previously unselected package libyuv0:amd64.
2026-01-13T13:06:24.8075167Z Preparing to unpack .../109-libyuv0_0.0~git202401110.af6ac82-1_amd64.deb ...
2026-01-13T13:06:24.8083702Z Unpacking libyuv0:amd64 (0.0~git202401110.af6ac82-1) ...
2026-01-13T13:06:24.8319928Z Selecting previously unselected package libavif16:amd64.
2026-01-13T13:06:24.8454442Z Preparing to unpack .../110-libavif16_1.0.4-1ubuntu3_amd64.deb ...
2026-01-13T13:06:24.8464091Z Unpacking libavif16:amd64 (1.0.4-1ubuntu3) ...
2026-01-13T13:06:24.8680633Z Selecting previously unselected package libavtp0:amd64.
2026-01-13T13:06:24.8814960Z Preparing to unpack .../111-libavtp0_0.2.0-1build1_amd64.deb ...
2026-01-13T13:06:24.8822885Z Unpacking libavtp0:amd64 (0.2.0-1build1) ...
2026-01-13T13:06:24.9040481Z Selecting previously unselected package libcairo-script-interpreter2:amd64.
2026-01-13T13:06:24.9174650Z Preparing to unpack .../112-libcairo-script-interpreter2_1.18.0-3build1_amd64.deb ...
2026-01-13T13:06:24.9182890Z Unpacking libcairo-script-interpreter2:amd64 (1.18.0-3build1) ...
2026-01-13T13:06:24.9432245Z Selecting previously unselected package libdc1394-25:amd64.
2026-01-13T13:06:24.9565571Z Preparing to unpack .../113-libdc1394-25_2.2.6-4build1_amd64.deb ...
2026-01-13T13:06:24.9573754Z Unpacking libdc1394-25:amd64 (2.2.6-4build1) ...
2026-01-13T13:06:24.9794480Z Selecting previously unselected package libdecor-0-0:amd64.
2026-01-13T13:06:24.9928367Z Preparing to unpack .../114-libdecor-0-0_0.2.2-1build2_amd64.deb ...
2026-01-13T13:06:24.9936926Z Unpacking libdecor-0-0:amd64 (0.2.2-1build2) ...
2026-01-13T13:06:25.0150005Z Selecting previously unselected package libgles2:amd64.
2026-01-13T13:06:25.0285250Z Preparing to unpack .../115-libgles2_1.7.0-1build1_amd64.deb ...
2026-01-13T13:06:25.0293210Z Unpacking libgles2:amd64 (1.7.0-1build1) ...
2026-01-13T13:06:25.0513797Z Selecting previously unselected package libdirectfb-1.7-7t64:amd64.
2026-01-13T13:06:25.0649850Z Preparing to unpack .../116-libdirectfb-1.7-7t64_1.7.7-11.1ubuntu2_amd64.deb ...
2026-01-13T13:06:25.0658636Z Unpacking libdirectfb-1.7-7t64:amd64 (1.7.7-11.1ubuntu2) ...
2026-01-13T13:06:25.1086092Z Selecting previously unselected package libdvdread8t64:amd64.
2026-01-13T13:06:25.1222782Z Preparing to unpack .../117-libdvdread8t64_6.1.3-1.1build1_amd64.deb ...
2026-01-13T13:06:25.1233392Z Unpacking libdvdread8t64:amd64 (6.1.3-1.1build1) ...
2026-01-13T13:06:25.1466453Z Selecting previously unselected package libdvdnav4:amd64.
2026-01-13T13:06:25.1601324Z Preparing to unpack .../118-libdvdnav4_6.1.1-3build1_amd64.deb ...
2026-01-13T13:06:25.1609404Z Unpacking libdvdnav4:amd64 (6.1.1-3build1) ...
2026-01-13T13:06:25.1837327Z Selecting previously unselected package libegl-mesa0:amd64.
2026-01-13T13:06:25.1973682Z Preparing to unpack .../119-libegl-mesa0_25.0.7-0ubuntu0.24.04.2_amd64.deb ...
2026-01-13T13:06:25.1982177Z Unpacking libegl-mesa0:amd64 (25.0.7-0ubuntu0.24.04.2) ...
2026-01-13T13:06:25.2225602Z Selecting previously unselected package libevent-2.1-7t64:amd64.
2026-01-13T13:06:25.2361495Z Preparing to unpack .../120-libevent-2.1-7t64_2.1.12-stable-9ubuntu2_amd64.deb ...
2026-01-13T13:06:25.2369477Z Unpacking libevent-2.1-7t64:amd64 (2.1.12-stable-9ubuntu2) ...
2026-01-13T13:06:25.2612634Z Selecting previously unselected package libfaad2:amd64.
2026-01-13T13:06:25.2746984Z Preparing to unpack .../121-libfaad2_2.11.1-1build1_amd64.deb ...
2026-01-13T13:06:25.2754392Z Unpacking libfaad2:amd64 (2.11.1-1build1) ...
2026-01-13T13:06:25.3001755Z Selecting previously unselected package libinstpatch-1.0-2:amd64.
2026-01-13T13:06:25.3135960Z Preparing to unpack .../122-libinstpatch-1.0-2_1.1.6-1build2_amd64.deb ...
2026-01-13T13:06:25.3143541Z Unpacking libinstpatch-1.0-2:amd64 (1.1.6-1build2) ...
2026-01-13T13:06:25.3389816Z Selecting previously unselected package libjack-jackd2-0:amd64.
2026-01-13T13:06:25.3523693Z Preparing to unpack .../123-libjack-jackd2-0_1.9.21~dfsg-3ubuntu3_amd64.deb ...
2026-01-13T13:06:25.3532509Z Unpacking libjack-jackd2-0:amd64 (1.9.21~dfsg-3ubuntu3) ...
2026-01-13T13:06:25.3798196Z Selecting previously unselected package libwebrtc-audio-processing1:amd64.
2026-01-13T13:06:25.3933671Z Preparing to unpack .../124-libwebrtc-audio-processing1_0.3.1-0ubuntu6_amd64.deb ...
2026-01-13T13:06:25.3942252Z Unpacking libwebrtc-audio-processing1:amd64 (0.3.1-0ubuntu6) ...
2026-01-13T13:06:25.4182563Z Selecting previously unselected package libspa-0.2-modules:amd64.
2026-01-13T13:06:25.4318633Z Preparing to unpack .../125-libspa-0.2-modules_1.0.5-1ubuntu3.2_amd64.deb ...
2026-01-13T13:06:25.4327110Z Unpacking libspa-0.2-modules:amd64 (1.0.5-1ubuntu3.2) ...
2026-01-13T13:06:25.4672039Z Selecting previously unselected package libpipewire-0.3-0t64:amd64.
2026-01-13T13:06:25.4806261Z Preparing to unpack .../126-libpipewire-0.3-0t64_1.0.5-1ubuntu3.2_amd64.deb ...
2026-01-13T13:06:25.4817652Z Unpacking libpipewire-0.3-0t64:amd64 (1.0.5-1ubuntu3.2) ...
2026-01-13T13:06:25.5066363Z Selecting previously unselected package libsdl2-2.0-0:amd64.
2026-01-13T13:06:25.5202557Z Preparing to unpack .../127-libsdl2-2.0-0_2.30.0+dfsg-1ubuntu3.1_amd64.deb ...
2026-01-13T13:06:25.5212334Z Unpacking libsdl2-2.0-0:amd64 (2.30.0+dfsg-1ubuntu3.1) ...
2026-01-13T13:06:25.5519534Z Selecting previously unselected package timgm6mb-soundfont.
2026-01-13T13:06:25.5656339Z Preparing to unpack .../128-timgm6mb-soundfont_1.3-5_all.deb ...
2026-01-13T13:06:25.5665141Z Unpacking timgm6mb-soundfont (1.3-5) ...
2026-01-13T13:06:25.9039183Z Selecting previously unselected package libfluidsynth3:amd64.
2026-01-13T13:06:25.9175018Z Preparing to unpack .../129-libfluidsynth3_2.3.4-1build3_amd64.deb ...
2026-01-13T13:06:25.9184507Z Unpacking libfluidsynth3:amd64 (2.3.4-1build3) ...
2026-01-13T13:06:25.9434337Z Selecting previously unselected package libfreeaptx0:amd64.
2026-01-13T13:06:25.9570754Z Preparing to unpack .../130-libfreeaptx0_0.1.1-2build1_amd64.deb ...
2026-01-13T13:06:25.9581477Z Unpacking libfreeaptx0:amd64 (0.1.1-2build1) ...
2026-01-13T13:06:25.9799731Z Selecting previously unselected package libgraphene-1.0-0:amd64.
2026-01-13T13:06:25.9934421Z Preparing to unpack .../131-libgraphene-1.0-0_1.10.8-3build2_amd64.deb ...
2026-01-13T13:06:25.9943504Z Unpacking libgraphene-1.0-0:amd64 (1.10.8-3build2) ...
2026-01-13T13:06:26.0162782Z Selecting previously unselected package libgssdp-1.6-0:amd64.
2026-01-13T13:06:26.0298518Z Preparing to unpack .../132-libgssdp-1.6-0_1.6.3-1build3_amd64.deb ...
2026-01-13T13:06:26.0308990Z Unpacking libgssdp-1.6-0:amd64 (1.6.3-1build3) ...
2026-01-13T13:06:26.0539360Z Selecting previously unselected package libegl1:amd64.
2026-01-13T13:06:26.0677050Z Preparing to unpack .../133-libegl1_1.7.0-1build1_amd64.deb ...
2026-01-13T13:06:26.0685763Z Unpacking libegl1:amd64 (1.7.0-1build1) ...
2026-01-13T13:06:26.0915993Z Selecting previously unselected package libgstreamer-gl1.0-0:amd64.
2026-01-13T13:06:26.1052855Z Preparing to unpack .../134-libgstreamer-gl1.0-0_1.24.2-1ubuntu0.3_amd64.deb ...
2026-01-13T13:06:26.1063162Z Unpacking libgstreamer-gl1.0-0:amd64 (1.24.2-1ubuntu0.3) ...
2026-01-13T13:06:26.1297086Z Selecting previously unselected package libgtk-4-common.
2026-01-13T13:06:26.1434143Z Preparing to unpack .../135-libgtk-4-common_4.14.5+ds-0ubuntu0.7_all.deb ...
2026-01-13T13:06:26.1443099Z Unpacking libgtk-4-common (4.14.5+ds-0ubuntu0.7) ...
2026-01-13T13:06:26.1963744Z Selecting previously unselected package libgtk-4-1:amd64.
2026-01-13T13:06:26.2100977Z Preparing to unpack .../136-libgtk-4-1_4.14.5+ds-0ubuntu0.7_amd64.deb ...
2026-01-13T13:06:26.2110551Z Unpacking libgtk-4-1:amd64 (4.14.5+ds-0ubuntu0.7) ...
2026-01-13T13:06:26.2815048Z Selecting previously unselected package libgupnp-1.6-0:amd64.
2026-01-13T13:06:26.2951486Z Preparing to unpack .../137-libgupnp-1.6-0_1.6.6-1build3_amd64.deb ...
2026-01-13T13:06:26.2961769Z Unpacking libgupnp-1.6-0:amd64 (1.6.6-1build3) ...
2026-01-13T13:06:26.3193529Z Selecting previously unselected package libgupnp-igd-1.6-0:amd64.
2026-01-13T13:06:26.3329767Z Preparing to unpack .../138-libgupnp-igd-1.6-0_1.6.0-3build3_amd64.deb ...
2026-01-13T13:06:26.3338400Z Unpacking libgupnp-igd-1.6-0:amd64 (1.6.0-3build3) ...
2026-01-13T13:06:26.3553390Z Selecting previously unselected package libharfbuzz-icu0:amd64.
2026-01-13T13:06:26.3689360Z Preparing to unpack .../139-libharfbuzz-icu0_8.3.0-2build2_amd64.deb ...
2026-01-13T13:06:26.3699416Z Unpacking libharfbuzz-icu0:amd64 (8.3.0-2build2) ...
2026-01-13T13:06:26.3916167Z Selecting previously unselected package libhyphen0:amd64.
2026-01-13T13:06:26.4053194Z Preparing to unpack .../140-libhyphen0_2.8.8-7build3_amd64.deb ...
2026-01-13T13:06:26.4063070Z Unpacking libhyphen0:amd64 (2.8.8-7build3) ...
2026-01-13T13:06:26.4291009Z Selecting previously unselected package libimath-3-1-29t64:amd64.
2026-01-13T13:06:26.4426967Z Preparing to unpack .../141-libimath-3-1-29t64_3.1.9-3.1ubuntu2_amd64.deb ...
2026-01-13T13:06:26.4435456Z Unpacking libimath-3-1-29t64:amd64 (3.1.9-3.1ubuntu2) ...
2026-01-13T13:06:26.4905866Z Selecting previously unselected package liblc3-1:amd64.
2026-01-13T13:06:26.5045812Z Preparing to unpack .../142-liblc3-1_1.0.4-3build1_amd64.deb ...
2026-01-13T13:06:26.5056145Z Unpacking liblc3-1:amd64 (1.0.4-3build1) ...
2026-01-13T13:06:26.5288965Z Selecting previously unselected package libldacbt-enc2:amd64.
2026-01-13T13:06:26.5425206Z Preparing to unpack .../143-libldacbt-enc2_2.0.2.3+git20200429+ed310a0-4ubuntu2_amd64.deb ...
2026-01-13T13:06:26.5434202Z Unpacking libldacbt-enc2:amd64 (2.0.2.3+git20200429+ed310a0-4ubuntu2) ...
2026-01-13T13:06:26.5796327Z Preparing to unpack .../144-libxslt1.1_1.1.39-0exp1ubuntu0.24.04.3_amd64.deb ...
2026-01-13T13:06:26.5824485Z Unpacking libxslt1.1:amd64 (1.1.39-0exp1ubuntu0.24.04.3) over (1.1.39-0exp1ubuntu0.24.04.2) ...
2026-01-13T13:06:26.6147506Z Selecting previously unselected package libraptor2-0:amd64.
2026-01-13T13:06:26.6287221Z Preparing to unpack .../145-libraptor2-0_2.0.16-3ubuntu0.1_amd64.deb ...
2026-01-13T13:06:26.6296680Z Unpacking libraptor2-0:amd64 (2.0.16-3ubuntu0.1) ...
2026-01-13T13:06:26.6539692Z Selecting previously unselected package liblrdf0:amd64.
2026-01-13T13:06:26.6675700Z Preparing to unpack .../146-liblrdf0_0.6.1-4build1_amd64.deb ...
2026-01-13T13:06:26.6685185Z Unpacking liblrdf0:amd64 (0.6.1-4build1) ...
2026-01-13T13:06:26.6919232Z Selecting previously unselected package libltc11:amd64.
2026-01-13T13:06:26.7055251Z Preparing to unpack .../147-libltc11_1.3.2-1build1_amd64.deb ...
2026-01-13T13:06:26.7065956Z Unpacking libltc11:amd64 (1.3.2-1build1) ...
2026-01-13T13:06:26.7293853Z Selecting previously unselected package libmanette-0.2-0:amd64.
2026-01-13T13:06:26.7428932Z Preparing to unpack .../148-libmanette-0.2-0_0.2.7-1build2_amd64.deb ...
2026-01-13T13:06:26.7437042Z Unpacking libmanette-0.2-0:amd64 (0.2.7-1build2) ...
2026-01-13T13:06:26.7661342Z Selecting previously unselected package libmfx1:amd64.
2026-01-13T13:06:26.7795310Z Preparing to unpack .../149-libmfx1_22.5.4-1_amd64.deb ...
2026-01-13T13:06:26.7803791Z Unpacking libmfx1:amd64 (22.5.4-1) ...
2026-01-13T13:06:26.8797286Z Selecting previously unselected package libmjpegutils-2.1-0t64:amd64.
2026-01-13T13:06:26.8934475Z Preparing to unpack .../150-libmjpegutils-2.1-0t64_1%3a2.1.0+debian-8.1build1_amd64.deb ...
2026-01-13T13:06:26.8943570Z Unpacking libmjpegutils-2.1-0t64:amd64 (1:2.1.0+debian-8.1build1) ...
2026-01-13T13:06:26.9162062Z Selecting previously unselected package libmodplug1:amd64.
2026-01-13T13:06:26.9297047Z Preparing to unpack .../151-libmodplug1_1%3a0.8.9.0-3build1_amd64.deb ...
2026-01-13T13:06:26.9305492Z Unpacking libmodplug1:amd64 (1:0.8.9.0-3build1) ...
2026-01-13T13:06:26.9541118Z Selecting previously unselected package libmpcdec6:amd64.
2026-01-13T13:06:26.9677954Z Preparing to unpack .../152-libmpcdec6_2%3a0.1~r495-2build1_amd64.deb ...
2026-01-13T13:06:26.9686482Z Unpacking libmpcdec6:amd64 (2:0.1~r495-2build1) ...
2026-01-13T13:06:26.9905891Z Selecting previously unselected package libmpeg2encpp-2.1-0t64:amd64.
2026-01-13T13:06:27.0043921Z Preparing to unpack .../153-libmpeg2encpp-2.1-0t64_1%3a2.1.0+debian-8.1build1_amd64.deb ...
2026-01-13T13:06:27.0051494Z Unpacking libmpeg2encpp-2.1-0t64:amd64 (1:2.1.0+debian-8.1build1) ...
2026-01-13T13:06:27.0270236Z Selecting previously unselected package libmplex2-2.1-0t64:amd64.
2026-01-13T13:06:27.0407394Z Preparing to unpack .../154-libmplex2-2.1-0t64_1%3a2.1.0+debian-8.1build1_amd64.deb ...
2026-01-13T13:06:27.0423356Z Unpacking libmplex2-2.1-0t64:amd64 (1:2.1.0+debian-8.1build1) ...
2026-01-13T13:06:27.0654269Z Selecting previously unselected package libneon27t64:amd64.
2026-01-13T13:06:27.0789966Z Preparing to unpack .../155-libneon27t64_0.33.0-1.1build3_amd64.deb ...
2026-01-13T13:06:27.0799781Z Unpacking libneon27t64:amd64 (0.33.0-1.1build3) ...
2026-01-13T13:06:27.1036906Z Selecting previously unselected package libnice10:amd64.
2026-01-13T13:06:27.1174025Z Preparing to unpack .../156-libnice10_0.1.21-2build3_amd64.deb ...
2026-01-13T13:06:27.1181924Z Unpacking libnice10:amd64 (0.1.21-2build3) ...
2026-01-13T13:06:27.1411023Z Selecting previously unselected package libopenal-data.
2026-01-13T13:06:27.1546881Z Preparing to unpack .../157-libopenal-data_1%3a1.23.1-4build1_all.deb ...
2026-01-13T13:06:27.1558659Z Unpacking libopenal-data (1:1.23.1-4build1) ...
2026-01-13T13:06:27.1797389Z Selecting previously unselected package libopenexr-3-1-30:amd64.
2026-01-13T13:06:27.1932549Z Preparing to unpack .../158-libopenexr-3-1-30_3.1.5-5.1build3_amd64.deb ...
2026-01-13T13:06:27.1940706Z Unpacking libopenexr-3-1-30:amd64 (3.1.5-5.1build3) ...
2026-01-13T13:06:27.2339858Z Selecting previously unselected package libopenh264-7:amd64.
2026-01-13T13:06:27.2475899Z Preparing to unpack .../159-libopenh264-7_2.4.1+dfsg-1_amd64.deb ...
2026-01-13T13:06:27.2484258Z Unpacking libopenh264-7:amd64 (2.4.1+dfsg-1) ...
2026-01-13T13:06:27.2763088Z Selecting previously unselected package libopenni2-0:amd64.
2026-01-13T13:06:27.2899107Z Preparing to unpack .../160-libopenni2-0_2.2.0.33+dfsg-18_amd64.deb ...
2026-01-13T13:06:27.3048383Z Unpacking libopenni2-0:amd64 (2.2.0.33+dfsg-18) ...
2026-01-13T13:06:27.3332795Z Selecting previously unselected package libqrencode4:amd64.
2026-01-13T13:06:27.3469420Z Preparing to unpack .../161-libqrencode4_4.1.1-1build2_amd64.deb ...
2026-01-13T13:06:27.3477098Z Unpacking libqrencode4:amd64 (4.1.1-1build2) ...
2026-01-13T13:06:27.3682519Z Selecting previously unselected package libsecret-common.
2026-01-13T13:06:27.3819438Z Preparing to unpack .../162-libsecret-common_0.21.4-1build3_all.deb ...
2026-01-13T13:06:27.3826766Z Unpacking libsecret-common (0.21.4-1build3) ...
2026-01-13T13:06:27.4043220Z Selecting previously unselected package libsecret-1-0:amd64.
2026-01-13T13:06:27.4178419Z Preparing to unpack .../163-libsecret-1-0_0.21.4-1build3_amd64.deb ...
2026-01-13T13:06:27.4186194Z Unpacking libsecret-1-0:amd64 (0.21.4-1build3) ...
2026-01-13T13:06:27.4424695Z Selecting previously unselected package libsndio7.0:amd64.
2026-01-13T13:06:27.4559857Z Preparing to unpack .../164-libsndio7.0_1.9.0-0.3build3_amd64.deb ...
2026-01-13T13:06:27.4567639Z Unpacking libsndio7.0:amd64 (1.9.0-0.3build3) ...
2026-01-13T13:06:27.4783349Z Selecting previously unselected package libsoundtouch1:amd64.
2026-01-13T13:06:27.4921347Z Preparing to unpack .../165-libsoundtouch1_2.3.2+ds1-1build1_amd64.deb ...
2026-01-13T13:06:27.4930594Z Unpacking libsoundtouch1:amd64 (2.3.2+ds1-1build1) ...
2026-01-13T13:06:27.5164502Z Selecting previously unselected package libspandsp2t64:amd64.
2026-01-13T13:06:27.5299693Z Preparing to unpack .../166-libspandsp2t64_0.0.6+dfsg-2.1build1_amd64.deb ...
2026-01-13T13:06:27.5308143Z Unpacking libspandsp2t64:amd64 (0.0.6+dfsg-2.1build1) ...
2026-01-13T13:06:27.5570884Z Selecting previously unselected package libsrtp2-1:amd64.
2026-01-13T13:06:27.5706762Z Preparing to unpack .../167-libsrtp2-1_2.5.0-3build1_amd64.deb ...
2026-01-13T13:06:27.5715239Z Unpacking libsrtp2-1:amd64 (2.5.0-3build1) ...
2026-01-13T13:06:27.6067253Z Preparing to unpack .../168-libssh-4_0.10.6-2ubuntu0.2_amd64.deb ...
2026-01-13T13:06:27.6141224Z Unpacking libssh-4:amd64 (0.10.6-2ubuntu0.2) over (0.10.6-2ubuntu0.1) ...
2026-01-13T13:06:27.6462250Z Selecting previously unselected package libwildmidi2:amd64.
2026-01-13T13:06:27.6600929Z Preparing to unpack .../169-libwildmidi2_0.4.3-1build3_amd64.deb ...
2026-01-13T13:06:27.6610060Z Unpacking libwildmidi2:amd64 (0.4.3-1build3) ...
2026-01-13T13:06:27.6826496Z Selecting previously unselected package libwoff1:amd64.
2026-01-13T13:06:27.6963844Z Preparing to unpack .../170-libwoff1_1.0.2-2build1_amd64.deb ...
2026-01-13T13:06:27.6976294Z Unpacking libwoff1:amd64 (1.0.2-2build1) ...
2026-01-13T13:06:27.7197528Z Selecting previously unselected package libxcb-xkb1:amd64.
2026-01-13T13:06:27.7333843Z Preparing to unpack .../171-libxcb-xkb1_1.15-1ubuntu2_amd64.deb ...
2026-01-13T13:06:27.7343922Z Unpacking libxcb-xkb1:amd64 (1.15-1ubuntu2) ...
2026-01-13T13:06:27.7569318Z Selecting previously unselected package libxkbcommon-x11-0:amd64.
2026-01-13T13:06:27.7705191Z Preparing to unpack .../172-libxkbcommon-x11-0_1.6.0-1build1_amd64.deb ...
2026-01-13T13:06:27.7712996Z Unpacking libxkbcommon-x11-0:amd64 (1.6.0-1build1) ...
2026-01-13T13:06:27.7924376Z Selecting previously unselected package libzbar0t64:amd64.
2026-01-13T13:06:27.8063582Z Preparing to unpack .../173-libzbar0t64_0.23.93-4build3_amd64.deb ...
2026-01-13T13:06:27.8072049Z Unpacking libzbar0t64:amd64 (0.23.93-4build3) ...
2026-01-13T13:06:27.8311189Z Selecting previously unselected package libzxing3:amd64.
2026-01-13T13:06:27.8444957Z Preparing to unpack .../174-libzxing3_2.2.1-3_amd64.deb ...
2026-01-13T13:06:27.8452965Z Unpacking libzxing3:amd64 (2.2.1-3) ...
2026-01-13T13:06:27.8714434Z Selecting previously unselected package xfonts-encodings.
2026-01-13T13:06:27.8850798Z Preparing to unpack .../175-xfonts-encodings_1%3a1.0.5-0ubuntu2_all.deb ...
2026-01-13T13:06:27.8858722Z Unpacking xfonts-encodings (1:1.0.5-0ubuntu2) ...
2026-01-13T13:06:27.9158208Z Selecting previously unselected package xfonts-utils.
2026-01-13T13:06:27.9292547Z Preparing to unpack .../176-xfonts-utils_1%3a7.7+6build3_amd64.deb ...
2026-01-13T13:06:27.9303400Z Unpacking xfonts-utils (1:7.7+6build3) ...
2026-01-13T13:06:27.9916135Z Selecting previously unselected package xfonts-cyrillic.
2026-01-13T13:06:28.0052257Z Preparing to unpack .../177-xfonts-cyrillic_1%3a1.0.5+nmu1_all.deb ...
2026-01-13T13:06:28.0061398Z Unpacking xfonts-cyrillic (1:1.0.5+nmu1) ...
2026-01-13T13:06:28.0423124Z Selecting previously unselected package xfonts-scalable.
2026-01-13T13:06:28.0563618Z Preparing to unpack .../178-xfonts-scalable_1%3a1.0.3-1.3_all.deb ...
2026-01-13T13:06:28.0573079Z Unpacking xfonts-scalable (1:1.0.3-1.3) ...
2026-01-13T13:06:28.0887822Z Selecting previously unselected package libgstreamer-plugins-bad1.0-0:amd64.
2026-01-13T13:06:28.1024093Z Preparing to unpack .../179-libgstreamer-plugins-bad1.0-0_1.24.2-1ubuntu4_amd64.deb ...
2026-01-13T13:06:28.1034224Z Unpacking libgstreamer-plugins-bad1.0-0:amd64 (1.24.2-1ubuntu4) ...
2026-01-13T13:06:28.1415642Z Selecting previously unselected package libdca0:amd64.
2026-01-13T13:06:28.1554708Z Preparing to unpack .../180-libdca0_0.0.7-2build1_amd64.deb ...
2026-01-13T13:06:28.1563630Z Unpacking libdca0:amd64 (0.0.7-2build1) ...
2026-01-13T13:06:28.1801336Z Selecting previously unselected package libopenal1:amd64.
2026-01-13T13:06:28.1937999Z Preparing to unpack .../181-libopenal1_1%3a1.23.1-4build1_amd64.deb ...
2026-01-13T13:06:28.1948755Z Unpacking libopenal1:amd64 (1:1.23.1-4build1) ...
2026-01-13T13:06:28.2221939Z Selecting previously unselected package libsbc1:amd64.
2026-01-13T13:06:28.2359997Z Preparing to unpack .../182-libsbc1_2.0-1build1_amd64.deb ...
2026-01-13T13:06:28.2369105Z Unpacking libsbc1:amd64 (2.0-1build1) ...
2026-01-13T13:06:28.2605526Z Selecting previously unselected package libvo-aacenc0:amd64.
2026-01-13T13:06:28.2743370Z Preparing to unpack .../183-libvo-aacenc0_0.1.3-2build1_amd64.deb ...
2026-01-13T13:06:28.2754112Z Unpacking libvo-aacenc0:amd64 (0.1.3-2build1) ...
2026-01-13T13:06:28.2971801Z Selecting previously unselected package libvo-amrwbenc0:amd64.
2026-01-13T13:06:28.3109005Z Preparing to unpack .../184-libvo-amrwbenc0_0.1.3-2build1_amd64.deb ...
2026-01-13T13:06:28.3122857Z Unpacking libvo-amrwbenc0:amd64 (0.1.3-2build1) ...
2026-01-13T13:06:28.3350296Z Selecting previously unselected package gstreamer1.0-plugins-bad:amd64.
2026-01-13T13:06:28.3484452Z Preparing to unpack .../185-gstreamer1.0-plugins-bad_1.24.2-1ubuntu4_amd64.deb ...
2026-01-13T13:06:28.3492376Z Unpacking gstreamer1.0-plugins-bad:amd64 (1.24.2-1ubuntu4) ...
2026-01-13T13:06:28.5446355Z Setting up libgme0:amd64 (0.6.3-7build1) ...
2026-01-13T13:06:28.5470209Z Setting up libchromaprint1:amd64 (1.5.1-5) ...
2026-01-13T13:06:28.5492845Z Setting up libssh-gcrypt-4:amd64 (0.10.6-2ubuntu0.2) ...
2026-01-13T13:06:28.5516247Z Setting up libhwy1t64:amd64 (1.0.7-8.1build1) ...
2026-01-13T13:06:28.5537192Z Setting up libcairo-script-interpreter2:amd64 (1.18.0-3build1) ...
2026-01-13T13:06:28.5562608Z Setting up libfreeaptx0:amd64 (0.1.1-2build1) ...
2026-01-13T13:06:28.5588424Z Setting up libdvdread8t64:amd64 (6.1.3-1.1build1) ...
2026-01-13T13:06:28.5610112Z Setting up libudfread0:amd64 (1.1.2-1build1) ...
2026-01-13T13:06:28.5641927Z Setting up libmodplug1:amd64 (1:0.8.9.0-3build1) ...
2026-01-13T13:06:28.5666988Z Setting up libcdparanoia0:amd64 (3.10.2+debian-14build3) ...
2026-01-13T13:06:28.5689794Z Setting up libvo-amrwbenc0:amd64 (0.1.3-2build1) ...
2026-01-13T13:06:28.5713464Z Setting up libraw1394-11:amd64 (2.1.2-2build3) ...
2026-01-13T13:06:28.5737234Z Setting up libsbc1:amd64 (2.0-1build1) ...
2026-01-13T13:06:28.5762249Z Setting up libneon27t64:amd64 (0.33.0-1.1build3) ...
2026-01-13T13:06:28.5785610Z Setting up libtag1v5-vanilla:amd64 (1.13.1-1build1) ...
2026-01-13T13:06:28.5809523Z Setting up libharfbuzz-icu0:amd64 (8.3.0-2build2) ...
2026-01-13T13:06:28.5833175Z Setting up libopenni2-0:amd64 (2.2.0.33+dfsg-18) ...
2026-01-13T13:06:28.6130418Z Setting up libspeex1:amd64 (1.2.1-2ubuntu2.24.04.1) ...
2026-01-13T13:06:28.6152856Z Setting up libshine3:amd64 (3.1.1-2build1) ...
2026-01-13T13:06:28.6175701Z Setting up libcaca0:amd64 (0.99.beta20-4ubuntu0.1) ...
2026-01-13T13:06:28.6197956Z Setting up libvpl2 (2023.3.0-1build1) ...
2026-01-13T13:06:28.6223096Z Setting up libv4lconvert0t64:amd64 (1.26.1-4build3) ...
2026-01-13T13:06:28.6248093Z Setting up libx264-164:amd64 (2:0.164.3108+git31e19f9-1) ...
2026-01-13T13:06:28.6272176Z Setting up libtwolame0:amd64 (0.4.0-2build3) ...
2026-01-13T13:06:28.6294353Z Setting up libmbedcrypto7t64:amd64 (2.28.8-1) ...
2026-01-13T13:06:28.6322810Z Setting up libwoff1:amd64 (1.0.2-2build1) ...
2026-01-13T13:06:28.6350945Z Setting up liblc3-1:amd64 (1.0.4-3build1) ...
2026-01-13T13:06:28.6375361Z Setting up libqrencode4:amd64 (4.1.1-1build2) ...
2026-01-13T13:06:28.6405616Z Setting up libhyphen0:amd64 (2.8.8-7build3) ...
2026-01-13T13:06:28.6434872Z Setting up libgsm1:amd64 (1.0.22-1build1) ...
2026-01-13T13:06:28.6461690Z Setting up libvisual-0.4-0:amd64 (0.4.2-2build1) ...
2026-01-13T13:06:28.6488507Z Setting up libsoxr0:amd64 (0.1.3-4build3) ...
2026-01-13T13:06:28.6511596Z Setting up libzix-0-0:amd64 (0.4.2-2build1) ...
2026-01-13T13:06:28.6536730Z Setting up libcodec2-1.2:amd64 (1.2.0-2build1) ...
2026-01-13T13:06:28.6561313Z Setting up libsrtp2-1:amd64 (2.5.0-3build1) ...
2026-01-13T13:06:28.6590889Z Setting up libmysofa1:amd64 (1.3.2+dfsg-2ubuntu2) ...
2026-01-13T13:06:28.6612471Z Setting up libldacbt-enc2:amd64 (2.0.2.3+git20200429+ed310a0-4ubuntu2) ...
2026-01-13T13:06:28.6638197Z Setting up fonts-wqy-zenhei (0.9.45-8) ...
2026-01-13T13:06:28.6764224Z Setting up libwebrtc-audio-processing1:amd64 (0.3.1-0ubuntu6) ...
2026-01-13T13:06:28.6786758Z Setting up fonts-freefont-ttf (20211204+svn4273-2) ...
2026-01-13T13:06:28.6808036Z Setting up libevent-2.1-7t64:amd64 (2.1.12-stable-9ubuntu2) ...
2026-01-13T13:06:28.6834916Z Setting up libsvtav1enc1d1:amd64 (1.7.0+dfsg-2build1) ...
2026-01-13T13:06:28.6862521Z Setting up libsoup-3.0-common (3.4.4-5ubuntu0.6) ...
2026-01-13T13:06:28.6883862Z Setting up libmpg123-0t64:amd64 (1.32.5-1ubuntu1.1) ...
2026-01-13T13:06:28.6910912Z Setting up libcjson1:amd64 (1.7.17-1) ...
2026-01-13T13:06:28.6937170Z Setting up libxvidcore4:amd64 (2:1.3.7-1build1) ...
2026-01-13T13:06:28.6960516Z Setting up libmpcdec6:amd64 (2:0.1~r495-2build1) ...
2026-01-13T13:06:28.6986437Z Setting up libmjpegutils-2.1-0t64:amd64 (1:2.1.0+debian-8.1build1) ...
2026-01-13T13:06:28.7011772Z Setting up librav1e0:amd64 (0.7.1-2) ...
2026-01-13T13:06:28.7034182Z Setting up liborc-0.4-0t64:amd64 (1:0.4.38-1ubuntu0.1) ...
2026-01-13T13:06:28.7065477Z Setting up libxcb-xkb1:amd64 (1.15-1ubuntu2) ...
2026-01-13T13:06:28.7089393Z Setting up libvo-aacenc0:amd64 (0.1.3-2build1) ...
2026-01-13T13:06:28.7116944Z Setting up librist4:amd64 (0.2.10+dfsg-2) ...
2026-01-13T13:06:28.7140911Z Setting up libglib2.0-0t64:amd64 (2.80.0-6ubuntu3.6) ...
2026-01-13T13:06:28.7570279Z Setting up libblas3:amd64 (3.12.0-3build1.1) ...
2026-01-13T13:06:28.7633110Z update-alternatives: using /usr/lib/x86_64-linux-gnu/blas/libblas.so.3 to provide /usr/lib/x86_64-linux-gnu/libblas.so.3 (libblas.so.3-x86_64-linux-gnu) in auto mode
2026-01-13T13:06:28.7650552Z Setting up libegl-mesa0:amd64 (25.0.7-0ubuntu0.24.04.2) ...
2026-01-13T13:06:28.7673900Z Setting up libsoundtouch1:amd64 (2.3.2+ds1-1build1) ...
2026-01-13T13:06:28.7701810Z Setting up libglib2.0-data (2.80.0-6ubuntu3.6) ...
2026-01-13T13:06:28.7723541Z Setting up libplacebo338:amd64 (6.338.2-2build1) ...
2026-01-13T13:06:28.7749316Z Setting up libgles2:amd64 (1.7.0-1build1) ...
2026-01-13T13:06:28.7772647Z Setting up fonts-tlwg-loma-otf (1:0.7.3-1) ...
2026-01-13T13:06:28.7794249Z Setting up libva2:amd64 (2.20.0-2build1) ...
2026-01-13T13:06:28.7817768Z Setting up libspa-0.2-modules:amd64 (1.0.5-1ubuntu3.2) ...
2026-01-13T13:06:28.7846843Z Setting up libzxing3:amd64 (2.2.1-3) ...
2026-01-13T13:06:28.7871332Z Setting up xfonts-encodings (1:1.0.5-0ubuntu2) ...
2026-01-13T13:06:28.7893415Z Setting up libopus0:amd64 (1.4-1build1) ...
2026-01-13T13:06:28.7920450Z Setting up libfaad2:amd64 (2.11.1-1build1) ...
2026-01-13T13:06:28.7943449Z Setting up libxkbcommon-x11-0:amd64 (1.6.0-1build1) ...
2026-01-13T13:06:28.7967774Z Setting up libdc1394-25:amd64 (2.2.6-4build1) ...
2026-01-13T13:06:28.7994828Z Setting up libpng16-16t64:amd64 (1.6.43-5ubuntu0.1) ...
2026-01-13T13:06:28.8019057Z Setting up libimath-3-1-29t64:amd64 (3.1.9-3.1ubuntu2) ...
2026-01-13T13:06:28.8043316Z Setting up libunibreak5:amd64 (5.1-2build1) ...
2026-01-13T13:06:28.8066476Z Setting up libdv4t64:amd64 (1.0.0-17.1build1) ...
2026-01-13T13:06:28.8088504Z Setting up gir1.2-glib-2.0:amd64 (2.80.0-6ubuntu3.6) ...
2026-01-13T13:06:28.8115147Z Setting up libjxl0.7:amd64 (0.7.0-10.2ubuntu6.1) ...
2026-01-13T13:06:28.8137563Z Setting up libssh-4:amd64 (0.10.6-2ubuntu0.2) ...
2026-01-13T13:06:28.8161172Z Setting up libopenh264-7:amd64 (2.4.1+dfsg-1) ...
2026-01-13T13:06:28.8196490Z Setting up libltc11:amd64 (1.3.2-1build1) ...
2026-01-13T13:06:28.8224735Z Setting up libx265-199:amd64 (3.5-2build1) ...
2026-01-13T13:06:28.8251771Z Setting up libv4l-0t64:amd64 (1.26.1-4build3) ...
2026-01-13T13:06:28.8276590Z Setting up libavtp0:amd64 (0.2.0-1build1) ...
2026-01-13T13:06:28.8301017Z Setting up libsndio7.0:amd64 (1.9.0-0.3build3) ...
2026-01-13T13:06:28.8327758Z Setting up libdirectfb-1.7-7t64:amd64 (1.7.7-11.1ubuntu2) ...
2026-01-13T13:06:28.8467514Z Setting up libspandsp2t64:amd64 (0.0.6+dfsg-2.1build1) ...
2026-01-13T13:06:28.8491189Z Setting up libvidstab1.1:amd64 (1.1.0-2build1) ...
2026-01-13T13:06:28.8515910Z Setting up libvpx9:amd64 (1.14.0-1ubuntu2.2) ...
2026-01-13T13:06:28.8548729Z Setting up libsrt1.5-gnutls:amd64 (1.5.3-1build2) ...
2026-01-13T13:06:28.8571793Z Setting up libtag1v5:amd64 (1.13.1-1build1) ...
2026-01-13T13:06:28.8593851Z Setting up libflite1:amd64 (2.2-6build3) ...
2026-01-13T13:06:28.8617810Z Setting up libdav1d7:amd64 (1.4.1-1build1) ...
2026-01-13T13:06:28.8637941Z Setting up libva-drm2:amd64 (2.20.0-2build1) ...
2026-01-13T13:06:28.8668177Z Setting up fonts-ipafont-gothic (00303-21ubuntu1) ...
2026-01-13T13:06:28.8741876Z update-alternatives: using /usr/share/fonts/opentype/ipafont-gothic/ipag.ttf to provide /usr/share/fonts/truetype/fonts-japanese-gothic.ttf (fonts-japanese-gothic.ttf) in auto mode
2026-01-13T13:06:28.8759305Z Setting up ocl-icd-libopencl1:amd64 (2.3.2-1build1) ...
2026-01-13T13:06:28.8781643Z Setting up libasyncns0:amd64 (0.8-6build4) ...
2026-01-13T13:06:28.8801765Z Setting up libwildmidi2:amd64 (0.4.3-1build3) ...
2026-01-13T13:06:28.8824983Z Setting up libvdpau1:amd64 (1.5-2build1) ...
2026-01-13T13:06:28.8860587Z Setting up libwavpack1:amd64 (5.6.0-1build1) ...
2026-01-13T13:06:28.8880573Z Setting up libbs2b0:amd64 (3.1.0+dfsg-7build1) ...
2026-01-13T13:06:28.8902979Z Setting up libtheora0:amd64 (1.1.1+dfsg.1-16.1build3) ...
2026-01-13T13:06:28.8927391Z Setting up libxslt1.1:amd64 (1.1.39-0exp1ubuntu0.24.04.3) ...
2026-01-13T13:06:28.8947907Z Setting up libegl1:amd64 (1.7.0-1build1) ...
2026-01-13T13:06:28.8973586Z Setting up libdecor-0-0:amd64 (0.2.2-1build2) ...
2026-01-13T13:06:28.9003288Z Setting up libdca0:amd64 (0.0.7-2build1) ...
2026-01-13T13:06:28.9033137Z Setting up libzimg2:amd64 (3.0.5+ds1-1build1) ...
2026-01-13T13:06:28.9059596Z Setting up libopenal-data (1:1.23.1-4build1) ...
2026-01-13T13:06:28.9088122Z Setting up libabsl20220623t64:amd64 (20220623.1-3.1ubuntu3.2) ...
2026-01-13T13:06:28.9111750Z Setting up libflac12t64:amd64 (1.4.3+ds-2.1ubuntu2) ...
2026-01-13T13:06:28.9137260Z Setting up libgtk-4-common (4.14.5+ds-0ubuntu0.7) ...
2026-01-13T13:06:28.9163306Z Setting up libmpeg2encpp-2.1-0t64:amd64 (1:2.1.0+debian-8.1build1) ...
2026-01-13T13:06:28.9193465Z Setting up glib-networking-common (2.80.0-1build1) ...
2026-01-13T13:06:28.9216950Z Setting up libmfx1:amd64 (22.5.4-1) ...
2026-01-13T13:06:28.9238656Z Setting up libbluray2:amd64 (1:1.3.4-1build1) ...
2026-01-13T13:06:28.9263909Z Setting up libsamplerate0:amd64 (0.2.2-4build1) ...
2026-01-13T13:06:28.9285398Z Setting up timgm6mb-soundfont (1.3-5) ...
2026-01-13T13:06:28.9405201Z update-alternatives: using /usr/share/sounds/sf2/TimGM6mb.sf2 to provide /usr/share/sounds/sf2/default-GM.sf2 (default-GM.sf2) in auto mode
2026-01-13T13:06:28.9449970Z update-alternatives: using /usr/share/sounds/sf2/TimGM6mb.sf2 to provide /usr/share/sounds/sf3/default-GM.sf3 (default-GM.sf3) in auto mode
2026-01-13T13:06:28.9472696Z Setting up libva-x11-2:amd64 (2.20.0-2build1) ...
2026-01-13T13:06:28.9496450Z Setting up libyuv0:amd64 (0.0~git202401110.af6ac82-1) ...
2026-01-13T13:06:28.9523434Z Setting up libmplex2-2.1-0t64:amd64 (1:2.1.0+debian-8.1build1) ...
2026-01-13T13:06:28.9544010Z Setting up libpipewire-0.3-0t64:amd64 (1.0.5-1ubuntu3.2) ...
2026-01-13T13:06:28.9566628Z Setting up libopenmpt0t64:amd64 (0.7.3-1.1build3) ...
2026-01-13T13:06:28.9591705Z Setting up libzvbi-common (0.2.42-2) ...
2026-01-13T13:06:28.9617874Z Setting up libsecret-common (0.21.4-1build3) ...
2026-01-13T13:06:28.9644285Z Setting up libmp3lame0:amd64 (3.100-6build1) ...
2026-01-13T13:06:28.9669638Z Setting up libgraphene-1.0-0:amd64 (1.10.8-3build2) ...
2026-01-13T13:06:28.9691629Z Setting up libvorbisenc2:amd64 (1.3.7-1build3) ...
2026-01-13T13:06:28.9712951Z Setting up libdvdnav4:amd64 (6.1.1-3build1) ...
2026-01-13T13:06:28.9736841Z Setting up fonts-unifont (1:15.1.01-1build1) ...
2026-01-13T13:06:28.9761162Z Setting up libaa1:amd64 (1.4p5-51.1) ...
2026-01-13T13:06:28.9787128Z Setting up libiec61883-0:amd64 (1.2.0-6build1) ...
2026-01-13T13:06:28.9812856Z Setting up libserd-0-0:amd64 (0.32.2-1) ...
2026-01-13T13:06:28.9834103Z Setting up libavc1394-0:amd64 (0.5.4-5build3) ...
2026-01-13T13:06:28.9859172Z Setting up session-migration (0.3.9build1) ...
2026-01-13T13:06:29.1134837Z Created symlink /etc/systemd/user/graphical-session-pre.target.wants/session-migration.service → /usr/lib/systemd/user/session-migration.service.
2026-01-13T13:06:29.1135513Z 
2026-01-13T13:06:29.1166339Z Setting up liblapack3:amd64 (3.12.0-3build1.1) ...
2026-01-13T13:06:29.1232087Z update-alternatives: using /usr/lib/x86_64-linux-gnu/lapack/liblapack.so.3 to provide /usr/lib/x86_64-linux-gnu/liblapack.so.3 (liblapack.so.3-x86_64-linux-gnu) in auto mode
2026-01-13T13:06:29.1248577Z Setting up libproxy1v5:amd64 (0.5.4-4build1) ...
2026-01-13T13:06:29.1274731Z Setting up libzvbi0t64:amd64 (0.2.42-2) ...
2026-01-13T13:06:29.1301247Z Setting up libmanette-0.2-0:amd64 (0.2.7-1build2) ...
2026-01-13T13:06:29.1327075Z Setting up libraptor2-0:amd64 (2.0.16-3ubuntu0.1) ...
2026-01-13T13:06:29.1351093Z Setting up libglib2.0-bin (2.80.0-6ubuntu3.6) ...
2026-01-13T13:06:29.1375662Z Setting up libzbar0t64:amd64 (0.23.93-4build3) ...
2026-01-13T13:06:29.1406012Z Setting up libgstreamer-plugins-base1.0-0:amd64 (1.24.2-1ubuntu0.3) ...
2026-01-13T13:06:29.1431573Z Setting up libavutil58:amd64 (7:6.1.1-3ubuntu5) ...
2026-01-13T13:06:29.1453422Z Setting up libopenal1:amd64 (1:1.23.1-4build1) ...
2026-01-13T13:06:29.1480166Z Setting up xfonts-utils (1:7.7+6build3) ...
2026-01-13T13:06:29.1525482Z Setting up librsvg2-2:amd64 (2.58.0+dfsg-1build1) ...
2026-01-13T13:06:29.1564638Z Setting up libsecret-1-0:amd64 (0.21.4-1build3) ...
2026-01-13T13:06:29.1592225Z Setting up libgstreamer-plugins-good1.0-0:amd64 (1.24.2-1ubuntu1.2) ...
2026-01-13T13:06:29.1622012Z Setting up libgstreamer-gl1.0-0:amd64 (1.24.2-1ubuntu0.3) ...
2026-01-13T13:06:29.1656613Z Setting up gstreamer1.0-plugins-base:amd64 (1.24.2-1ubuntu0.3) ...
2026-01-13T13:06:29.1682712Z Setting up libass9:amd64 (1:0.17.1-2build1) ...
2026-01-13T13:06:29.1710412Z Setting up libswresample4:amd64 (7:6.1.1-3ubuntu5) ...
2026-01-13T13:06:29.1738100Z Setting up libopenexr-3-1-30:amd64 (3.1.5-5.1build3) ...
2026-01-13T13:06:29.1763332Z Setting up libshout3:amd64 (2.4.6-1build2) ...
2026-01-13T13:06:29.1794747Z Setting up libgav1-1:amd64 (0.18.0-1build3) ...
2026-01-13T13:06:29.1821123Z Setting up libavcodec60:amd64 (7:6.1.1-3ubuntu5) ...
2026-01-13T13:06:29.1846740Z Setting up librubberband2:amd64 (3.3.0+dfsg-2build1) ...
2026-01-13T13:06:29.1877306Z Setting up libjack-jackd2-0:amd64 (1.9.21~dfsg-3ubuntu3) ...
2026-01-13T13:06:29.1899556Z Setting up libsord-0-0:amd64 (0.16.16-2build1) ...
2026-01-13T13:06:29.1927878Z Setting up xfonts-cyrillic (1:1.0.5+nmu1) ...
2026-01-13T13:06:29.2387858Z Setting up libpostproc57:amd64 (7:6.1.1-3ubuntu5) ...
2026-01-13T13:06:29.2415382Z Setting up libsratom-0-0:amd64 (0.6.16-1build1) ...
2026-01-13T13:06:29.2449803Z Setting up libgtk-4-1:amd64 (4.14.5+ds-0ubuntu0.7) ...
2026-01-13T13:06:29.6123319Z Setting up libsndfile1:amd64 (1.2.2-1ubuntu5.24.04.1) ...
2026-01-13T13:06:29.6151869Z Setting up liblilv-0-0:amd64 (0.24.22-1build1) ...
2026-01-13T13:06:29.6174715Z Setting up libinstpatch-1.0-2:amd64 (1.1.6-1build2) ...
2026-01-13T13:06:29.6203983Z Setting up xfonts-scalable (1:1.0.3-1.3) ...
2026-01-13T13:06:29.6645083Z Setting up libswscale7:amd64 (7:6.1.1-3ubuntu5) ...
2026-01-13T13:06:29.6673240Z Setting up gsettings-desktop-schemas (46.1-0ubuntu1) ...
2026-01-13T13:06:29.6700706Z Setting up glib-networking-services (2.80.0-1build1) ...
2026-01-13T13:06:29.6732147Z Setting up libavif16:amd64 (1.0.4-1ubuntu3) ...
2026-01-13T13:06:29.6761180Z Setting up libpulse0:amd64 (1:16.1+dfsg1-2ubuntu10.1) ...
2026-01-13T13:06:29.6851775Z Setting up liblrdf0:amd64 (0.6.1-4build1) ...
2026-01-13T13:06:29.6877187Z Setting up libavformat60:amd64 (7:6.1.1-3ubuntu5) ...
2026-01-13T13:06:29.6898273Z Setting up libsphinxbase3t64:amd64 (0.8+5prealpha+1-17build2) ...
2026-01-13T13:06:29.6918494Z Setting up glib-networking:amd64 (2.80.0-1build1) ...
2026-01-13T13:06:29.6951987Z Setting up libsdl2-2.0-0:amd64 (2.30.0+dfsg-1ubuntu3.1) ...
2026-01-13T13:06:29.6977756Z Setting up libfluidsynth3:amd64 (2.3.4-1build3) ...
2026-01-13T13:06:29.7001125Z Setting up libsoup-3.0-0:amd64 (3.4.4-5ubuntu0.6) ...
2026-01-13T13:06:29.7027241Z Setting up libpocketsphinx3:amd64 (0.8.0+real5prealpha+1-15ubuntu5) ...
2026-01-13T13:06:29.7051759Z Setting up libgssdp-1.6-0:amd64 (1.6.3-1build3) ...
2026-01-13T13:06:29.7073040Z Setting up gstreamer1.0-plugins-good:amd64 (1.24.2-1ubuntu1.2) ...
2026-01-13T13:06:29.7103008Z Setting up libgupnp-1.6-0:amd64 (1.6.6-1build3) ...
2026-01-13T13:06:29.7130893Z Setting up libavfilter9:amd64 (7:6.1.1-3ubuntu5) ...
2026-01-13T13:06:29.7155673Z Setting up libgupnp-igd-1.6-0:amd64 (1.6.0-3build3) ...
2026-01-13T13:06:29.7214956Z Setting up gstreamer1.0-libav:amd64 (1.24.1-1build1) ...
2026-01-13T13:06:29.7247020Z Setting up libnice10:amd64 (0.1.21-2build3) ...
2026-01-13T13:06:29.7274092Z Setting up libgstreamer-plugins-bad1.0-0:amd64 (1.24.2-1ubuntu4) ...
2026-01-13T13:06:29.7301192Z Setting up gstreamer1.0-plugins-bad:amd64 (1.24.2-1ubuntu4) ...
2026-01-13T13:06:29.7337970Z Processing triggers for libc-bin (2.39-0ubuntu8.6) ...
2026-01-13T13:06:29.7928628Z Processing triggers for man-db (2.12.0-4build2) ...
2026-01-13T13:06:29.8009565Z Not building database; man-db/auto-update is not 'true'.
2026-01-13T13:06:29.8032485Z Processing triggers for fontconfig (2.15.0-1.1ubuntu2) ...
2026-01-13T13:06:31.3657302Z 
2026-01-13T13:06:31.3658109Z Running kernel seems to be up-to-date.
2026-01-13T13:06:31.3658537Z 
2026-01-13T13:06:31.3658722Z Restarting services...
2026-01-13T13:06:31.4104502Z  systemctl restart packagekit.service php8.3-fpm.service polkit.service udisks2.service
2026-01-13T13:06:31.5348705Z 
2026-01-13T13:06:31.5350494Z Service restarts being deferred:
2026-01-13T13:06:31.5351092Z  systemctl restart ModemManager.service
2026-01-13T13:06:31.5351685Z  systemctl restart networkd-dispatcher.service
2026-01-13T13:06:31.5352061Z 
2026-01-13T13:06:31.5352344Z No containers need to be restarted.
2026-01-13T13:06:31.5352649Z 
2026-01-13T13:06:31.5352949Z No user sessions are running outdated binaries.
2026-01-13T13:06:31.5353318Z 
2026-01-13T13:06:31.5353821Z No VM guests are running outdated hypervisor (qemu) binaries on this host.
2026-01-13T13:06:32.4899752Z Downloading Chromium 143.0.7499.4 (playwright build v1200) from https://cdn.playwright.dev/dbazure/download/playwright/builds/chromium/1200/chromium-linux.zip
2026-01-13T13:06:32.7503776Z |                                                                                |   0% of 164.7 MiB
2026-01-13T13:06:32.9369182Z |■■■■■■■■                                                                        |  10% of 164.7 MiB
2026-01-13T13:06:33.0527066Z |■■■■■■■■■■■■■■■■                                                                |  20% of 164.7 MiB
2026-01-13T13:06:33.1521442Z |■■■■■■■■■■■■■■■■■■■■■■■■                                                        |  30% of 164.7 MiB
2026-01-13T13:06:33.2701409Z |■■■■■■■■■■■■■■■■■■■■■■■■■■■■■■■■                                                |  40% of 164.7 MiB
2026-01-13T13:06:33.3821356Z |■■■■■■■■■■■■■■■■■■■■■■■■■■■■■■■■■■■■■■■■                                        |  50% of 164.7 MiB
2026-01-13T13:06:33.4946739Z |■■■■■■■■■■■■■■■■■■■■■■■■■■■■■■■■■■■■■■■■■■■■■■■■                                |  60% of 164.7 MiB
2026-01-13T13:06:33.6077314Z |■■■■■■■■■■■■■■■■■■■■■■■■■■■■■■■■■■■■■■■■■■■■■■■■■■■■■■■■                        |  70% of 164.7 MiB
2026-01-13T13:06:33.7164785Z |■■■■■■■■■■■■■■■■■■■■■■■■■■■■■■■■■■■■■■■■■■■■■■■■■■■■■■■■■■■■■■■■                |  80% of 164.7 MiB
2026-01-13T13:06:33.8206652Z |■■■■■■■■■■■■■■■■■■■■■■■■■■■■■■■■■■■■■■■■■■■■■■■■■■■■■■■■■■■■■■■■■■■■■■■■        |  90% of 164.7 MiB
2026-01-13T13:06:33.9295488Z |■■■■■■■■■■■■■■■■■■■■■■■■■■■■■■■■■■■■■■■■■■■■■■■■■■■■■■■■■■■■■■■■■■■■■■■■■■■■■■■■| 100% of 164.7 MiB
2026-01-13T13:06:37.0316913Z Chromium 143.0.7499.4 (playwright build v1200) downloaded to /home/runner/.cache/ms-playwright/chromium-1200
2026-01-13T13:06:37.0322546Z Downloading Chromium Headless Shell 143.0.7499.4 (playwright build v1200) from https://cdn.playwright.dev/dbazure/download/playwright/builds/chromium/1200/chromium-headless-shell-linux.zip
2026-01-13T13:06:37.2884612Z |                                                                                |   0% of 109.7 MiB
2026-01-13T13:06:37.4160158Z |■■■■■■■■                                                                        |  10% of 109.7 MiB
2026-01-13T13:06:37.4910021Z |■■■■■■■■■■■■■■■■                                                                |  20% of 109.7 MiB
2026-01-13T13:06:37.5592559Z |■■■■■■■■■■■■■■■■■■■■■■■■                                                        |  30% of 109.7 MiB
2026-01-13T13:06:37.6234204Z |■■■■■■■■■■■■■■■■■■■■■■■■■■■■■■■■                                                |  40% of 109.7 MiB
2026-01-13T13:06:37.6764129Z |■■■■■■■■■■■■■■■■■■■■■■■■■■■■■■■■■■■■■■■■                                        |  50% of 109.7 MiB
2026-01-13T13:06:37.7272287Z |■■■■■■■■■■■■■■■■■■■■■■■■■■■■■■■■■■■■■■■■■■■■■■■■                                |  60% of 109.7 MiB
2026-01-13T13:06:37.7873295Z |■■■■■■■■■■■■■■■■■■■■■■■■■■■■■■■■■■■■■■■■■■■■■■■■■■■■■■■■                        |  70% of 109.7 MiB
2026-01-13T13:06:37.8434547Z |■■■■■■■■■■■■■■■■■■■■■■■■■■■■■■■■■■■■■■■■■■■■■■■■■■■■■■■■■■■■■■■■                |  80% of 109.7 MiB
2026-01-13T13:06:37.8988224Z |■■■■■■■■■■■■■■■■■■■■■■■■■■■■■■■■■■■■■■■■■■■■■■■■■■■■■■■■■■■■■■■■■■■■■■■■        |  90% of 109.7 MiB
2026-01-13T13:06:37.9468687Z |■■■■■■■■■■■■■■■■■■■■■■■■■■■■■■■■■■■■■■■■■■■■■■■■■■■■■■■■■■■■■■■■■■■■■■■■■■■■■■■■| 100% of 109.7 MiB
2026-01-13T13:06:40.3024042Z Chromium Headless Shell 143.0.7499.4 (playwright build v1200) downloaded to /home/runner/.cache/ms-playwright/chromium_headless_shell-1200
2026-01-13T13:06:40.3027647Z Downloading Firefox 144.0.2 (playwright build v1497) from https://cdn.playwright.dev/dbazure/download/playwright/builds/firefox/1497/firefox-ubuntu-24.04.zip
2026-01-13T13:06:40.4816792Z |                                                                                |   0% of 98.4 MiB
2026-01-13T13:06:40.5762341Z |■■■■■■■■                                                                        |  10% of 98.4 MiB
2026-01-13T13:06:40.6455513Z |■■■■■■■■■■■■■■■■                                                                |  20% of 98.4 MiB
2026-01-13T13:06:40.7189977Z |■■■■■■■■■■■■■■■■■■■■■■■■                                                        |  30% of 98.4 MiB
2026-01-13T13:06:40.8661807Z |■■■■■■■■■■■■■■■■■■■■■■■■■■■■■■■■                                                |  40% of 98.4 MiB
2026-01-13T13:06:41.0090388Z |■■■■■■■■■■■■■■■■■■■■■■■■■■■■■■■■■■■■■■■■                                        |  50% of 98.4 MiB
2026-01-13T13:06:41.0646237Z |■■■■■■■■■■■■■■■■■■■■■■■■■■■■■■■■■■■■■■■■■■■■■■■■                                |  60% of 98.4 MiB
2026-01-13T13:06:41.1203657Z |■■■■■■■■■■■■■■■■■■■■■■■■■■■■■■■■■■■■■■■■■■■■■■■■■■■■■■■■                        |  70% of 98.4 MiB
2026-01-13T13:06:41.1703885Z |■■■■■■■■■■■■■■■■■■■■■■■■■■■■■■■■■■■■■■■■■■■■■■■■■■■■■■■■■■■■■■■■                |  80% of 98.4 MiB
2026-01-13T13:06:41.2168292Z |■■■■■■■■■■■■■■■■■■■■■■■■■■■■■■■■■■■■■■■■■■■■■■■■■■■■■■■■■■■■■■■■■■■■■■■■        |  90% of 98.4 MiB
2026-01-13T13:06:41.2686459Z |■■■■■■■■■■■■■■■■■■■■■■■■■■■■■■■■■■■■■■■■■■■■■■■■■■■■■■■■■■■■■■■■■■■■■■■■■■■■■■■■| 100% of 98.4 MiB
2026-01-13T13:06:43.4076839Z Firefox 144.0.2 (playwright build v1497) downloaded to /home/runner/.cache/ms-playwright/firefox-1497
2026-01-13T13:06:43.4080287Z Downloading Webkit 26.0 (playwright build v2227) from https://cdn.playwright.dev/dbazure/download/playwright/builds/webkit/2227/webkit-ubuntu-24.04.zip
2026-01-13T13:06:43.6048089Z |                                                                                |   0% of 95.9 MiB
2026-01-13T13:06:43.7205755Z |■■■■■■■■                                                                        |  10% of 95.9 MiB
2026-01-13T13:06:43.7993939Z |■■■■■■■■■■■■■■■■                                                                |  20% of 95.9 MiB
2026-01-13T13:06:43.8767466Z |■■■■■■■■■■■■■■■■■■■■■■■■                                                        |  30% of 95.9 MiB
2026-01-13T13:06:43.9481204Z |■■■■■■■■■■■■■■■■■■■■■■■■■■■■■■■■                                                |  40% of 95.9 MiB
2026-01-13T13:06:44.0071113Z |■■■■■■■■■■■■■■■■■■■■■■■■■■■■■■■■■■■■■■■■                                        |  50% of 95.9 MiB
2026-01-13T13:06:44.0699217Z |■■■■■■■■■■■■■■■■■■■■■■■■■■■■■■■■■■■■■■■■■■■■■■■■                                |  60% of 95.9 MiB
2026-01-13T13:06:44.1831782Z |■■■■■■■■■■■■■■■■■■■■■■■■■■■■■■■■■■■■■■■■■■■■■■■■■■■■■■■■                        |  70% of 95.9 MiB
2026-01-13T13:06:44.2414243Z |■■■■■■■■■■■■■■■■■■■■■■■■■■■■■■■■■■■■■■■■■■■■■■■■■■■■■■■■■■■■■■■■                |  80% of 95.9 MiB
2026-01-13T13:06:44.3078986Z |■■■■■■■■■■■■■■■■■■■■■■■■■■■■■■■■■■■■■■■■■■■■■■■■■■■■■■■■■■■■■■■■■■■■■■■■        |  90% of 95.9 MiB
2026-01-13T13:06:44.3606393Z |■■■■■■■■■■■■■■■■■■■■■■■■■■■■■■■■■■■■■■■■■■■■■■■■■■■■■■■■■■■■■■■■■■■■■■■■■■■■■■■■| 100% of 95.9 MiB
2026-01-13T13:06:46.4070272Z Webkit 26.0 (playwright build v2227) downloaded to /home/runner/.cache/ms-playwright/webkit-2227
2026-01-13T13:06:46.4073752Z Downloading FFMPEG playwright build v1011 from https://cdn.playwright.dev/dbazure/download/playwright/builds/ffmpeg/1011/ffmpeg-linux.zip
2026-01-13T13:06:46.5778506Z |                                                                                |   0% of 2.3 MiB
2026-01-13T13:06:46.5836107Z |■■■■■■■■                                                                        |  10% of 2.3 MiB
2026-01-13T13:06:46.5882147Z |■■■■■■■■■■■■■■■■                                                                |  20% of 2.3 MiB
2026-01-13T13:06:46.5916392Z |■■■■■■■■■■■■■■■■■■■■■■■■                                                        |  30% of 2.3 MiB
2026-01-13T13:06:46.5937307Z |■■■■■■■■■■■■■■■■■■■■■■■■■■■■■■■■                                                |  40% of 2.3 MiB
2026-01-13T13:06:46.5962147Z |■■■■■■■■■■■■■■■■■■■■■■■■■■■■■■■■■■■■■■■■                                        |  50% of 2.3 MiB
2026-01-13T13:06:46.5983330Z |■■■■■■■■■■■■■■■■■■■■■■■■■■■■■■■■■■■■■■■■■■■■■■■■                                |  60% of 2.3 MiB
2026-01-13T13:06:46.6006657Z |■■■■■■■■■■■■■■■■■■■■■■■■■■■■■■■■■■■■■■■■■■■■■■■■■■■■■■■■                        |  70% of 2.3 MiB
2026-01-13T13:06:46.6030192Z |■■■■■■■■■■■■■■■■■■■■■■■■■■■■■■■■■■■■■■■■■■■■■■■■■■■■■■■■■■■■■■■■                |  80% of 2.3 MiB
2026-01-13T13:06:46.6052214Z |■■■■■■■■■■■■■■■■■■■■■■■■■■■■■■■■■■■■■■■■■■■■■■■■■■■■■■■■■■■■■■■■■■■■■■■■        |  90% of 2.3 MiB
2026-01-13T13:06:46.6073477Z |■■■■■■■■■■■■■■■■■■■■■■■■■■■■■■■■■■■■■■■■■■■■■■■■■■■■■■■■■■■■■■■■■■■■■■■■■■■■■■■■| 100% of 2.3 MiB
2026-01-13T13:06:46.6767001Z FFMPEG playwright build v1011 downloaded to /home/runner/.cache/ms-playwright/ffmpeg-1011
2026-01-13T13:06:47.0658004Z ##[group]Run mkdir -p docs/menus
2026-01-13T13:06:47.0658318Z [36;1mmkdir -p docs/menus[0m
2026-01-13T13:06:47.0693156Z shell: /usr/bin/bash -e {0}
2026-01-13T13:06:47.0693422Z ##[endgroup]
2026-01-13T13:06:47.0836501Z ##[group]Run node prescrap.js
2026-01-13T13:06:47.0836780Z [36;1mnode prescrap.js[0m
2026-01-13T13:06:47.0869502Z shell: /usr/bin/bash -e {0}
2026-01-13T13:06:47.0869930Z ##[endgroup]
2026-01-13T13:06:47.3860796Z 
2026-01-13T13:06:47.3862113Z 🔥 メニュープリスクレイピング開始 (10日間)
2026-01-13T13:06:47.3866242Z ============================================================
2026-01-13T13:06:47.3867622Z 
2026-01-13T13:06:47.3868265Z 📅 [1/10] 1/13(火)
2026-01-13T13:06:47.3869636Z 
2026-01-13T13:06:47.3870079Z ============================================================
2026-01-13T13:06:47.3871132Z 🌐 [スクレイプ開始] 日付: 1/13(火)
2026-01-13T13:06:47.3877584Z ============================================================
2026-01-13T13:06:48.6840173Z ✅ ブラウザ起動完了
2026-01-13T13:06:48.6841806Z ⏳ サイト読み込み中...
2026-01-13T13:06:50.9008369Z ✅ サイト読み込み完了
2026-01-13T13:06:52.9016874Z 📑 タブ切り替え: 「今週」を選択
2026-01-13T13:06:53.7784755Z ✅ タブ切り替え完了
2026-01-13T13:06:53.8143788Z    ❌ エラー: 日付「1/13(火)」が見つかりません。利用可能な日付: 1/14(水), 1/15(木), 1/16(金), 1/17(土), 1/18(日), 1/19(月), 1/20(火), 1/21(水), 1/22(木), 1/23(金), 1/24(土)
2026-01-13T13:06:53.8144434Z 📅 日付選択: 「1/13(火)」
2026-01-13T13:06:54.8154449Z 
2026-01-13T13:06:54.8155359Z 📅 [2/10] 1/14(水)
2026-01-13T13:06:54.8155688Z 
2026-01-13T13:06:54.8156175Z ============================================================
2026-01-13T13:06:54.8157043Z 🌐 [スクレイプ開始] 日付: 1/14(水)
2026-01-13T13:06:54.8157684Z ============================================================
2026-01-13T13:06:54.8922935Z ✅ ブラウザ起動完了
2026-01-13T13:06:54.8923788Z ⏳ サイト読み込み中...
2026-01-13T13:06:56.5467769Z ✅ サイト読み込み完了
2026-01-13T13:06:58.5478337Z 📑 タブ切り替え: 「今週」を選択
2026-01-13T13:06:59.4173913Z ✅ タブ切り替え完了
2026-01-13T13:06:59.4174371Z 📅 日付選択: 「1/14(水)」
2026-01-13T13:07:00.2313850Z ✅ 日付選択完了
2026-01-13T13:07:00.2315755Z 📋 [展開開始] メニュー展開ボタンをクリック開始
2026-01-13T13:07:00.2353335Z    展開前: 0 メニュー
2026-01-13T13:07:00.2374752Z ✅ [展開完了] 展開ボタンがなくなりました（合計 0 回クリック）
2026-01-13T13:07:15.2420519Z ⚠️  メニュー要素が見つかりません（0個）。ページの状態を確認します...
2026-01-13T13:07:15.2475058Z ❌ ページに menu-content クラスが含まれていません
2026-01-13T13:07:15.2492328Z 
2026-01-13T13:07:15.2492930Z 🔍 [スクレイプ開始] 合計 0 メニューを取得開始
2026-01-13T13:07:15.2493215Z 
2026-01-13T13:07:15.2496119Z 📊 [スクレイプ完了] 成功: 0, 失敗: 0, 合計: 0
2026-01-13T13:07:15.2496505Z 
2026-01-13T13:07:15.2496849Z ============================================================
2026-01-13T13:07:15.2497505Z ✨ [完成] 1/14(水) のメニュー取得完了
2026-01-13T13:07:15.2497949Z    合計メニュー数: 0
2026-01-13T13:07:15.2498464Z ============================================================
2026-01-13T13:07:15.2499069Z 
2026-01-13T13:07:15.2729552Z ✅ メニュー保存: menus_2026-01-14.json
2026-01-13T13:07:15.2729909Z    メニュー数: 0
2026-01-13T13:07:16.2734014Z 
2026-01-13T13:07:16.2735047Z 📅 [3/10] 1/15(木)
2026-01-13T13:07:16.2735467Z 
2026-01-13T13:07:16.2735847Z ============================================================
2026-01-13T13:07:16.2736515Z 🌐 [スクレイプ開始] 日付: 1/15(木)
2026-01-13T13:07:16.2737089Z ============================================================
2026-01-13T13:07:16.3545584Z ✅ ブラウザ起動完了
2026-01-13T13:07:16.3546969Z ⏳ サイト読み込み中...
2026-01-13T13:07:19.1065059Z ✅ サイト読み込み完了
2026-01-13T13:07:21.1071818Z 📑 タブ切り替え: 「今週」を選択
2026-01-13T13:07:21.9782523Z ✅ タブ切り替え完了
2026-01-13T13:07:21.9783733Z 📅 日付選択: 「1/15(木)」
2026-01-13T13:07:22.7912837Z ✅ 日付選択完了
2026-01-13T13:07:22.7913352Z 📋 [展開開始] メニュー展開ボタンをクリック開始
2026-01-13T13:07:22.7944779Z    展開前: 0 メニュー
2026-01-13T13:07:22.7961417Z ✅ [展開完了] 展開ボタンがなくなりました（合計 0 回クリック）
2026-01-13T13:07:37.7998003Z ⚠️  メニュー要素が見つかりません（0個）。ページの状態を確認します...
2026-01-13T13:07:37.8054412Z ❌ ページに menu-content クラスが含まれていません
2026-01-13T13:07:37.8072003Z 
2026-01-13T13:07:37.8072451Z 🔍 [スクレイプ開始] 合計 0 メニューを取得開始
2026-01-13T13:07:37.8072699Z 
2026-01-13T13:07:37.8073046Z 📊 [スクレイプ完了] 成功: 0, 失敗: 0, 合計: 0
2026-01-13T13:07:37.8073325Z 
2026-01-13T13:07:37.8073666Z ============================================================
2026-01-13T13:07:37.8074371Z ✨ [完成] 1/15(木) のメニュー取得完了
2026-01-13T13:07:37.8074830Z    合計メニュー数: 0
2026-01-13T13:07:37.8075736Z ============================================================
2026-01-13T13:07:37.8076124Z 
2026-01-13T13:07:37.8324393Z ✅ メニュー保存: menus_2026-01-15.json
2026-01-13T13:07:37.8324735Z    メニュー数: 0
2026-01-13T13:07:38.8338999Z 
2026-01-13T13:07:38.8339881Z 📅 [4/10] 1/16(金)
2026-01-13T13:07:38.8340210Z 
2026-01-13T13:07:38.8340601Z ============================================================
2026-01-13T13:07:38.8341500Z 🌐 [スクレイプ開始] 日付: 1/16(金)
2026-01-13T13:07:38.8342133Z ============================================================
2026-01-13T13:07:38.9110272Z ✅ ブラウザ起動完了
2026-01-13T13:07:38.9111123Z ⏳ サイト読み込み中...
2026-01-13T13:07:40.5535042Z ✅ サイト読み込み完了
2026-01-13T13:07:42.5543897Z 📑 タブ切り替え: 「今週」を選択
2026-01-13T13:07:43.4235152Z ✅ タブ切り替え完了
2026-01-13T13:07:43.4235833Z 📅 日付選択: 「1/16(金)」
2026-01-13T13:07:44.2363853Z ✅ 日付選択完了
2026-01-13T13:07:44.2364558Z 📋 [展開開始] メニュー展開ボタンをクリック開始
2026-01-13T13:07:44.2396167Z    展開前: 0 メニュー
2026-01-13T13:07:44.2411849Z ✅ [展開完了] 展開ボタンがなくなりました（合計 0 回クリック）
2026-01-13T13:07:59.2451887Z ⚠️  メニュー要素が見つかりません（0個）。ページの状態を確認します...
2026-01-13T13:07:59.2500544Z ❌ ページに menu-content クラスが含まれていません
2026-01-13T13:07:59.2518022Z 
2026-01-13T13:07:59.2518403Z 🔍 [スクレイプ開始] 合計 0 メニューを取得開始
2026-01-13T13:07:59.2518685Z 
2026-01-13T13:07:59.2519258Z 📊 [スクレイプ完了] 成功: 0, 失敗: 0, 合計: 0
2026-01-13T13:07:59.2519533Z 
2026-01-13T13:07:59.2519789Z ============================================================
2026-01-13T13:07:59.2520189Z ✨ [完成] 1/16(金) のメニュー取得完了
2026-01-13T13:07:59.2520454Z    合計メニュー数: 0
2026-01-13T13:07:59.2520754Z ============================================================
2026-01-13T13:07:59.2520989Z 
2026-01-13T13:07:59.2734433Z ✅ メニュー保存: menus_2026-01-16.json
2026-01-13T13:07:59.2734832Z    メニュー数: 0
2026-01-13T13:08:00.2738640Z 
2026-01-13T13:08:00.2739766Z 📅 [5/10] 1/19(月)
2026-01-13T13:08:00.2740000Z 
2026-01-13T13:08:00.2740276Z ============================================================
2026-01-13T13:08:00.2740841Z 🌐 [スクレイプ開始] 日付: 1/19(月)
2026-01-13T13:08:00.2741353Z ============================================================
2026-01-13T13:08:00.3521763Z ✅ ブラウザ起動完了
2026-01-13T13:08:00.3522837Z ⏳ サイト読み込み中...
2026-01-13T13:08:02.0070584Z ✅ サイト読み込み完了
2026-01-13T13:08:04.0071689Z 📑 タブ切り替え: 「今週」を選択
2026-01-13T13:08:04.8783115Z ✅ タブ切り替え完了
2026-01-13T13:08:04.8783513Z 📅 日付選択: 「1/19(月)」
2026-01-13T13:08:05.6894791Z ✅ 日付選択完了
2026-01-13T13:08:05.6895662Z 📋 [展開開始] メニュー展開ボタンをクリック開始
2026-01-13T13:08:05.6929179Z    展開前: 0 メニュー
2026-01-13T13:08:05.6946305Z ✅ [展開完了] 展開ボタンがなくなりました（合計 0 回クリック）
2026-01-13T13:08:20.6969567Z ⚠️  メニュー要素が見つかりません（0個）。ページの状態を確認します...
2026-01-13T13:08:20.7015923Z ❌ ページに menu-content クラスが含まれていません
2026-01-13T13:08:20.7035617Z 
2026-01-13T13:08:20.7036185Z 🔍 [スクレイプ開始] 合計 0 メニューを取得開始
2026-01-13T13:08:20.7036438Z 
2026-01-13T13:08:20.7036739Z 📊 [スクレイプ完了] 成功: 0, 失敗: 0, 合計: 0
2026-01-13T13:08:20.7036996Z 
2026-01-13T13:08:20.7037276Z ============================================================
2026-01-13T13:08:20.7039598Z ✨ [完成] 1/19(月) のメニュー取得完了
2026-01-13T13:08:20.7040045Z    合計メニュー数: 0
2026-01-13T13:08:20.7040955Z ============================================================
2026-01-13T13:08:20.7041361Z 
2026-01-13T13:08:20.7357288Z ✅ メニュー保存: menus_2026-01-19.json
2026-01-13T13:08:20.7357643Z    メニュー数: 0
2026-01-13T13:08:21.7361345Z 
2026-01-13T13:08:21.7362237Z 📅 [6/10] 1/20(火)
2026-01-13T13:08:21.7362516Z 
2026-01-13T13:08:21.7362864Z ============================================================
2026-01-13T13:08:21.7363542Z 🌐 [スクレイプ開始] 日付: 1/20(火)
2026-01-13T13:08:21.7364109Z ============================================================
2026-01-13T13:08:21.8141515Z ✅ ブラウザ起動完了
2026-01-13T13:08:21.8141925Z ⏳ サイト読み込み中...
2026-01-13T13:08:23.4670389Z ✅ サイト読み込み完了
2026-01-13T13:08:25.4673171Z 📑 タブ切り替え: 「今週」を選択
2026-01-13T13:08:26.3359500Z ✅ タブ切り替え完了
2026-01-13T13:08:26.3360014Z 📅 日付選択: 「1/20(火)」
2026-01-13T13:08:27.1475937Z ✅ 日付選択完了
2026-01-13T13:08:27.1476699Z 📋 [展開開始] メニュー展開ボタンをクリック開始
2026-01-13T13:08:27.1508225Z    展開前: 0 メニュー
2026-01-13T13:08:27.1524087Z ✅ [展開完了] 展開ボタンがなくなりました（合計 0 回クリック）
2026-01-13T13:08:42.1547158Z ⚠️  メニュー要素が見つかりません（0個）。ページの状態を確認します...
2026-01-13T13:08:42.1597150Z ❌ ページに menu-content クラスが含まれていません
2026-01-13T13:08:42.1612109Z 
2026-01-13T13:08:42.1612653Z 🔍 [スクレイプ開始] 合計 0 メニューを取得開始
2026-01-13T13:08:42.1614252Z 
2026-01-13T13:08:42.1614663Z 📊 [スクレイプ完了] 成功: 0, 失敗: 0, 合計: 0
2026-01-13T13:08:42.1614954Z 
2026-01-13T13:08:42.1615248Z ============================================================
2026-01-13T13:08:42.1615895Z ✨ [完成] 1/20(火) のメニュー取得完了
2026-01-13T13:08:42.1616335Z    合計メニュー数: 0
2026-01-13T13:08:42.1616828Z ============================================================
2026-01-13T13:08:42.1617194Z 
2026-01-13T13:08:42.1858740Z ✅ メニュー保存: menus_2026-01-20.json
2026-01-13T13:08:42.1859549Z    メニュー数: 0
2026-01-13T13:08:43.1853715Z 
2026-01-13T13:08:43.1854729Z 📅 [7/10] 1/21(水)
2026-01-13T13:08:43.1855085Z 
2026-01-13T13:08:43.1857585Z ============================================================
2026-01-13T13:08:43.1858583Z 🌐 [スクレイプ開始] 日付: 1/21(水)
2026-01-13T13:08:43.1859509Z ============================================================
2026-01-13T13:08:43.2628494Z ✅ ブラウザ起動完了
2026-01-13T13:08:43.2629181Z ⏳ サイト読み込み中...
2026-01-13T13:08:44.9102458Z ✅ サイト読み込み完了
2026-01-13T13:08:46.9103898Z 📑 タブ切り替え: 「今週」を選択
2026-01-13T13:08:47.7827563Z ✅ タブ切り替え完了
2026-01-13T13:08:47.7828085Z 📅 日付選択: 「1/21(水)」
2026-01-13T13:08:48.5938035Z ✅ 日付選択完了
2026-01-13T13:08:48.5938512Z 📋 [展開開始] メニュー展開ボタンをクリック開始
2026-01-13T13:08:48.5968526Z    展開前: 0 メニュー
2026-01-13T13:08:48.5983609Z ✅ [展開完了] 展開ボタンがなくなりました（合計 0 回クリック）
2026-01-13T13:09:03.6013795Z ⚠️  メニュー要素が見つかりません（0個）。ページの状態を確認します...
2026-01-13T13:09:03.6063601Z ❌ ページに menu-content クラスが含まれていません
2026-01-13T13:09:03.6079659Z 
2026-01-13T13:09:03.6080027Z 🔍 [スクレイプ開始] 合計 0 メニューを取得開始
2026-01-13T13:09:03.6080303Z 
2026-01-13T13:09:03.6080668Z 📊 [スクレイプ完了] 成功: 0, 失敗: 0, 合計: 0
2026-01-13T13:09:03.6080851Z 
2026-01-13T13:09:03.6081032Z ============================================================
2026-01-13T13:09:03.6081402Z ✨ [完成] 1/21(水) のメニュー取得完了
2026-01-13T13:09:03.6082048Z    合計メニュー数: 0
2026-01-13T13:09:03.6082344Z ============================================================
2026-01-13T13:09:03.6082568Z 
2026-01-13T13:09:03.6327239Z ✅ メニュー保存: menus_2026-01-21.json
2026-01-13T13:09:03.6327706Z    メニュー数: 0
2026-01-13T13:09:04.6332764Z 
2026-01-13T13:09:04.6333664Z 📅 [8/10] 1/22(木)
2026-01-13T13:09:04.6333904Z 
2026-01-13T13:09:04.6334199Z ============================================================
2026-01-13T13:09:04.6334747Z 🌐 [スクレイプ開始] 日付: 1/22(木)
2026-01-13T13:09:04.6335215Z ============================================================
2026-01-13T13:09:04.7115415Z ✅ ブラウザ起動完了
2026-01-13T13:09:04.7115979Z ⏳ サイト読み込み中...
2026-01-13T13:09:06.7916561Z ✅ サイト読み込み完了
2026-01-13T13:09:08.7910711Z 📑 タブ切り替え: 「今週」を選択
2026-01-13T13:09:09.6604608Z ✅ タブ切り替え完了
2026-01-13T13:09:09.6605081Z 📅 日付選択: 「1/22(木)」
2026-01-13T13:09:10.4719954Z ✅ 日付選択完了
2026-01-13T13:09:10.4720399Z 📋 [展開開始] メニュー展開ボタンをクリック開始
2026-01-13T13:09:10.4752748Z    展開前: 0 メニュー
2026-01-13T13:09:10.4772350Z ✅ [展開完了] 展開ボタンがなくなりました（合計 0 回クリック）
2026-01-13T13:09:25.4807374Z ⚠️  メニュー要素が見つかりません（0個）。ページの状態を確認します...
2026-01-13T13:09:25.4854334Z ❌ ページに menu-content クラスが含まれていません
2026-01-13T13:09:25.4870166Z 
2026-01-13T13:09:25.4870882Z 🔍 [スクレイプ開始] 合計 0 メニューを取得開始
2026-01-13T13:09:25.4871240Z 
2026-01-13T13:09:25.4871522Z 📊 [スクレイプ完了] 成功: 0, 失敗: 0, 合計: 0
2026-01-13T13:09:25.4871693Z 
2026-01-13T13:09:25.4871877Z ============================================================
2026-01-13T13:09:25.4872409Z ✨ [完成] 1/22(木) のメニュー取得完了
2026-01-13T13:09:25.4872772Z    合計メニュー数: 0
2026-01-13T13:09:25.4873209Z ============================================================
2026-01-13T13:09:25.4873531Z 
2026-01-13T13:09:25.5136811Z ✅ メニュー保存: menus_2026-01-22.json
2026-01-13T13:09:25.5137215Z    メニュー数: 0
2026-01-13T13:09:26.5140950Z 
2026-01-13T13:09:26.5141916Z 📅 [9/10] 1/23(金)
2026-01-13T13:09:26.5142289Z 
2026-01-13T13:09:26.5142777Z ============================================================
2026-01-13T13:09:26.5143706Z 🌐 [スクレイプ開始] 日付: 1/23(金)
2026-01-13T13:09:26.5144586Z ============================================================
2026-01-13T13:09:26.5914790Z ✅ ブラウザ起動完了
2026-01-13T13:09:26.5916650Z ⏳ サイト読み込み中...
2026-01-13T13:09:28.2520625Z ✅ サイト読み込み完了
2026-01-13T13:09:30.2523659Z 📑 タブ切り替え: 「今週」を選択
2026-01-13T13:09:31.1225833Z ✅ タブ切り替え完了
2026-01-13T13:09:31.1226226Z 📅 日付選択: 「1/23(金)」
2026-01-13T13:09:31.9330108Z ✅ 日付選択完了
2026-01-13T13:09:31.9330750Z 📋 [展開開始] メニュー展開ボタンをクリック開始
2026-01-13T13:09:31.9359675Z    展開前: 0 メニュー
2026-01-13T13:09:31.9374419Z ✅ [展開完了] 展開ボタンがなくなりました（合計 0 回クリック）
2026-01-13T13:09:46.9410356Z ⚠️  メニュー要素が見つかりません（0個）。ページの状態を確認します...
2026-01-13T13:09:46.9460185Z ❌ ページに menu-content クラスが含まれていません
2026-01-13T13:09:46.9477102Z 
2026-01-13T13:09:46.9477727Z 🔍 [スクレイプ開始] 合計 0 メニューを取得開始
2026-01-13T13:09:46.9478152Z 
2026-01-13T13:09:46.9478490Z 📊 [スクレイプ完了] 成功: 0, 失敗: 0, 合計: 0
2026-01-13T13:09:46.9478752Z 
2026-01-13T13:09:46.9479238Z ============================================================
2026-01-13T13:09:46.9479612Z ✨ [完成] 1/23(金) のメニュー取得完了
2026-01-13T13:09:46.9480193Z    合計メニュー数: 0
2026-01-13T13:09:46.9480461Z ============================================================
2026-01-13T13:09:46.9480791Z 
2026-01-13T13:09:46.9796244Z ✅ メニュー保存: menus_2026-01-23.json
2026-01-13T13:09:46.9796642Z    メニュー数: 0
2026-01-13T13:09:47.9801218Z 
2026-01-13T13:09:47.9802022Z 📅 [10/10] 1/26(月)
2026-01-13T13:09:47.9802261Z 
2026-01-13T13:09:47.9802681Z ============================================================
2026-01-13T13:09:47.9803415Z 🌐 [スクレイプ開始] 日付: 1/26(月)
2026-01-13T13:09:47.9803880Z ============================================================
2026-01-13T13:09:48.0588695Z ✅ ブラウザ起動完了
2026-01-13T13:09:48.0589538Z ⏳ サイト読み込み中...
2026-01-13T13:09:49.7127448Z ✅ サイト読み込み完了
2026-01-13T13:09:51.7138483Z 📑 タブ切り替え: 「今週」を選択
2026-01-13T13:09:52.5893542Z ✅ タブ切り替え完了
2026-01-13T13:09:52.5893947Z 📅 日付選択: 「1/26(月)」
2026-01-13T13:09:52.6202340Z    ❌ エラー: 日付「1/26(月)」が見つかりません。利用可能な日付: 1/14(水), 1/15(木), 1/16(金), 1/17(土), 1/18(日), 1/19(月), 1/20(火), 1/21(水), 1/22(木), 1/23(金), 1/24(土)
2026-01-13T13:09:53.6220116Z 
2026-01-13T13:09:53.6221011Z ✅ available-dates.json を生成しました
2026-01-13T13:09:53.6221478Z 
2026-01-13T13:09:53.6221939Z ============================================================
2026-01-13T13:09:53.6222773Z 📊 プリスクレイピング完了
2026-01-13T13:09:53.6223276Z    成功: 8, 失敗: 2
2026-01-13T13:09:53.6224310Z    保存日付: 1/14(水), 1/15(木), 1/16(金), 1/19(月), 1/20(火), 1/21(水), 1/22(木), 1/23(金)
2026-01-13T13:09:53.6225453Z ============================================================
2026-01-13T13:09:53.6226004Z 
2026-01-13T13:09:53.6391458Z ##[group]Run git config user.name "github-actions[bot]"
2026-01-13T13:09:53.6391866Z [36;1mgit config user.name "github-actions[bot]"[0m
2026-01-13T13:09:53.6392319Z [36;1mgit config user.email "41898282+github-actions[bot]@users.noreply.github.com"[0m
2026-01-13T13:09:53.6392792Z [36;1mgit add docs/menus/ docs/available-dates.json[0m
2026-01-13T13:09:53.6393082Z [36;1m[0m
2026-01-13T13:09:53.6393378Z [36;1mif ! git diff --quiet || ! git diff --staged --quiet; then[0m
2026-01-13T13:09:53.6393750Z [36;1m  echo "📝 Changes detected, committing..."[0m
2026-01-13T13:09:53.6394140Z [36;1m  git commit -m "📅 Update menus: $(date '+%Y-%m-%d %H:%M:%S')"[0m
2026-01-13T13:09:53.6394700Z [36;1m  echo "🚀 Pushing to GitHub..."[0m
2026-01-13T13:09:53.6394955Z [36;1m  git push[0m
2026-01-13T13:09:53.6395156Z [36;1m  echo "✅ Push successful"[0m
2026-01-13T13:09:53.6395388Z [36;1melse[0m
2026-01-13T13:09:53.6395583Z [36;1m  echo "ℹ️ No changes to commit"[0m
2026-01-13T13:09:53.6395852Z [36;1mfi[0m
2026-01-13T13:09:53.6428524Z shell: /usr/bin/bash -e {0}
2026-01-13T13:09:53.6428744Z env:
2026-01-13T13:09:53.6429383Z   GITHUB_TOKEN: ***
2026-01-13T13:09:53.6429579Z ##[endgroup]
2026-01-13T13:09:53.6592585Z 📝 Changes detected, committing...
2026-01-13T13:09:53.6660868Z [main a0ff4b1] 📅 Update menus: 2026-01-13 13:09:53
2026-01-13T13:09:53.6661557Z  9 files changed, 26 insertions(+), 1945 deletions(-)
2026-01-13T13:09:53.6663883Z 🚀 Pushing to GitHub...
2026-01-13T13:09:54.3247579Z To https://github.com/1onotakanori-art/kyowa-menu-optimizer
2026-01-13T13:09:54.3248135Z    c7feffb..a0ff4b1  main -> main
2026-01-13T13:09:54.3290675Z ✅ Push successful
2026-01-13T13:09:54.3350943Z Post job cleanup.
2026-01-13T13:09:54.5007864Z Post job cleanup.
2026-01-13T13:09:54.5949146Z [command]/usr/bin/git version
2026-01-13T13:09:54.5985259Z git version 2.52.0
2026-01-13T13:09:54.6030819Z Temporarily overriding HOME='/home/runner/work/_temp/395c1bbc-73a7-45b3-99d7-21305f86566c' before making global git config changes
2026-01-13T13:09:54.6032352Z Adding repository directory to the temporary git global config as a safe directory
2026-01-13T13:09:54.6037474Z [command]/usr/bin/git config --global --add safe.directory /home/runner/work/kyowa-menu-optimizer/kyowa-menu-optimizer
2026-01-13T13:09:54.6073353Z [command]/usr/bin/git config --local --name-only --get-regexp core\.sshCommand
2026-01-13T13:09:54.6105750Z [command]/usr/bin/git submodule foreach --recursive sh -c "git config --local --name-only --get-regexp 'core\.sshCommand' && git config --local --unset-all 'core.sshCommand' || :"
2026-01-13T13:09:54.6330626Z [command]/usr/bin/git config --local --name-only --get-regexp http\.https\:\/\/github\.com\/\.extraheader
2026-01-13T13:09:54.6351113Z http.https://github.com/.extraheader
2026-01-13T13:09:54.6364194Z [command]/usr/bin/git config --local --unset-all http.https://github.com/.extraheader
2026-01-13T13:09:54.6394232Z [command]/usr/bin/git submodule foreach --recursive sh -c "git config --local --name-only --get-regexp 'http\.https\:\/\/github\.com\/\.extraheader' && git config --local --unset-all 'http.https://github.com/.extraheader' || :"
2026-01-13T13:09:54.6611548Z [command]/usr/bin/git config --local --name-only --get-regexp ^includeIf\.gitdir:
2026-01-13T13:09:54.6641252Z [command]/usr/bin/git submodule foreach --recursive git config --local --show-origin --name-only --get-regexp remote.origin.url
2026-01-13T13:09:54.6965669Z Cleaning up orphan processes
